10.77.27.15
10.77.27.14
10.77.22.15
10.77.27.13
10.77.23.12
10.77.22.13
10.77.22.14
10.77.22.11
10.77.22.12
10.77.22.15
10.77.22.14
10.77.22.12
10.77.23.12
10.77.27.15
10.77.22.14
10.77.27.13
10.77.22.13
10.77.22.10
10.77.22.13
10.77.22.10
10.77.22.10
10.77.23.10
10.77.22.15
10.77.23.10
10.77.23.10
10.77.22.13
10.77.22.14
10.77.22.10
10.77.22.15
10.77.22.15
10.77.22.14
10.77.22.13
10.77.22.14
10.77.23.12
10.77.27.15
10.77.22.10
10.77.22.14
10.77.22.13
10.77.23.10
10.77.22.12
10.77.27.15
10.77.22.13
10.77.27.15
10.77.23.12
10.77.23.11
10.77.23.10
10.77.22.12
10.77.22.11
10.77.22.14
10.77.23.11
10.77.27.13
10.77.27.13
10.77.23.10
10.77.22.15
10.77.27.15
10.77.23.10
10.77.27.15
10.77.23.10
10.77.27.13
10.77.27.15
10.77.27.14
10.77.22.11
10.77.27.13
10.77.22.15
10.77.22.12
10.77.22.10
10.77.23.12
10.77.23.11
10.77.22.13
10.77.27.14
10.77.23.11
10.77.27.14
10.77.22.10
10.77.22.11
10.77.22.12
10.77.22.12
10.77.22.15
10.77.23.11
10.77.22.15
10.77.27.14
10.77.22.14
10.77.22.13
10.77.27.13
10.77.22.14
10.77.22.13
10.77.22.10
10.77.22.12
10.77.22.14
10.77.23.11
10.77.22.10
10.77.23.11
10.77.22.11
10.77.22.14
10.77.22.14
10.77.27.14
10.77.22.13
10.77.27.15
10.77.22.12
10.77.22.11
10.77.23.11
10.77.27.15
10.77.22.14
10.77.23.10
10.77.22.10
10.77.27.15
10.77.27.15
10.77.22.11
10.77.27.13
10.77.22.15
10.77.27.15
10.77.22.12
10.77.23.11
10.77.27.13
10.77.23.10
10.77.23.12
10.77.23.10
10.77.23.12
10.77.23.10
10.77.22.11
10.77.23.12
10.77.23.10
10.77.23.11
10.77.23.11
10.77.23.12
10.77.22.15
10.77.27.15
10.77.27.13
10.77.27.13
10.77.27.15
10.77.22.13
10.77.22.13
10.77.23.11
10.77.22.12
10.77.27.14
10.77.22.12
10.77.22.14
10.77.22.12
10.77.22.14
10.77.22.11
10.77.22.15
10.77.22.11
10.77.23.10
10.77.27.14
10.77.22.12
10.77.22.13
10.77.27.13
10.77.22.10
10.77.27.13
10.77.22.14
10.77.22.10
10.77.22.14
10.77.22.10
10.77.23.10
10.77.22.10
10.77.22.12
10.77.22.10
10.77.27.14
10.77.27.15
10.77.23.11
10.77.22.14
10.77.23.12
10.77.23.11
10.77.22.12
10.77.22.12
10.77.22.12
10.77.27.14
10.77.27.13
10.77.22.13
10.77.22.12
10.77.22.11
10.77.23.12
10.77.22.15
10.77.23.10
10.77.27.13
10.77.22.12
10.77.22.15
10.77.23.12
10.77.23.11
10.77.23.12
10.77.23.11
10.77.27.15
10.77.23.10
10.77.22.10
10.77.23.10
10.77.22.13
10.77.22.15
10.77.22.12
10.77.22.15
10.77.27.15
10.77.27.15
10.77.27.14
10.77.23.12
10.77.22.14
10.77.23.12
10.77.27.14
10.77.22.10
10.77.22.10
10.77.27.15
10.77.23.12
10.77.22.12
10.77.22.12
10.77.22.12
10.77.27.14
10.77.23.10
10.77.22.15
10.77.22.10
10.77.22.10
10.77.22.10
10.77.22.10
10.77.27.15
10.77.23.12
10.77.22.12
10.77.22.12
10.77.27.15
10.77.27.14
10.77.22.10
10.77.22.15
10.77.23.11
10.77.23.12
10.77.22.11
10.77.23.10
10.77.23.10
10.77.22.12
10.77.22.13
10.77.23.12
10.77.22.14
10.77.23.11
10.77.22.10
10.77.22.14
10.77.22.13
10.77.23.12
10.77.27.14
10.77.27.14
10.77.22.14
10.77.27.14
10.77.22.15
10.77.22.12
10.77.22.13
10.77.23.12
10.77.22.15
10.77.23.11
10.77.22.11
10.77.27.15
10.77.22.10
10.77.23.11
10.77.22.10
10.77.22.12
10.77.22.13
10.77.22.12
10.77.27.14
10.77.27.14
10.77.22.10
10.77.23.12
10.77.23.10
10.77.27.14
10.77.22.10
10.77.22.13
10.77.22.14
10.77.22.11
10.77.22.10
10.77.22.11
10.77.22.15
10.77.23.12
10.77.22.15
10.77.22.13
10.77.22.15
10.77.22.12
10.77.22.12
10.77.23.10
10.77.22.12
10.77.22.14
10.77.27.14
10.77.23.11
10.77.22.13
10.77.22.14
10.77.22.12
10.77.22.12
10.77.23.11
10.77.27.13
10.77.27.15
10.77.22.12
10.77.27.13
10.77.22.10
10.77.22.10
10.77.23.12
10.77.22.12
10.77.23.10
10.77.22.15
10.77.22.11
10.77.22.15
10.77.27.13
10.77.22.10
10.77.23.11
10.77.27.13
10.77.22.14
10.77.27.15
10.77.27.14
10.77.27.13
10.77.23.10
10.77.22.13
10.77.23.12
10.77.27.15
10.77.22.11
10.77.22.13
10.77.27.15
10.77.22.10
10.77.23.12
10.77.23.10
10.77.22.12
10.77.22.11
10.77.22.14
10.77.22.13
10.77.23.11
10.77.23.11
10.77.27.14
10.77.23.11
10.77.22.13
10.77.27.15
10.77.27.14
10.77.22.10
10.77.27.14
10.77.23.10
10.77.22.12
10.77.22.14
10.77.27.13
10.77.27.15
10.77.23.10
10.77.22.14
10.77.23.10
10.77.27.14
10.77.22.11
10.77.22.11
10.77.27.15
10.77.27.13
10.77.22.12
10.77.22.12
10.77.23.10
10.77.22.14
10.77.27.15
10.77.22.10
10.77.23.10
10.77.22.10
10.77.23.10
10.77.23.10
10.77.22.12
10.77.27.15
10.77.27.15
10.77.22.12
10.77.23.10
10.77.22.15
10.77.22.10
10.77.23.10
10.77.23.12
10.77.22.12
10.77.22.12
10.77.23.10
10.77.22.12
10.77.23.10
10.77.23.10
10.77.22.15
10.77.27.13
10.77.27.14
10.77.23.11
10.77.23.11
10.77.23.11
10.77.23.11
10.77.27.14
10.77.22.12
10.77.22.14
10.77.27.15
10.77.22.13
10.77.22.15
10.77.22.14
10.77.22.15
10.77.23.10
10.77.22.15
10.77.23.10
10.77.22.15
10.77.27.14
10.77.22.12
10.77.22.11
10.77.22.11
10.77.27.15
10.77.22.15
10.77.22.14
10.77.27.13
10.77.27.13
10.77.22.11
10.77.23.10
10.77.22.15
10.77.22.14
10.77.22.13
10.77.22.11
10.77.27.13
10.77.27.14
10.77.22.14
10.77.22.11
10.77.22.15
10.77.27.14
10.77.23.11
10.77.27.13
10.77.27.14
10.77.23.10
10.77.22.11
10.77.23.11
10.77.27.13
10.77.22.12
10.77.23.12
10.77.23.10
10.77.22.15
10.77.22.13
10.77.22.14
10.77.23.12
10.77.23.12
10.77.27.13
10.77.27.14
10.77.22.13
10.77.22.11
10.77.27.14
10.77.22.10
10.77.22.10
10.77.22.10
10.77.27.14
10.77.23.11
10.77.22.10
10.77.22.12
10.77.27.15
10.77.22.14
10.77.22.10
10.77.27.15
10.77.22.10
10.77.27.13
10.77.22.13
10.77.22.14
10.77.22.14
10.77.22.11
10.77.23.10
10.77.23.12
10.77.22.11
10.77.22.12
10.77.22.15
10.77.27.14
10.77.22.10
10.77.22.13
10.77.27.15
10.77.22.12
10.77.22.10
10.77.23.12
10.77.27.13
10.77.22.14
10.77.22.10
10.77.22.10
10.77.22.13
10.77.22.10
10.77.27.13
10.77.22.13
10.77.22.10
10.77.23.12
10.77.22.14
10.77.23.10
10.77.22.12
10.77.22.10
10.77.23.11
10.77.22.14
10.77.22.13
10.77.23.11
10.77.22.15
10.77.27.14
10.77.23.10
10.77.22.13
10.77.22.10
10.77.27.15
10.77.23.10
10.77.22.11
10.77.22.10
10.77.22.11
10.77.23.10
10.77.23.12
10.77.23.12
10.77.23.12
10.77.23.11
10.77.22.10
10.77.22.13
10.77.27.13
10.77.22.10
10.77.23.12
10.77.22.13
10.77.23.12
10.77.23.11
10.77.22.12
10.77.22.15
10.77.23.11
10.77.22.14
10.77.27.14
10.77.27.14
10.77.22.11
10.77.27.14
10.77.27.14
10.77.27.13
10.77.22.11
10.77.23.12
10.77.22.11
10.77.27.15
10.77.22.10
10.77.22.14
10.77.22.11
10.77.22.13
10.77.22.10
10.77.22.15
10.77.23.10
10.77.22.10
10.77.22.12
10.77.22.15
10.77.22.10
10.77.27.13
10.77.22.15
10.77.23.10
10.77.22.11
10.77.27.13
10.77.27.14
10.77.23.11
10.77.23.10
10.77.27.13
10.77.27.13
10.77.27.15
10.77.27.14
10.77.27.13
10.77.22.15
10.77.23.12
10.77.27.14
10.77.22.15
10.77.22.12
10.77.27.14
10.77.23.10
10.77.22.14
10.77.23.10
10.77.23.11
10.77.23.10
10.77.22.14
10.77.22.11
10.77.22.10
10.77.22.12
10.77.22.11
10.77.23.10
10.77.23.12
10.77.23.12
10.77.22.10
10.77.23.11
10.77.22.15
10.77.23.12
10.77.22.13
10.77.27.13
10.77.23.10
10.77.22.14
10.77.22.13
10.77.23.10
10.77.27.15
10.77.27.15
10.77.22.10
10.77.27.14
10.77.22.14
10.77.27.14
10.77.27.14
10.77.23.12
10.77.22.10
10.77.27.15
10.77.23.12
10.77.22.12
10.77.22.12
10.77.23.12
10.77.22.14
10.77.22.15
10.77.22.12
10.77.22.15
10.77.22.10
10.77.27.13
10.77.23.11
10.77.23.11
10.77.22.11
10.77.27.14
10.77.22.15
10.77.22.13
10.77.22.10
10.77.22.13
10.77.22.15
10.77.27.13
10.77.22.11
10.77.22.13
10.77.23.11
10.77.27.14
10.77.23.10
10.77.23.12
10.77.27.13
10.77.22.10
10.77.23.11
10.77.23.10
10.77.22.15
10.77.27.15
10.77.22.13
10.77.22.15
10.77.27.14
10.77.23.11
10.77.22.11
10.77.23.10
10.77.22.10
10.77.27.13
10.77.22.13
10.77.22.11
10.77.23.10
10.77.22.11
10.77.22.11
10.77.27.15
10.77.27.13
10.77.22.12
10.77.22.10
10.77.27.13
10.77.27.15
10.77.23.11
10.77.27.15
10.77.22.11
10.77.27.15
10.77.22.12
10.77.23.11
10.77.22.15
10.77.22.11
10.77.22.11
10.77.27.15
10.77.22.12
10.77.23.12
10.77.22.11
10.77.22.12
10.77.27.13
10.77.22.12
10.77.22.10
10.77.23.11
10.77.22.11
10.77.27.14
10.77.22.15
10.77.22.13
10.77.23.11
10.77.23.11
10.77.27.15
10.77.27.15
10.77.22.11
10.77.27.14
10.77.27.13
10.77.23.10
10.77.23.10
10.77.22.15
10.77.22.13
10.77.23.11
10.77.22.10
10.77.23.10
10.77.22.15
10.77.23.12
10.77.23.10
10.77.22.12
10.77.27.15
10.77.22.11
10.77.27.13
10.77.27.14
10.77.27.13
10.77.27.13
10.77.27.15
10.77.22.15
10.77.22.10
10.77.22.11
10.77.23.12
10.77.23.10
10.77.22.10
10.77.22.10
10.77.22.10
10.77.23.11
10.77.27.15
10.77.23.11
10.77.22.14
10.77.22.15
10.77.23.10
10.77.22.10
10.77.22.13
10.77.23.10
10.77.23.11
10.77.22.14
10.77.27.15
10.77.23.12
10.77.23.10
10.77.23.12
10.77.22.11
10.77.22.15
10.77.27.15
10.77.22.15
10.77.23.10
10.77.27.14
10.77.23.11
10.77.27.14
10.77.23.11
10.77.22.12
10.77.22.11
10.77.22.10
10.77.23.12
10.77.22.12
10.77.27.15
10.77.23.10
10.77.27.15
10.77.23.11
10.77.22.15
10.77.22.10
10.77.22.15
10.77.22.10
10.77.22.10
10.77.22.12
10.77.23.12
10.77.23.11
10.77.27.15
10.77.22.10
10.77.22.14
10.77.22.14
10.77.27.14
10.77.27.14
10.77.22.12
10.77.22.15
10.77.27.13
10.77.23.12
10.77.23.10
10.77.22.12
10.77.22.15
10.77.22.13
10.77.22.14
10.77.27.13
10.77.23.11
10.77.22.10
10.77.23.11
10.77.22.15
10.77.22.11
10.77.22.12
10.77.22.10
10.77.22.15
10.77.22.12
10.77.27.15
10.77.22.13
10.77.22.10
10.77.23.11
10.77.23.11
10.77.22.12
10.77.27.13
10.77.27.14
10.77.27.13
10.77.22.11
10.77.27.14
10.77.22.12
10.77.23.11
10.77.23.12
10.77.27.14
10.77.27.15
10.77.27.14
10.77.27.13
10.77.27.15
10.77.22.13
10.77.22.11
10.77.27.15
10.77.23.10
10.77.23.11
10.77.22.15
10.77.23.12
10.77.22.14
10.77.27.15
10.77.27.15
10.77.27.14
10.77.27.15
10.77.27.13
10.77.22.13
10.77.22.15
10.77.22.13
10.77.23.10
10.77.22.10
10.77.22.12
10.77.23.11
10.77.23.10
10.77.22.12
10.77.22.10
10.77.22.14
10.77.23.12
10.77.22.10
10.77.22.13
10.77.22.14
10.77.22.11
10.77.27.15
10.77.27.14
10.77.22.15
10.77.27.14
10.77.23.10
10.77.27.14
10.77.22.11
10.77.23.10
10.77.27.15
10.77.22.15
10.77.23.12
10.77.27.14
10.77.22.11
10.77.23.12
10.77.22.10
10.77.22.15
10.77.23.10
10.77.23.11
10.77.27.15
10.77.27.13
10.77.27.15
10.77.23.12
10.77.23.10
10.77.22.15
10.77.23.10
10.77.23.12
10.77.22.13
10.77.27.13
10.77.22.15
10.77.22.10
10.77.27.13
10.77.23.11
10.77.27.14
10.77.23.10
10.77.23.12
10.77.22.13
10.77.23.12
10.77.22.13
10.77.22.11
10.77.23.10
10.77.27.13
10.77.22.14
10.77.22.10
10.77.27.13
10.77.27.14
10.77.22.12
10.77.22.10
10.77.23.12
10.77.23.10
10.77.22.13
10.77.22.10
10.77.22.15
10.77.22.11
10.77.22.13
10.77.22.12
10.77.27.14
10.77.22.11
10.77.23.10
10.77.22.11
10.77.27.15
10.77.22.13
10.77.27.15
10.77.22.14
10.77.23.12
10.77.22.13
10.77.23.11
10.77.22.14
10.77.23.11
10.77.27.13
10.77.22.12
10.77.22.13
10.77.23.11
10.77.22.13
10.77.22.13
10.77.22.10
10.77.27.15
10.77.23.11
10.77.22.15
10.77.22.14
10.77.27.14
10.77.22.15
10.77.23.12
10.77.22.14
10.77.23.11
10.77.27.13
10.77.22.10
10.77.27.13
10.77.22.11
10.77.22.11
10.77.22.14
10.77.23.12
10.77.27.14
10.77.27.15
10.77.27.15
10.77.27.14
10.77.27.13
10.77.22.13
10.77.22.12
10.77.22.10
10.77.27.13
10.77.22.10
10.77.27.15
10.77.23.10
10.77.23.11
10.77.22.11
10.77.27.15
10.77.23.12
10.77.22.12
10.77.23.10
10.77.27.14
10.77.22.13
10.77.22.15
10.77.23.11
10.77.27.14
10.77.22.13
10.77.23.11
10.77.27.13
10.77.22.14
10.77.23.10
10.77.22.13
10.77.22.10
10.77.23.10
10.77.22.15
10.77.22.11
10.77.22.12
10.77.22.10
10.77.22.11
10.77.22.11
10.77.23.11
10.77.27.14
10.77.22.10
10.77.22.10
10.77.23.12
10.77.22.10
10.77.27.14
10.77.22.11
10.77.27.14
10.77.22.11
10.77.23.12
10.77.27.15
10.77.23.11
10.77.27.15
10.77.23.10
10.77.23.10
10.77.27.15
10.77.22.11
10.77.22.11
10.77.22.11
10.77.22.14
10.77.22.14
10.77.22.14
10.77.23.11
10.77.27.13
10.77.23.11
10.77.22.12
10.77.22.11
10.77.23.12
10.77.22.10
10.77.27.14
10.77.23.11
10.77.27.15
10.77.27.13
10.77.22.11
10.77.27.15
10.77.23.12
10.77.27.13
10.77.23.11
10.77.22.12
10.77.22.13
10.77.22.14
10.77.27.13
10.77.22.13
10.77.22.14
10.77.22.15
10.77.23.12
10.77.27.13
10.77.27.13
10.77.22.13
10.77.22.13
10.77.27.13
10.77.27.15
10.77.23.11
10.77.27.15
10.77.22.10
10.77.23.12
10.77.22.10
10.77.22.10
10.77.22.10
10.77.22.10
10.77.27.15
10.77.27.14
10.77.22.15
10.77.22.14
10.77.22.10
10.77.22.13
10.77.23.10
10.77.22.13
10.77.22.12
10.77.22.11
10.77.22.15
10.77.23.11
10.77.27.13
10.77.23.12
10.77.27.13
10.77.22.13
10.77.22.15
10.77.22.12
10.77.22.14
10.77.22.10
10.77.22.15
10.77.23.10
10.77.27.14
10.77.23.12
10.77.27.13
10.77.22.11
10.77.22.10
10.77.23.12
10.77.23.11
10.77.23.10
10.77.22.10
10.77.22.10
10.77.22.10
10.77.27.15
10.77.23.11
10.77.23.10
10.77.23.10
10.77.22.10
10.77.27.13
10.77.22.15
10.77.27.13
10.77.23.10
10.77.23.11
10.77.22.13
10.77.27.14
10.77.27.15
10.77.22.15
10.77.22.11
10.77.22.10
10.77.22.11
10.77.23.12
10.77.22.12
10.77.23.10
10.77.22.14
10.77.27.13
10.77.22.15
10.77.22.14
10.77.22.10
10.77.22.14
10.77.22.14
10.77.22.14
10.77.23.10
10.77.22.12
10.77.23.10
10.77.23.10
10.77.22.14
10.77.22.12
10.77.22.15
10.77.23.10
10.77.22.13
10.77.22.11
10.77.22.12
10.77.23.10
10.77.23.10
10.77.23.10
10.77.27.14
10.77.23.12
10.77.22.13
10.77.22.12
10.77.22.14
10.77.23.12
10.77.22.10
10.77.22.15
10.77.27.13
10.77.27.15
10.77.27.13
10.77.23.11
10.77.22.14
10.77.27.14
10.77.22.11
10.77.22.10
10.77.22.10
10.77.27.14
10.77.22.11
10.77.27.13
10.77.23.12
10.77.27.15
10.77.22.12
10.77.23.12
10.77.27.14
10.77.22.15
10.77.22.11
10.77.27.13
10.77.27.15
10.77.22.11
10.77.27.14
10.77.22.14
10.77.22.12
10.77.23.12
10.77.27.14
10.77.23.12
10.77.22.10
10.77.23.11
10.77.22.13
10.77.27.15
10.77.23.10
10.77.22.10
10.77.27.13
10.77.22.11
10.77.22.12
10.77.27.14
10.77.22.11
10.77.27.14
10.77.22.10
10.77.27.13
10.77.27.13
10.77.22.14
10.77.27.15
10.77.23.11
10.77.22.10
10.77.22.13
10.77.27.14
10.77.23.12
10.77.27.15
10.77.27.14
10.77.22.11
10.77.22.11
10.77.27.15
10.77.27.15
10.77.23.11
10.77.27.15
10.77.22.15
10.77.22.13
10.77.23.12
10.77.23.10
10.77.22.12
10.77.27.13
10.77.27.15
10.77.23.12
10.77.22.12
10.77.23.10
10.77.23.12
10.77.27.15
10.77.23.10
10.77.22.11
10.77.22.10
10.77.27.13
10.77.22.11
10.77.23.12
10.77.23.10
10.77.22.13
10.77.22.13
10.77.22.10
10.77.22.10
10.77.23.11
10.77.23.12
10.77.23.12
10.77.27.14
10.77.22.11
10.77.27.15
10.77.27.15
10.77.23.11
10.77.22.15
10.77.22.13
10.77.27.13
10.77.27.14
10.77.27.13
10.77.27.14
10.77.27.15
10.77.23.12
10.77.23.12
10.77.22.14
10.77.22.11
10.77.22.14
10.77.22.12
10.77.23.10
10.77.22.13
10.77.22.10
10.77.27.14
10.77.23.10
10.77.23.12
10.77.23.11
10.77.27.13
10.77.23.12
10.77.27.15
10.77.27.14
10.77.27.13
10.77.27.15
10.77.22.15
10.77.27.13
10.77.22.15
10.77.27.13
10.77.27.14
10.77.23.11
10.77.22.15
10.77.22.10
10.77.27.13
10.77.22.11
10.77.23.10
10.77.22.13
10.77.22.14
10.77.22.11
10.77.27.13
10.77.22.10
10.77.27.13
10.77.23.12
10.77.22.12
10.77.27.14
10.77.27.14
10.77.27.14
10.77.27.13
10.77.22.12
10.77.27.14
10.77.27.13
10.77.22.15
10.77.23.12
10.77.27.13
10.77.22.14
10.77.27.13
10.77.22.10
10.77.22.15
10.77.27.15
10.77.22.15
10.77.23.10
10.77.22.13
10.77.22.15
10.77.22.13
10.77.27.14
10.77.27.15
10.77.22.14
10.77.23.11
10.77.27.13
10.77.23.12
10.77.23.11
10.77.27.13
10.77.23.10
10.77.22.13
10.77.23.12
10.77.27.13
10.77.23.12
10.77.22.12
10.77.27.14
10.77.22.14
10.77.22.10
10.77.23.11
10.77.27.15
10.77.22.12
10.77.23.11
10.77.23.12
10.77.22.12
10.77.27.14
10.77.22.10
10.77.22.15
10.77.22.14
10.77.27.13
10.77.22.14
10.77.22.10
10.77.23.11
10.77.27.13
10.77.22.12
10.77.27.15
10.77.22.12
10.77.22.12
10.77.23.11
10.77.23.10
10.77.23.12
10.77.23.12
10.77.23.11
10.77.27.15
10.77.22.11
10.77.22.12
10.77.22.14
10.77.23.11
10.77.22.11
10.77.22.14
10.77.22.14
10.77.27.15
10.77.22.13
10.77.27.13
10.77.27.13
10.77.22.15
10.77.22.12
10.77.23.11
10.77.22.15
10.77.22.12
10.77.22.12
10.77.27.15
10.77.23.12
10.77.27.13
10.77.27.14
10.77.23.12
10.77.23.11
10.77.23.11
10.77.27.15
10.77.22.10
10.77.23.11
10.77.22.11
10.77.23.10
10.77.22.13
10.77.22.12
10.77.22.12
10.77.23.12
10.77.22.13
10.77.27.15
10.77.22.12
10.77.22.14
10.77.23.12
10.77.27.15
10.77.22.14
10.77.27.14
10.77.22.12
10.77.22.13
10.77.22.13
10.77.22.11
10.77.23.11
10.77.27.13
10.77.22.13
10.77.22.10
10.77.22.10
10.77.22.15
10.77.23.12
10.77.27.13
10.77.27.14
10.77.27.13
10.77.23.11
10.77.27.15
10.77.27.14
10.77.22.12
10.77.22.13
10.77.22.11
10.77.22.12
10.77.23.11
10.77.22.15
10.77.22.12
10.77.23.11
10.77.22.14
10.77.27.14
10.77.22.15
10.77.27.14
10.77.23.11
10.77.22.13
10.77.23.10
10.77.22.12
10.77.22.15
10.77.22.14
10.77.22.15
10.77.22.10
10.77.23.12
10.77.27.15
10.77.27.13
10.77.22.13
10.77.27.13
10.77.22.15
10.77.22.11
10.77.22.10
10.77.27.13
10.77.27.15
10.77.27.13
10.77.22.11
10.77.22.15
10.77.22.12
10.77.22.11
10.77.22.13
10.77.23.12
10.77.27.14
10.77.22.13
10.77.23.12
10.77.23.10
10.77.22.13
10.77.23.11
10.77.27.13
10.77.22.14
10.77.22.15
10.77.27.15
10.77.23.11
10.77.22.15
10.77.23.11
10.77.27.15
10.77.27.15
10.77.22.11
10.77.23.11
10.77.22.13
10.77.22.14
10.77.22.11
10.77.23.11
10.77.23.10
10.77.27.15
10.77.27.13
10.77.23.12
10.77.27.13
10.77.27.15
10.77.22.10
10.77.27.15
10.77.27.15
10.77.22.14
10.77.23.12
10.77.23.12
10.77.23.12
10.77.22.12
10.77.23.11
10.77.23.10
10.77.22.14
10.77.27.13
10.77.22.14
10.77.22.15
10.77.27.14
10.77.22.15
10.77.22.11
10.77.22.13
10.77.22.12
10.77.23.12
10.77.22.11
10.77.27.13
10.77.22.14
10.77.22.11
10.77.22.11
10.77.23.12
10.77.27.14
10.77.23.10
10.77.23.12
10.77.22.13
10.77.23.10
10.77.23.10
10.77.27.15
10.77.22.11
10.77.23.10
10.77.22.10
10.77.27.13
10.77.23.11
10.77.27.13
10.77.22.15
10.77.27.15
10.77.27.13
10.77.23.10
10.77.22.10
10.77.27.14
10.77.23.11
10.77.27.14
10.77.22.10
10.77.22.15
10.77.22.15
10.77.27.15
10.77.22.13
10.77.22.12
10.77.27.13
10.77.23.11
10.77.23.11
10.77.22.11
10.77.22.15
10.77.22.12
10.77.27.14
10.77.23.12
10.77.27.13
10.77.22.11
10.77.23.11
10.77.22.10
10.77.22.10
10.77.23.10
10.77.23.10
10.77.22.13
10.77.27.14
10.77.23.12
10.77.23.11
10.77.22.11
10.77.22.11
10.77.22.12
10.77.22.13
10.77.22.13
10.77.22.12
10.77.23.10
10.77.27.15
10.77.22.11
10.77.22.13
10.77.23.11
10.77.22.13
10.77.23.12
10.77.23.11
10.77.22.15
10.77.27.15
10.77.27.14
10.77.22.12
10.77.27.14
10.77.22.10
10.77.22.10
10.77.22.13
10.77.27.14
10.77.23.10
10.77.27.15
10.77.22.15
10.77.27.13
10.77.22.15
10.77.22.10
10.77.22.15
10.77.23.11
10.77.22.11
10.77.23.11
10.77.22.13
10.77.22.12
10.77.22.13
10.77.23.11
10.77.22.12
10.77.22.11
10.77.22.12
10.77.22.10
10.77.27.14
10.77.22.14
10.77.27.13
10.77.27.13
10.77.22.10
10.77.27.14
10.77.27.15
10.77.22.13
10.77.23.11
10.77.22.11
10.77.22.10
10.77.22.15
10.77.27.13
10.77.22.11
10.77.22.11
10.77.27.14
10.77.22.11
10.77.22.14
10.77.27.14
10.77.27.15
10.77.23.12
10.77.23.10
10.77.22.13
10.77.22.10
10.77.27.13
10.77.22.11
10.77.22.13
10.77.23.10
10.77.23.10
10.77.22.10
10.77.23.10
10.77.22.10
10.77.22.12
10.77.22.10
10.77.22.15
10.77.22.10
10.77.27.14
10.77.22.15
10.77.22.13
10.77.27.15
10.77.23.11
10.77.22.10
10.77.22.11
10.77.27.14
10.77.27.13
10.77.23.11
10.77.22.10
10.77.27.14
10.77.23.11
10.77.27.13
10.77.23.12
10.77.22.15
10.77.22.15
10.77.23.12
10.77.23.10
10.77.22.12
10.77.27.14
10.77.22.10
10.77.27.13
10.77.27.14
10.77.27.15
10.77.27.14
10.77.27.14
10.77.27.14
10.77.22.14
10.77.27.15
10.77.22.13
10.77.23.12
10.77.22.15
10.77.22.11
10.77.22.10
10.77.23.10
10.77.22.14
10.77.22.14
10.77.22.11
10.77.22.10
10.77.22.13
10.77.23.12
10.77.23.10
10.77.27.14
10.77.27.15
10.77.22.12
10.77.23.12
10.77.22.12
10.77.23.11
10.77.27.14
10.77.22.15
10.77.22.13
10.77.22.15
10.77.22.10
10.77.22.14
10.77.22.15
10.77.22.14
10.77.23.12
10.77.27.15
10.77.23.11
10.77.22.10
10.77.22.14
10.77.22.14
10.77.22.11
10.77.22.15
10.77.22.13
10.77.23.10
10.77.22.13
10.77.22.13
10.77.27.13
10.77.27.14
10.77.27.13
10.77.23.12
10.77.22.10
10.77.22.12
10.77.23.10
10.77.22.13
10.77.27.13
10.77.22.13
10.77.22.15
10.77.22.12
10.77.27.14
10.77.22.15
10.77.27.13
10.77.22.11
10.77.23.11
10.77.22.13
10.77.22.10
10.77.27.14
10.77.23.10
10.77.22.11
10.77.22.13
10.77.23.11
10.77.22.14
10.77.22.12
10.77.22.11
10.77.22.12
10.77.22.12
10.77.27.14
10.77.22.10
10.77.22.11
10.77.22.11
10.77.27.15
10.77.27.13
10.77.22.14
10.77.22.11
10.77.22.12
10.77.22.15
10.77.23.10
10.77.22.13
10.77.27.14
10.77.22.11
10.77.27.15
10.77.27.14
10.77.27.15
10.77.22.14
10.77.22.10
10.77.23.12
10.77.22.11
10.77.23.12
10.77.23.12
10.77.22.11
10.77.27.15
10.77.27.13
10.77.22.14
10.77.27.15
10.77.22.10
10.77.22.12
10.77.27.13
10.77.22.13
10.77.22.15
10.77.23.12
10.77.23.10
10.77.22.10
10.77.27.13
10.77.27.13
10.77.23.10
10.77.23.10
10.77.22.11
10.77.27.14
10.77.22.15
10.77.22.14
10.77.23.11
10.77.23.10
10.77.23.10
10.77.22.15
10.77.22.11
10.77.22.11
10.77.27.13
10.77.23.11
10.77.22.14
10.77.22.14
10.77.27.15
10.77.27.14
10.77.22.12
10.77.22.13
10.77.23.10
10.77.22.14
10.77.27.15
10.77.22.13
10.77.22.14
10.77.27.15
10.77.22.12
10.77.22.14
10.77.23.11
10.77.22.12
10.77.27.15
10.77.22.15
10.77.22.15
10.77.22.14
10.77.27.15
10.77.23.12
10.77.22.14
10.77.22.10
10.77.27.14
10.77.22.11
10.77.22.15
10.77.23.10
10.77.23.11
10.77.22.13
10.77.22.15
10.77.27.13
10.77.23.12
10.77.22.15
10.77.22.13
10.77.22.10
10.77.27.15
10.77.22.10
10.77.27.15
10.77.23.10
10.77.22.15
10.77.22.10
10.77.27.15
10.77.27.14
10.77.27.13
10.77.22.12
10.77.23.12
10.77.22.13
10.77.27.15
10.77.22.11
10.77.27.14
10.77.22.14
10.77.22.15
10.77.22.13
10.77.22.12
10.77.22.10
10.77.22.12
10.77.22.12
10.77.23.11
10.77.22.12
10.77.22.11
10.77.22.13
10.77.22.10
10.77.22.10
10.77.22.11
10.77.27.15
10.77.22.14
10.77.22.10
10.77.22.12
10.77.27.14
10.77.23.10
10.77.23.10
10.77.22.15
10.77.23.12
10.77.23.10
10.77.23.11
10.77.22.15
10.77.27.15
10.77.23.11
10.77.22.10
10.77.23.11
10.77.22.15
10.77.22.12
10.77.22.11
10.77.27.13
10.77.23.12
10.77.27.14
10.77.27.14
10.77.27.14
10.77.22.13
10.77.22.13
10.77.22.11
10.77.22.11
10.77.22.14
10.77.22.11
10.77.22.10
10.77.27.13
10.77.22.11
10.77.27.15
10.77.23.11
10.77.22.15
10.77.27.13
10.77.22.11
10.77.22.15
10.77.22.14
10.77.22.15
10.77.23.10
10.77.23.11
10.77.22.11
10.77.22.11
10.77.23.10
10.77.22.15
10.77.27.15
10.77.22.11
10.77.23.10
10.77.27.14
10.77.27.13
10.77.27.15
10.77.22.11
10.77.22.13
10.77.22.10
10.77.27.15
10.77.27.13
10.77.27.15
10.77.22.11
10.77.27.15
10.77.22.11
10.77.22.14
10.77.23.12
10.77.22.15
10.77.27.15
10.77.23.11
10.77.22.10
10.77.27.13
10.77.22.10
10.77.27.13
10.77.22.10
10.77.23.10
10.77.27.13
10.77.23.11
10.77.22.12
10.77.22.15
10.77.22.13
10.77.22.12
10.77.22.12
10.77.23.12
10.77.27.14
10.77.22.14
10.77.22.11
10.77.22.12
10.77.22.13
10.77.22.13
10.77.22.15
10.77.23.10
10.77.23.12
10.77.22.13
10.77.22.11
10.77.23.11
10.77.22.10
10.77.22.11
10.77.22.13
10.77.22.13
10.77.23.12
10.77.23.10
10.77.27.13
10.77.22.13
10.77.22.10
10.77.22.13
10.77.23.10
10.77.23.12
10.77.22.12
10.77.22.14
10.77.22.13
10.77.27.15
10.77.23.10
10.77.23.11
10.77.27.14
10.77.22.15
10.77.23.12
10.77.23.10
10.77.22.11
10.77.23.11
10.77.27.14
10.77.22.11
10.77.23.12
10.77.22.15
10.77.22.10
10.77.23.10
10.77.27.14
10.77.23.10
10.77.22.10
10.77.23.12
10.77.23.10
10.77.22.15
10.77.22.14
10.77.22.12
10.77.23.12
10.77.27.15
10.77.23.11
10.77.27.14
10.77.22.13
10.77.27.14
10.77.23.11
10.77.27.13
10.77.22.10
10.77.27.14
10.77.22.13
10.77.23.12
10.77.22.10
10.77.23.12
10.77.22.14
10.77.22.14
10.77.22.11
10.77.27.13
10.77.22.12
10.77.22.10
10.77.23.11
10.77.27.14
10.77.27.13
10.77.23.12
10.77.27.15
10.77.27.14
10.77.22.13
10.77.23.10
10.77.22.14
10.77.27.15
10.77.27.13
10.77.22.15
10.77.27.15
10.77.22.15
10.77.27.14
10.77.23.12
10.77.23.10
10.77.27.15
10.77.23.12
10.77.22.15
10.77.27.15
10.77.23.11
10.77.22.12
10.77.23.10
10.77.22.13
10.77.27.14
10.77.23.10
10.77.22.13
10.77.23.12
10.77.22.12
10.77.22.10
10.77.22.10
10.77.22.14
10.77.27.14
10.77.22.12
10.77.23.10
10.77.22.10
10.77.22.11
10.77.22.10
10.77.22.12
10.77.27.13
10.77.23.10
10.77.22.10
10.77.23.11
10.77.22.13
10.77.22.10
10.77.22.12
10.77.27.14
10.77.27.13
10.77.22.12
10.77.23.11
10.77.22.15
10.77.23.12
10.77.22.11
10.77.22.11
10.77.27.13
10.77.22.13
10.77.23.10
10.77.22.12
10.77.22.11
10.77.23.12
10.77.23.11
10.77.22.13
10.77.22.13
10.77.22.14
10.77.27.14
10.77.22.11
10.77.27.13
10.77.27.15
10.77.22.14
10.77.22.11
10.77.27.13
10.77.27.13
10.77.22.11
10.77.27.13
10.77.27.13
10.77.22.13
10.77.22.15
10.77.23.10
10.77.23.11
10.77.22.12
10.77.23.11
10.77.27.14
10.77.22.12
10.77.22.11
10.77.23.11
10.77.27.15
10.77.22.11
10.77.23.11
10.77.23.11
10.77.22.14
10.77.27.14
10.77.23.10
10.77.27.14
10.77.22.12
10.77.27.14
10.77.22.13
10.77.22.13
10.77.22.12
10.77.22.11
10.77.22.14
10.77.22.14
10.77.27.14
10.77.27.13
10.77.22.13
10.77.22.15
10.77.22.14
10.77.23.11
10.77.23.10
10.77.27.15
10.77.22.12
10.77.22.11
10.77.27.14
10.77.22.13
10.77.23.10
10.77.22.13
10.77.22.11
10.77.23.12
10.77.23.10
10.77.22.13
10.77.23.12
10.77.27.14
10.77.22.14
10.77.27.15
10.77.23.12
10.77.27.13
10.77.22.14
10.77.27.14
10.77.22.13
10.77.23.10
10.77.27.14
10.77.27.15
10.77.22.13
10.77.23.10
10.77.23.10
10.77.22.14
10.77.22.13
10.77.23.10
10.77.23.11
10.77.22.11
10.77.27.15
10.77.27.13
10.77.27.13
10.77.27.13
10.77.22.11
10.77.27.15
10.77.22.12
10.77.22.14
10.77.23.10
10.77.27.13
10.77.22.13
10.77.27.14
10.77.27.14
10.77.22.14
10.77.23.12
10.77.27.14
10.77.27.15
10.77.27.14
10.77.23.10
10.77.22.10
10.77.22.13
10.77.23.12
10.77.22.13
10.77.22.15
10.77.22.11
10.77.27.14
10.77.22.14
10.77.22.14
10.77.23.10
10.77.27.14
10.77.22.13
10.77.23.11
10.77.22.14
10.77.22.15
10.77.22.11
10.77.22.13
10.77.22.12
10.77.23.12
10.77.27.15
10.77.23.10
10.77.22.15
10.77.22.13
10.77.22.14
10.77.22.11
10.77.22.12
10.77.22.10
10.77.22.15
10.77.22.11
10.77.27.15
10.77.22.15
10.77.22.11
10.77.22.15
10.77.22.12
10.77.22.10
10.77.22.15
10.77.22.11
10.77.22.11
10.77.23.10
10.77.23.12
10.77.22.11
10.77.22.13
10.77.22.13
10.77.27.15
10.77.23.10
10.77.22.13
10.77.27.13
10.77.22.12
10.77.22.10
10.77.22.11
10.77.27.13
10.77.27.14
10.77.27.14
10.77.22.13
10.77.23.11
10.77.23.10
10.77.22.14
10.77.23.11
10.77.27.15
10.77.22.14
10.77.23.10
10.77.27.14
10.77.22.10
10.77.22.10
10.77.22.15
10.77.27.14
10.77.27.14
10.77.23.11
10.77.27.14
10.77.22.14
10.77.22.10
10.77.22.11
10.77.22.12
10.77.23.12
10.77.27.15
10.77.22.14
10.77.22.14
10.77.23.11
10.77.23.11
10.77.23.11
10.77.22.12
10.77.22.10
10.77.22.14
10.77.22.15
10.77.23.10
10.77.27.13
10.77.22.15
10.77.22.14
10.77.27.13
10.77.27.14
10.77.22.14
10.77.27.14
10.77.23.10
10.77.22.13
10.77.27.13
10.77.22.11
10.77.27.15
10.77.22.15
10.77.22.13
10.77.27.15
10.77.27.13
10.77.22.14
10.77.23.10
10.77.22.11
10.77.27.14
10.77.22.12
10.77.23.11
10.77.22.10
10.77.23.10
10.77.22.15
10.77.22.11
10.77.22.11
10.77.27.13
10.77.23.12
10.77.22.12
10.77.23.12
10.77.22.10
10.77.27.14
10.77.23.12
10.77.23.10
10.77.23.12
10.77.22.15
10.77.22.14
10.77.22.15
10.77.22.14
10.77.27.13
10.77.22.14
10.77.23.11
10.77.22.15
10.77.22.12
10.77.27.15
10.77.27.13
10.77.23.11
10.77.22.10
10.77.27.13
10.77.27.13
10.77.22.15
10.77.22.13
10.77.22.10
10.77.22.12
10.77.23.11
10.77.22.14
10.77.22.15
10.77.23.12
10.77.22.11
10.77.23.12
10.77.22.15
10.77.22.12
10.77.22.10
10.77.27.13
10.77.22.11
10.77.22.10
10.77.27.13
10.77.22.10
10.77.22.13
10.77.22.15
10.77.23.10
10.77.23.11
10.77.23.11
10.77.27.13
10.77.23.10
10.77.22.11
10.77.22.11
10.77.22.13
10.77.22.15
10.77.22.14
10.77.27.14
10.77.22.13
10.77.22.15
10.77.27.13
10.77.27.14
10.77.22.10
10.77.27.15
10.77.23.12
10.77.22.13
10.77.22.12
10.77.22.13
10.77.22.10
10.77.22.14
10.77.22.11
10.77.22.14
10.77.22.10
10.77.22.10
10.77.22.15
10.77.23.12
10.77.22.11
10.77.27.14
10.77.22.11
10.77.22.12
10.77.22.13
10.77.22.10
10.77.27.13
10.77.22.13
10.77.23.10
10.77.22.12
10.77.22.15
10.77.27.14
10.77.22.14
10.77.22.11
10.77.27.13
10.77.27.15
10.77.22.13
10.77.27.13
10.77.23.11
10.77.22.12
10.77.27.14
10.77.27.13
10.77.22.14
10.77.23.11
10.77.22.10
10.77.27.14
10.77.22.15
10.77.27.13
10.77.22.11
10.77.27.13
10.77.23.11
10.77.22.15
10.77.22.15
10.77.23.11
10.77.27.13
10.77.22.15
10.77.22.12
10.77.27.15
10.77.22.12
10.77.23.10
10.77.27.15
10.77.22.15
10.77.23.10
10.77.23.11
10.77.22.15
10.77.22.11
10.77.22.13
10.77.27.15
10.77.22.14
10.77.22.12
10.77.23.10
10.77.22.11
10.77.22.15
10.77.27.13
10.77.27.13
10.77.22.12
10.77.27.14
10.77.23.11
10.77.22.10
10.77.23.12
10.77.23.12
10.77.22.13
10.77.22.13
10.77.22.13
10.77.22.15
10.77.23.12
10.77.22.10
10.77.22.10
10.77.23.11
10.77.23.11
10.77.22.11
10.77.23.11
10.77.22.12
10.77.23.10
10.77.22.15
10.77.23.12
10.77.22.14
10.77.22.12
10.77.22.11
10.77.27.14
10.77.27.14
10.77.22.13
10.77.23.12
10.77.22.10
10.77.27.15
10.77.23.10
10.77.22.13
10.77.27.14
10.77.22.10
10.77.27.14
10.77.22.12
10.77.22.10
10.77.22.13
10.77.23.12
10.77.22.14
10.77.27.14
10.77.27.15
10.77.23.10
10.77.27.15
10.77.22.15
10.77.23.12
10.77.23.11
10.77.22.15
10.77.22.14
10.77.22.12
10.77.22.13
10.77.27.13
10.77.23.11
10.77.22.13
10.77.22.14
10.77.23.10
10.77.23.11
10.77.22.13
10.77.23.10
10.77.27.13
10.77.27.14
10.77.22.10
10.77.23.12
10.77.22.13
10.77.27.15
10.77.27.13
10.77.22.13
10.77.23.11
10.77.23.10
10.77.22.10
10.77.22.12
10.77.27.13
10.77.27.13
10.77.22.12
10.77.22.13
10.77.22.12
10.77.22.13
10.77.23.10
10.77.23.11
10.77.22.10
10.77.23.10
10.77.22.15
10.77.22.11
10.77.27.14
10.77.27.13
10.77.22.14
10.77.27.15
10.77.23.12
10.77.22.14
10.77.27.13
10.77.27.14
10.77.23.11
10.77.22.15
10.77.22.11
10.77.23.10
10.77.22.13
10.77.22.10
10.77.22.13
10.77.23.12
10.77.22.11
10.77.22.13
10.77.27.14
10.77.22.14
10.77.27.13
10.77.22.11
10.77.23.10
10.77.22.13
10.77.27.13
10.77.23.11
10.77.27.13
10.77.22.13
10.77.27.15
10.77.27.14
10.77.27.13
10.77.23.10
10.77.23.10
10.77.22.14
10.77.22.15
10.77.22.10
10.77.22.11
10.77.27.14
10.77.27.14
10.77.23.11
10.77.27.14
10.77.22.11
10.77.22.11
10.77.23.10
10.77.27.14
10.77.23.11
10.77.22.10
10.77.23.12
10.77.27.14
10.77.23.10
10.77.22.12
10.77.23.12
10.77.22.13
10.77.22.14
10.77.22.12
10.77.27.13
10.77.22.12
10.77.27.15
10.77.22.15
10.77.22.14
10.77.23.12
10.77.22.13
10.77.23.11
10.77.22.14
10.77.22.12
10.77.27.15
10.77.22.13
10.77.27.15
10.77.27.15
10.77.22.15
10.77.22.14
10.77.22.11
10.77.22.10
10.77.27.14
10.77.22.13
10.77.23.11
10.77.27.13
10.77.23.11
10.77.23.12
10.77.22.15
10.77.22.12
10.77.23.12
10.77.27.14
10.77.27.14
10.77.22.15
10.77.22.14
10.77.23.11
10.77.22.13
10.77.23.12
10.77.23.11
10.77.22.10
10.77.22.15
10.77.23.10
10.77.27.13
10.77.27.15
10.77.27.14
10.77.22.11
10.77.23.10
10.77.22.13
10.77.27.15
10.77.23.11
10.77.27.14
10.77.27.14
10.77.22.14
10.77.22.11
10.77.23.12
10.77.22.12
10.77.27.13
10.77.22.12
10.77.23.12
10.77.22.13
10.77.23.11
10.77.23.10
10.77.23.12
10.77.23.12
10.77.23.10
10.77.27.14
10.77.22.10
10.77.22.12
10.77.22.13
10.77.27.15
10.77.22.12
10.77.23.12
10.77.22.12
10.77.22.10
10.77.23.12
10.77.22.12
10.77.22.14
10.77.27.14
10.77.27.13
10.77.27.13
10.77.27.14
10.77.27.13
10.77.22.10
10.77.27.14
10.77.27.14
10.77.22.11
10.77.22.15
10.77.22.13
10.77.23.12
10.77.27.15
10.77.23.10
10.77.27.15
10.77.27.14
10.77.27.15
10.77.23.11
10.77.27.13
10.77.27.14
10.77.22.10
10.77.23.10
10.77.27.15
10.77.22.14
10.77.22.14
10.77.27.14
10.77.22.14
10.77.22.14
10.77.23.11
10.77.23.12
10.77.22.11
10.77.23.10
10.77.22.14
10.77.22.15
10.77.22.11
10.77.22.11
10.77.22.13
10.77.22.11
10.77.23.12
10.77.27.14
10.77.22.15
10.77.23.10
10.77.23.12
10.77.22.13
10.77.27.13
10.77.22.13
10.77.27.13
10.77.22.12
10.77.23.11
10.77.22.11
10.77.22.10
10.77.23.11
10.77.27.13
10.77.22.12
10.77.23.12
10.77.23.11
10.77.23.11
10.77.23.10
10.77.27.13
10.77.23.12
10.77.27.15
10.77.22.11
10.77.23.12
10.77.23.11
10.77.27.13
10.77.22.13
10.77.27.13
10.77.22.10
10.77.27.14
10.77.22.11
10.77.22.10
10.77.23.11
10.77.27.13
10.77.23.12
10.77.22.11
10.77.22.13
10.77.23.10
10.77.22.13
10.77.23.10
10.77.27.15
10.77.22.12
10.77.23.11
10.77.22.14
10.77.27.15
10.77.22.13
10.77.22.13
10.77.22.12
10.77.27.14
10.77.27.14
10.77.22.12
10.77.22.15
10.77.27.14
10.77.22.14
10.77.23.11
10.77.27.14
10.77.23.10
10.77.22.13
10.77.27.14
10.77.22.10
10.77.27.14
10.77.22.10
10.77.22.15
10.77.27.15
10.77.27.13
10.77.22.11
10.77.23.12
10.77.27.13
10.77.27.13
10.77.22.13
10.77.22.11
10.77.22.13
10.77.27.15
10.77.27.13
10.77.22.13
10.77.22.14
10.77.23.12
10.77.27.14
10.77.23.12
10.77.23.10
10.77.27.13
10.77.22.14
10.77.22.11
10.77.22.14
10.77.27.15
10.77.23.12
10.77.22.13
10.77.22.12
10.77.27.13
10.77.22.12
10.77.23.10
10.77.27.14
10.77.27.14
10.77.22.11
10.77.22.14
10.77.27.15
10.77.23.12
10.77.22.14
10.77.22.15
10.77.22.12
10.77.22.15
10.77.23.12
10.77.27.13
10.77.22.11
10.77.23.11
10.77.22.12
10.77.27.15
10.77.23.12
10.77.23.11
10.77.27.15
10.77.22.13
10.77.22.13
10.77.22.11
10.77.22.10
10.77.23.12
10.77.23.11
10.77.23.11
10.77.23.12
10.77.27.14
10.77.22.14
10.77.27.13
10.77.22.10
10.77.22.10
10.77.22.12
10.77.22.12
10.77.22.11
10.77.22.11
10.77.22.10
10.77.22.10
10.77.22.10
10.77.22.14
10.77.23.12
10.77.27.14
10.77.22.10
10.77.22.10
10.77.27.15
10.77.22.10
10.77.22.14
10.77.23.12
10.77.22.15
10.77.27.13
10.77.27.13
10.77.23.10
10.77.22.15
10.77.22.11
10.77.23.12
10.77.22.13
10.77.27.14
10.77.22.14
10.77.22.13
10.77.22.10
10.77.22.14
10.77.22.11
10.77.27.15
10.77.23.11
10.77.23.10
10.77.22.14
10.77.22.10
10.77.22.15
10.77.23.10
10.77.22.10
10.77.27.13
10.77.22.11
10.77.22.11
10.77.27.13
10.77.22.15
10.77.22.14
10.77.22.14
10.77.23.12
10.77.27.15
10.77.27.14
10.77.22.15
10.77.27.14
10.77.23.11
10.77.22.12
10.77.22.10
10.77.23.10
10.77.23.12
10.77.22.14
10.77.27.13
10.77.27.13
10.77.22.12
10.77.22.10
10.77.27.13
10.77.23.11
10.77.27.14
10.77.22.13
10.77.27.14
10.77.27.14
10.77.22.15
10.77.23.12
10.77.27.15
10.77.27.14
10.77.22.10
10.77.22.12
10.77.23.12
10.77.22.13
10.77.23.12
10.77.23.11
10.77.23.11
10.77.27.13
10.77.22.11
10.77.23.12
10.77.22.12
10.77.23.10
10.77.22.13
10.77.22.10
10.77.22.10
10.77.22.15
10.77.22.12
10.77.22.14
10.77.27.15
10.77.22.11
10.77.22.10
10.77.27.15
10.77.23.10
10.77.23.11
10.77.22.10
10.77.23.11
10.77.23.10
10.77.23.12
10.77.22.15
10.77.22.13
10.77.22.14
10.77.22.12
10.77.22.10
10.77.23.11
10.77.22.12
10.77.22.10
10.77.22.13
10.77.22.12
10.77.23.11
10.77.22.12
10.77.23.11
10.77.22.13
10.77.22.13
10.77.22.12
10.77.27.14
10.77.22.10
10.77.27.14
10.77.22.13
10.77.27.14
10.77.23.10
10.77.27.15
10.77.22.11
10.77.27.13
10.77.22.15
10.77.27.13
10.77.23.11
10.77.23.11
10.77.22.10
10.77.23.12
10.77.22.15
10.77.22.14
10.77.23.11
10.77.22.15
10.77.23.12
10.77.22.14
10.77.22.10
10.77.22.10
10.77.22.15
10.77.23.11
10.77.27.13
10.77.22.13
10.77.22.10
10.77.23.11
10.77.23.11
10.77.22.15
10.77.27.14
10.77.23.10
10.77.27.13
10.77.22.12
10.77.27.13
10.77.27.15
10.77.27.15
10.77.22.11
10.77.23.10
10.77.27.13
10.77.22.10
10.77.22.15
10.77.23.12
10.77.23.10
10.77.22.12
10.77.22.11
10.77.23.12
10.77.22.14
10.77.22.15
10.77.27.14
10.77.22.12
10.77.22.12
10.77.22.13
10.77.22.11
10.77.23.10
10.77.23.10
10.77.22.10
10.77.23.11
10.77.22.11
10.77.27.15
10.77.27.14
10.77.22.10
10.77.27.15
10.77.27.14
10.77.23.12
10.77.23.12
10.77.22.14
10.77.27.14
10.77.22.14
10.77.27.15
10.77.22.10
10.77.23.11
10.77.27.15
10.77.22.10
10.77.22.14
10.77.23.10
10.77.22.12
10.77.23.10
10.77.23.11
10.77.22.15
10.77.22.10
10.77.23.10
10.77.22.12
10.77.22.10
10.77.23.11
10.77.22.13
10.77.23.11
10.77.22.14
10.77.22.14
10.77.23.11
10.77.27.13
10.77.22.12
10.77.23.10
10.77.22.15
10.77.27.14
10.77.22.12
10.77.22.10
10.77.22.10
10.77.23.11
10.77.22.10
10.77.22.11
10.77.23.12
10.77.23.10
10.77.27.15
10.77.23.11
10.77.22.10
10.77.23.11
10.77.27.15
10.77.27.15
10.77.22.15
10.77.22.10
10.77.27.15
10.77.22.13
10.77.23.12
10.77.22.10
10.77.22.14
10.77.22.14
10.77.27.15
10.77.27.14
10.77.23.10
10.77.22.10
10.77.23.11
10.77.23.10
10.77.22.13
10.77.23.12
10.77.22.13
10.77.22.12
10.77.23.11
10.77.22.10
10.77.22.15
10.77.22.15
10.77.22.10
10.77.23.12
10.77.22.15
10.77.22.10
10.77.22.10
10.77.22.13
10.77.22.14
10.77.23.10
10.77.27.14
10.77.23.10
10.77.27.15
10.77.23.10
10.77.23.11
10.77.22.15
10.77.22.15
10.77.22.11
10.77.23.12
10.77.23.11
10.77.23.10
10.77.22.12
10.77.27.14
10.77.22.15
10.77.23.11
10.77.22.10
10.77.27.14
10.77.23.12
10.77.27.13
10.77.22.14
10.77.23.11
10.77.22.15
10.77.22.11
10.77.23.10
10.77.27.13
10.77.23.10
10.77.22.10
10.77.23.12
10.77.23.10
10.77.22.11
10.77.22.15
10.77.23.12
10.77.23.10
10.77.22.15
10.77.27.13
10.77.27.13
10.77.27.13
10.77.23.12
10.77.22.14
10.77.23.12
10.77.22.13
10.77.23.10
10.77.22.14
10.77.22.11
10.77.23.11
10.77.22.11
10.77.22.13
10.77.22.14
10.77.22.14
10.77.27.14
10.77.27.15
10.77.22.13
10.77.22.15
10.77.23.11
10.77.23.10
10.77.22.14
10.77.22.15
10.77.22.10
10.77.22.11
10.77.27.15
10.77.22.15
10.77.23.12
10.77.23.12
10.77.23.11
10.77.22.13
10.77.22.15
10.77.22.12
10.77.23.10
10.77.23.12
10.77.27.14
10.77.22.14
10.77.23.11
10.77.27.14
10.77.23.11
10.77.22.12
10.77.22.15
10.77.27.14
10.77.22.11
10.77.23.11
10.77.22.12
10.77.22.12
10.77.27.14
10.77.27.15
10.77.23.11
10.77.23.12
10.77.22.11
10.77.22.14
10.77.23.11
10.77.22.15
10.77.27.15
10.77.23.12
10.77.22.12
10.77.22.12
10.77.22.15
10.77.23.10
10.77.27.13
10.77.23.11
10.77.22.11
10.77.27.14
10.77.27.13
10.77.23.11
10.77.23.11
10.77.22.13
10.77.22.10
10.77.27.13
10.77.23.12
10.77.23.11
10.77.23.10
10.77.23.12
10.77.22.15
10.77.27.15
10.77.27.15
10.77.27.13
10.77.22.13
10.77.22.14
10.77.23.12
10.77.22.14
10.77.27.13
10.77.27.15
10.77.23.12
10.77.22.11
10.77.27.15
10.77.23.10
10.77.22.11
10.77.22.10
10.77.22.12
10.77.22.11
10.77.22.11
10.77.22.11
10.77.23.11
10.77.23.10
10.77.22.10
10.77.22.11
10.77.22.10
10.77.23.12
10.77.22.15
10.77.22.12
10.77.22.14
10.77.23.12
10.77.23.11
10.77.23.12
10.77.23.10
10.77.23.10
10.77.27.13
10.77.23.10
10.77.23.10
10.77.27.13
10.77.22.12
10.77.27.13
10.77.23.12
10.77.22.12
10.77.23.12
10.77.22.10
10.77.23.11
10.77.22.15
10.77.27.14
10.77.22.15
10.77.22.13
10.77.22.15
10.77.22.11
10.77.22.15
10.77.23.10
10.77.23.11
10.77.22.10
10.77.22.11
10.77.22.12
10.77.22.15
10.77.27.15
10.77.23.10
10.77.22.12
10.77.22.11
10.77.22.13
10.77.22.14
10.77.27.15
10.77.22.12
10.77.22.13
10.77.22.14
10.77.22.13
10.77.27.13
10.77.23.12
10.77.27.15
10.77.27.15
10.77.22.10
10.77.23.11
10.77.27.13
10.77.27.14
10.77.23.11
10.77.27.15
10.77.27.13
10.77.22.10
10.77.27.15
10.77.22.11
10.77.23.12
10.77.27.13
10.77.22.15
10.77.27.13
10.77.22.14
10.77.22.13
10.77.22.14
10.77.22.15
10.77.22.14
10.77.22.13
10.77.23.11
10.77.27.14
10.77.23.10
10.77.23.12
10.77.22.11
10.77.22.13
10.77.23.12
10.77.22.14
10.77.27.14
10.77.23.11
10.77.22.12
10.77.23.11
10.77.22.11
10.77.22.14
10.77.27.13
10.77.27.13
10.77.22.13
10.77.23.11
10.77.22.12
10.77.23.11
10.77.23.10
10.77.22.15
10.77.23.11
10.77.22.15
10.77.27.15
10.77.23.10
10.77.22.10
10.77.22.12
10.77.22.13
10.77.22.14
10.77.27.13
10.77.22.11
10.77.27.14
10.77.23.12
10.77.22.11
10.77.22.10
10.77.22.13
10.77.22.13
10.77.22.10
10.77.23.11
10.77.22.15
10.77.22.12
10.77.23.10
10.77.22.15
10.77.27.15
10.77.22.12
10.77.27.13
10.77.27.14
10.77.22.12
10.77.22.13
10.77.27.15
10.77.23.12
10.77.23.11
10.77.22.10
10.77.22.13
10.77.22.10
10.77.23.11
10.77.22.11
10.77.27.14
10.77.22.13
10.77.23.11
10.77.22.15
10.77.22.12
10.77.22.13
10.77.23.10
10.77.27.14
10.77.22.14
10.77.22.11
10.77.23.11
10.77.22.15
10.77.22.13
10.77.22.13
10.77.23.11
10.77.22.13
10.77.23.11
10.77.27.13
10.77.23.12
10.77.22.15
10.77.22.14
10.77.22.12
10.77.27.13
10.77.23.12
10.77.22.11
10.77.22.10
10.77.22.10
10.77.22.14
10.77.27.13
10.77.22.13
10.77.27.14
10.77.27.13
10.77.23.11
10.77.23.10
10.77.27.15
10.77.22.12
10.77.27.15
10.77.23.12
10.77.27.14
10.77.22.10
10.77.23.12
10.77.22.13
10.77.23.11
10.77.22.12
10.77.27.14
10.77.22.14
10.77.23.12
10.77.22.10
10.77.23.10
10.77.23.11
10.77.22.11
10.77.23.12
10.77.27.14
10.77.23.12
10.77.27.15
10.77.22.15
10.77.22.12
10.77.22.13
10.77.22.11
10.77.27.13
10.77.27.14
10.77.23.12
10.77.27.15
10.77.27.15
10.77.22.12
10.77.23.12
10.77.27.15
10.77.22.10
10.77.27.15
10.77.23.12
10.77.22.11
10.77.27.15
10.77.22.10
10.77.22.11
10.77.23.12
10.77.27.13
10.77.22.12
10.77.22.11
10.77.22.13
10.77.22.12
10.77.27.15
10.77.22.11
10.77.27.13
10.77.22.11
10.77.22.12
10.77.27.15
10.77.22.11
10.77.27.15
10.77.23.10
10.77.22.12
10.77.23.12
10.77.27.15
10.77.27.15
10.77.22.10
10.77.23.10
10.77.22.13
10.77.22.10
10.77.22.13
10.77.27.14
10.77.23.12
10.77.22.12
10.77.22.12
10.77.22.10
10.77.22.13
10.77.22.12
10.77.23.12
10.77.23.10
10.77.22.13
10.77.23.12
10.77.27.14
10.77.22.12
10.77.27.14
10.77.23.11
10.77.23.12
10.77.23.10
10.77.23.11
10.77.23.10
10.77.27.15
10.77.27.13
10.77.23.11
10.77.22.11
10.77.23.10
10.77.22.12
10.77.23.10
10.77.22.13
10.77.27.15
10.77.22.10
10.77.22.13
10.77.23.10
10.77.23.11
10.77.27.15
10.77.23.11
10.77.23.10
10.77.22.12
10.77.23.11
10.77.27.15
10.77.27.15
10.77.22.14
10.77.23.11
10.77.23.10
10.77.23.12
10.77.27.14
10.77.27.13
10.77.23.10
10.77.22.13
10.77.22.15
10.77.22.14
10.77.22.15
10.77.22.13
10.77.22.10
10.77.22.13
10.77.22.15
10.77.27.14
10.77.22.14
10.77.22.15
10.77.22.15
10.77.27.15
10.77.22.15
10.77.23.12
10.77.23.11
10.77.22.11
10.77.22.14
10.77.27.14
10.77.22.13
10.77.27.14
10.77.27.14
10.77.27.13
10.77.22.14
10.77.27.14
10.77.22.14
10.77.22.13
10.77.22.10
10.77.22.13
10.77.22.14
10.77.23.11
10.77.27.14
10.77.22.12
10.77.22.10
10.77.22.10
10.77.22.15
10.77.27.14
10.77.23.10
10.77.22.15
10.77.27.14
10.77.22.11
10.77.22.10
10.77.22.10
10.77.22.10
10.77.27.13
10.77.27.13
10.77.22.10
10.77.22.15
10.77.22.14
10.77.23.11
10.77.27.15
10.77.27.13
10.77.22.13
10.77.27.13
10.77.27.14
10.77.23.10
10.77.27.15
10.77.27.13
10.77.22.11
10.77.23.11
10.77.22.14
10.77.23.11
10.77.23.11
10.77.22.14
10.77.22.15
10.77.22.10
10.77.22.15
10.77.22.10
10.77.23.11
10.77.22.14
10.77.27.13
10.77.22.15
10.77.22.15
10.77.23.10
10.77.22.10
10.77.22.15
10.77.27.14
10.77.22.13
10.77.22.15
10.77.27.13
10.77.22.13
10.77.22.10
10.77.22.13
10.77.22.14
10.77.22.13
10.77.22.14
10.77.22.13
10.77.22.15
10.77.27.15
10.77.23.12
10.77.22.13
10.77.22.15
10.77.22.15
10.77.22.15
10.77.22.14
10.77.23.10
10.77.27.13
10.77.23.10
10.77.27.14
10.77.22.14
10.77.22.15
10.77.22.11
10.77.27.14
10.77.22.12
10.77.22.10
10.77.22.15
10.77.23.12
10.77.23.11
10.77.27.13
10.77.23.11
10.77.22.11
10.77.22.15
10.77.22.13
10.77.22.15
10.77.22.15
10.77.27.13
10.77.27.15
10.77.22.13
10.77.23.12
10.77.23.11
10.77.22.13
10.77.22.12
10.77.22.11
10.77.22.10
10.77.22.13
10.77.22.14
10.77.22.10
10.77.22.13
10.77.23.11
10.77.22.13
10.77.22.12
10.77.22.15
10.77.27.15
10.77.22.14
10.77.23.12
10.77.27.13
10.77.27.14
10.77.22.11
10.77.22.13
10.77.22.15
10.77.22.12
10.77.27.14
10.77.22.13
10.77.22.15
10.77.22.14
10.77.23.12
10.77.22.14
10.77.22.14
10.77.22.12
10.77.23.11
10.77.23.12
10.77.22.13
10.77.22.13
10.77.27.14
10.77.23.11
10.77.22.15
10.77.27.13
10.77.23.11
10.77.22.12
10.77.27.14
10.77.22.11
10.77.22.14
10.77.27.15
10.77.23.10
10.77.27.15
10.77.27.15
10.77.22.12
10.77.22.11
10.77.22.12
10.77.22.14
10.77.23.11
10.77.22.14
10.77.22.10
10.77.23.12
10.77.27.14
10.77.22.12
10.77.22.10
10.77.27.15
10.77.23.12
10.77.22.11
10.77.22.10
10.77.22.12
10.77.22.12
10.77.22.10
10.77.22.12
10.77.27.14
10.77.23.10
10.77.27.15
10.77.22.11
10.77.22.11
10.77.22.13
10.77.22.12
10.77.22.12
10.77.23.12
10.77.27.15
10.77.23.10
10.77.23.12
10.77.22.13
10.77.22.11
10.77.22.10
10.77.23.12
10.77.23.12
10.77.23.11
10.77.23.10
10.77.22.14
10.77.27.14
10.77.23.11
10.77.23.12
10.77.23.12
10.77.23.10
10.77.27.14
10.77.23.10
10.77.22.10
10.77.22.12
10.77.22.15
10.77.27.15
10.77.23.11
10.77.22.14
10.77.22.15
10.77.23.12
10.77.27.14
10.77.23.10
10.77.23.11
10.77.23.11
10.77.22.10
10.77.22.15
10.77.22.13
10.77.22.10
10.77.27.14
10.77.22.13
10.77.27.14
10.77.27.15
10.77.22.15
10.77.27.15
10.77.27.14
10.77.22.13
10.77.22.12
10.77.22.15
10.77.23.12
10.77.23.12
10.77.22.13
10.77.27.14
10.77.23.10
10.77.27.13
10.77.27.14
10.77.27.15
10.77.22.15
10.77.22.10
10.77.22.15
10.77.22.11
10.77.27.15
10.77.23.12
10.77.22.12
10.77.23.12
10.77.27.14
10.77.22.13
10.77.23.10
10.77.22.14
10.77.27.15
10.77.22.14
10.77.27.15
10.77.22.11
10.77.27.14
10.77.22.13
10.77.27.15
10.77.27.13
10.77.22.10
10.77.23.12
10.77.22.14
10.77.22.11
10.77.23.12
10.77.22.12
10.77.23.10
10.77.22.12
10.77.23.11
10.77.22.11
10.77.23.12
10.77.22.13
10.77.27.13
10.77.22.15
10.77.23.11
10.77.22.12
10.77.23.12
10.77.22.14
10.77.22.10
10.77.23.10
10.77.23.11
10.77.27.15
10.77.22.15
10.77.22.13
10.77.23.11
10.77.22.10
10.77.22.10
10.77.22.13
10.77.22.15
10.77.27.15
10.77.22.12
10.77.27.14
10.77.22.12
10.77.22.11
10.77.22.10
10.77.22.12
10.77.22.10
10.77.23.11
10.77.23.10
10.77.22.11
10.77.22.11
10.77.23.10
10.77.22.15
10.77.22.11
10.77.27.15
10.77.27.14
10.77.27.15
10.77.27.13
10.77.23.11
10.77.22.11
10.77.22.13
10.77.22.10
10.77.23.10
10.77.23.10
10.77.23.12
10.77.22.11
10.77.22.13
10.77.23.12
10.77.27.15
10.77.23.11
10.77.23.10
10.77.27.14
10.77.27.13
10.77.23.10
10.77.22.15
10.77.23.10
10.77.27.14
10.77.22.13
10.77.27.14
10.77.22.14
10.77.22.11
10.77.27.14
10.77.22.12
10.77.27.14
10.77.22.11
10.77.23.10
10.77.27.15
10.77.22.15
10.77.22.11
10.77.22.15
10.77.27.13
10.77.23.10
10.77.22.11
10.77.27.14
10.77.22.11
10.77.22.13
10.77.22.13
10.77.27.14
10.77.22.14
10.77.22.15
10.77.23.11
10.77.22.15
10.77.22.11
10.77.22.15
10.77.23.10
10.77.22.10
10.77.23.12
10.77.22.11
10.77.23.12
10.77.27.15
10.77.27.15
10.77.23.10
10.77.23.12
10.77.22.14
10.77.27.14
10.77.22.11
10.77.27.14
10.77.22.11
10.77.23.10
10.77.23.10
10.77.27.14
10.77.27.14
10.77.22.11
10.77.22.10
10.77.22.12
10.77.22.13
10.77.27.15
10.77.22.10
10.77.27.15
10.77.23.10
10.77.27.13
10.77.23.12
10.77.22.12
10.77.22.15
10.77.27.15
10.77.22.14
10.77.23.10
10.77.22.10
10.77.22.11
10.77.27.14
10.77.27.15
10.77.23.12
10.77.22.13
10.77.22.13
10.77.22.10
10.77.22.14
10.77.27.13
10.77.22.11
10.77.27.14
10.77.27.13
10.77.22.13
10.77.22.10
10.77.27.14
10.77.22.10
10.77.22.15
10.77.22.12
10.77.27.14
10.77.22.10
10.77.23.11
10.77.22.11
10.77.22.10
10.77.22.15
10.77.27.15
10.77.22.10
10.77.22.14
10.77.27.13
10.77.22.13
10.77.22.14
10.77.22.13
10.77.27.14
10.77.27.13
10.77.23.11
10.77.27.13
10.77.22.14
10.77.22.10
10.77.23.12
10.77.22.15
10.77.22.12
10.77.22.11
10.77.22.15
10.77.22.12
10.77.23.10
10.77.22.14
10.77.23.10
10.77.22.10
10.77.22.13
10.77.22.11
10.77.27.15
10.77.22.10
10.77.27.13
10.77.22.12
10.77.22.12
10.77.22.12
10.77.22.11
10.77.22.15
10.77.27.14
10.77.22.11
10.77.27.14
10.77.27.15
10.77.23.12
10.77.22.10
10.77.27.13
10.77.23.11
10.77.22.10
10.77.23.11
10.77.27.13
10.77.22.15
10.77.22.14
10.77.22.12
10.77.22.12
10.77.22.11
10.77.22.10
10.77.22.10
10.77.23.10
10.77.23.11
10.77.27.15
10.77.22.14
10.77.22.15
10.77.22.15
10.77.23.12
10.77.22.11
10.77.27.14
10.77.23.10
10.77.23.12
10.77.27.15
10.77.23.12
10.77.22.13
10.77.22.10
10.77.27.13
10.77.22.12
10.77.23.12
10.77.23.10
10.77.22.12
10.77.22.15
10.77.22.10
10.77.22.15
10.77.22.15
10.77.22.10
10.77.22.12
10.77.22.14
10.77.23.10
10.77.22.14
10.77.27.14
10.77.22.10
10.77.22.10
10.77.27.14
10.77.23.11
10.77.27.13
10.77.23.12
10.77.22.13
10.77.22.10
10.77.22.12
10.77.22.11
10.77.23.12
10.77.22.12
10.77.22.11
10.77.27.15
10.77.23.11
10.77.22.15
10.77.22.12
10.77.27.14
10.77.27.14
10.77.22.12
10.77.22.12
10.77.27.13
10.77.22.14
10.77.27.14
10.77.23.11
10.77.23.11
10.77.27.13
10.77.22.13
10.77.22.15
10.77.22.10
10.77.22.13
10.77.22.15
10.77.27.13
10.77.27.14
10.77.22.14
10.77.22.15
10.77.22.11
10.77.22.10
10.77.22.14
10.77.27.13
10.77.23.10
10.77.23.12
10.77.22.14
10.77.23.12
10.77.22.15
10.77.22.12
10.77.23.12
10.77.27.15
10.77.23.10
10.77.22.11
10.77.23.12
10.77.22.13
10.77.22.11
10.77.27.15
10.77.22.12
10.77.23.12
10.77.27.13
10.77.23.10
10.77.22.12
10.77.22.10
10.77.23.11
10.77.22.15
10.77.27.14
10.77.22.11
10.77.23.10
10.77.27.14
10.77.23.11
10.77.22.15
10.77.22.10
10.77.22.12
10.77.22.10
10.77.22.10
10.77.22.10
10.77.27.15
10.77.23.10
10.77.22.12
10.77.22.10
10.77.22.11
10.77.22.10
10.77.27.14
10.77.22.10
10.77.23.12
10.77.27.13
10.77.22.13
10.77.22.10
10.77.27.13
10.77.22.13
10.77.22.15
10.77.22.11
10.77.22.15
10.77.23.12
10.77.22.15
10.77.23.11
10.77.22.10
10.77.27.13
10.77.23.10
10.77.27.14
10.77.23.11
10.77.22.11
10.77.22.10
10.77.22.13
10.77.27.14
10.77.22.13
10.77.22.13
10.77.27.15
10.77.27.13
10.77.23.11
10.77.22.14
10.77.23.12
10.77.27.13
10.77.22.14
10.77.27.13
10.77.27.15
10.77.22.15
10.77.27.13
10.77.22.13
10.77.22.15
10.77.23.10
10.77.22.13
10.77.23.10
10.77.27.15
10.77.22.15
10.77.22.10
10.77.22.13
10.77.23.10
10.77.22.14
10.77.22.14
10.77.22.11
10.77.23.11
10.77.27.13
10.77.22.13
10.77.27.13
10.77.22.13
10.77.27.14
10.77.22.12
10.77.23.11
10.77.27.13
10.77.22.13
10.77.22.10
10.77.22.10
10.77.22.14
10.77.22.12
10.77.22.14
10.77.22.10
10.77.22.10
10.77.23.12
10.77.23.11
10.77.22.11
10.77.22.14
10.77.27.15
10.77.22.12
10.77.22.10
10.77.22.10
10.77.27.15
10.77.23.12
10.77.27.14
10.77.22.13
10.77.23.12
10.77.22.10
10.77.23.12
10.77.27.15
10.77.23.10
10.77.22.12
10.77.27.14
10.77.22.10
10.77.27.14
10.77.27.13
10.77.27.15
10.77.27.15
10.77.27.15
10.77.23.11
10.77.22.12
10.77.22.10
10.77.22.13
10.77.22.11
10.77.23.12
10.77.22.15
10.77.27.13
10.77.22.12
10.77.22.13
10.77.27.14
10.77.27.14
10.77.22.11
10.77.22.13
10.77.27.13
10.77.22.14
10.77.22.15
10.77.22.12
10.77.22.12
10.77.23.10
10.77.23.11
10.77.22.13
10.77.22.11
10.77.27.15
10.77.27.15
10.77.22.10
10.77.27.14
10.77.23.11
10.77.22.12
10.77.22.11
10.77.22.12
10.77.22.15
10.77.23.12
10.77.22.10
10.77.22.10
10.77.27.13
10.77.23.10
10.77.27.15
10.77.22.15
10.77.22.13
10.77.27.14
10.77.22.10
10.77.27.14
10.77.22.14
10.77.23.11
10.77.22.15
10.77.27.13
10.77.22.12
10.77.27.15
10.77.27.15
10.77.23.12
10.77.27.13
10.77.22.11
10.77.22.14
10.77.22.12
10.77.27.14
10.77.22.15
10.77.27.15
10.77.23.11
10.77.22.15
10.77.22.10
10.77.22.13
10.77.23.10
10.77.22.10
10.77.22.13
10.77.22.14
10.77.27.13
10.77.27.14
10.77.23.12
10.77.22.10
10.77.27.13
10.77.22.11
10.77.22.13
10.77.22.11
10.77.27.13
10.77.22.13
10.77.23.10
10.77.22.15
10.77.22.14
10.77.22.12
10.77.22.12
10.77.22.12
10.77.23.10
10.77.22.11
10.77.27.15
10.77.23.10
10.77.23.12
10.77.23.12
10.77.23.11
10.77.23.11
10.77.27.15
10.77.22.13
10.77.23.10
10.77.22.11
10.77.22.12
10.77.22.11
10.77.23.10
10.77.23.10
10.77.22.12
10.77.22.12
10.77.23.11
10.77.23.12
10.77.23.12
10.77.23.10
10.77.23.10
10.77.23.10
10.77.23.10
10.77.27.15
10.77.27.13
10.77.23.11
10.77.22.13
10.77.22.15
10.77.22.10
10.77.22.10
10.77.23.11
10.77.27.14
10.77.27.13
10.77.22.15
10.77.22.14
10.77.23.11
10.77.22.11
10.77.23.11
10.77.22.15
10.77.27.14
10.77.23.12
10.77.22.15
10.77.22.10
10.77.23.12
10.77.22.10
10.77.22.15
10.77.22.13
10.77.22.14
10.77.22.11
10.77.22.11
10.77.23.11
10.77.27.14
10.77.22.12
10.77.27.14
10.77.22.13
10.77.22.10
10.77.23.11
10.77.27.14
10.77.22.10
10.77.22.15
10.77.22.15
10.77.22.11
10.77.27.15
10.77.22.10
10.77.27.14
10.77.27.14
10.77.27.15
10.77.23.10
10.77.22.12
10.77.22.10
10.77.27.15
10.77.22.15
10.77.27.15
10.77.23.10
10.77.22.12
10.77.23.11
10.77.22.12
10.77.23.10
10.77.23.11
10.77.27.14
10.77.22.12
10.77.23.12
10.77.22.15
10.77.22.15
10.77.22.14
10.77.23.11
10.77.27.14
10.77.22.11
10.77.22.15
10.77.22.10
10.77.27.15
10.77.22.11
10.77.22.14
10.77.27.15
10.77.27.13
10.77.22.10
10.77.23.12
10.77.22.10
10.77.27.13
10.77.22.10
10.77.22.15
10.77.22.10
10.77.27.15
10.77.23.11
10.77.22.10
10.77.23.12
10.77.22.11
10.77.22.15
10.77.22.12
10.77.22.10
10.77.22.11
10.77.22.11
10.77.27.13
10.77.22.14
10.77.27.13
10.77.23.10
10.77.23.11
10.77.22.15
10.77.22.14
10.77.23.11
10.77.23.11
10.77.22.14
10.77.23.10
10.77.22.11
10.77.27.13
10.77.23.11
10.77.23.11
10.77.27.15
10.77.22.10
10.77.27.15
10.77.22.13
10.77.22.14
10.77.27.14
10.77.23.10
10.77.27.13
10.77.22.11
10.77.23.10
10.77.22.12
10.77.22.10
10.77.22.10
10.77.22.15
10.77.23.11
10.77.23.10
10.77.22.13
10.77.22.14
10.77.22.14
10.77.27.14
10.77.23.12
10.77.23.12
10.77.23.10
10.77.22.11
10.77.23.10
10.77.27.14
10.77.22.15
10.77.23.12
10.77.22.15
10.77.27.14
10.77.22.13
10.77.22.13
10.77.23.11
10.77.23.11
10.77.27.15
10.77.23.12
10.77.23.10
10.77.23.12
10.77.27.13
10.77.22.14
10.77.23.12
10.77.27.15
10.77.27.13
10.77.27.14
10.77.22.13
10.77.22.13
10.77.22.13
10.77.23.11
10.77.22.13
10.77.22.14
10.77.27.14
10.77.27.13
10.77.22.13
10.77.22.11
10.77.27.15
10.77.27.15
10.77.27.13
10.77.22.13
10.77.22.14
10.77.27.14
10.77.27.15
10.77.27.13
10.77.27.15
10.77.22.12
10.77.22.15
10.77.22.11
10.77.23.10
10.77.22.10
10.77.23.12
10.77.27.15
10.77.22.12
10.77.23.12
10.77.22.15
10.77.27.15
10.77.22.10
10.77.27.14
10.77.22.12
10.77.27.13
10.77.22.11
10.77.23.11
10.77.22.14
10.77.23.10
10.77.22.12
10.77.27.13
10.77.22.15
10.77.22.13
10.77.22.12
10.77.22.11
10.77.22.14
10.77.22.14
10.77.22.15
10.77.22.14
10.77.22.12
10.77.27.13
10.77.22.14
10.77.22.13
10.77.22.11
10.77.22.12
10.77.22.12
10.77.22.13
10.77.27.15
10.77.22.12
10.77.22.12
10.77.22.10
10.77.22.13
10.77.22.12
10.77.22.15
10.77.27.13
10.77.27.15
10.77.22.11
10.77.27.14
10.77.23.10
10.77.27.15
10.77.22.14
10.77.22.11
10.77.23.10
10.77.22.15
10.77.23.12
10.77.22.11
10.77.22.11
10.77.22.12
10.77.22.12
10.77.22.12
10.77.23.12
10.77.27.14
10.77.23.10
10.77.22.10
10.77.22.13
10.77.22.14
10.77.27.13
10.77.27.15
10.77.22.11
10.77.27.14
10.77.23.12
10.77.27.15
10.77.27.15
10.77.22.11
10.77.22.14
10.77.22.10
10.77.23.11
10.77.23.10
10.77.23.12
10.77.27.15
10.77.23.11
10.77.27.14
10.77.27.13
10.77.22.12
10.77.27.15
10.77.23.12
10.77.22.15
10.77.22.15
10.77.27.15
10.77.23.10
10.77.22.12
10.77.23.10
10.77.22.15
10.77.27.13
10.77.27.15
10.77.27.15
10.77.22.12
10.77.23.12
10.77.23.10
10.77.23.11
10.77.22.11
10.77.22.14
10.77.22.13
10.77.22.13
10.77.22.14
10.77.27.15
10.77.22.11
10.77.27.14
10.77.27.15
10.77.22.14
10.77.22.11
10.77.23.12
10.77.22.11
10.77.22.13
10.77.23.11
10.77.23.12
10.77.23.11
10.77.22.15
10.77.23.11
10.77.22.15
10.77.27.13
10.77.27.13
10.77.27.13
10.77.27.14
10.77.27.15
10.77.22.12
10.77.27.13
10.77.22.14
10.77.23.12
10.77.22.14
10.77.22.11
10.77.23.11
10.77.22.14
10.77.23.11
10.77.23.10
10.77.27.14
10.77.22.11
10.77.22.11
10.77.22.10
10.77.23.10
10.77.27.13
10.77.27.15
10.77.23.10
10.77.27.13
10.77.27.15
10.77.27.13
10.77.22.12
10.77.22.13
10.77.22.11
10.77.23.10
10.77.27.14
10.77.22.10
10.77.22.11
10.77.22.15
10.77.22.12
10.77.23.12
10.77.23.12
10.77.23.12
10.77.22.14
10.77.27.13
10.77.22.10
10.77.27.14
10.77.22.15
10.77.22.15
10.77.22.15
10.77.22.12
10.77.27.14
10.77.22.11
10.77.22.15
10.77.23.10
10.77.22.10
10.77.27.13
10.77.23.11
10.77.22.12
10.77.23.12
10.77.23.12
10.77.23.10
10.77.23.11
10.77.27.15
10.77.23.12
10.77.27.14
10.77.27.15
10.77.22.10
10.77.22.12
10.77.27.14
10.77.23.11
10.77.22.11
10.77.27.14
10.77.27.15
10.77.22.13
10.77.22.11
10.77.22.14
10.77.27.15
10.77.27.14
10.77.23.11
10.77.22.12
10.77.27.15
10.77.22.14
10.77.27.13
10.77.22.13
10.77.27.14
10.77.23.10
10.77.23.12
10.77.22.15
10.77.22.14
10.77.27.13
10.77.27.14
10.77.22.11
10.77.22.13
10.77.22.14
10.77.23.10
10.77.27.13
10.77.27.13
10.77.22.11
10.77.22.10
10.77.23.11
10.77.27.15
10.77.22.14
10.77.22.15
10.77.27.14
10.77.22.11
10.77.27.13
10.77.22.14
10.77.22.11
10.77.27.13
10.77.22.15
10.77.22.13
10.77.22.12
10.77.27.14
10.77.27.14
10.77.23.12
10.77.22.10
10.77.22.11
10.77.27.15
10.77.22.14
10.77.22.10
10.77.22.11
10.77.22.11
10.77.23.10
10.77.27.13
10.77.22.12
10.77.22.13
10.77.22.14
10.77.22.13
10.77.22.10
10.77.23.12
10.77.27.14
10.77.23.11
10.77.27.15
10.77.27.15
10.77.27.15
10.77.22.11
10.77.22.12
10.77.27.13
10.77.22.15
10.77.27.13
10.77.22.12
10.77.22.10
10.77.27.15
10.77.22.13
10.77.22.10
10.77.23.12
10.77.22.13
10.77.22.14
10.77.22.13
10.77.27.15
10.77.22.12
10.77.22.11
10.77.23.11
10.77.27.14
10.77.23.11
10.77.27.15
10.77.22.14
10.77.22.13
10.77.22.14
10.77.22.10
10.77.22.10
10.77.22.15
10.77.22.15
10.77.22.10
10.77.27.13
10.77.22.13
10.77.23.10
10.77.27.15
10.77.22.11
10.77.27.15
10.77.27.15
10.77.22.11
10.77.27.14
10.77.22.14
10.77.23.11
10.77.22.12
10.77.22.11
10.77.22.15
10.77.23.11
10.77.23.12
10.77.22.12
10.77.22.11
10.77.23.10
10.77.27.14
10.77.22.15
10.77.23.10
10.77.23.11
10.77.23.10
10.77.22.15
10.77.23.10
10.77.27.14
10.77.23.10
10.77.22.11
10.77.22.10
10.77.22.11
10.77.22.10
10.77.27.14
10.77.22.15
10.77.23.11
10.77.22.15
10.77.27.14
10.77.27.14
10.77.27.14
10.77.27.14
10.77.27.13
10.77.22.12
10.77.22.15
10.77.22.15
10.77.23.11
10.77.22.11
10.77.27.13
10.77.23.10
10.77.27.14
10.77.23.12
10.77.27.13
10.77.27.13
10.77.22.10
10.77.23.10
10.77.27.14
10.77.22.14
10.77.22.11
10.77.27.14
10.77.22.15
10.77.22.14
10.77.23.10
10.77.23.10
10.77.23.10
10.77.22.11
10.77.23.10
10.77.23.10
10.77.27.15
10.77.22.13
10.77.23.12
10.77.22.13
10.77.27.13
10.77.22.14
10.77.27.15
10.77.22.13
10.77.22.10
10.77.27.13
10.77.23.10
10.77.22.15
10.77.23.10
10.77.22.10
10.77.27.14
10.77.22.15
10.77.22.10
10.77.22.15
10.77.23.11
10.77.27.13
10.77.27.13
10.77.22.15
10.77.22.11
10.77.23.12
10.77.22.15
10.77.22.15
10.77.27.14
10.77.22.15
10.77.27.14
10.77.23.11
10.77.22.14
10.77.27.14
10.77.22.12
10.77.27.13
10.77.22.11
10.77.22.11
10.77.27.15
10.77.23.12
10.77.27.14
10.77.22.14
10.77.22.14
10.77.22.11
10.77.22.10
10.77.27.15
10.77.22.10
10.77.22.12
10.77.27.14
10.77.27.14
10.77.23.12
10.77.22.11
10.77.23.11
10.77.27.14
10.77.22.14
10.77.23.12
10.77.27.13
10.77.22.15
10.77.22.10
10.77.23.10
10.77.23.11
10.77.22.11
10.77.27.15
10.77.23.11
10.77.23.10
10.77.22.12
10.77.27.13
10.77.22.15
10.77.22.13
10.77.27.13
10.77.23.10
10.77.22.12
10.77.23.12
10.77.23.12
10.77.22.12
10.77.23.10
10.77.22.14
10.77.27.13
10.77.23.12
10.77.22.14
10.77.23.10
10.77.22.11
10.77.27.14
10.77.23.11
10.77.27.14
10.77.27.13
10.77.27.14
10.77.27.14
10.77.22.12
10.77.23.10
10.77.27.14
10.77.27.14
10.77.23.10
10.77.27.14
10.77.22.13
10.77.22.14
10.77.22.10
10.77.27.15
10.77.27.13
10.77.22.12
10.77.22.13
10.77.23.11
10.77.23.11
10.77.22.14
10.77.23.12
10.77.22.10
10.77.27.14
10.77.23.10
10.77.22.11
10.77.22.13
10.77.23.11
10.77.23.11
10.77.23.12
10.77.23.12
10.77.27.14
10.77.22.12
10.77.22.15
10.77.22.13
10.77.27.15
10.77.23.12
10.77.22.15
10.77.22.12
10.77.27.15
10.77.22.11
10.77.23.12
10.77.23.12
10.77.22.15
10.77.22.12
10.77.22.14
10.77.22.11
10.77.27.13
10.77.23.11
10.77.23.10
10.77.23.12
10.77.23.12
10.77.27.15
10.77.23.10
10.77.23.12
10.77.22.12
10.77.27.15
10.77.27.14
10.77.22.10
10.77.23.10
10.77.23.11
10.77.27.13
10.77.22.15
10.77.22.10
10.77.27.13
10.77.22.11
10.77.22.12
10.77.23.10
10.77.27.15
10.77.22.12
10.77.27.15
10.77.23.10
10.77.22.15
10.77.22.13
10.77.27.14
10.77.22.14
10.77.22.14
10.77.27.15
10.77.23.12
10.77.22.11
10.77.27.15
10.77.22.14
10.77.27.13
10.77.22.11
10.77.27.14
10.77.22.13
10.77.23.12
10.77.22.10
10.77.22.14
10.77.27.13
10.77.22.14
10.77.22.11
10.77.22.11
10.77.22.12
10.77.27.15
10.77.23.10
10.77.22.13
10.77.22.11
10.77.27.14
10.77.23.11
10.77.22.12
10.77.22.12
10.77.27.13
10.77.23.10
10.77.22.13
10.77.22.12
10.77.23.11
10.77.23.10
10.77.23.12
10.77.23.10
10.77.22.11
10.77.22.15
10.77.22.13
10.77.27.15
10.77.27.13
10.77.22.14
10.77.23.10
10.77.23.12
10.77.22.13
10.77.22.15
10.77.23.12
10.77.22.12
10.77.22.13
10.77.27.14
10.77.27.13
10.77.27.15
10.77.27.14
10.77.27.15
10.77.23.10
10.77.22.10
10.77.22.15
10.77.23.11
10.77.22.15
10.77.27.13
10.77.27.13
10.77.22.10
10.77.23.11
10.77.22.11
10.77.22.14
10.77.27.13
10.77.22.14
10.77.22.14
10.77.22.11
10.77.22.11
10.77.27.15
10.77.23.12
10.77.23.12
10.77.22.13
10.77.22.11
10.77.22.13
10.77.22.12
10.77.23.12
10.77.22.14
10.77.22.15
10.77.22.14
10.77.27.15
10.77.23.11
10.77.22.11
10.77.22.12
10.77.22.15
10.77.27.13
10.77.22.11
10.77.22.11
10.77.22.12
10.77.22.10
10.77.22.10
10.77.27.13
10.77.27.13
10.77.22.14
10.77.22.14
10.77.22.15
10.77.23.12
10.77.22.14
10.77.22.13
10.77.22.11
10.77.22.13
10.77.22.11
10.77.27.13
10.77.22.15
10.77.22.13
10.77.23.10
10.77.22.14
10.77.27.13
10.77.23.12
10.77.22.11
10.77.27.15
10.77.27.13
10.77.23.10
10.77.22.12
10.77.22.11
10.77.22.15
10.77.22.15
10.77.23.12
10.77.22.14
10.77.23.11
10.77.22.10
10.77.22.10
10.77.23.10
10.77.27.15
10.77.23.10
10.77.23.12
10.77.22.12
10.77.22.11
10.77.22.14
10.77.22.13
10.77.22.14
10.77.22.11
10.77.27.15
10.77.22.12
10.77.22.12
10.77.22.15
10.77.27.13
10.77.27.15
10.77.22.14
10.77.22.12
10.77.27.13
10.77.23.11
10.77.23.12
10.77.23.10
10.77.22.13
10.77.27.14
10.77.22.11
10.77.27.14
10.77.27.13
10.77.23.11
10.77.27.13
10.77.22.10
10.77.22.12
10.77.27.14
10.77.23.12
10.77.22.12
10.77.23.10
10.77.22.13
10.77.22.11
10.77.23.10
10.77.23.10
10.77.27.15
10.77.23.12
10.77.23.10
10.77.27.14
10.77.23.11
10.77.22.15
10.77.22.15
10.77.23.12
10.77.22.14
10.77.22.13
10.77.22.12
10.77.23.12
10.77.23.11
10.77.22.13
10.77.22.13
10.77.22.15
10.77.27.14
10.77.27.14
10.77.22.12
10.77.23.10
10.77.23.11
10.77.22.10
10.77.23.10
10.77.27.15
10.77.22.13
10.77.22.15
10.77.22.10
10.77.22.11
10.77.22.13
10.77.22.14
10.77.23.11
10.77.23.10
10.77.23.11
10.77.22.10
10.77.22.11
10.77.23.11
10.77.27.13
10.77.27.15
10.77.23.12
10.77.23.12
10.77.22.15
10.77.22.10
10.77.22.12
10.77.22.11
10.77.22.11
10.77.27.14
10.77.23.10
10.77.22.15
10.77.27.15
10.77.27.13
10.77.22.10
10.77.23.11
10.77.22.12
10.77.27.13
10.77.23.11
10.77.22.10
10.77.23.12
10.77.22.13
10.77.23.11
10.77.22.13
10.77.27.15
10.77.22.15
10.77.27.14
10.77.23.11
10.77.22.11
10.77.23.11
10.77.22.15
10.77.27.15
10.77.22.13
10.77.23.12
10.77.23.11
10.77.22.13
10.77.22.13
10.77.22.14
10.77.27.14
10.77.22.15
10.77.23.10
10.77.22.10
10.77.22.14
10.77.22.12
10.77.27.13
10.77.27.15
10.77.22.11
10.77.23.10
10.77.22.12
10.77.27.14
10.77.23.12
10.77.23.10
10.77.23.10
10.77.27.13
10.77.22.10
10.77.22.12
10.77.23.11
10.77.22.10
10.77.22.10
10.77.22.12
10.77.22.13
10.77.22.14
10.77.22.11
10.77.22.13
10.77.23.12
10.77.22.10
10.77.23.10
10.77.22.11
10.77.22.12
10.77.23.12
10.77.27.13
10.77.22.13
10.77.27.14
10.77.27.14
10.77.22.11
10.77.23.11
10.77.23.12
10.77.22.14
10.77.22.13
10.77.22.12
10.77.23.12
10.77.22.13
10.77.27.15
10.77.23.10
10.77.22.15
10.77.23.12
10.77.23.11
10.77.23.12
10.77.27.15
10.77.22.13
10.77.22.11
10.77.22.14
10.77.22.13
10.77.27.13
10.77.22.10
10.77.22.11
10.77.22.10
10.77.27.14
10.77.27.13
10.77.23.12
10.77.27.15
10.77.22.13
10.77.23.10
10.77.23.12
10.77.22.14
10.77.23.11
10.77.22.10
10.77.22.10
10.77.22.14
10.77.23.12
10.77.27.14
10.77.22.13
10.77.23.11
10.77.27.14
10.77.22.14
10.77.23.11
10.77.22.14
10.77.22.11
10.77.27.15
10.77.22.10
10.77.23.12
10.77.22.10
10.77.27.15
10.77.27.15
10.77.22.12
10.77.22.14
10.77.22.11
10.77.23.12
10.77.22.12
10.77.27.15
10.77.22.14
10.77.22.11
10.77.22.11
10.77.23.11
10.77.23.12
10.77.22.11
10.77.22.15
10.77.23.11
10.77.23.11
10.77.22.12
10.77.23.10
10.77.23.11
10.77.22.10
10.77.23.11
10.77.27.15
10.77.22.13
10.77.22.13
10.77.23.11
10.77.22.13
10.77.22.11
10.77.22.15
10.77.22.10
10.77.22.13
10.77.22.14
10.77.22.14
10.77.22.11
10.77.22.11
10.77.23.10
10.77.27.14
10.77.22.10
10.77.23.10
10.77.23.10
10.77.22.15
10.77.27.14
10.77.22.14
10.77.27.14
10.77.23.11
10.77.22.11
10.77.22.10
10.77.22.14
10.77.27.15
10.77.23.10
10.77.27.14
10.77.22.12
10.77.23.10
10.77.22.14
10.77.23.10
10.77.27.14
10.77.27.14
10.77.22.10
10.77.27.13
10.77.27.15
10.77.22.15
10.77.22.12
10.77.27.15
10.77.22.14
10.77.22.15
10.77.22.14
10.77.22.12
10.77.22.13
10.77.27.14
10.77.22.12
10.77.22.13
10.77.27.14
10.77.22.10
10.77.22.10
10.77.23.11
10.77.22.13
10.77.27.13
10.77.27.13
10.77.23.11
10.77.23.10
10.77.27.13
10.77.27.13
10.77.23.11
10.77.27.15
10.77.23.10
10.77.27.14
10.77.22.13
10.77.23.10
10.77.22.12
10.77.23.11
10.77.22.12
10.77.22.10
10.77.22.15
10.77.22.11
10.77.22.13
10.77.23.12
10.77.23.10
10.77.27.14
10.77.23.10
10.77.22.10
10.77.22.11
10.77.22.15
10.77.27.13
10.77.22.12
10.77.22.15
10.77.27.13
10.77.27.14
10.77.23.10
10.77.27.15
10.77.27.14
10.77.23.11
10.77.23.12
10.77.22.14
10.77.23.11
10.77.22.15
10.77.22.15
10.77.27.14
10.77.22.11
10.77.22.15
10.77.23.12
10.77.27.15
10.77.23.10
10.77.22.12
10.77.22.11
10.77.22.10
10.77.27.14
10.77.22.13
10.77.23.12
10.77.27.13
10.77.22.15
10.77.23.12
10.77.22.10
10.77.27.14
10.77.27.15
10.77.27.15
10.77.22.11
10.77.23.12
10.77.22.14
10.77.22.14
10.77.27.13
10.77.22.15
10.77.22.13
10.77.23.10
10.77.22.12
10.77.23.12
10.77.22.15
10.77.22.13
10.77.23.10
10.77.27.14
10.77.22.11
10.77.22.14
10.77.27.14
10.77.22.15
10.77.22.14
10.77.23.10
10.77.22.10
10.77.22.10
10.77.23.12
10.77.22.13
10.77.22.12
10.77.22.12
10.77.27.15
10.77.27.14
10.77.27.13
10.77.27.13
10.77.27.15
10.77.22.10
10.77.22.14
10.77.27.14
10.77.23.12
10.77.23.12
10.77.27.15
10.77.23.11
10.77.22.11
10.77.23.11
10.77.23.12
10.77.22.14
10.77.23.11
10.77.22.12
10.77.23.12
10.77.23.10
10.77.22.10
10.77.23.12
10.77.22.11
10.77.22.11
10.77.22.12
10.77.22.14
10.77.22.10
10.77.22.11
10.77.23.12
10.77.27.14
10.77.23.12
10.77.22.10
10.77.22.13
10.77.22.10
10.77.23.10
10.77.23.12
10.77.22.14
10.77.27.15
10.77.22.10
10.77.22.10
10.77.27.14
10.77.23.12
10.77.23.12
10.77.22.11
10.77.22.11
10.77.27.15
10.77.22.10
10.77.22.10
10.77.22.15
10.77.23.11
10.77.27.15
10.77.22.13
10.77.22.10
10.77.22.10
10.77.27.13
10.77.23.12
10.77.22.14
10.77.23.12
10.77.22.11
10.77.22.14
10.77.22.12
10.77.27.13
10.77.22.15
10.77.27.15
10.77.23.12
10.77.22.15
10.77.22.10
10.77.23.12
10.77.22.10
10.77.27.15
10.77.27.13
10.77.22.15
10.77.22.11
10.77.27.14
10.77.22.15
10.77.27.15
10.77.23.11
10.77.27.13
10.77.23.11
10.77.22.15
10.77.22.12
10.77.23.12
10.77.22.15
10.77.22.11
10.77.23.10
10.77.23.10
10.77.23.11
10.77.22.15
10.77.27.13
10.77.22.14
10.77.22.13
10.77.22.12
10.77.22.10
10.77.22.11
10.77.22.10
10.77.22.15
10.77.27.15
10.77.22.11
10.77.27.14
10.77.22.15
10.77.23.12
10.77.22.13
10.77.27.14
10.77.22.11
10.77.22.12
10.77.22.12
10.77.27.15
10.77.22.15
10.77.27.15
10.77.22.10
10.77.23.12
10.77.22.10
10.77.23.10
10.77.23.10
10.77.22.15
10.77.23.12
10.77.27.15
10.77.27.15
10.77.27.13
10.77.22.15
10.77.22.14
10.77.27.13
10.77.27.14
10.77.22.11
10.77.22.13
10.77.22.15
10.77.27.14
10.77.23.11
10.77.22.15
10.77.22.13
10.77.22.12
10.77.23.12
10.77.27.13
10.77.22.10
10.77.27.15
10.77.23.11
10.77.27.13
10.77.27.14
10.77.22.13
10.77.22.11
10.77.22.15
10.77.22.10
10.77.27.13
10.77.22.12
10.77.23.10
10.77.23.12
10.77.23.12
10.77.22.15
10.77.27.14
10.77.22.15
10.77.23.10
10.77.22.11
10.77.22.14
10.77.23.10
10.77.22.13
10.77.22.11
10.77.27.14
10.77.23.12
10.77.27.13
10.77.27.14
10.77.22.11
10.77.22.10
10.77.27.15
10.77.27.15
10.77.22.10
10.77.27.13
10.77.27.14
10.77.27.13
10.77.23.12
10.77.23.11
10.77.22.11
10.77.22.14
10.77.22.13
10.77.22.15
10.77.22.12
10.77.23.12
10.77.27.15
10.77.23.12
10.77.23.12
10.77.27.15
10.77.22.12
10.77.22.11
10.77.22.12
10.77.22.15
10.77.22.11
10.77.27.14
10.77.22.11
10.77.22.13
10.77.22.12
10.77.22.15
10.77.22.13
10.77.27.14
10.77.22.11
10.77.22.14
10.77.27.13
10.77.22.14
10.77.22.14
10.77.22.12
10.77.27.15
10.77.22.13
10.77.22.10
10.77.27.14
10.77.22.12
10.77.22.10
10.77.27.15
10.77.27.14
10.77.27.14
10.77.22.12
10.77.23.12
10.77.22.13
10.77.23.12
10.77.27.13
10.77.27.15
10.77.23.10
10.77.22.15
10.77.22.12
10.77.22.12
10.77.22.15
10.77.23.11
10.77.27.15
10.77.22.14
10.77.22.11
10.77.23.10
10.77.27.14
10.77.22.13
10.77.27.13
10.77.27.13
10.77.23.12
10.77.22.14
10.77.27.14
10.77.27.13
10.77.23.10
10.77.22.15
10.77.22.10
10.77.22.15
10.77.23.10
10.77.23.10
10.77.22.12
10.77.22.12
10.77.23.11
10.77.22.15
10.77.22.10
10.77.23.10
10.77.22.10
10.77.27.13
10.77.22.15
10.77.23.11
10.77.22.11
10.77.27.13
10.77.22.13
10.77.22.15
10.77.22.14
10.77.27.14
10.77.23.12
10.77.27.14
10.77.23.10
10.77.23.10
10.77.27.13
10.77.23.11
10.77.22.10
10.77.27.14
10.77.22.15
10.77.22.15
10.77.22.15
10.77.27.15
10.77.27.13
10.77.22.10
10.77.22.15
10.77.23.10
10.77.27.14
10.77.22.13
10.77.22.14
10.77.22.12
10.77.22.10
10.77.27.15
10.77.22.14
10.77.22.11
10.77.22.15
10.77.22.11
10.77.23.10
10.77.22.15
10.77.22.15
10.77.27.15
10.77.27.13
10.77.27.13
10.77.22.15
10.77.27.14
10.77.23.12
10.77.22.14
10.77.27.13
10.77.23.10
10.77.22.12
10.77.23.10
10.77.23.10
10.77.22.12
10.77.22.15
10.77.27.14
10.77.22.12
10.77.22.12
10.77.27.15
10.77.22.13
10.77.27.14
10.77.22.12
10.77.27.13
10.77.22.12
10.77.23.11
10.77.27.15
10.77.27.14
10.77.22.15
10.77.22.13
10.77.22.11
10.77.22.15
10.77.27.13
10.77.22.11
10.77.22.15
10.77.22.13
10.77.23.12
10.77.23.12
10.77.27.15
10.77.27.14
10.77.22.15
10.77.22.14
10.77.22.11
10.77.23.11
10.77.27.13
10.77.22.12
10.77.22.12
10.77.22.11
10.77.22.14
10.77.22.12
10.77.27.15
10.77.27.13
10.77.22.14
10.77.22.11
10.77.22.10
10.77.27.14
10.77.22.12
10.77.23.10
10.77.23.10
10.77.22.13
10.77.22.11
10.77.22.12
10.77.22.10
10.77.22.11
10.77.22.10
10.77.27.13
10.77.23.12
10.77.22.11
10.77.27.15
10.77.23.10
10.77.22.10
10.77.22.15
10.77.22.13
10.77.22.14
10.77.22.15
10.77.27.13
10.77.23.10
10.77.22.15
10.77.22.13
10.77.23.10
10.77.27.14
10.77.22.13
10.77.22.11
10.77.22.10
10.77.22.10
10.77.22.11
10.77.27.13
10.77.27.15
10.77.22.14
10.77.27.15
10.77.22.13
10.77.27.14
10.77.27.13
10.77.22.10
10.77.22.15
10.77.27.13
10.77.22.13
10.77.27.15
10.77.22.14
10.77.23.11
10.77.22.10
10.77.22.11
10.77.23.10
10.77.22.15
10.77.22.13
10.77.27.14
10.77.27.13
10.77.23.11
10.77.22.15
10.77.23.11
10.77.27.13
10.77.23.12
10.77.27.14
10.77.22.13
10.77.27.14
10.77.27.13
10.77.27.15
10.77.23.11
10.77.22.15
10.77.22.13
10.77.22.15
10.77.23.11
10.77.22.13
10.77.22.10
10.77.27.14
10.77.27.14
10.77.27.14
10.77.23.12
10.77.22.10
10.77.23.10
10.77.27.15
10.77.22.12
10.77.23.11
10.77.22.14
10.77.23.10
10.77.22.11
10.77.27.14
10.77.22.15
10.77.27.15
10.77.23.12
10.77.27.15
10.77.22.13
10.77.27.15
10.77.22.13
10.77.23.11
10.77.27.13
10.77.27.14
10.77.22.15
10.77.22.11
10.77.23.12
10.77.23.11
10.77.23.12
10.77.23.12
10.77.23.10
10.77.22.14
10.77.23.10
10.77.22.13
10.77.22.14
10.77.27.15
10.77.22.11
10.77.23.12
10.77.27.13
10.77.27.13
10.77.23.10
10.77.22.15
10.77.22.11
10.77.22.10
10.77.23.11
10.77.23.10
10.77.22.14
10.77.27.14
10.77.23.11
10.77.27.15
10.77.27.14
10.77.22.15
10.77.22.15
10.77.22.10
10.77.27.13
10.77.27.15
10.77.22.10
10.77.27.13
10.77.22.14
10.77.22.12
10.77.22.15
10.77.22.12
10.77.22.13
10.77.27.14
10.77.22.15
10.77.22.12
10.77.22.11
10.77.27.13
10.77.22.13
10.77.23.10
10.77.23.12
10.77.22.13
10.77.22.15
10.77.23.11
10.77.22.15
10.77.22.10
10.77.23.12
10.77.27.14
10.77.23.11
10.77.27.15
10.77.27.14
10.77.22.15
10.77.22.14
10.77.22.11
10.77.22.11
10.77.22.13
10.77.22.13
10.77.23.11
10.77.23.12
10.77.27.15
10.77.27.14
10.77.22.12
10.77.22.15
10.77.22.14
10.77.27.14
10.77.27.14
10.77.22.11
10.77.22.10
10.77.22.10
10.77.22.15
10.77.23.12
10.77.23.12
10.77.27.13
10.77.22.10
10.77.27.14
10.77.23.11
10.77.22.10
10.77.23.11
10.77.23.11
10.77.22.12
10.77.22.14
10.77.22.15
10.77.22.11
10.77.22.15
10.77.27.14
10.77.22.10
10.77.27.15
10.77.22.10
10.77.23.12
10.77.22.11
10.77.22.14
10.77.22.10
10.77.22.12
10.77.23.10
10.77.27.13
10.77.22.13
10.77.23.11
10.77.27.14
10.77.22.14
10.77.27.14
10.77.27.15
10.77.27.13
10.77.22.13
10.77.27.14
10.77.23.12
10.77.23.10
10.77.22.10
10.77.23.12
10.77.22.14
10.77.27.15
10.77.23.12
10.77.23.10
10.77.22.15
10.77.22.12
10.77.22.14
10.77.22.10
10.77.22.12
10.77.22.10
10.77.22.10
10.77.22.10
10.77.27.14
10.77.27.13
10.77.23.12
10.77.27.13
10.77.27.13
10.77.27.15
10.77.22.11
10.77.27.14
10.77.22.10
10.77.22.13
10.77.22.10
10.77.22.15
10.77.22.10
10.77.22.15
10.77.27.13
10.77.22.10
10.77.22.10
10.77.22.14
10.77.22.12
10.77.22.11
10.77.22.12
10.77.23.11
10.77.22.11
10.77.22.15
10.77.22.15
10.77.22.12
10.77.23.11
10.77.27.13
10.77.23.11
10.77.23.12
10.77.22.14
10.77.22.11
10.77.22.14
10.77.22.12
10.77.22.11
10.77.27.13
10.77.27.15
10.77.22.13
10.77.27.15
10.77.23.12
10.77.22.10
10.77.27.14
10.77.22.10
10.77.22.15
10.77.27.14
10.77.27.13
10.77.22.10
10.77.22.10
10.77.27.14
10.77.22.13
10.77.22.15
10.77.27.14
10.77.22.13
10.77.23.11
10.77.22.13
10.77.22.14
10.77.22.12
10.77.23.12
10.77.22.13
10.77.23.11
10.77.23.12
10.77.23.11
10.77.23.10
10.77.22.14
10.77.22.14
10.77.27.15
10.77.22.15
10.77.22.12
10.77.22.11
10.77.22.15
10.77.23.10
10.77.23.11
10.77.22.12
10.77.23.10
10.77.23.11
10.77.22.13
10.77.22.11
10.77.22.11
10.77.22.10
10.77.22.12
10.77.22.13
10.77.22.10
10.77.22.15
10.77.23.11
10.77.23.11
10.77.23.10
10.77.22.14
10.77.22.11
10.77.27.13
10.77.22.11
10.77.22.14
10.77.22.15
10.77.22.11
10.77.22.11
10.77.22.11
10.77.22.13
10.77.22.13
10.77.27.15
10.77.22.13
10.77.22.13
10.77.23.11
10.77.27.15
10.77.23.10
10.77.27.14
10.77.27.13
10.77.22.12
10.77.22.15
10.77.27.15
10.77.22.10
10.77.27.14
10.77.22.12
10.77.23.11
10.77.22.12
10.77.23.10
10.77.23.11
10.77.22.15
10.77.23.11
10.77.22.14
10.77.27.15
10.77.23.10
10.77.22.13
10.77.22.12
10.77.23.10
10.77.22.10
10.77.23.12
10.77.22.14
10.77.27.14
10.77.27.13
10.77.22.11
10.77.23.10
10.77.23.10
10.77.22.11
10.77.22.14
10.77.22.14
10.77.22.11
10.77.22.11
10.77.23.11
10.77.27.14
10.77.23.10
10.77.23.10
10.77.22.11
10.77.22.15
10.77.27.14
10.77.22.15
10.77.22.10
10.77.22.11
10.77.22.11
10.77.27.14
10.77.23.10
10.77.22.11
10.77.22.15
10.77.22.14
10.77.22.14
10.77.23.12
10.77.22.14
10.77.27.14
10.77.23.11
10.77.27.13
10.77.23.11
10.77.22.11
10.77.22.12
10.77.22.12
10.77.23.10
10.77.22.12
10.77.22.10
10.77.27.15
10.77.22.13
10.77.27.14
10.77.22.12
10.77.22.11
10.77.22.15
10.77.23.11
10.77.22.10
10.77.23.12
10.77.22.12
10.77.23.11
10.77.23.10
10.77.27.14
10.77.23.11
10.77.22.15
10.77.22.14
10.77.27.14
10.77.22.14
10.77.22.12
10.77.22.10
10.77.23.12
10.77.27.15
10.77.22.10
10.77.22.13
10.77.22.12
10.77.27.13
10.77.22.13
10.77.27.14
10.77.22.14
10.77.22.15
10.77.22.11
10.77.22.11
10.77.27.13
10.77.22.13
10.77.23.12
10.77.22.12
10.77.22.13
10.77.22.15
10.77.23.12
10.77.22.11
10.77.22.14
10.77.27.15
10.77.23.11
10.77.22.10
10.77.22.12
10.77.27.14
10.77.22.12
10.77.23.12
10.77.27.14
10.77.22.10
10.77.23.12
10.77.22.10
10.77.23.10
10.77.22.12
10.77.22.14
10.77.23.12
10.77.22.11
10.77.27.14
10.77.22.14
10.77.23.10
10.77.23.12
10.77.22.10
10.77.23.12
10.77.23.11
10.77.23.11
10.77.23.11
10.77.22.14
10.77.23.12
10.77.23.10
10.77.23.12
10.77.23.12
10.77.22.12
10.77.22.14
10.77.23.12
10.77.22.15
10.77.22.10
10.77.22.15
10.77.22.11
10.77.22.11
10.77.22.10
10.77.23.10
10.77.23.11
10.77.22.15
10.77.22.12
10.77.22.11
10.77.23.10
10.77.22.11
10.77.22.14
10.77.27.14
10.77.27.13
10.77.23.10
10.77.23.10
10.77.22.14
10.77.23.12
10.77.27.15
10.77.27.13
10.77.22.12
10.77.27.15
10.77.22.14
10.77.22.14
10.77.22.15
10.77.27.15
10.77.22.15
10.77.22.14
10.77.22.13
10.77.22.14
10.77.23.12
10.77.27.14
10.77.23.10
10.77.27.15
10.77.23.12
10.77.22.12
10.77.27.13
10.77.27.13
10.77.22.15
10.77.22.12
10.77.22.10
10.77.27.14
10.77.22.11
10.77.23.11
10.77.22.10
10.77.27.14
10.77.27.14
10.77.27.14
10.77.22.11
10.77.27.15
10.77.23.10
10.77.27.13
10.77.27.13
10.77.22.11
10.77.22.14
10.77.22.11
10.77.22.15
10.77.23.11
10.77.23.12
10.77.27.13
10.77.27.14
10.77.22.12
10.77.22.15
10.77.27.14
10.77.22.13
10.77.22.13
10.77.22.11
10.77.27.13
10.77.22.15
10.77.27.13
10.77.22.15
10.77.27.14
10.77.22.15
10.77.22.10
10.77.22.10
10.77.22.14
10.77.22.10
10.77.27.13
10.77.22.10
10.77.22.10
10.77.23.10
10.77.22.11
10.77.27.14
10.77.23.10
10.77.22.14
10.77.22.11
10.77.23.10
10.77.22.13
10.77.27.14
10.77.22.12
10.77.22.10
10.77.27.15
10.77.22.12
10.77.22.10
10.77.23.10
10.77.22.14
10.77.22.14
10.77.23.11
10.77.23.12
10.77.22.11
10.77.22.15
10.77.22.15
10.77.23.11
10.77.23.12
10.77.23.11
10.77.22.15
10.77.22.14
10.77.22.10
10.77.22.13
10.77.23.12
10.77.22.11
10.77.22.13
10.77.22.15
10.77.23.10
10.77.22.11
10.77.23.10
10.77.22.10
10.77.22.12
10.77.23.11
10.77.23.10
10.77.22.10
10.77.27.15
10.77.23.10
10.77.22.10
10.77.23.11
10.77.23.11
10.77.22.15
10.77.27.14
10.77.22.14
10.77.22.10
10.77.22.11
10.77.23.12
10.77.23.11
10.77.22.12
10.77.23.12
10.77.22.15
10.77.22.10
10.77.23.10
10.77.23.10
10.77.23.12
10.77.22.13
10.77.22.13
10.77.22.11
10.77.23.12
10.77.22.15
10.77.22.13
10.77.23.11
10.77.27.14
10.77.27.13
10.77.23.12
10.77.27.13
10.77.27.13
10.77.23.10
10.77.23.12
10.77.27.14
10.77.27.14
10.77.22.14
10.77.27.15
10.77.27.15
10.77.22.14
10.77.22.12
10.77.22.10
10.77.23.12
10.77.22.15
10.77.23.12
10.77.22.11
10.77.23.10
10.77.23.10
10.77.27.15
10.77.22.11
10.77.22.14
10.77.23.11
10.77.23.10
10.77.22.15
10.77.27.13
10.77.22.11
10.77.23.10
10.77.22.14
10.77.22.11
10.77.27.13
10.77.27.15
10.77.23.10
10.77.27.15
10.77.22.14
10.77.23.10
10.77.22.13
10.77.22.10
10.77.27.14
10.77.22.13
10.77.22.13
10.77.22.11
10.77.23.10
10.77.23.12
10.77.23.11
10.77.22.15
10.77.22.15
10.77.23.11
10.77.22.13
10.77.27.15
10.77.23.11
10.77.27.14
10.77.27.13
10.77.23.10
10.77.27.14
10.77.22.14
10.77.22.13
10.77.22.13
10.77.22.13
10.77.23.12
10.77.22.14
10.77.22.10
10.77.22.13
10.77.22.13
10.77.27.14
10.77.22.10
10.77.22.10
10.77.22.13
10.77.22.15
10.77.27.13
10.77.22.10
10.77.23.11
10.77.22.15
10.77.27.14
10.77.27.13
10.77.22.15
10.77.27.13
10.77.22.15
10.77.22.11
10.77.22.13
10.77.22.10
10.77.22.11
10.77.27.14
10.77.27.13
10.77.27.13
10.77.27.15
10.77.23.12
10.77.22.11
10.77.27.15
10.77.23.11
10.77.27.13
10.77.22.14
10.77.22.15
10.77.23.11
10.77.27.15
10.77.22.12
10.77.23.12
10.77.22.14
10.77.27.13
10.77.27.14
10.77.23.12
10.77.23.11
10.77.23.11
10.77.27.14
10.77.22.13
10.77.22.11
10.77.27.14
10.77.27.13
10.77.27.13
10.77.27.13
10.77.23.12
10.77.22.13
10.77.22.11
10.77.27.15
10.77.27.15
10.77.27.13
10.77.22.13
10.77.23.10
10.77.22.15
10.77.22.11
10.77.22.10
10.77.23.10
10.77.23.11
10.77.23.11
10.77.22.11
10.77.23.12
10.77.22.12
10.77.22.15
10.77.22.12
10.77.22.11
10.77.22.10
10.77.23.10
10.77.27.13
10.77.27.15
10.77.23.10
10.77.27.13
10.77.23.11
10.77.22.10
10.77.22.13
10.77.23.11
10.77.27.13
10.77.23.10
10.77.22.11
10.77.23.12
10.77.22.14
10.77.27.13
10.77.27.15
10.77.23.11
10.77.22.10
10.77.23.10
10.77.27.14
10.77.23.12
10.77.23.10
10.77.22.11
10.77.22.13
10.77.27.14
10.77.22.11
10.77.27.13
10.77.22.10
10.77.22.10
10.77.27.13
10.77.27.14
10.77.27.14
10.77.27.13
10.77.27.13
10.77.22.13
10.77.27.13
10.77.27.15
10.77.22.12
10.77.23.10
10.77.22.14
10.77.27.14
10.77.27.14
10.77.27.13
10.77.22.10
10.77.23.10
10.77.22.14
10.77.23.12
10.77.22.13
10.77.22.12
10.77.23.12
10.77.22.12
10.77.23.10
10.77.27.13
10.77.27.15
10.77.27.15
10.77.22.13
10.77.23.10
10.77.22.11
10.77.22.14
10.77.22.13
10.77.22.13
10.77.27.15
10.77.27.14
10.77.23.12
10.77.22.11
10.77.22.15
10.77.22.12
10.77.23.10
10.77.22.12
10.77.22.15
10.77.23.11
10.77.27.14
10.77.27.13
10.77.23.12
10.77.22.11
10.77.22.11
10.77.23.10
10.77.27.13
10.77.27.13
10.77.27.13
10.77.22.11
10.77.27.15
10.77.22.15
10.77.27.13
10.77.22.11
10.77.27.14
10.77.23.10
10.77.22.11
10.77.23.10
10.77.22.15
10.77.23.12
10.77.23.12
10.77.27.14
10.77.22.13
10.77.27.13
10.77.23.11
10.77.23.10
10.77.23.10
10.77.22.13
10.77.22.14
10.77.22.13
10.77.22.13
10.77.22.15
10.77.22.13
10.77.23.12
10.77.27.14
10.77.22.10
10.77.27.14
10.77.22.12
10.77.22.10
10.77.23.12
10.77.22.13
10.77.23.12
10.77.27.14
10.77.27.15
10.77.22.14
10.77.22.11
10.77.23.10
10.77.27.13
10.77.22.11
10.77.23.12
10.77.22.13
10.77.23.10
10.77.27.14
10.77.23.11
10.77.22.13
10.77.23.12
10.77.22.10
10.77.23.11
10.77.22.15
10.77.22.13
10.77.22.13
10.77.22.12
10.77.23.12
10.77.27.13
10.77.23.11
10.77.22.13
10.77.22.15
10.77.22.12
10.77.27.15
10.77.22.13
10.77.27.14
10.77.22.12
10.77.27.14
10.77.22.13
10.77.22.15
10.77.22.10
10.77.22.12
10.77.22.15
10.77.22.13
10.77.27.14
10.77.22.11
10.77.27.14
10.77.22.11
10.77.27.14
10.77.27.13
10.77.22.14
10.77.22.14
10.77.23.10
10.77.27.14
10.77.22.12
10.77.22.13
10.77.22.11
10.77.23.12
10.77.27.15
10.77.27.13
10.77.22.12
10.77.27.14
10.77.22.12
10.77.23.12
10.77.27.14
10.77.22.11
10.77.23.12
10.77.22.14
10.77.23.12
10.77.27.15
10.77.22.11
10.77.22.13
10.77.22.13
10.77.23.12
10.77.22.15
10.77.27.13
10.77.23.12
10.77.27.15
10.77.22.11
10.77.23.11
10.77.27.13
10.77.22.10
10.77.22.10
10.77.27.13
10.77.22.15
10.77.27.15
10.77.27.15
10.77.27.13
10.77.22.13
10.77.22.14
10.77.23.11
10.77.27.14
10.77.27.13
10.77.27.14
10.77.27.13
10.77.22.13
10.77.23.12
10.77.22.15
10.77.27.14
10.77.22.15
10.77.23.10
10.77.23.12
10.77.22.15
10.77.22.14
10.77.22.12
10.77.22.14
10.77.22.10
10.77.27.14
10.77.27.15
10.77.22.10
10.77.22.11
10.77.27.15
10.77.22.14
10.77.23.12
10.77.27.13
10.77.27.13
10.77.22.12
10.77.23.11
10.77.22.11
10.77.22.11
10.77.22.13
10.77.22.15
10.77.23.10
10.77.23.12
10.77.23.11
10.77.22.15
10.77.22.10
10.77.22.13
10.77.27.15
10.77.27.15
10.77.27.14
10.77.22.10
10.77.22.11
10.77.22.13
10.77.22.11
10.77.22.15
10.77.27.15
10.77.22.10
10.77.27.14
10.77.23.12
10.77.23.12
10.77.23.12
10.77.27.15
10.77.23.12
10.77.22.12
10.77.22.11
10.77.22.11
10.77.27.14
10.77.23.10
10.77.22.10
10.77.22.10
10.77.22.10
10.77.23.11
10.77.22.14
10.77.22.15
10.77.22.10
10.77.22.15
10.77.27.14
10.77.27.13
10.77.23.11
10.77.22.10
10.77.22.15
10.77.22.15
10.77.22.15
10.77.22.11
10.77.22.12
10.77.22.14
10.77.23.12
10.77.27.15
10.77.22.10
10.77.22.14
10.77.23.11
10.77.22.14
10.77.22.10
10.77.23.12
10.77.22.14
10.77.22.12
10.77.23.12
10.77.23.10
10.77.27.15
10.77.23.11
10.77.27.15
10.77.22.12
10.77.23.11
10.77.27.15
10.77.22.12
10.77.27.14
10.77.22.12
10.77.22.14
10.77.27.15
10.77.23.12
10.77.27.15
10.77.22.14
10.77.23.12
10.77.22.13
10.77.27.15
10.77.22.13
10.77.23.12
10.77.27.15
10.77.23.11
10.77.22.12
10.77.22.14
10.77.22.10
10.77.22.11
10.77.22.12
10.77.23.12
10.77.23.10
10.77.27.15
10.77.22.12
10.77.22.14
10.77.23.11
10.77.22.11
10.77.27.14
10.77.27.15
10.77.23.11
10.77.22.12
10.77.22.13
10.77.27.15
10.77.23.11
10.77.27.15
10.77.23.12
10.77.27.15
10.77.22.12
10.77.22.12
10.77.22.11
10.77.23.11
10.77.22.15
10.77.27.13
10.77.22.10
10.77.22.14
10.77.27.13
10.77.27.15
10.77.27.14
10.77.23.11
10.77.22.12
10.77.22.10
10.77.22.14
10.77.22.11
10.77.22.15
10.77.23.10
10.77.22.13
10.77.23.11
10.77.23.11
10.77.22.12
10.77.22.10
10.77.23.11
10.77.22.15
10.77.27.13
10.77.22.15
10.77.22.10
10.77.27.14
10.77.22.14
10.77.23.11
10.77.27.15
10.77.23.11
10.77.22.11
10.77.22.13
10.77.22.13
10.77.22.10
10.77.27.15
10.77.22.10
10.77.22.15
10.77.27.14
10.77.23.11
10.77.27.13
10.77.22.13
10.77.22.13
10.77.22.13
10.77.22.13
10.77.22.12
10.77.23.12
10.77.27.15
10.77.22.15
10.77.22.12
10.77.22.15
10.77.22.15
10.77.27.15
10.77.22.15
10.77.23.10
10.77.22.15
10.77.22.11
10.77.22.12
10.77.22.12
10.77.22.10
10.77.22.10
10.77.27.14
10.77.22.12
10.77.22.11
10.77.27.13
10.77.22.14
10.77.22.10
10.77.23.12
10.77.23.10
10.77.22.15
10.77.27.15
10.77.27.15
10.77.27.13
10.77.23.11
10.77.27.14
10.77.22.13
10.77.23.10
10.77.22.12
10.77.22.15
10.77.27.14
10.77.27.14
10.77.27.13
10.77.23.11
10.77.22.13
10.77.27.13
10.77.22.14
10.77.22.12
10.77.23.11
10.77.27.13
10.77.22.15
10.77.22.12
10.77.22.11
10.77.23.10
10.77.22.15
10.77.22.15
10.77.27.14
10.77.27.15
10.77.22.11
10.77.27.13
10.77.27.13
10.77.23.10
10.77.27.13
10.77.27.14
10.77.22.11
10.77.23.10
10.77.22.10
10.77.23.12
10.77.22.11
10.77.22.13
10.77.22.13
10.77.22.10
10.77.22.14
10.77.27.15
10.77.22.12
10.77.23.11
10.77.27.13
10.77.22.15
10.77.22.14
10.77.22.12
10.77.27.14
10.77.22.13
10.77.22.11
10.77.23.11
10.77.22.13
10.77.23.11
10.77.22.15
10.77.22.11
10.77.23.12
10.77.27.13
10.77.23.10
10.77.22.11
10.77.23.10
10.77.23.10
10.77.27.13
10.77.22.11
10.77.27.14
10.77.23.10
10.77.22.11
10.77.22.12
10.77.23.11
10.77.22.13
10.77.23.10
10.77.22.15
10.77.22.13
10.77.22.14
10.77.23.12
10.77.22.13
10.77.27.15
10.77.22.12
10.77.22.14
10.77.22.13
10.77.22.12
10.77.23.12
10.77.22.15
10.77.27.15
10.77.27.15
10.77.27.13
10.77.23.10
10.77.27.13
10.77.22.10
10.77.23.12
10.77.22.15
10.77.23.11
10.77.22.11
10.77.27.15
10.77.27.15
10.77.22.11
10.77.23.10
10.77.27.13
10.77.22.12
10.77.27.14
10.77.22.12
10.77.23.11
10.77.23.11
10.77.22.14
10.77.22.15
10.77.22.10
10.77.23.11
10.77.22.12
10.77.23.11
10.77.22.11
10.77.22.12
10.77.23.12
10.77.22.12
10.77.27.15
10.77.27.14
10.77.22.11
10.77.22.11
10.77.22.15
10.77.22.14
10.77.22.11
10.77.22.14
10.77.23.10
10.77.22.15
10.77.22.15
10.77.27.15
10.77.23.10
10.77.23.11
10.77.27.15
10.77.27.14
10.77.22.11
10.77.23.10
10.77.27.15
10.77.27.14
10.77.23.12
10.77.27.13
10.77.22.11
10.77.23.10
10.77.22.11
10.77.27.14
10.77.22.12
10.77.22.14
10.77.22.12
10.77.22.14
10.77.22.13
10.77.22.14
10.77.23.11
10.77.22.12
10.77.23.11
10.77.23.10
10.77.22.13
10.77.22.15
10.77.22.12
10.77.22.10
10.77.22.10
10.77.22.14
10.77.23.12
10.77.23.11
10.77.27.14
10.77.22.11
10.77.22.13
10.77.23.10
10.77.23.12
10.77.23.12
10.77.23.10
10.77.22.13
10.77.22.10
10.77.22.12
10.77.27.14
10.77.22.13
10.77.23.11
10.77.22.12
10.77.22.12
10.77.23.10
10.77.22.13
10.77.27.13
10.77.23.12
10.77.22.10
10.77.27.13
10.77.22.14
10.77.22.11
10.77.22.13
10.77.22.11
10.77.22.11
10.77.23.12
10.77.22.15
10.77.27.13
10.77.22.15
10.77.23.10
10.77.27.14
10.77.22.10
10.77.23.10
10.77.23.12
10.77.23.12
10.77.27.14
10.77.22.11
10.77.22.10
10.77.22.11
10.77.22.11
10.77.22.14
10.77.23.10
10.77.27.14
10.77.23.12
10.77.22.15
10.77.22.13
10.77.22.14
10.77.22.15
10.77.22.12
10.77.27.13
10.77.22.12
10.77.27.13
10.77.27.15
10.77.27.15
10.77.23.12
10.77.22.14
10.77.22.10
10.77.27.14
10.77.22.12
10.77.22.11
10.77.27.13
10.77.23.10
10.77.23.12
10.77.22.13
10.77.27.15
10.77.27.13
10.77.22.14
10.77.22.14
10.77.23.10
10.77.27.14
10.77.23.11
10.77.27.13
10.77.22.11
10.77.27.14
10.77.22.15
10.77.22.14
10.77.23.11
10.77.22.11
10.77.27.14
10.77.22.11
10.77.23.10
10.77.22.12
10.77.22.12
10.77.27.15
10.77.22.11
10.77.22.10
10.77.27.14
10.77.22.10
10.77.22.15
10.77.22.10
10.77.22.13
10.77.22.14
10.77.27.13
10.77.22.14
10.77.22.15
10.77.22.14
10.77.27.13
10.77.27.13
10.77.27.14
10.77.27.15
10.77.22.13
10.77.22.12
10.77.22.12
10.77.23.12
10.77.22.13
10.77.23.11
10.77.23.12
10.77.22.14
10.77.27.14
10.77.22.10
10.77.22.11
10.77.23.12
10.77.22.12
10.77.22.10
10.77.22.14
10.77.22.14
10.77.23.12
10.77.27.13
10.77.22.15
10.77.23.11
10.77.27.13
10.77.23.10
10.77.27.14
10.77.23.12
10.77.22.14
10.77.23.10
10.77.23.10
10.77.27.15
10.77.23.11
10.77.22.11
10.77.22.11
10.77.23.10
10.77.22.14
10.77.22.11
10.77.22.11
10.77.27.15
10.77.27.13
10.77.23.11
10.77.23.12
10.77.22.14
10.77.22.10
10.77.22.11
10.77.27.15
10.77.23.11
10.77.22.11
10.77.27.14
10.77.22.11
10.77.22.12
10.77.27.14
10.77.22.12
10.77.23.12
10.77.27.13
10.77.22.11
10.77.22.10
10.77.27.13
10.77.22.12
10.77.22.14
10.77.22.14
10.77.22.14
10.77.22.14
10.77.22.15
10.77.27.14
10.77.27.14
10.77.22.15
10.77.23.11
10.77.23.10
10.77.22.10
10.77.27.14
10.77.22.13
10.77.27.14
10.77.22.14
10.77.22.13
10.77.23.11
10.77.22.15
10.77.22.10
10.77.23.11
10.77.22.12
10.77.22.15
10.77.27.13
10.77.23.11
10.77.27.13
10.77.23.10
10.77.22.14
10.77.22.14
10.77.22.11
10.77.27.15
10.77.27.15
10.77.27.14
10.77.22.15
10.77.22.11
10.77.22.11
10.77.27.14
10.77.22.13
10.77.22.10
10.77.27.14
10.77.27.15
10.77.22.15
10.77.22.12
10.77.22.10
10.77.22.14
10.77.22.15
10.77.23.11
10.77.23.10
10.77.23.10
10.77.22.11
10.77.27.14
10.77.23.10
10.77.22.12
10.77.22.13
10.77.22.10
10.77.23.11
10.77.22.14
10.77.23.12
10.77.23.10
10.77.23.10
10.77.22.13
10.77.22.15
10.77.27.15
10.77.23.11
10.77.27.14
10.77.22.14
10.77.27.13
10.77.22.14
10.77.27.15
10.77.23.12
10.77.23.11
10.77.22.10
10.77.23.10
10.77.27.14
10.77.22.14
10.77.27.13
10.77.27.14
10.77.23.12
10.77.22.13
10.77.22.13
10.77.22.15
10.77.22.15
10.77.27.14
10.77.22.13
10.77.23.11
10.77.22.13
10.77.27.15
10.77.27.13
10.77.27.13
10.77.22.11
10.77.22.13
10.77.27.14
10.77.23.12
10.77.23.11
10.77.23.12
10.77.27.13
10.77.23.12
10.77.27.13
10.77.22.12
10.77.22.13
10.77.22.11
10.77.22.15
10.77.22.15
10.77.23.10
10.77.27.14
10.77.22.14
10.77.27.14
10.77.23.12
10.77.22.12
10.77.22.12
10.77.22.15
10.77.22.12
10.77.27.14
10.77.22.15
10.77.22.15
10.77.22.10
10.77.23.10
10.77.22.11
10.77.27.13
10.77.27.15
10.77.23.10
10.77.22.15
10.77.23.11
10.77.22.15
10.77.27.14
10.77.22.14
10.77.27.13
10.77.22.15
10.77.22.10
10.77.22.12
10.77.27.13
10.77.27.15
10.77.22.10
10.77.23.11
10.77.23.10
10.77.22.10
10.77.22.14
10.77.27.14
10.77.22.14
10.77.23.12
10.77.27.14
10.77.23.11
10.77.23.12
10.77.23.12
10.77.27.13
10.77.22.14
10.77.22.15
10.77.27.13
10.77.22.13
10.77.23.12
10.77.27.13
10.77.22.12
10.77.22.14
10.77.27.13
10.77.27.14
10.77.23.11
10.77.22.10
10.77.23.10
10.77.23.11
10.77.27.13
10.77.22.10
10.77.23.12
10.77.27.14
10.77.22.15
10.77.22.15
10.77.22.13
10.77.23.10
10.77.27.13
10.77.22.11
10.77.27.13
10.77.23.11
10.77.22.14
10.77.27.14
10.77.22.10
10.77.27.14
10.77.22.11
10.77.27.14
10.77.27.15
10.77.23.10
10.77.27.14
10.77.23.11
10.77.27.15
10.77.22.10
10.77.22.10
10.77.22.13
10.77.22.14
10.77.22.13
10.77.23.12
10.77.22.14
10.77.23.11
10.77.23.12
10.77.27.14
10.77.22.13
10.77.27.14
10.77.22.12
10.77.22.11
10.77.27.14
10.77.22.11
10.77.22.11
10.77.22.15
10.77.22.11
10.77.22.14
10.77.22.12
10.77.27.14
10.77.27.14
10.77.23.12
10.77.27.13
10.77.27.14
10.77.27.15
10.77.23.11
10.77.22.11
10.77.22.11
10.77.22.10
10.77.22.11
10.77.23.10
10.77.27.14
10.77.22.14
10.77.22.10
10.77.22.13
10.77.22.11
10.77.22.14
10.77.22.14
10.77.22.12
10.77.22.15
10.77.22.12
10.77.22.12
10.77.23.11
10.77.22.15
10.77.22.14
10.77.27.15
10.77.27.14
10.77.22.15
10.77.22.12
10.77.27.15
10.77.23.12
10.77.22.10
10.77.27.14
10.77.27.15
10.77.22.10
10.77.22.10
10.77.23.11
10.77.22.10
10.77.23.11
10.77.22.10
10.77.27.13
10.77.23.12
10.77.23.10
10.77.22.15
10.77.22.12
10.77.23.10
10.77.22.15
10.77.27.13
10.77.23.11
10.77.23.11
10.77.27.15
10.77.22.15
10.77.27.13
10.77.22.10
10.77.22.10
10.77.22.14
10.77.27.13
10.77.27.15
10.77.27.13
10.77.23.12
10.77.22.14
10.77.23.10
10.77.27.13
10.77.23.11
10.77.27.15
10.77.23.12
10.77.22.12
10.77.22.14
10.77.23.11
10.77.23.11
10.77.27.14
10.77.27.14
10.77.22.10
10.77.22.11
10.77.27.15
10.77.23.10
10.77.23.12
10.77.22.11
10.77.22.14
10.77.27.13
10.77.22.10
10.77.23.12
10.77.23.12
10.77.23.11
10.77.23.10
10.77.27.13
10.77.27.15
10.77.23.12
10.77.23.10
10.77.23.10
10.77.27.15
10.77.23.10
10.77.27.13
10.77.23.12
10.77.23.10
10.77.22.11
10.77.22.10
10.77.22.12
10.77.23.10
10.77.27.15
10.77.22.13
10.77.22.10
10.77.22.11
10.77.23.10
10.77.27.15
10.77.23.12
10.77.27.15
10.77.27.15
10.77.22.14
10.77.22.15
10.77.22.11
10.77.22.14
10.77.27.14
10.77.22.11
10.77.22.12
10.77.23.12
10.77.22.15
10.77.22.14
10.77.22.15
10.77.22.14
10.77.22.15
10.77.23.11
10.77.22.14
10.77.22.13
10.77.27.14
10.77.27.14
10.77.22.13
10.77.23.11
10.77.27.13
10.77.23.12
10.77.27.14
10.77.23.12
10.77.23.11
10.77.27.15
10.77.27.15
10.77.22.14
10.77.22.15
10.77.23.10
10.77.22.15
10.77.27.14
10.77.22.11
10.77.22.15
10.77.22.12
10.77.22.13
10.77.22.14
10.77.22.11
10.77.23.10
10.77.22.10
10.77.22.14
10.77.22.11
10.77.22.14
10.77.27.13
10.77.23.12
10.77.22.10
10.77.22.10
10.77.27.13
10.77.22.14
10.77.22.10
10.77.23.10
10.77.27.15
10.77.27.13
10.77.23.10
10.77.23.10
10.77.22.10
10.77.23.10
10.77.22.11
10.77.22.10
10.77.22.11
10.77.27.14
10.77.23.12
10.77.27.13
10.77.23.10
10.77.27.15
10.77.23.10
10.77.23.12
10.77.22.14
10.77.22.15
10.77.22.15
10.77.23.10
10.77.22.14
10.77.22.12
10.77.22.13
10.77.22.14
10.77.27.15
10.77.27.15
10.77.22.12
10.77.22.10
10.77.22.13
10.77.23.11
10.77.22.14
10.77.27.13
10.77.22.14
10.77.27.13
10.77.27.13
10.77.27.15
10.77.27.15
10.77.27.13
10.77.23.11
10.77.23.10
10.77.23.11
10.77.22.11
10.77.23.12
10.77.27.15
10.77.23.12
10.77.27.15
10.77.22.14
10.77.27.15
10.77.27.14
10.77.27.13
10.77.22.10
10.77.27.14
10.77.23.10
10.77.22.15
10.77.22.15
10.77.22.15
10.77.22.11
10.77.22.10
10.77.22.12
10.77.22.11
10.77.22.13
10.77.22.12
10.77.22.11
10.77.22.12
10.77.22.12
10.77.22.10
10.77.22.15
10.77.27.14
10.77.22.10
10.77.27.13
10.77.22.13
10.77.27.14
10.77.23.11
10.77.23.12
10.77.22.14
10.77.22.10
10.77.22.15
10.77.23.12
10.77.27.13
10.77.23.11
10.77.22.14
10.77.22.11
10.77.27.15
10.77.22.15
10.77.22.11
10.77.23.10
10.77.22.10
10.77.23.10
10.77.22.10
10.77.22.10
10.77.27.15
10.77.22.10
10.77.23.10
10.77.23.10
10.77.23.11
10.77.22.11
10.77.22.12
10.77.23.11
10.77.23.10
10.77.27.15
10.77.22.13
10.77.22.14
10.77.23.10
10.77.22.14
10.77.23.12
10.77.22.12
10.77.23.12
10.77.27.13
10.77.23.10
10.77.23.12
10.77.27.15
10.77.27.13
10.77.22.10
10.77.22.15
10.77.22.15
10.77.27.15
10.77.22.12
10.77.22.14
10.77.22.13
10.77.22.12
10.77.22.13
10.77.27.15
10.77.22.15
10.77.27.15
10.77.27.15
10.77.22.13
10.77.22.15
10.77.23.11
10.77.22.14
10.77.23.11
10.77.22.10
10.77.27.14
10.77.27.14
10.77.22.14
10.77.23.12
10.77.22.12
10.77.22.10
10.77.22.15
10.77.27.14
10.77.27.13
10.77.23.11
10.77.22.13
10.77.27.14
10.77.22.11
10.77.22.15
10.77.27.13
10.77.23.12
10.77.22.11
10.77.22.15
10.77.22.11
10.77.22.10
10.77.22.12
10.77.27.14
10.77.27.14
10.77.23.10
10.77.22.15
10.77.27.14
10.77.22.15
10.77.23.10
10.77.22.15
10.77.22.14
10.77.22.13
10.77.22.11
10.77.27.15
10.77.22.12
10.77.23.11
10.77.27.13
10.77.22.15
10.77.22.12
10.77.27.13
10.77.22.12
10.77.23.12
10.77.23.11
10.77.22.12
10.77.27.15
10.77.23.11
10.77.27.14
10.77.27.15
10.77.22.15
10.77.27.13
10.77.22.12
10.77.22.13
10.77.27.15
10.77.22.14
10.77.22.14
10.77.23.10
10.77.23.11
10.77.27.13
10.77.27.15
10.77.27.15
10.77.27.13
10.77.27.14
10.77.22.11
10.77.22.10
10.77.23.10
10.77.22.15
10.77.22.11
10.77.23.11
10.77.27.13
10.77.23.10
10.77.22.10
10.77.27.13
10.77.22.15
10.77.27.13
10.77.23.12
10.77.23.12
10.77.27.14
10.77.23.12
10.77.27.15
10.77.22.11
10.77.23.10
10.77.22.15
10.77.22.13
10.77.22.15
10.77.27.13
10.77.22.10
10.77.22.13
10.77.22.14
10.77.27.13
10.77.22.11
10.77.22.13
10.77.22.14
10.77.23.11
10.77.22.13
10.77.22.11
10.77.22.14
10.77.22.13
10.77.22.11
10.77.22.15
10.77.23.12
10.77.22.14
10.77.22.14
10.77.23.12
10.77.23.10
10.77.27.13
10.77.27.15
10.77.27.15
10.77.23.11
10.77.23.11
10.77.27.13
10.77.27.13
10.77.27.14
10.77.22.13
10.77.27.15
10.77.22.11
10.77.23.10
10.77.22.12
10.77.27.15
10.77.22.10
10.77.23.10
10.77.23.12
10.77.22.13
10.77.22.12
10.77.22.10
10.77.23.11
10.77.22.10
10.77.22.10
10.77.27.15
10.77.23.12
10.77.27.13
10.77.23.10
10.77.22.11
10.77.22.12
10.77.23.10
10.77.22.14
10.77.23.10
10.77.22.11
10.77.22.11
10.77.27.14
10.77.27.13
10.77.22.12
10.77.22.13
10.77.23.10
10.77.22.11
10.77.22.10
10.77.22.11
10.77.22.10
10.77.22.10
10.77.27.15
10.77.22.12
10.77.23.10
10.77.22.13
10.77.22.10
10.77.22.12
10.77.22.10
10.77.22.12
10.77.23.11
10.77.22.10
10.77.22.11
10.77.22.10
10.77.23.11
10.77.27.14
10.77.23.12
10.77.27.13
10.77.27.14
10.77.22.10
10.77.22.15
10.77.22.13
10.77.23.11
10.77.22.11
10.77.27.13
10.77.23.11
10.77.22.11
10.77.22.12
10.77.22.12
10.77.23.10
10.77.22.11
10.77.23.10
10.77.27.14
10.77.23.10
10.77.22.10
10.77.27.15
10.77.27.13
10.77.27.13
10.77.22.12
10.77.23.11
10.77.23.10
10.77.22.14
10.77.22.10
10.77.23.11
10.77.27.15
10.77.22.13
10.77.22.12
10.77.27.13
10.77.23.10
10.77.23.12
10.77.22.13
10.77.23.12
10.77.22.11
10.77.22.12
10.77.23.10
10.77.22.12
10.77.27.14
10.77.23.12
10.77.23.10
10.77.22.15
10.77.22.11
10.77.22.12
10.77.22.15
10.77.22.10
10.77.23.10
10.77.23.12
10.77.23.12
10.77.22.10
10.77.23.10
10.77.22.14
10.77.22.13
10.77.23.10
10.77.23.11
10.77.22.12
10.77.27.14
10.77.27.14
10.77.22.15
10.77.22.13
10.77.27.14
10.77.27.14
10.77.22.15
10.77.22.12
10.77.23.11
10.77.27.14
10.77.23.10
10.77.27.14
10.77.23.12
10.77.23.11
10.77.23.12
10.77.22.12
10.77.23.10
10.77.27.15
10.77.22.15
10.77.22.13
10.77.27.14
10.77.22.14
10.77.22.14
10.77.27.13
10.77.27.13
10.77.27.13
10.77.27.14
10.77.22.14
10.77.27.15
10.77.22.13
10.77.27.13
10.77.27.13
10.77.23.10
10.77.22.15
10.77.27.13
10.77.23.11
10.77.22.10
10.77.27.13
10.77.23.10
10.77.22.14
10.77.27.15
10.77.23.12
10.77.27.14
10.77.23.10
10.77.22.15
10.77.27.14
10.77.22.12
10.77.23.10
10.77.22.14
10.77.22.12
10.77.22.14
10.77.23.11
10.77.27.13
10.77.22.13
10.77.22.10
10.77.22.12
10.77.22.12
10.77.22.10
10.77.22.10
10.77.27.14
10.77.23.10
10.77.22.13
10.77.23.11
10.77.22.11
10.77.22.11
10.77.27.15
10.77.22.15
10.77.27.15
10.77.22.11
10.77.27.13
10.77.23.12
10.77.27.14
10.77.27.14
10.77.22.14
10.77.22.12
10.77.23.11
10.77.22.12
10.77.23.12
10.77.27.13
10.77.27.13
10.77.22.10
10.77.23.11
10.77.22.11
10.77.27.15
10.77.22.14
10.77.27.14
10.77.23.11
10.77.22.14
10.77.23.11
10.77.27.13
10.77.22.13
10.77.22.11
10.77.27.15
10.77.22.10
10.77.27.14
10.77.22.14
10.77.27.14
10.77.23.12
10.77.22.15
10.77.22.14
10.77.22.10
10.77.22.14
10.77.23.10
10.77.23.10
10.77.27.13
10.77.22.15
10.77.22.10
10.77.27.14
10.77.22.10
10.77.22.10
10.77.22.12
10.77.22.14
10.77.22.13
10.77.23.11
10.77.22.11
10.77.22.10
10.77.23.10
10.77.22.11
10.77.23.10
10.77.22.15
10.77.27.13
10.77.27.15
10.77.22.13
10.77.22.11
10.77.27.14
10.77.27.13
10.77.23.11
10.77.22.14
10.77.22.15
10.77.23.12
10.77.27.14
10.77.22.10
10.77.22.12
10.77.27.13
10.77.22.12
10.77.27.13
10.77.23.12
10.77.22.12
10.77.27.15
10.77.22.12
10.77.22.13
10.77.23.11
10.77.22.12
10.77.27.15
10.77.27.15
10.77.22.14
10.77.27.15
10.77.23.12
10.77.22.13
10.77.22.12
10.77.23.10
10.77.22.15
10.77.22.10
10.77.27.14
10.77.22.13
10.77.22.14
10.77.22.11
10.77.22.12
10.77.22.12
10.77.22.12
10.77.22.15
10.77.22.12
10.77.27.15
10.77.27.13
10.77.22.13
10.77.22.14
10.77.22.11
10.77.22.10
10.77.22.13
10.77.22.13
10.77.22.10
10.77.22.10
10.77.22.13
10.77.23.10
10.77.27.13
10.77.27.13
10.77.22.14
10.77.27.15
10.77.22.14
10.77.27.13
10.77.27.15
10.77.22.13
10.77.22.15
10.77.27.14
10.77.27.13
10.77.22.13
10.77.22.10
10.77.22.11
10.77.22.12
10.77.27.14
10.77.22.10
10.77.27.13
10.77.23.11
10.77.22.15
10.77.27.13
10.77.22.15
10.77.22.13
10.77.23.11
10.77.27.15
10.77.23.12
10.77.22.15
10.77.27.14
10.77.22.11
10.77.23.11
10.77.22.12
10.77.23.10
10.77.22.15
10.77.22.14
10.77.27.15
10.77.23.10
10.77.22.15
10.77.22.13
10.77.23.10
10.77.22.15
10.77.22.13
10.77.22.13
10.77.23.11
10.77.22.11
10.77.22.14
10.77.23.12
10.77.27.13
10.77.22.12
10.77.23.10
10.77.23.12
10.77.23.12
10.77.22.10
10.77.22.15
10.77.22.11
10.77.23.11
10.77.23.10
10.77.23.11
10.77.22.12
10.77.23.10
10.77.22.11
10.77.27.13
10.77.22.12
10.77.22.13
10.77.27.13
10.77.23.12
10.77.22.11
10.77.27.15
10.77.22.15
10.77.22.15
10.77.27.15
10.77.22.13
10.77.23.10
10.77.22.10
10.77.23.10
10.77.23.11
10.77.22.13
10.77.27.15
10.77.22.10
10.77.22.15
10.77.23.12
10.77.22.13
10.77.22.10
10.77.27.13
10.77.23.10
10.77.22.13
10.77.27.15
10.77.27.15
10.77.27.15
10.77.23.11
10.77.22.15
10.77.27.14
10.77.22.12
10.77.27.14
10.77.22.12
10.77.22.10
10.77.22.11
10.77.27.14
10.77.23.10
10.77.22.14
10.77.22.13
10.77.22.11
10.77.23.10
10.77.22.10
10.77.22.12
10.77.22.14
10.77.27.14
10.77.23.11
10.77.22.13
10.77.22.13
10.77.23.10
10.77.22.13
10.77.27.13
10.77.23.12
10.77.22.15
10.77.22.10
10.77.22.10
10.77.22.10
10.77.27.14
10.77.23.11
10.77.23.12
10.77.27.14
10.77.27.14
10.77.22.15
10.77.23.10
10.77.23.10
10.77.22.15
10.77.22.13
10.77.27.14
10.77.22.11
10.77.23.10
10.77.27.14
10.77.27.14
10.77.23.11
10.77.22.10
10.77.27.13
10.77.22.10
10.77.22.12
10.77.22.10
10.77.27.14
10.77.22.15
10.77.22.12
10.77.22.11
10.77.27.13
10.77.23.11
10.77.22.15
10.77.22.11
10.77.27.14
10.77.27.14
10.77.22.11
10.77.22.12
10.77.22.13
10.77.22.10
10.77.22.13
10.77.27.15
10.77.22.14
10.77.27.14
10.77.22.14
10.77.23.11
10.77.22.10
10.77.23.10
10.77.22.14
10.77.27.13
10.77.27.15
10.77.22.13
10.77.22.10
10.77.22.12
10.77.27.14
10.77.22.15
10.77.22.12
10.77.27.13
10.77.23.11
10.77.22.14
10.77.23.11
10.77.22.14
10.77.22.13
10.77.22.14
10.77.27.13
10.77.23.11
10.77.22.15
10.77.22.11
10.77.23.11
10.77.22.11
10.77.23.12
10.77.23.12
10.77.22.14
10.77.23.11
10.77.22.14
10.77.22.15
10.77.22.11
10.77.22.14
10.77.22.14
10.77.22.10
10.77.23.12
10.77.27.14
10.77.27.14
10.77.22.12
10.77.23.12
10.77.22.14
10.77.27.13
10.77.23.10
10.77.27.15
10.77.23.10
10.77.22.13
10.77.23.10
10.77.23.11
10.77.23.12
10.77.22.14
10.77.23.12
10.77.27.13
10.77.22.13
10.77.22.14
10.77.22.11
10.77.27.15
10.77.23.10
10.77.22.13
10.77.27.15
10.77.23.11
10.77.22.14
10.77.27.15
10.77.22.10
10.77.27.14
10.77.27.13
10.77.22.11
10.77.23.11
10.77.23.12
10.77.23.11
10.77.27.14
10.77.27.13
10.77.27.15
10.77.22.13
10.77.27.15
10.77.22.11
10.77.27.13
10.77.22.13
10.77.23.10
10.77.23.11
10.77.22.10
10.77.23.10
10.77.22.15
10.77.23.11
10.77.22.13
10.77.22.14
10.77.27.14
10.77.27.14
10.77.22.11
10.77.27.14
10.77.22.11
10.77.22.10
10.77.27.15
10.77.23.12
10.77.22.11
10.77.22.13
10.77.22.14
10.77.23.11
10.77.22.12
10.77.22.14
10.77.22.14
10.77.27.13
10.77.22.11
10.77.23.12
10.77.27.13
10.77.27.13
10.77.22.10
10.77.23.10
10.77.22.11
10.77.27.14
10.77.27.15
10.77.23.12
10.77.22.14
10.77.22.10
10.77.22.10
10.77.22.13
10.77.22.11
10.77.22.15
10.77.22.12
10.77.27.14
10.77.22.15
10.77.22.15
10.77.27.15
10.77.23.11
10.77.22.12
10.77.22.10
10.77.22.14
10.77.22.11
10.77.22.14
10.77.22.11
10.77.23.12
10.77.22.10
10.77.27.14
10.77.27.13
10.77.22.14
10.77.27.15
10.77.27.13
10.77.22.15
10.77.27.14
10.77.22.11
10.77.22.15
10.77.23.11
10.77.22.14
10.77.22.13
10.77.22.10
10.77.23.12
10.77.22.13
10.77.27.14
10.77.22.10
10.77.22.15
10.77.22.10
10.77.27.13
10.77.22.11
10.77.23.12
10.77.27.15
10.77.23.11
10.77.22.14
10.77.22.12
10.77.22.10
10.77.23.10
10.77.23.10
10.77.23.12
10.77.27.13
10.77.22.13
10.77.27.15
10.77.22.15
10.77.27.15
10.77.27.13
10.77.27.15
10.77.27.13
10.77.23.12
10.77.22.15
10.77.22.15
10.77.22.12
10.77.23.11
10.77.27.14
10.77.27.14
10.77.27.15
10.77.23.10
10.77.22.15
10.77.22.15
10.77.22.12
10.77.22.12
10.77.27.14
10.77.22.11
10.77.23.12
10.77.22.10
10.77.22.15
10.77.22.15
10.77.22.12
10.77.23.11
10.77.27.15
10.77.27.15
10.77.22.13
10.77.22.11
10.77.27.15
10.77.23.11
10.77.27.13
10.77.22.15
10.77.22.10
10.77.23.10
10.77.23.11
10.77.23.10
10.77.22.12
10.77.22.14
10.77.23.10
10.77.27.13
10.77.23.11
10.77.27.14
10.77.27.13
10.77.22.10
10.77.22.11
10.77.23.12
10.77.22.10
10.77.22.14
10.77.23.12
10.77.23.12
10.77.27.15
10.77.27.15
10.77.22.11
10.77.23.11
10.77.23.12
10.77.23.11
10.77.22.10
10.77.22.14
10.77.22.14
10.77.22.10
10.77.22.15
10.77.22.14
10.77.22.13
10.77.22.15
10.77.27.13
10.77.22.12
10.77.22.11
10.77.22.13
10.77.27.15
10.77.27.14
10.77.22.10
10.77.22.15
10.77.23.11
10.77.22.15
10.77.23.10
10.77.23.12
10.77.22.10
10.77.27.14
10.77.23.12
10.77.27.13
10.77.22.15
10.77.22.14
10.77.27.15
10.77.22.12
10.77.23.12
10.77.23.10
10.77.23.11
10.77.22.12
10.77.22.11
10.77.23.11
10.77.22.11
10.77.23.10
10.77.22.12
10.77.22.14
10.77.22.10
10.77.22.15
10.77.22.13
10.77.23.12
10.77.23.10
10.77.27.15
10.77.27.13
10.77.22.10
10.77.22.14
10.77.22.14
10.77.27.13
10.77.23.11
10.77.23.12
10.77.22.12
10.77.22.13
10.77.23.10
10.77.23.12
10.77.23.11
10.77.23.11
10.77.27.13
10.77.23.11
10.77.22.12
10.77.22.10
10.77.22.15
10.77.22.13
10.77.22.15
10.77.22.11
10.77.27.13
10.77.23.11
10.77.23.10
10.77.22.14
10.77.23.10
10.77.22.10
10.77.22.13
10.77.23.12
10.77.27.13
10.77.23.11
10.77.27.15
10.77.27.13
10.77.23.12
10.77.22.11
10.77.22.15
10.77.22.14
10.77.22.12
10.77.23.12
10.77.22.11
10.77.22.11
10.77.23.10
10.77.22.13
10.77.23.11
10.77.22.10
10.77.22.15
10.77.27.14
10.77.22.11
10.77.23.11
10.77.22.14
10.77.23.10
10.77.22.12
10.77.22.13
10.77.27.13
10.77.23.12
10.77.22.13
10.77.27.13
10.77.22.11
10.77.27.13
10.77.27.13
10.77.27.15
10.77.27.13
10.77.27.13
10.77.23.10
10.77.22.14
10.77.27.13
10.77.22.12
10.77.27.13
10.77.22.12
10.77.27.15
10.77.22.13
10.77.22.12
10.77.27.13
10.77.22.11
10.77.27.14
10.77.22.11
10.77.22.11
10.77.22.11
10.77.22.14
10.77.22.13
10.77.27.15
10.77.23.12
10.77.23.10
10.77.23.11
10.77.27.13
10.77.23.10
10.77.27.15
10.77.27.15
10.77.27.13
10.77.22.13
10.77.22.14
10.77.22.11
10.77.23.10
10.77.27.15
10.77.22.14
10.77.27.13
10.77.23.11
10.77.27.15
10.77.23.12
10.77.22.12
10.77.22.13
10.77.27.15
10.77.22.14
10.77.23.11
10.77.23.10
10.77.27.15
10.77.22.11
10.77.23.11
10.77.22.10
10.77.22.14
10.77.22.11
10.77.22.15
10.77.23.10
10.77.27.15
10.77.23.12
10.77.23.12
10.77.23.12
10.77.22.11
10.77.22.13
10.77.22.15
10.77.22.13
10.77.22.14
10.77.22.13
10.77.22.14
10.77.22.12
10.77.27.15
10.77.27.15
10.77.27.15
10.77.22.10
10.77.27.15
10.77.22.10
10.77.22.12
10.77.22.14
10.77.22.14
10.77.27.14
10.77.23.12
10.77.22.10
10.77.22.12
10.77.27.13
10.77.27.14
10.77.22.12
10.77.22.15
10.77.23.11
10.77.22.10
10.77.22.14
10.77.23.11
10.77.23.10
10.77.27.13
10.77.22.14
10.77.23.12
10.77.27.14
10.77.22.13
10.77.23.10
10.77.22.14
10.77.27.14
10.77.27.13
10.77.22.14
10.77.27.13
10.77.22.10
10.77.22.12
10.77.23.10
10.77.27.13
10.77.27.13
10.77.22.13
10.77.22.13
10.77.22.14
10.77.22.12
10.77.22.12
10.77.27.13
10.77.22.13
10.77.22.10
10.77.23.12
10.77.23.12
10.77.23.12
10.77.27.15
10.77.27.13
10.77.23.11
10.77.22.13
10.77.27.14
10.77.22.12
10.77.22.12
10.77.22.13
10.77.22.12
10.77.27.14
10.77.22.12
10.77.22.11
10.77.22.11
10.77.22.11
10.77.23.10
10.77.22.11
10.77.23.12
10.77.22.15
10.77.22.15
10.77.22.12
10.77.23.10
10.77.27.15
10.77.22.10
10.77.22.15
10.77.23.11
10.77.27.14
10.77.23.11
10.77.27.14
10.77.22.12
10.77.23.12
10.77.22.14
10.77.22.15
10.77.23.11
10.77.22.13
10.77.22.11
10.77.23.10
10.77.27.13
10.77.22.13
10.77.22.11
10.77.27.13
10.77.27.14
10.77.23.12
10.77.27.15
10.77.27.15
10.77.22.12
10.77.23.12
10.77.27.15
10.77.22.10
10.77.27.15
10.77.23.12
10.77.22.11
10.77.27.15
10.77.22.10
10.77.22.11
10.77.23.12
10.77.27.13
10.77.22.12
10.77.22.11
10.77.22.13
10.77.22.12
10.77.27.15
10.77.22.11
10.77.27.13
10.77.22.11
10.77.22.12
10.77.27.15
10.77.22.11
10.77.27.15
10.77.23.10
10.77.22.12
10.77.23.12
10.77.27.15
10.77.27.15
10.77.22.10
10.77.23.10
10.77.22.13
10.77.22.10
10.77.22.13
10.77.27.14
10.77.23.12
10.77.22.12
10.77.22.12
10.77.22.10
10.77.22.13
10.77.22.12
10.77.23.12
10.77.23.10
10.77.22.13
10.77.23.12
10.77.27.14
10.77.22.12
10.77.27.14
10.77.23.11
10.77.23.12
10.77.23.10
10.77.23.11
10.77.23.10
10.77.27.15
10.77.27.13
10.77.23.11
10.77.22.11
10.77.23.10
10.77.22.12
10.77.23.10
10.77.22.13
10.77.27.15
10.77.22.10
10.77.22.13
10.77.23.10
10.77.23.11
10.77.27.15
10.77.23.11
10.77.23.10
10.77.22.12
10.77.23.11
10.77.27.15
10.77.27.15
10.77.22.14
10.77.23.11
10.77.23.10
10.77.23.12
10.77.27.14
10.77.27.13
10.77.23.10
10.77.22.13
10.77.22.15
10.77.22.14
10.77.22.15
10.77.22.13
10.77.22.10
10.77.22.13
10.77.22.15
10.77.27.14
10.77.22.14
10.77.22.15
10.77.22.15
10.77.27.15
10.77.22.15
10.77.23.12
10.77.23.11
10.77.22.11
10.77.22.14
10.77.27.14
10.77.22.13
10.77.27.14
10.77.27.14
10.77.27.13
10.77.22.14
10.77.27.14
10.77.22.14
10.77.22.13
10.77.22.10
10.77.22.13
10.77.22.14
10.77.23.11
10.77.27.14
10.77.22.12
10.77.22.10
10.77.22.10
10.77.22.15
10.77.27.14
10.77.23.10
10.77.22.15
10.77.27.14
10.77.22.11
10.77.22.10
10.77.22.10
10.77.22.10
10.77.27.13
10.77.27.13
10.77.22.10
10.77.22.15
10.77.22.14
10.77.23.11
10.77.27.15
10.77.27.13
10.77.22.13
10.77.27.13
10.77.27.14
10.77.23.10
10.77.27.15
10.77.27.13
10.77.22.11
10.77.23.11
10.77.22.14
10.77.23.11
10.77.23.11
10.77.22.14
10.77.22.15
10.77.22.10
10.77.22.15
10.77.22.10
10.77.23.11
10.77.22.14
10.77.27.13
10.77.22.15
10.77.22.15
10.77.23.10
10.77.22.10
10.77.22.15
10.77.27.14
10.77.22.13
10.77.22.15
10.77.27.13
10.77.22.13
10.77.22.10
10.77.22.13
10.77.22.14
10.77.22.13
10.77.22.14
10.77.22.13
10.77.22.15
10.77.27.15
10.77.23.12
10.77.22.13
10.77.22.15
10.77.22.15
10.77.22.15
10.77.22.14
10.77.23.10
10.77.27.13
10.77.23.10
10.77.27.14
10.77.22.14
10.77.22.15
10.77.22.11
10.77.27.14
10.77.22.12
10.77.22.10
10.77.22.15
10.77.23.12
10.77.23.11
10.77.27.13
10.77.23.11
10.77.22.11
10.77.22.15
10.77.22.13
10.77.22.15
10.77.22.15
10.77.27.13
10.77.27.15
10.77.22.13
10.77.23.12
10.77.23.11
10.77.22.13
10.77.22.12
10.77.22.11
10.77.22.10
10.77.22.13
10.77.22.14
10.77.22.10
10.77.22.13
10.77.23.11
10.77.22.13
10.77.22.12
10.77.22.15
10.77.27.15
10.77.22.14
10.77.23.12
10.77.27.13
10.77.27.14
10.77.22.11
10.77.22.13
10.77.22.15
10.77.22.12
10.77.27.14
10.77.22.13
10.77.22.15
10.77.22.14
10.77.23.12
10.77.22.14
10.77.22.14
10.77.22.12
10.77.23.11
10.77.23.12
10.77.22.13
10.77.22.13
10.77.27.14
10.77.23.11
10.77.22.15
10.77.27.13
10.77.23.11
10.77.22.12
10.77.27.14
10.77.22.11
10.77.22.14
10.77.27.15
10.77.23.10
10.77.27.15
10.77.27.15
10.77.22.12
10.77.22.11
10.77.22.12
10.77.22.14
10.77.23.11
10.77.22.14
10.77.22.10
10.77.23.12
10.77.27.14
10.77.22.12
10.77.22.10
10.77.27.15
10.77.23.12
10.77.22.11
10.77.22.10
10.77.22.12
10.77.22.12
10.77.22.10
10.77.22.12
10.77.27.14
10.77.23.10
10.77.27.15
10.77.22.11
10.77.22.11
10.77.22.13
10.77.22.12
10.77.22.12
10.77.23.12
10.77.27.15
10.77.23.10
10.77.23.12
10.77.22.13
10.77.22.11
10.77.22.10
10.77.23.12
10.77.23.12
10.77.23.11
10.77.23.10
10.77.22.14
10.77.27.14
10.77.23.11
10.77.23.12
10.77.23.12
10.77.23.10
10.77.27.14
10.77.23.10
10.77.22.10
10.77.22.12
10.77.22.15
10.77.27.15
10.77.23.11
10.77.22.14
10.77.22.15
10.77.23.12
10.77.27.14
10.77.23.10
10.77.23.11
10.77.23.11
10.77.22.10
10.77.22.15
10.77.22.13
10.77.22.10
10.77.27.14
10.77.22.13
10.77.27.14
10.77.27.15
10.77.22.15
10.77.27.15
10.77.27.14
10.77.22.13
10.77.22.12
10.77.22.15
10.77.23.12
10.77.23.12
10.77.22.13
10.77.27.14
10.77.23.10
10.77.27.13
10.77.27.14
10.77.27.15
10.77.22.15
10.77.22.10
10.77.22.15
10.77.22.11
10.77.27.15
10.77.23.12
10.77.22.12
10.77.23.12
10.77.27.14
10.77.22.13
10.77.23.10
10.77.22.14
10.77.27.15
10.77.22.14
10.77.27.15
10.77.22.11
10.77.27.14
10.77.22.13
10.77.27.15
10.77.27.13
10.77.22.10
10.77.23.12
10.77.22.14
10.77.22.11
10.77.23.12
10.77.22.12
10.77.23.10
10.77.22.12
10.77.23.11
10.77.22.11
10.77.23.12
10.77.22.13
10.77.27.13
10.77.22.15
10.77.23.11
10.77.22.12
10.77.23.12
10.77.22.14
10.77.22.10
10.77.23.10
10.77.23.11
10.77.27.15
10.77.22.15
10.77.22.13
10.77.23.11
10.77.22.10
10.77.22.10
10.77.22.13
10.77.22.15
10.77.27.15
10.77.22.12
10.77.27.14
10.77.22.12
10.77.22.11
10.77.22.10
10.77.22.12
10.77.22.10
10.77.23.11
10.77.23.10
10.77.22.11
10.77.22.11
10.77.23.10
10.77.22.15
10.77.22.11
10.77.27.15
10.77.27.14
10.77.27.15
10.77.27.13
10.77.23.11
10.77.22.11
10.77.22.13
10.77.22.10
10.77.23.10
10.77.23.10
10.77.23.12
10.77.22.11
10.77.22.13
10.77.23.12
10.77.27.15
10.77.23.11
10.77.23.10
10.77.27.14
10.77.27.13
10.77.23.10
10.77.22.15
10.77.23.10
10.77.27.14
10.77.22.13
10.77.27.14
10.77.22.14
10.77.22.11
10.77.27.14
10.77.22.12
10.77.27.14
10.77.22.11
10.77.23.10
10.77.27.15
10.77.22.15
10.77.22.11
10.77.22.15
10.77.27.13
10.77.23.10
10.77.22.11
10.77.27.14
10.77.22.11
10.77.22.13
10.77.22.13
10.77.27.14
10.77.22.14
10.77.22.15
10.77.23.11
10.77.22.15
10.77.22.11
10.77.22.15
10.77.23.10
10.77.22.10
10.77.23.12
10.77.22.11
10.77.23.12
10.77.27.15
10.77.27.15
10.77.23.10
10.77.23.12
10.77.22.14
10.77.27.14
10.77.22.11
10.77.27.14
10.77.22.11
10.77.23.10
10.77.23.10
10.77.27.14
10.77.27.14
10.77.22.11
10.77.22.10
10.77.22.12
10.77.22.13
10.77.27.15
10.77.22.10
10.77.27.15
10.77.23.10
10.77.27.13
10.77.23.12
10.77.22.12
10.77.22.15
10.77.27.15
10.77.22.14
10.77.23.10
10.77.22.10
10.77.22.11
10.77.27.14
10.77.27.15
10.77.23.12
10.77.22.13
10.77.22.13
10.77.22.10
10.77.22.14
10.77.27.13
10.77.22.11
10.77.27.14
10.77.27.13
10.77.22.13
10.77.22.10
10.77.27.14
10.77.22.10
10.77.22.15
10.77.22.12
10.77.27.14
10.77.22.10
10.77.23.11
10.77.22.11
10.77.22.10
10.77.22.15
10.77.27.15
10.77.22.10
10.77.22.14
10.77.27.13
10.77.22.13
10.77.22.14
10.77.22.13
10.77.27.14
10.77.27.13
10.77.23.11
10.77.27.13
10.77.22.14
10.77.22.10
10.77.23.12
10.77.22.15
10.77.22.12
10.77.22.11
10.77.22.15
10.77.22.12
10.77.23.10
10.77.22.14
10.77.23.10
10.77.22.10
10.77.22.13
10.77.22.11
10.77.27.15
10.77.22.10
10.77.27.13
10.77.22.12
10.77.22.12
10.77.22.12
10.77.22.11
10.77.22.15
10.77.27.14
10.77.22.11
10.77.27.14
10.77.27.15
10.77.23.12
10.77.22.10
10.77.27.13
10.77.23.11
10.77.22.10
10.77.23.11
10.77.27.13
10.77.22.15
10.77.22.14
10.77.22.12
10.77.22.12
10.77.22.11
10.77.22.10
10.77.22.10
10.77.23.10
10.77.23.11
10.77.27.15
10.77.22.14
10.77.22.15
10.77.22.15
10.77.23.12
10.77.22.11
10.77.27.14
10.77.23.10
10.77.23.12
10.77.27.15
10.77.23.12
10.77.22.13
10.77.22.10
10.77.27.13
10.77.22.12
10.77.23.12
10.77.23.10
10.77.22.12
10.77.22.15
10.77.22.10
10.77.22.15
10.77.22.15
10.77.22.10
10.77.22.12
10.77.22.14
10.77.23.10
10.77.22.14
10.77.27.14
10.77.22.10
10.77.22.10
10.77.27.14
10.77.23.11
10.77.27.13
10.77.23.12
10.77.22.13
10.77.22.10
10.77.22.12
10.77.22.11
10.77.23.12
10.77.22.12
10.77.22.11
10.77.27.15
10.77.23.11
10.77.22.15
10.77.22.12
10.77.27.14
10.77.27.14
10.77.22.12
10.77.22.12
10.77.27.13
10.77.22.14
10.77.27.14
10.77.23.11
10.77.23.11
10.77.27.13
10.77.22.13
10.77.22.15
10.77.22.10
10.77.22.13
10.77.22.15
10.77.27.13
10.77.27.14
10.77.22.14
10.77.22.15
10.77.22.11
10.77.22.10
10.77.22.14
10.77.27.13
10.77.23.10
10.77.23.12
10.77.22.14
10.77.23.12
10.77.22.15
10.77.22.12
10.77.23.12
10.77.27.15
10.77.23.10
10.77.22.11
10.77.23.12
10.77.22.13
10.77.22.11
10.77.27.15
10.77.22.12
10.77.23.12
10.77.27.13
10.77.23.10
10.77.22.12
10.77.22.10
10.77.23.11
10.77.22.15
10.77.27.14
10.77.22.11
10.77.23.10
10.77.27.14
10.77.23.11
10.77.22.15
10.77.22.10
10.77.22.12
10.77.22.10
10.77.22.10
10.77.22.10
10.77.27.15
10.77.23.10
10.77.22.12
10.77.22.10
10.77.22.11
10.77.22.10
10.77.27.14
10.77.22.10
10.77.23.12
10.77.27.13
10.77.22.13
10.77.22.10
10.77.27.13
10.77.22.13
10.77.22.15
10.77.22.11
10.77.22.15
10.77.23.12
10.77.22.15
10.77.23.11
10.77.22.10
10.77.27.13
10.77.23.10
10.77.27.14
10.77.23.11
10.77.22.11
10.77.22.10
10.77.22.13
10.77.27.14
10.77.22.13
10.77.22.13
10.77.27.15
10.77.27.13
10.77.23.11
10.77.22.14
10.77.23.12
10.77.27.13
10.77.22.14
10.77.27.13
10.77.27.15
10.77.22.15
10.77.27.13
10.77.22.13
10.77.22.15
10.77.23.10
10.77.22.13
10.77.23.10
10.77.27.15
10.77.22.15
10.77.22.10
10.77.22.13
10.77.23.10
10.77.22.14
10.77.22.14
10.77.22.11
10.77.23.11
10.77.27.13
10.77.22.13
10.77.27.13
10.77.22.13
10.77.27.14
10.77.22.12
10.77.23.11
10.77.27.13
10.77.22.13
10.77.22.10
10.77.22.10
10.77.22.14
10.77.22.12
10.77.22.14
10.77.22.10
10.77.22.10
10.77.23.12
10.77.23.11
10.77.22.11
10.77.22.14
10.77.27.15
10.77.22.12
10.77.22.10
10.77.22.10
10.77.27.15
10.77.23.12
10.77.27.14
10.77.22.13
10.77.23.12
10.77.22.10
10.77.23.12
10.77.27.15
10.77.23.10
10.77.22.12
10.77.27.14
10.77.22.10
10.77.27.14
10.77.27.13
10.77.27.15
10.77.27.15
10.77.27.15
10.77.23.11
10.77.22.12
10.77.22.10
10.77.22.13
10.77.22.11
10.77.23.12
10.77.22.15
10.77.27.13
10.77.22.12
10.77.22.13
10.77.27.14
10.77.27.14
10.77.22.11
10.77.22.13
10.77.27.13
10.77.22.14
10.77.22.15
10.77.22.12
10.77.22.12
10.77.23.10
10.77.23.11
10.77.22.13
10.77.22.11
10.77.27.15
10.77.27.15
10.77.22.10
10.77.27.14
10.77.23.11
10.77.22.12
10.77.22.11
10.77.22.12
10.77.22.15
10.77.23.12
10.77.22.10
10.77.22.10
10.77.27.13
10.77.23.10
10.77.27.15
10.77.22.15
10.77.22.13
10.77.27.14
10.77.22.10
10.77.27.14
10.77.22.14
10.77.23.11
10.77.22.15
10.77.27.13
10.77.22.12
10.77.27.15
10.77.27.15
10.77.23.12
10.77.27.13
10.77.22.11
10.77.22.14
10.77.22.12
10.77.27.14
10.77.22.15
10.77.27.15
10.77.23.11
10.77.22.15
10.77.22.10
10.77.22.13
10.77.23.10
10.77.22.10
10.77.22.13
10.77.22.14
10.77.27.13
10.77.27.14
10.77.23.12
10.77.22.10
10.77.27.13
10.77.22.11
10.77.22.13
10.77.22.11
10.77.27.13
10.77.22.13
10.77.23.10
10.77.22.15
10.77.22.14
10.77.22.12
10.77.22.12
10.77.22.12
10.77.23.10
10.77.22.11
10.77.27.15
10.77.23.10
10.77.23.12
10.77.23.12
10.77.23.11
10.77.23.11
10.77.27.15
10.77.22.13
10.77.23.10
10.77.22.11
10.77.22.12
10.77.22.11
10.77.23.10
10.77.23.10
10.77.22.12
10.77.22.12
10.77.23.11
10.77.23.12
10.77.23.12
10.77.23.10
10.77.23.10
10.77.23.10
10.77.23.10
10.77.27.15
10.77.27.13
10.77.23.11
10.77.22.13
10.77.22.15
10.77.22.10
10.77.22.10
10.77.23.11
10.77.27.14
10.77.27.13
10.77.22.15
10.77.22.14
10.77.23.11
10.77.22.11
10.77.23.11
10.77.22.15
10.77.27.14
10.77.23.12
10.77.22.15
10.77.22.10
10.77.23.12
10.77.22.10
10.77.22.15
10.77.22.13
10.77.22.14
10.77.22.11
10.77.22.11
10.77.23.11
10.77.27.14
10.77.22.12
10.77.27.14
10.77.22.13
10.77.22.10
10.77.23.11
10.77.27.14
10.77.22.10
10.77.22.15
10.77.22.15
10.77.22.11
10.77.27.15
10.77.22.10
10.77.27.14
10.77.27.14
10.77.27.15
10.77.23.10
10.77.22.12
10.77.22.10
10.77.27.15
10.77.22.15
10.77.27.15
10.77.23.10
10.77.22.12
10.77.23.11
10.77.22.12
10.77.23.10
10.77.23.11
10.77.27.14
10.77.22.12
10.77.23.12
10.77.22.15
10.77.22.15
10.77.22.14
10.77.23.11
10.77.27.14
10.77.22.11
10.77.22.15
10.77.22.10
10.77.27.15
10.77.22.11
10.77.22.14
10.77.27.15
10.77.27.13
10.77.22.10
10.77.23.12
10.77.22.10
10.77.27.13
10.77.22.10
10.77.22.15
10.77.22.10
10.77.27.15
10.77.23.11
10.77.22.10
10.77.23.12
10.77.22.11
10.77.22.15
10.77.22.12
10.77.22.10
10.77.22.11
10.77.22.11
10.77.27.13
10.77.22.14
10.77.27.13
10.77.23.10
10.77.23.11
10.77.22.15
10.77.22.14
10.77.23.11
10.77.23.11
10.77.22.14
10.77.23.10
10.77.22.11
10.77.27.13
10.77.23.11
10.77.23.11
10.77.27.15
10.77.22.10
10.77.27.15
10.77.22.13
10.77.22.14
10.77.27.14
10.77.23.10
10.77.27.13
10.77.22.11
10.77.23.10
10.77.22.12
10.77.22.10
10.77.22.10
10.77.22.15
10.77.23.11
10.77.23.10
10.77.22.13
10.77.22.14
10.77.22.14
10.77.27.14
10.77.23.12
10.77.23.12
10.77.23.10
10.77.22.11
10.77.23.10
10.77.27.14
10.77.22.15
10.77.23.12
10.77.22.15
10.77.27.14
10.77.22.13
10.77.22.13
10.77.23.11
10.77.23.11
10.77.27.15
10.77.23.12
10.77.23.10
10.77.23.12
10.77.27.13
10.77.22.14
10.77.23.12
10.77.27.15
10.77.27.13
10.77.27.14
10.77.22.13
10.77.22.13
10.77.22.13
10.77.23.11
10.77.22.13
10.77.22.14
10.77.27.14
10.77.27.13
10.77.22.13
10.77.22.11
10.77.27.15
10.77.27.15
10.77.27.13
10.77.22.13
10.77.22.14
10.77.27.14
10.77.27.15
10.77.27.13
10.77.27.15
10.77.22.12
10.77.22.15
10.77.22.11
10.77.23.10
10.77.22.10
10.77.23.12
10.77.27.15
10.77.22.12
10.77.23.12
10.77.22.15
10.77.27.15
10.77.22.10
10.77.27.14
10.77.22.12
10.77.27.13
10.77.22.11
10.77.23.11
10.77.22.14
10.77.23.10
10.77.22.12
10.77.27.13
10.77.22.15
10.77.22.13
10.77.22.12
10.77.22.11
10.77.22.14
10.77.22.14
10.77.22.15
10.77.22.14
10.77.22.12
10.77.27.13
10.77.22.14
10.77.22.13
10.77.22.11
10.77.22.12
10.77.22.12
10.77.22.13
10.77.27.15
10.77.22.12
10.77.22.12
10.77.22.10
10.77.22.13
10.77.22.12
10.77.22.15
10.77.27.13
10.77.27.15
10.77.22.11
10.77.27.14
10.77.23.10
10.77.27.15
10.77.22.14
10.77.22.11
10.77.23.10
10.77.22.15
10.77.23.12
10.77.22.11
10.77.22.11
10.77.22.12
10.77.22.12
10.77.22.12
10.77.23.12
10.77.27.14
10.77.23.10
10.77.22.10
10.77.22.13
10.77.22.14
10.77.27.13
10.77.27.15
10.77.22.11
10.77.27.14
10.77.23.12
10.77.27.15
10.77.27.15
10.77.22.11
10.77.22.14
10.77.22.10
10.77.23.11
10.77.23.10
10.77.23.12
10.77.27.15
10.77.23.11
10.77.27.14
10.77.27.13
10.77.22.12
10.77.27.15
10.77.23.12
10.77.22.15
10.77.22.15
10.77.27.15
10.77.23.10
10.77.22.12
10.77.23.10
10.77.22.15
10.77.27.13
10.77.27.15
10.77.27.15
10.77.22.12
10.77.23.12
10.77.23.10
10.77.23.11
10.77.22.11
10.77.22.14
10.77.22.13
10.77.22.13
10.77.22.14
10.77.27.15
10.77.22.11
10.77.27.14
10.77.27.15
10.77.22.14
10.77.22.11
10.77.23.12
10.77.22.11
10.77.22.13
10.77.23.11
10.77.23.12
10.77.23.11
10.77.22.15
10.77.23.11
10.77.22.15
10.77.27.13
10.77.27.13
10.77.27.13
10.77.27.14
10.77.27.15
10.77.22.12
10.77.27.13
10.77.22.14
10.77.23.12
10.77.22.14
10.77.22.11
10.77.23.11
10.77.22.14
10.77.23.11
10.77.23.10
10.77.27.14
10.77.22.11
10.77.22.11
10.77.22.10
10.77.23.10
10.77.27.13
10.77.27.15
10.77.23.10
10.77.27.13
10.77.27.15
10.77.27.13
10.77.22.12
10.77.22.13
10.77.22.11
10.77.23.10
10.77.27.14
10.77.22.10
10.77.22.11
10.77.22.15
10.77.22.12
10.77.23.12
10.77.23.12
10.77.23.12
10.77.22.14
10.77.27.13
10.77.22.10
10.77.27.14
10.77.22.15
10.77.22.15
10.77.22.15
10.77.22.12
10.77.27.14
10.77.22.11
10.77.22.15
10.77.23.10
10.77.22.10
10.77.27.13
10.77.23.11
10.77.22.12
10.77.23.12
10.77.23.12
10.77.23.10
10.77.23.11
10.77.27.15
10.77.23.12
10.77.27.14
10.77.27.15
10.77.22.10
10.77.22.12
10.77.27.14
10.77.23.11
10.77.22.11
10.77.27.14
10.77.27.15
10.77.22.13
10.77.22.11
10.77.22.14
10.77.27.15
10.77.27.14
10.77.23.11
10.77.22.12
10.77.27.15
10.77.22.14
10.77.27.13
10.77.22.13
10.77.27.14
10.77.23.10
10.77.23.12
10.77.22.15
10.77.22.14
10.77.27.13
10.77.27.14
10.77.22.11
10.77.22.13
10.77.22.14
10.77.23.10
10.77.27.13
10.77.27.13
10.77.22.11
10.77.22.10
10.77.23.11
10.77.27.15
10.77.22.14
10.77.22.15
10.77.27.14
10.77.22.11
10.77.27.13
10.77.22.14
10.77.22.11
10.77.27.13
10.77.22.15
10.77.22.13
10.77.22.12
10.77.27.14
10.77.27.14
10.77.23.12
10.77.22.10
10.77.22.11
10.77.27.15
10.77.22.14
10.77.22.10
10.77.22.11
10.77.22.11
10.77.23.10
10.77.27.13
10.77.22.12
10.77.22.13
10.77.22.14
10.77.22.13
10.77.22.10
10.77.23.12
10.77.27.14
10.77.23.11
10.77.27.15
10.77.27.15
10.77.27.15
10.77.22.11
10.77.22.12
10.77.27.13
10.77.22.15
10.77.27.13
10.77.22.12
10.77.22.10
10.77.27.15
10.77.22.13
10.77.22.10
10.77.23.12
10.77.22.13
10.77.22.14
10.77.22.13
10.77.27.15
10.77.22.12
10.77.22.11
10.77.23.11
10.77.27.14
10.77.23.11
10.77.27.15
10.77.22.14
10.77.22.13
10.77.22.14
10.77.22.10
10.77.22.10
10.77.22.15
10.77.22.15
10.77.22.10
10.77.27.13
10.77.22.13
10.77.23.10
10.77.27.15
10.77.22.11
10.77.27.15
10.77.27.15
10.77.22.11
10.77.27.14
10.77.22.14
10.77.23.11
10.77.22.12
10.77.22.11
10.77.22.15
10.77.23.11
10.77.23.12
10.77.22.12
10.77.22.11
10.77.23.10
10.77.27.14
10.77.22.15
10.77.23.10
10.77.23.11
10.77.23.10
10.77.22.15
10.77.23.10
10.77.27.14
10.77.23.10
10.77.22.11
10.77.22.10
10.77.22.11
10.77.22.10
10.77.27.14
10.77.22.15
10.77.23.11
10.77.22.15
10.77.27.14
10.77.27.14
10.77.27.14
10.77.27.14
10.77.27.13
10.77.22.12
10.77.22.15
10.77.22.15
10.77.23.11
10.77.22.11
10.77.27.13
10.77.23.10
10.77.27.14
10.77.23.12
10.77.27.13
10.77.27.13
10.77.22.10
10.77.23.10
10.77.27.14
10.77.22.14
10.77.22.11
10.77.27.14
10.77.22.15
10.77.22.14
10.77.23.10
10.77.23.10
10.77.23.10
10.77.22.11
10.77.23.10
10.77.23.10
10.77.27.15
10.77.22.13
10.77.23.12
10.77.22.13
10.77.27.13
10.77.22.14
10.77.27.15
10.77.22.13
10.77.22.10
10.77.27.13
10.77.23.10
10.77.22.15
10.77.23.10
10.77.22.10
10.77.27.14
10.77.22.15
10.77.22.10
10.77.22.15
10.77.23.11
10.77.27.13
10.77.27.13
10.77.22.15
10.77.22.11
10.77.23.12
10.77.22.15
10.77.22.15
10.77.27.14
10.77.22.15
10.77.27.14
10.77.23.11
10.77.22.14
10.77.27.14
10.77.22.12
10.77.27.13
10.77.22.11
10.77.22.11
10.77.27.15
10.77.23.12
10.77.27.14
10.77.22.14
10.77.22.14
10.77.22.11
10.77.22.10
10.77.27.15
10.77.22.10
10.77.22.12
10.77.27.14
10.77.27.14
10.77.23.12
10.77.22.11
10.77.23.11
10.77.27.14
10.77.22.14
10.77.23.12
10.77.27.13
10.77.22.15
10.77.22.10
10.77.23.10
10.77.23.11
10.77.22.11
10.77.27.15
10.77.23.11
10.77.23.10
10.77.22.12
10.77.27.13
10.77.22.15
10.77.22.13
10.77.27.13
10.77.23.10
10.77.22.12
10.77.23.12
10.77.23.12
10.77.22.12
10.77.23.10
10.77.22.14
10.77.27.13
10.77.23.12
10.77.22.14
10.77.23.10
10.77.22.11
10.77.27.14
10.77.23.11
10.77.27.14
10.77.27.13
10.77.27.14
10.77.27.14
10.77.22.12
10.77.23.10
10.77.27.14
10.77.27.14
10.77.23.10
10.77.27.14
10.77.22.13
10.77.22.14
10.77.22.10
10.77.27.15
10.77.27.13
10.77.22.12
10.77.22.13
10.77.23.11
10.77.23.11
10.77.22.14
10.77.23.12
10.77.22.10
10.77.27.14
10.77.23.10
10.77.22.11
10.77.22.13
10.77.23.11
10.77.23.11
10.77.23.12
10.77.23.12
10.77.27.14
10.77.22.12
10.77.22.15
10.77.22.13
10.77.27.15
10.77.23.12
10.77.22.15
10.77.22.12
10.77.27.15
10.77.22.11
10.77.23.12
10.77.23.12
10.77.22.15
10.77.22.12
10.77.22.14
10.77.22.11
10.77.27.13
10.77.23.11
10.77.23.10
10.77.23.12
10.77.23.12
10.77.27.15
10.77.23.10
10.77.23.12
10.77.22.12
10.77.27.15
10.77.27.14
10.77.22.10
10.77.23.10
10.77.23.11
10.77.27.13
10.77.22.15
10.77.22.10
10.77.27.13
10.77.22.11
10.77.22.12
10.77.23.10
10.77.27.15
10.77.22.12
10.77.27.15
10.77.23.10
10.77.22.15
10.77.22.13
10.77.27.14
10.77.22.14
10.77.22.14
10.77.27.15
10.77.23.12
10.77.22.11
10.77.27.15
10.77.22.14
10.77.27.13
10.77.22.11
10.77.27.14
10.77.22.13
10.77.23.12
10.77.22.10
10.77.22.14
10.77.27.13
10.77.22.14
10.77.22.11
10.77.22.11
10.77.22.12
10.77.27.15
10.77.23.10
10.77.22.13
10.77.22.11
10.77.27.14
10.77.23.11
10.77.22.12
10.77.22.12
10.77.27.13
10.77.23.10
10.77.22.13
10.77.22.12
10.77.23.11
10.77.23.10
10.77.23.12
10.77.23.10
10.77.22.11
10.77.22.15
10.77.22.13
10.77.27.15
10.77.27.13
10.77.22.14
10.77.23.10
10.77.23.12
10.77.22.13
10.77.22.15
10.77.23.12
10.77.22.12
10.77.22.13
10.77.27.14
10.77.27.13
10.77.27.15
10.77.27.14
10.77.27.15
10.77.23.10
10.77.22.10
10.77.22.15
10.77.23.11
10.77.22.15
10.77.27.13
10.77.27.13
10.77.22.10
10.77.23.11
10.77.22.11
10.77.22.14
10.77.27.13
10.77.22.14
10.77.22.14
10.77.22.11
10.77.22.11
10.77.27.15
10.77.23.12
10.77.23.12
10.77.22.13
10.77.22.11
10.77.22.13
10.77.22.12
10.77.23.12
10.77.22.14
10.77.22.15
10.77.22.14
10.77.27.15
10.77.23.11
10.77.22.11
10.77.22.12
10.77.22.15
10.77.27.13
10.77.22.11
10.77.22.11
10.77.22.12
10.77.22.10
10.77.22.10
10.77.27.13
10.77.27.13
10.77.22.14
10.77.22.14
10.77.22.15
10.77.23.12
10.77.22.14
10.77.22.13
10.77.22.11
10.77.22.13
10.77.22.11
10.77.27.13
10.77.22.15
10.77.22.13
10.77.23.10
10.77.22.14
10.77.27.13
10.77.23.12
10.77.22.11
10.77.27.15
10.77.27.13
10.77.23.10
10.77.22.12
10.77.22.11
10.77.22.15
10.77.22.15
10.77.23.12
10.77.22.14
10.77.23.11
10.77.22.10
10.77.22.10
10.77.23.10
10.77.27.15
10.77.23.10
10.77.23.12
10.77.22.12
10.77.22.11
10.77.22.14
10.77.22.13
10.77.22.14
10.77.22.11
10.77.27.15
10.77.22.12
10.77.22.12
10.77.22.15
10.77.27.13
10.77.27.15
10.77.22.14
10.77.22.12
10.77.27.13
10.77.23.11
10.77.23.12
10.77.23.10
10.77.22.13
10.77.27.14
10.77.22.11
10.77.27.14
10.77.27.13
10.77.23.11
10.77.27.13
10.77.22.10
10.77.22.12
10.77.27.14
10.77.23.12
10.77.22.12
10.77.23.10
10.77.22.13
10.77.22.11
10.77.23.10
10.77.23.10
10.77.27.15
10.77.23.12
10.77.23.10
10.77.27.14
10.77.23.11
10.77.22.15
10.77.22.15
10.77.23.12
10.77.22.14
10.77.22.13
10.77.22.12
10.77.23.12
10.77.23.11
10.77.22.13
10.77.22.13
10.77.22.15
10.77.27.14
10.77.27.14
10.77.22.12
10.77.23.10
10.77.23.11
10.77.22.10
10.77.23.10
10.77.27.15
10.77.22.13
10.77.22.15
10.77.22.10
10.77.22.11
10.77.22.13
10.77.22.14
10.77.23.11
10.77.23.10
10.77.23.11
10.77.22.10
10.77.22.11
10.77.23.11
10.77.27.13
10.77.27.15
10.77.23.12
10.77.23.12
10.77.22.15
10.77.22.10
10.77.22.12
10.77.22.11
10.77.22.11
10.77.27.14
10.77.23.10
10.77.22.15
10.77.27.15
10.77.27.13
10.77.22.10
10.77.23.11
10.77.22.12
10.77.27.13
10.77.23.11
10.77.22.10
10.77.23.12
10.77.22.13
10.77.23.11
10.77.22.13
10.77.27.15
10.77.22.15
10.77.27.14
10.77.23.11
10.77.22.11
10.77.23.11
10.77.22.15
10.77.27.15
10.77.22.13
10.77.23.12
10.77.23.11
10.77.22.13
10.77.22.13
10.77.22.14
10.77.27.14
10.77.22.15
10.77.23.10
10.77.22.10
10.77.22.14
10.77.22.12
10.77.27.13
10.77.27.15
10.77.22.11
10.77.23.10
10.77.22.12
10.77.27.14
10.77.23.12
10.77.23.10
10.77.23.10
10.77.27.13
10.77.22.10
10.77.22.12
10.77.23.11
10.77.22.10
10.77.22.10
10.77.22.12
10.77.22.13
10.77.22.14
10.77.22.11
10.77.22.13
10.77.23.12
10.77.22.10
10.77.23.10
10.77.22.11
10.77.22.12
10.77.23.12
10.77.27.13
10.77.22.13
10.77.27.14
10.77.27.14
10.77.22.11
10.77.23.11
10.77.23.12
10.77.22.14
10.77.22.13
10.77.22.12
10.77.23.12
10.77.22.13
10.77.27.15
10.77.23.10
10.77.22.15
10.77.23.12
10.77.23.11
10.77.23.12
10.77.27.15
10.77.22.13
10.77.22.11
10.77.22.14
10.77.22.13
10.77.27.13
10.77.22.10
10.77.22.11
10.77.22.10
10.77.27.14
10.77.27.13
10.77.23.12
10.77.27.15
10.77.22.13
10.77.23.10
10.77.23.12
10.77.22.14
10.77.23.11
10.77.22.10
10.77.22.10
10.77.22.14
10.77.23.12
10.77.27.14
10.77.22.13
10.77.23.11
10.77.27.14
10.77.22.14
10.77.23.11
10.77.22.14
10.77.22.11
10.77.27.15
10.77.22.10
10.77.23.12
10.77.22.10
10.77.27.15
10.77.27.15
10.77.22.12
10.77.22.14
10.77.22.11
10.77.23.12
10.77.22.12
10.77.27.15
10.77.22.14
10.77.22.11
10.77.22.11
10.77.23.11
10.77.23.12
10.77.22.11
10.77.22.15
10.77.23.11
10.77.23.11
10.77.22.12
10.77.23.10
10.77.23.11
10.77.22.10
10.77.23.11
10.77.27.15
10.77.22.13
10.77.22.13
10.77.23.11
10.77.22.13
10.77.22.11
10.77.22.15
10.77.22.10
10.77.22.13
10.77.22.14
10.77.22.14
10.77.22.11
10.77.22.11
10.77.23.10
10.77.27.14
10.77.22.10
10.77.23.10
10.77.23.10
10.77.22.15
10.77.27.14
10.77.22.14
10.77.27.14
10.77.23.11
10.77.22.11
10.77.22.10
10.77.22.14
10.77.27.15
10.77.23.10
10.77.27.14
10.77.22.12
10.77.23.10
10.77.22.14
10.77.23.10
10.77.27.14
10.77.27.14
10.77.22.10
10.77.27.13
10.77.27.15
10.77.22.15
10.77.22.12
10.77.27.15
10.77.22.14
10.77.22.15
10.77.22.14
10.77.22.12
10.77.22.13
10.77.27.14
10.77.22.12
10.77.22.13
10.77.27.14
10.77.22.10
10.77.22.10
10.77.23.11
10.77.22.13
10.77.27.13
10.77.27.13
10.77.23.11
10.77.23.10
10.77.27.13
10.77.27.13
10.77.23.11
10.77.27.15
10.77.23.10
10.77.27.14
10.77.22.13
10.77.23.10
10.77.22.12
10.77.23.11
10.77.22.12
10.77.22.10
10.77.22.15
10.77.22.11
10.77.22.13
10.77.23.12
10.77.23.10
10.77.27.14
10.77.23.10
10.77.22.10
10.77.22.11
10.77.22.15
10.77.27.13
10.77.22.12
10.77.22.15
10.77.27.13
10.77.27.14
10.77.23.10
10.77.27.15
10.77.27.14
10.77.23.11
10.77.23.12
10.77.22.14
10.77.23.11
10.77.22.15
10.77.22.15
10.77.27.14
10.77.22.11
10.77.22.15
10.77.23.12
10.77.27.15
10.77.23.10
10.77.22.12
10.77.22.11
10.77.22.10
10.77.27.14
10.77.22.13
10.77.23.12
10.77.27.13
10.77.22.15
10.77.23.12
10.77.22.10
10.77.27.14
10.77.27.15
10.77.27.15
10.77.22.11
10.77.23.12
10.77.22.14
10.77.22.14
10.77.27.13
10.77.22.15
10.77.22.13
10.77.23.10
10.77.22.12
10.77.23.12
10.77.22.15
10.77.22.13
10.77.23.10
10.77.27.14
10.77.22.11
10.77.22.14
10.77.27.14
10.77.22.15
10.77.22.14
10.77.23.10
10.77.22.10
10.77.22.10
10.77.23.12
10.77.22.13
10.77.22.12
10.77.22.12
10.77.27.15
10.77.27.14
10.77.27.13
10.77.27.13
10.77.27.15
10.77.22.10
10.77.22.14
10.77.27.14
10.77.23.12
10.77.23.12
10.77.27.15
10.77.23.11
10.77.22.11
10.77.23.11
10.77.23.12
10.77.22.14
10.77.23.11
10.77.22.12
10.77.23.12
10.77.23.10
10.77.22.10
10.77.23.12
10.77.22.11
10.77.22.11
10.77.22.12
10.77.22.14
10.77.22.10
10.77.22.11
10.77.23.12
10.77.27.14
10.77.23.12
10.77.22.10
10.77.22.13
10.77.22.10
10.77.23.10
10.77.23.12
10.77.22.14
10.77.27.15
10.77.22.10
10.77.22.10
10.77.27.14
10.77.23.12
10.77.23.12
10.77.22.11
10.77.22.11
10.77.27.15
10.77.22.10
10.77.22.10
10.77.22.15
10.77.23.11
10.77.27.15
10.77.22.13
10.77.22.10
10.77.22.10
10.77.27.13
10.77.23.12
10.77.22.14
10.77.23.12
10.77.22.11
10.77.22.14
10.77.22.12
10.77.27.13
10.77.22.15
10.77.27.15
10.77.23.12
10.77.22.15
10.77.22.10
10.77.23.12
10.77.22.10
10.77.27.15
10.77.27.13
10.77.22.15
10.77.22.11
10.77.27.14
10.77.22.15
10.77.27.15
10.77.23.11
10.77.27.13
10.77.23.11
10.77.22.15
10.77.22.12
10.77.23.12
10.77.22.15
10.77.22.11
10.77.23.10
10.77.23.10
10.77.23.11
10.77.22.15
10.77.27.13
10.77.22.14
10.77.22.13
10.77.22.12
10.77.22.10
10.77.22.11
10.77.22.10
10.77.22.15
10.77.27.15
10.77.22.11
10.77.27.14
10.77.22.15
10.77.23.12
10.77.22.13
10.77.27.14
10.77.22.11
10.77.22.12
10.77.22.12
10.77.27.15
10.77.22.15
10.77.27.15
10.77.22.10
10.77.23.12
10.77.22.10
10.77.23.10
10.77.23.10
10.77.22.15
10.77.23.12
10.77.27.15
10.77.27.15
10.77.27.13
10.77.22.15
10.77.22.14
10.77.27.13
10.77.27.14
10.77.22.11
10.77.22.13
10.77.22.15
10.77.27.14
10.77.23.11
10.77.22.15
10.77.22.13
10.77.22.12
10.77.23.12
10.77.27.13
10.77.22.10
10.77.27.15
10.77.23.11
10.77.27.13
10.77.27.14
10.77.22.13
10.77.22.11
10.77.22.15
10.77.22.10
10.77.27.13
10.77.22.12
10.77.23.10
10.77.23.12
10.77.23.12
10.77.22.15
10.77.27.14
10.77.22.15
10.77.23.10
10.77.22.11
10.77.22.14
10.77.23.10
10.77.22.13
10.77.22.11
10.77.27.14
10.77.23.12
10.77.27.13
10.77.27.14
10.77.22.11
10.77.22.10
10.77.27.15
10.77.27.15
10.77.22.10
10.77.27.13
10.77.27.14
10.77.27.13
10.77.23.12
10.77.23.11
10.77.22.11
10.77.22.14
10.77.22.13
10.77.22.15
10.77.22.12
10.77.23.12
10.77.27.15
10.77.23.12
10.77.23.12
10.77.27.15
10.77.22.12
10.77.22.11
10.77.22.12
10.77.22.15
10.77.22.11
10.77.27.14
10.77.22.11
10.77.22.13
10.77.22.12
10.77.22.15
10.77.22.13
10.77.27.14
10.77.22.11
10.77.22.14
10.77.27.13
10.77.22.14
10.77.22.14
10.77.22.12
10.77.27.15
10.77.22.13
10.77.22.10
10.77.27.14
10.77.22.12
10.77.22.10
10.77.27.15
10.77.27.14
10.77.27.14
10.77.22.12
10.77.23.12
10.77.22.13
10.77.23.12
10.77.27.13
10.77.27.15
10.77.23.10
10.77.22.15
10.77.22.12
10.77.22.12
10.77.22.15
10.77.23.11
10.77.27.15
10.77.22.14
10.77.22.11
10.77.23.10
10.77.27.14
10.77.22.13
10.77.27.13
10.77.27.13
10.77.23.12
10.77.22.14
10.77.27.14
10.77.27.13
10.77.23.10
10.77.22.15
10.77.22.10
10.77.22.15
10.77.23.10
10.77.23.10
10.77.22.12
10.77.22.12
10.77.23.11
10.77.22.15
10.77.22.10
10.77.23.10
10.77.22.10
10.77.27.13
10.77.22.15
10.77.23.11
10.77.22.11
10.77.27.13
10.77.22.13
10.77.22.15
10.77.22.14
10.77.27.14
10.77.23.12
10.77.27.14
10.77.23.10
10.77.23.10
10.77.27.13
10.77.23.11
10.77.22.10
10.77.27.14
10.77.22.15
10.77.22.15
10.77.22.15
10.77.27.15
10.77.27.13
10.77.22.10
10.77.22.15
10.77.23.10
10.77.27.14
10.77.22.13
10.77.22.14
10.77.22.12
10.77.22.10
10.77.27.15
10.77.22.14
10.77.22.11
10.77.22.15
10.77.22.11
10.77.23.10
10.77.22.15
10.77.22.15
10.77.27.15
10.77.27.13
10.77.27.13
10.77.22.15
10.77.27.14
10.77.23.12
10.77.22.14
10.77.27.13
10.77.23.10
10.77.22.12
10.77.23.10
10.77.23.10
10.77.22.12
10.77.22.15
10.77.27.14
10.77.22.12
10.77.22.12
10.77.27.15
10.77.22.13
10.77.27.14
10.77.22.12
10.77.27.13
10.77.22.12
10.77.23.11
10.77.27.15
10.77.27.14
10.77.22.15
10.77.22.13
10.77.22.11
10.77.22.15
10.77.27.13
10.77.22.11
10.77.22.15
10.77.22.13
10.77.23.12
10.77.23.12
10.77.27.15
10.77.27.14
10.77.22.15
10.77.22.14
10.77.22.11
10.77.23.11
10.77.27.13
10.77.22.12
10.77.22.12
10.77.22.11
10.77.22.14
10.77.22.12
10.77.27.15
10.77.27.13
10.77.22.14
10.77.22.11
10.77.22.10
10.77.27.14
10.77.22.12
10.77.23.10
10.77.23.10
10.77.22.13
10.77.22.11
10.77.22.12
10.77.22.10
10.77.22.11
10.77.22.10
10.77.27.13
10.77.23.12
10.77.22.11
10.77.27.15
10.77.23.10
10.77.22.10
10.77.22.15
10.77.22.13
10.77.22.14
10.77.22.15
10.77.27.13
10.77.23.10
10.77.22.15
10.77.22.13
10.77.23.10
10.77.27.14
10.77.22.13
10.77.22.11
10.77.22.10
10.77.22.10
10.77.22.11
10.77.27.13
10.77.27.15
10.77.22.14
10.77.27.15
10.77.22.13
10.77.27.14
10.77.27.13
10.77.22.10
10.77.22.15
10.77.27.13
10.77.22.13
10.77.27.15
10.77.22.14
10.77.23.11
10.77.22.10
10.77.22.11
10.77.23.10
10.77.22.15
10.77.22.13
10.77.27.14
10.77.27.13
10.77.23.11
10.77.22.15
10.77.23.11
10.77.27.13
10.77.23.12
10.77.27.14
10.77.22.13
10.77.27.14
10.77.27.13
10.77.27.15
10.77.23.11
10.77.22.15
10.77.22.13
10.77.22.15
10.77.23.11
10.77.22.13
10.77.22.10
10.77.27.14
10.77.27.14
10.77.27.14
10.77.23.12
10.77.22.10
10.77.23.10
10.77.27.15
10.77.22.12
10.77.23.11
10.77.22.14
10.77.23.10
10.77.22.11
10.77.27.14
10.77.22.15
10.77.27.15
10.77.23.12
10.77.27.15
10.77.22.13
10.77.27.15
10.77.22.13
10.77.23.11
10.77.27.13
10.77.27.14
10.77.22.15
10.77.22.11
10.77.23.12
10.77.23.11
10.77.23.12
10.77.23.12
10.77.23.10
10.77.22.14
10.77.23.10
10.77.22.13
10.77.22.14
10.77.27.15
10.77.22.11
10.77.23.12
10.77.27.13
10.77.27.13
10.77.23.10
10.77.22.15
10.77.22.11
10.77.22.10
10.77.23.11
10.77.23.10
10.77.22.14
10.77.27.14
10.77.23.11
10.77.27.15
10.77.27.14
10.77.22.15
10.77.22.15
10.77.22.10
10.77.27.13
10.77.27.15
10.77.22.10
10.77.27.13
10.77.22.14
10.77.22.12
10.77.22.15
10.77.22.12
10.77.22.13
10.77.27.14
10.77.22.15
10.77.22.12
10.77.22.11
10.77.27.13
10.77.22.13
10.77.23.10
10.77.23.12
10.77.22.13
10.77.22.15
10.77.23.11
10.77.22.15
10.77.22.10
10.77.23.12
10.77.27.14
10.77.23.11
10.77.27.15
10.77.27.14
10.77.22.15
10.77.22.14
10.77.22.11
10.77.22.11
10.77.22.13
10.77.22.13
10.77.23.11
10.77.23.12
10.77.27.15
10.77.27.14
10.77.22.12
10.77.22.15
10.77.22.14
10.77.27.14
10.77.27.14
10.77.22.11
10.77.22.10
10.77.22.10
10.77.22.15
10.77.23.12
10.77.23.12
10.77.27.13
10.77.22.10
10.77.27.14
10.77.23.11
10.77.22.10
10.77.23.11
10.77.23.11
10.77.22.12
10.77.22.14
10.77.22.15
10.77.22.11
10.77.22.15
10.77.27.14
10.77.22.10
10.77.27.15
10.77.22.10
10.77.23.12
10.77.22.11
10.77.22.14
10.77.22.10
10.77.22.12
10.77.23.10
10.77.27.13
10.77.22.13
10.77.23.11
10.77.27.14
10.77.22.14
10.77.27.14
10.77.27.15
10.77.27.13
10.77.22.13
10.77.27.14
10.77.23.12
10.77.23.10
10.77.22.10
10.77.23.12
10.77.22.14
10.77.27.15
10.77.23.12
10.77.23.10
10.77.22.15
10.77.22.12
10.77.22.14
10.77.22.10
10.77.22.12
10.77.22.10
10.77.22.10
10.77.22.10
10.77.27.14
10.77.27.13
10.77.23.12
10.77.27.13
10.77.27.13
10.77.27.15
10.77.22.11
10.77.27.14
10.77.22.10
10.77.22.13
10.77.22.10
10.77.22.15
10.77.22.10
10.77.22.15
10.77.27.13
10.77.22.10
10.77.22.10
10.77.22.14
10.77.22.12
10.77.22.11
10.77.22.12
10.77.23.11
10.77.22.11
10.77.22.15
10.77.22.15
10.77.22.12
10.77.23.11
10.77.27.13
10.77.23.11
10.77.23.12
10.77.22.14
10.77.22.11
10.77.22.14
10.77.22.12
10.77.22.11
10.77.27.13
10.77.27.15
10.77.22.13
10.77.27.15
10.77.23.12
10.77.22.10
10.77.27.14
10.77.22.10
10.77.22.15
10.77.27.14
10.77.27.13
10.77.22.10
10.77.22.10
10.77.27.14
10.77.22.13
10.77.22.15
10.77.27.14
10.77.22.13
10.77.23.11
10.77.22.13
10.77.22.14
10.77.22.12
10.77.23.12
10.77.22.13
10.77.23.11
10.77.23.12
10.77.23.11
10.77.23.10
10.77.22.14
10.77.22.14
10.77.27.15
10.77.22.15
10.77.22.12
10.77.22.11
10.77.22.15
10.77.23.10
10.77.23.11
10.77.22.12
10.77.23.10
10.77.23.11
10.77.22.13
10.77.22.11
10.77.22.11
10.77.22.10
10.77.22.12
10.77.22.13
10.77.22.10
10.77.22.15
10.77.23.11
10.77.23.11
10.77.23.10
10.77.22.14
10.77.22.11
10.77.27.13
10.77.22.11
10.77.22.14
10.77.22.15
10.77.22.11
10.77.22.11
10.77.22.11
10.77.22.13
10.77.22.13
10.77.27.15
10.77.22.13
10.77.22.13
10.77.23.11
10.77.27.15
10.77.23.10
10.77.27.14
10.77.27.13
10.77.22.12
10.77.22.15
10.77.27.15
10.77.22.10
10.77.27.14
10.77.22.12
10.77.23.11
10.77.22.12
10.77.23.10
10.77.23.11
10.77.22.15
10.77.23.11
10.77.22.14
10.77.27.15
10.77.23.10
10.77.22.13
10.77.22.12
10.77.23.10
10.77.22.10
10.77.23.12
10.77.22.14
10.77.27.14
10.77.27.13
10.77.22.11
10.77.23.10
10.77.23.10
10.77.22.11
10.77.22.14
10.77.22.14
10.77.22.11
10.77.22.11
10.77.23.11
10.77.27.14
10.77.23.10
10.77.23.10
10.77.22.11
10.77.22.15
10.77.27.14
10.77.22.15
10.77.22.10
10.77.22.11
10.77.22.11
10.77.27.14
10.77.23.10
10.77.22.11
10.77.22.15
10.77.22.14
10.77.22.14
10.77.23.12
10.77.22.14
10.77.27.14
10.77.23.11
10.77.27.13
10.77.23.11
10.77.22.11
10.77.22.12
10.77.22.12
10.77.23.10
10.77.22.12
10.77.22.10
10.77.27.15
10.77.22.13
10.77.27.14
10.77.22.12
10.77.22.11
10.77.22.15
10.77.23.11
10.77.22.10
10.77.23.12
10.77.22.12
10.77.23.11
10.77.23.10
10.77.27.14
10.77.23.11
10.77.22.15
10.77.22.14
10.77.27.14
10.77.22.14
10.77.22.12
10.77.22.10
10.77.23.12
10.77.27.15
10.77.22.10
10.77.22.13
10.77.22.12
10.77.27.13
10.77.22.13
10.77.27.14
10.77.22.14
10.77.22.15
10.77.22.11
10.77.22.11
10.77.27.13
10.77.22.13
10.77.23.12
10.77.22.12
10.77.22.13
10.77.22.15
10.77.23.12
10.77.22.11
10.77.22.14
10.77.27.15
10.77.23.11
10.77.22.10
10.77.22.12
10.77.27.14
10.77.22.12
10.77.23.12
10.77.27.14
10.77.22.10
10.77.23.12
10.77.22.10
10.77.23.10
10.77.22.12
10.77.22.14
10.77.23.12
10.77.22.11
10.77.27.14
10.77.22.14
10.77.23.10
10.77.23.12
10.77.22.10
10.77.23.12
10.77.23.11
10.77.23.11
10.77.23.11
10.77.22.14
10.77.23.12
10.77.23.10
10.77.23.12
10.77.23.12
10.77.22.12
10.77.22.14
10.77.23.12
10.77.22.15
10.77.22.10
10.77.22.15
10.77.22.11
10.77.22.11
10.77.22.10
10.77.23.10
10.77.23.11
10.77.22.15
10.77.22.12
10.77.22.11
10.77.23.10
10.77.22.11
10.77.22.14
10.77.27.14
10.77.27.13
10.77.23.10
10.77.23.10
10.77.22.14
10.77.23.12
10.77.27.15
10.77.27.13
10.77.22.12
10.77.27.15
10.77.22.14
10.77.22.14
10.77.22.15
10.77.27.15
10.77.22.15
10.77.22.14
10.77.22.13
10.77.22.14
10.77.23.12
10.77.27.14
10.77.23.10
10.77.27.15
10.77.23.12
10.77.22.12
10.77.27.13
10.77.27.13
10.77.22.15
10.77.22.12
10.77.22.10
10.77.27.14
10.77.22.11
10.77.23.11
10.77.22.10
10.77.27.14
10.77.27.14
10.77.27.14
10.77.22.11
10.77.27.15
10.77.23.10
10.77.27.13
10.77.27.13
10.77.22.11
10.77.22.14
10.77.22.11
10.77.22.15
10.77.23.11
10.77.23.12
10.77.27.13
10.77.27.14
10.77.22.12
10.77.22.15
10.77.27.14
10.77.22.13
10.77.22.13
10.77.22.11
10.77.27.13
10.77.22.15
10.77.27.13
10.77.22.15
10.77.27.14
10.77.22.15
10.77.22.10
10.77.22.10
10.77.22.14
10.77.22.10
10.77.27.13
10.77.22.10
10.77.22.10
10.77.23.10
10.77.22.11
10.77.27.14
10.77.23.10
10.77.22.14
10.77.22.11
10.77.23.10
10.77.22.13
10.77.27.14
10.77.22.12
10.77.22.10
10.77.27.15
10.77.22.12
10.77.22.10
10.77.23.10
10.77.22.14
10.77.22.14
10.77.23.11
10.77.23.12
10.77.22.11
10.77.22.15
10.77.22.15
10.77.23.11
10.77.23.12
10.77.23.11
10.77.22.15
10.77.22.14
10.77.22.10
10.77.22.13
10.77.23.12
10.77.22.11
10.77.22.13
10.77.22.15
10.77.23.10
10.77.22.11
10.77.23.10
10.77.22.10
10.77.22.12
10.77.23.11
10.77.23.10
10.77.22.10
10.77.27.15
10.77.23.10
10.77.22.10
10.77.23.11
10.77.23.11
10.77.22.15
10.77.27.14
10.77.22.14
10.77.22.10
10.77.22.11
10.77.23.12
10.77.23.11
10.77.22.12
10.77.23.12
10.77.22.15
10.77.22.10
10.77.23.10
10.77.23.10
10.77.23.12
10.77.22.13
10.77.22.13
10.77.22.11
10.77.23.12
10.77.22.15
10.77.22.13
10.77.23.11
10.77.27.14
10.77.27.13
10.77.23.12
10.77.27.13
10.77.27.13
10.77.23.10
10.77.23.12
10.77.27.14
10.77.27.14
10.77.22.14
10.77.27.15
10.77.27.15
10.77.22.14
10.77.22.12
10.77.22.10
10.77.23.12
10.77.22.15
10.77.23.12
10.77.22.11
10.77.23.10
10.77.23.10
10.77.27.15
10.77.22.11
10.77.22.14
10.77.23.11
10.77.23.10
10.77.22.15
10.77.27.13
10.77.22.11
10.77.23.10
10.77.22.14
10.77.22.11
10.77.27.13
10.77.27.15
10.77.23.10
10.77.27.15
10.77.22.14
10.77.23.10
10.77.22.13
10.77.22.10
10.77.27.14
10.77.22.13
10.77.22.13
10.77.22.11
10.77.23.10
10.77.23.12
10.77.23.11
10.77.22.15
10.77.22.15
10.77.23.11
10.77.22.13
10.77.27.15
10.77.23.11
10.77.27.14
10.77.27.13
10.77.23.10
10.77.27.14
10.77.22.14
10.77.22.13
10.77.22.13
10.77.22.13
10.77.23.12
10.77.22.14
10.77.22.10
10.77.22.13
10.77.22.13
10.77.27.14
10.77.22.10
10.77.22.10
10.77.22.13
10.77.22.15
10.77.27.13
10.77.22.10
10.77.23.11
10.77.22.15
10.77.27.14
10.77.27.13
10.77.22.15
10.77.27.13
10.77.22.15
10.77.22.11
10.77.22.13
10.77.22.10
10.77.22.11
10.77.27.14
10.77.27.13
10.77.27.13
10.77.27.15
10.77.23.12
10.77.22.11
10.77.27.15
10.77.23.11
10.77.27.13
10.77.22.14
10.77.22.15
10.77.23.11
10.77.27.15
10.77.22.12
10.77.23.12
10.77.22.14
10.77.27.13
10.77.27.14
10.77.23.12
10.77.23.11
10.77.23.11
10.77.27.14
10.77.22.13
10.77.22.11
10.77.27.14
10.77.27.13
10.77.27.13
10.77.27.13
10.77.23.12
10.77.22.13
10.77.22.11
10.77.27.15
10.77.27.15
10.77.27.13
10.77.22.13
10.77.23.10
10.77.22.15
10.77.22.11
10.77.22.10
10.77.23.10
10.77.23.11
10.77.23.11
10.77.22.11
10.77.23.12
10.77.22.12
10.77.22.15
10.77.22.12
10.77.22.11
10.77.22.10
10.77.23.10
10.77.27.13
10.77.27.15
10.77.23.10
10.77.27.13
10.77.23.11
10.77.22.10
10.77.22.13
10.77.23.11
10.77.27.13
10.77.23.10
10.77.22.11
10.77.23.12
10.77.22.14
10.77.27.13
10.77.27.15
10.77.23.11
10.77.22.10
10.77.23.10
10.77.27.14
10.77.23.12
10.77.23.10
10.77.22.11
10.77.22.13
10.77.27.14
10.77.22.11
10.77.27.13
10.77.22.10
10.77.22.10
10.77.27.13
10.77.27.14
10.77.27.14
10.77.27.13
10.77.27.13
10.77.22.13
10.77.27.13
10.77.27.15
10.77.22.12
10.77.23.10
10.77.22.14
10.77.27.14
10.77.27.14
10.77.27.13
10.77.22.10
10.77.23.10
10.77.22.14
10.77.23.12
10.77.22.13
10.77.22.12
10.77.23.12
10.77.22.12
10.77.23.10
10.77.27.13
10.77.27.15
10.77.27.15
10.77.22.13
10.77.23.10
10.77.22.11
10.77.22.14
10.77.22.13
10.77.22.13
10.77.27.15
10.77.27.14
10.77.23.12
10.77.22.11
10.77.22.15
10.77.22.12
10.77.23.10
10.77.22.12
10.77.22.15
10.77.23.11
10.77.27.14
10.77.27.13
10.77.23.12
10.77.22.11
10.77.22.11
10.77.23.10
10.77.27.13
10.77.27.13
10.77.27.13
10.77.22.11
10.77.27.15
10.77.22.15
10.77.27.13
10.77.22.11
10.77.27.14
10.77.23.10
10.77.22.11
10.77.23.10
10.77.22.15
10.77.23.12
10.77.23.12
10.77.27.14
10.77.22.13
10.77.27.13
10.77.23.11
10.77.23.10
10.77.23.10
10.77.22.13
10.77.22.14
10.77.22.13
10.77.22.13
10.77.22.15
10.77.22.13
10.77.23.12
10.77.27.14
10.77.22.10
10.77.27.14
10.77.22.12
10.77.22.10
10.77.23.12
10.77.22.13
10.77.23.12
10.77.27.14
10.77.27.15
10.77.22.14
10.77.22.11
10.77.23.10
10.77.27.13
10.77.22.11
10.77.23.12
10.77.22.13
10.77.23.10
10.77.27.14
10.77.23.11
10.77.22.13
10.77.23.12
10.77.22.10
10.77.23.11
10.77.22.15
10.77.22.13
10.77.22.13
10.77.22.12
10.77.23.12
10.77.27.13
10.77.23.11
10.77.22.13
10.77.22.15
10.77.22.12
10.77.27.15
10.77.22.13
10.77.27.14
10.77.22.12
10.77.27.14
10.77.22.13
10.77.22.15
10.77.22.10
10.77.22.12
10.77.22.15
10.77.22.13
10.77.27.14
10.77.22.11
10.77.27.14
10.77.22.11
10.77.27.14
10.77.27.13
10.77.22.14
10.77.22.14
10.77.23.10
10.77.27.14
10.77.22.12
10.77.22.13
10.77.22.11
10.77.23.12
10.77.27.15
10.77.27.13
10.77.22.12
10.77.27.14
10.77.22.12
10.77.23.12
10.77.27.14
10.77.22.11
10.77.23.12
10.77.22.14
10.77.23.12
10.77.27.15
10.77.22.11
10.77.22.13
10.77.22.13
10.77.23.12
10.77.22.15
10.77.27.13
10.77.23.12
10.77.27.15
10.77.22.11
10.77.23.11
10.77.27.13
10.77.22.10
10.77.22.10
10.77.27.13
10.77.22.15
10.77.27.15
10.77.27.15
10.77.27.13
10.77.22.13
10.77.22.14
10.77.23.11
10.77.27.14
10.77.27.13
10.77.27.14
10.77.27.13
10.77.22.13
10.77.23.12
10.77.22.15
10.77.27.14
10.77.22.15
10.77.23.10
10.77.23.12
10.77.22.15
10.77.22.14
10.77.22.12
10.77.22.14
10.77.22.10
10.77.27.14
10.77.27.15
10.77.22.10
10.77.22.11
10.77.27.15
10.77.22.14
10.77.23.12
10.77.27.13
10.77.27.13
10.77.22.12
10.77.23.11
10.77.22.11
10.77.22.11
10.77.22.13
10.77.22.15
10.77.23.10
10.77.23.12
10.77.23.11
10.77.22.15
10.77.22.10
10.77.22.13
10.77.27.15
10.77.27.15
10.77.27.14
10.77.22.10
10.77.22.11
10.77.22.13
10.77.22.11
10.77.22.15
10.77.27.15
10.77.22.10
10.77.27.14
10.77.23.12
10.77.23.12
10.77.23.12
10.77.27.15
10.77.23.12
10.77.22.12
10.77.22.11
10.77.22.11
10.77.27.14
10.77.23.10
10.77.22.10
10.77.22.10
10.77.22.10
10.77.23.11
10.77.22.14
10.77.22.15
10.77.22.10
10.77.22.15
10.77.27.14
10.77.27.13
10.77.23.11
10.77.22.10
10.77.22.15
10.77.22.15
10.77.22.15
10.77.22.11
10.77.22.12
10.77.22.14
10.77.23.12
10.77.27.15
10.77.22.10
10.77.22.14
10.77.23.11
10.77.22.14
10.77.22.10
10.77.23.12
10.77.22.14
10.77.22.12
10.77.23.12
10.77.23.10
10.77.27.15
10.77.23.11
10.77.27.15
10.77.22.12
10.77.23.11
10.77.27.15
10.77.22.12
10.77.27.14
10.77.22.12
10.77.22.14
10.77.27.15
10.77.23.12
10.77.27.15
10.77.22.14
10.77.23.12
10.77.22.13
10.77.27.15
10.77.22.13
10.77.23.12
10.77.27.15
10.77.23.11
10.77.22.12
10.77.22.14
10.77.22.10
10.77.22.11
10.77.22.12
10.77.23.12
10.77.23.10
10.77.27.15
10.77.22.12
10.77.22.14
10.77.23.11
10.77.22.11
10.77.27.14
10.77.27.15
10.77.23.11
10.77.22.12
10.77.22.13
10.77.27.15
10.77.23.11
10.77.27.15
10.77.23.12
10.77.27.15
10.77.22.12
10.77.22.12
10.77.22.11
10.77.23.11
10.77.22.15
10.77.27.13
10.77.22.10
10.77.22.14
10.77.27.13
10.77.27.15
10.77.27.14
10.77.23.11
10.77.22.12
10.77.22.10
10.77.22.14
10.77.22.11
10.77.22.15
10.77.23.10
10.77.22.13
10.77.23.11
10.77.23.11
10.77.22.12
10.77.22.10
10.77.23.11
10.77.22.15
10.77.27.13
10.77.22.15
10.77.22.10
10.77.27.14
10.77.22.14
10.77.23.11
10.77.27.15
10.77.23.11
10.77.22.11
10.77.22.13
10.77.22.13
10.77.22.10
10.77.27.15
10.77.22.10
10.77.22.15
10.77.27.14
10.77.23.11
10.77.27.13
10.77.22.13
10.77.22.13
10.77.22.13
10.77.22.13
10.77.22.12
10.77.23.12
10.77.27.15
10.77.22.15
10.77.22.12
10.77.22.15
10.77.22.15
10.77.27.15
10.77.22.15
10.77.23.10
10.77.22.15
10.77.22.11
10.77.22.12
10.77.22.12
10.77.22.10
10.77.22.10
10.77.27.14
10.77.22.12
10.77.22.11
10.77.27.13
10.77.22.14
10.77.22.10
10.77.23.12
10.77.23.10
10.77.22.15
10.77.27.15
10.77.27.15
10.77.27.13
10.77.23.11
10.77.27.14
10.77.22.13
10.77.23.10
10.77.22.12
10.77.22.15
10.77.27.14
10.77.27.14
10.77.27.13
10.77.23.11
10.77.22.13
10.77.27.13
10.77.22.14
10.77.22.12
10.77.23.11
10.77.27.13
10.77.22.15
10.77.22.12
10.77.22.11
10.77.23.10
10.77.22.15
10.77.22.15
10.77.27.14
10.77.27.15
10.77.22.11
10.77.27.13
10.77.27.13
10.77.23.10
10.77.27.13
10.77.27.14
10.77.22.11
10.77.23.10
10.77.22.10
10.77.23.12
10.77.22.11
10.77.22.13
10.77.22.13
10.77.22.10
10.77.22.14
10.77.27.15
10.77.22.12
10.77.23.11
10.77.27.13
10.77.22.15
10.77.22.14
10.77.22.12
10.77.27.14
10.77.22.13
10.77.22.11
10.77.23.11
10.77.22.13
10.77.23.11
10.77.22.15
10.77.22.11
10.77.23.12
10.77.27.13
10.77.23.10
10.77.22.11
10.77.23.10
10.77.23.10
10.77.27.13
10.77.22.11
10.77.27.14
10.77.23.10
10.77.22.11
10.77.22.12
10.77.23.11
10.77.22.13
10.77.23.10
10.77.22.15
10.77.22.13
10.77.22.14
10.77.23.12
10.77.22.13
10.77.27.15
10.77.22.12
10.77.22.14
10.77.22.13
10.77.22.12
10.77.23.12
10.77.22.15
10.77.27.15
10.77.27.15
10.77.27.13
10.77.23.10
10.77.27.13
10.77.22.10
10.77.23.12
10.77.22.15
10.77.23.11
10.77.22.11
10.77.27.15
10.77.27.15
10.77.22.11
10.77.23.10
10.77.27.13
10.77.22.12
10.77.27.14
10.77.22.12
10.77.23.11
10.77.23.11
10.77.22.14
10.77.22.15
10.77.22.10
10.77.23.11
10.77.22.12
10.77.23.11
10.77.22.11
10.77.22.12
10.77.23.12
10.77.22.12
10.77.27.15
10.77.27.14
10.77.22.11
10.77.22.11
10.77.22.15
10.77.22.14
10.77.22.11
10.77.22.14
10.77.23.10
10.77.22.15
10.77.22.15
10.77.27.15
10.77.23.10
10.77.23.11
10.77.27.15
10.77.27.14
10.77.22.11
10.77.23.10
10.77.27.15
10.77.27.14
10.77.23.12
10.77.27.13
10.77.22.11
10.77.23.10
10.77.22.11
10.77.27.14
10.77.22.12
10.77.22.14
10.77.22.12
10.77.22.14
10.77.22.13
10.77.22.14
10.77.23.11
10.77.22.12
10.77.23.11
10.77.23.10
10.77.22.13
10.77.22.15
10.77.22.12
10.77.22.10
10.77.22.10
10.77.22.14
10.77.23.12
10.77.23.11
10.77.27.14
10.77.22.11
10.77.22.13
10.77.23.10
10.77.23.12
10.77.23.12
10.77.23.10
10.77.22.13
10.77.22.10
10.77.22.12
10.77.27.14
10.77.22.13
10.77.23.11
10.77.22.12
10.77.22.12
10.77.23.10
10.77.22.13
10.77.27.13
10.77.23.12
10.77.22.10
10.77.27.13
10.77.22.14
10.77.22.11
10.77.22.13
10.77.22.11
10.77.22.11
10.77.23.12
10.77.22.15
10.77.27.13
10.77.22.15
10.77.23.10
10.77.27.14
10.77.22.10
10.77.23.10
10.77.23.12
10.77.23.12
10.77.27.14
10.77.22.11
10.77.22.10
10.77.22.11
10.77.22.11
10.77.22.14
10.77.23.10
10.77.27.14
10.77.23.12
10.77.22.15
10.77.22.13
10.77.22.14
10.77.22.15
10.77.22.12
10.77.27.13
10.77.22.12
10.77.27.13
10.77.27.15
10.77.27.15
10.77.23.12
10.77.22.14
10.77.22.10
10.77.27.14
10.77.22.12
10.77.22.11
10.77.27.13
10.77.23.10
10.77.23.12
10.77.22.13
10.77.27.15
10.77.27.13
10.77.22.14
10.77.22.14
10.77.23.10
10.77.27.14
10.77.23.11
10.77.27.13
10.77.22.11
10.77.27.14
10.77.22.15
10.77.22.14
10.77.23.11
10.77.22.11
10.77.27.14
10.77.22.11
10.77.23.10
10.77.22.12
10.77.22.12
10.77.27.15
10.77.22.11
10.77.22.10
10.77.27.14
10.77.22.10
10.77.22.15
10.77.22.10
10.77.22.13
10.77.22.14
10.77.27.13
10.77.22.14
10.77.22.15
10.77.22.14
10.77.27.13
10.77.27.13
10.77.27.14
10.77.27.15
10.77.22.13
10.77.22.12
10.77.22.12
10.77.23.12
10.77.22.13
10.77.23.11
10.77.23.12
10.77.22.14
10.77.27.14
10.77.22.10
10.77.22.11
10.77.23.12
10.77.22.12
10.77.22.10
10.77.22.14
10.77.22.14
10.77.23.12
10.77.27.13
10.77.22.15
10.77.23.11
10.77.27.13
10.77.23.10
10.77.27.14
10.77.23.12
10.77.22.14
10.77.23.10
10.77.23.10
10.77.27.15
10.77.23.11
10.77.22.11
10.77.22.11
10.77.23.10
10.77.22.14
10.77.22.11
10.77.22.11
10.77.27.15
10.77.27.13
10.77.23.11
10.77.23.12
10.77.22.14
10.77.22.10
10.77.22.11
10.77.27.15
10.77.23.11
10.77.22.11
10.77.27.14
10.77.22.11
10.77.22.12
10.77.27.14
10.77.22.12
10.77.23.12
10.77.27.13
10.77.22.11
10.77.22.10
10.77.27.13
10.77.22.12
10.77.22.14
10.77.22.14
10.77.22.14
10.77.22.14
10.77.22.15
10.77.27.14
10.77.27.14
10.77.22.15
10.77.23.11
10.77.23.10
10.77.22.10
10.77.27.14
10.77.22.13
10.77.27.14
10.77.22.14
10.77.22.13
10.77.23.11
10.77.22.15
10.77.22.10
10.77.23.11
10.77.22.12
10.77.22.15
10.77.27.13
10.77.23.11
10.77.27.13
10.77.23.10
10.77.22.14
10.77.22.14
10.77.22.11
10.77.27.15
10.77.27.15
10.77.27.14
10.77.22.15
10.77.22.11
10.77.22.11
10.77.27.14
10.77.22.13
10.77.22.10
10.77.27.14
10.77.27.15
10.77.22.15
10.77.22.12
10.77.22.10
10.77.22.14
10.77.22.15
10.77.23.11
10.77.23.10
10.77.23.10
10.77.22.11
10.77.27.14
10.77.23.10
10.77.22.12
10.77.22.13
10.77.22.10
10.77.23.11
10.77.22.14
10.77.23.12
10.77.23.10
10.77.23.10
10.77.22.13
10.77.22.15
10.77.27.15
10.77.23.11
10.77.27.14
10.77.22.14
10.77.27.13
10.77.22.14
10.77.27.15
10.77.23.12
10.77.23.11
10.77.22.10
10.77.23.10
10.77.27.14
10.77.22.14
10.77.27.13
10.77.27.14
10.77.23.12
10.77.22.13
10.77.22.13
10.77.22.15
10.77.22.15
10.77.27.14
10.77.22.13
10.77.23.11
10.77.22.13
10.77.27.15
10.77.27.13
10.77.27.13
10.77.22.11
10.77.22.13
10.77.27.14
10.77.23.12
10.77.23.11
10.77.23.12
10.77.27.13
10.77.23.12
10.77.27.13
10.77.22.12
10.77.22.13
10.77.22.11
10.77.22.15
10.77.22.15
10.77.23.10
10.77.27.14
10.77.22.14
10.77.27.14
10.77.23.12
10.77.22.12
10.77.22.12
10.77.22.15
10.77.22.12
10.77.27.14
10.77.22.15
10.77.22.15
10.77.22.10
10.77.23.10
10.77.22.11
10.77.27.13
10.77.27.15
10.77.23.10
10.77.22.15
10.77.23.11
10.77.22.15
10.77.27.14
10.77.22.14
10.77.27.13
10.77.22.15
10.77.22.10
10.77.22.12
10.77.27.13
10.77.27.15
10.77.22.10
10.77.23.11
10.77.23.10
10.77.22.10
10.77.22.14
10.77.27.14
10.77.22.14
10.77.23.12
10.77.27.14
10.77.23.11
10.77.23.12
10.77.23.12
10.77.27.13
10.77.22.14
10.77.22.15
10.77.27.13
10.77.22.13
10.77.23.12
10.77.27.13
10.77.22.12
10.77.22.14
10.77.27.13
10.77.27.14
10.77.23.11
10.77.22.10
10.77.23.10
10.77.23.11
10.77.27.13
10.77.22.10
10.77.23.12
10.77.27.14
10.77.22.15
10.77.22.15
10.77.22.13
10.77.23.10
10.77.27.13
10.77.22.11
10.77.27.13
10.77.23.11
10.77.22.14
10.77.27.14
10.77.22.10
10.77.27.14
10.77.22.11
10.77.27.14
10.77.27.15
10.77.23.10
10.77.27.14
10.77.23.11
10.77.27.15
10.77.22.10
10.77.22.10
10.77.22.13
10.77.22.14
10.77.22.13
10.77.23.12
10.77.22.14
10.77.23.11
10.77.23.12
10.77.27.14
10.77.22.13
10.77.27.14
10.77.22.12
10.77.22.11
10.77.27.14
10.77.22.11
10.77.22.11
10.77.22.15
10.77.22.11
10.77.22.14
10.77.22.12
10.77.27.14
10.77.27.14
10.77.23.12
10.77.27.13
10.77.27.14
10.77.27.15
10.77.23.11
10.77.22.11
10.77.22.11
10.77.22.10
10.77.22.11
10.77.23.10
10.77.27.14
10.77.22.14
10.77.22.10
10.77.22.13
10.77.22.11
10.77.22.14
10.77.22.14
10.77.22.12
10.77.22.15
10.77.22.12
10.77.22.12
10.77.23.11
10.77.22.15
10.77.22.14
10.77.27.15
10.77.27.14
10.77.22.15
10.77.22.12
10.77.27.15
10.77.23.12
10.77.22.10
10.77.27.14
10.77.27.15
10.77.22.10
10.77.22.10
10.77.23.11
10.77.22.10
10.77.23.11
10.77.22.10
10.77.27.13
10.77.23.12
10.77.23.10
10.77.22.15
10.77.22.12
10.77.23.10
10.77.22.15
10.77.27.13
10.77.23.11
10.77.23.11
10.77.27.15
10.77.22.15
10.77.27.13
10.77.22.10
10.77.22.10
10.77.22.14
10.77.27.13
10.77.27.15
10.77.27.13
10.77.23.12
10.77.22.14
10.77.23.10
10.77.27.13
10.77.23.11
10.77.27.15
10.77.23.12
10.77.22.12
10.77.22.14
10.77.23.11
10.77.23.11
10.77.27.14
10.77.27.14
10.77.22.10
10.77.22.11
10.77.27.15
10.77.23.10
10.77.23.12
10.77.22.11
10.77.22.14
10.77.27.13
10.77.22.10
10.77.23.12
10.77.23.12
10.77.23.11
10.77.23.10
10.77.27.13
10.77.27.15
10.77.23.12
10.77.23.10
10.77.23.10
10.77.27.15
10.77.23.10
10.77.27.13
10.77.23.12
10.77.23.10
10.77.22.11
10.77.22.10
10.77.22.12
10.77.23.10
10.77.27.15
10.77.22.13
10.77.22.10
10.77.22.11
10.77.23.10
10.77.27.15
10.77.23.12
10.77.27.15
10.77.27.15
10.77.22.14
10.77.22.15
10.77.22.11
10.77.22.14
10.77.27.14
10.77.22.11
10.77.22.12
10.77.23.12
10.77.22.15
10.77.22.14
10.77.22.15
10.77.22.14
10.77.22.15
10.77.23.11
10.77.22.14
10.77.22.13
10.77.27.14
10.77.27.14
10.77.22.13
10.77.23.11
10.77.27.13
10.77.23.12
10.77.27.14
10.77.23.12
10.77.23.11
10.77.27.15
10.77.27.15
10.77.22.14
10.77.22.15
10.77.23.10
10.77.22.15
10.77.27.14
10.77.22.11
10.77.22.15
10.77.22.12
10.77.22.13
10.77.22.14
10.77.22.11
10.77.23.10
10.77.22.10
10.77.22.14
10.77.22.11
10.77.22.14
10.77.27.13
10.77.23.12
10.77.22.10
10.77.22.10
10.77.27.13
10.77.22.14
10.77.22.10
10.77.23.10
10.77.27.15
10.77.27.13
10.77.23.10
10.77.23.10
10.77.22.10
10.77.23.10
10.77.22.11
10.77.22.10
10.77.22.11
10.77.27.14
10.77.23.12
10.77.27.13
10.77.23.10
10.77.27.15
10.77.23.10
10.77.23.12
10.77.22.14
10.77.22.15
10.77.22.15
10.77.23.10
10.77.22.14
10.77.22.12
10.77.22.13
10.77.22.14
10.77.27.15
10.77.27.15
10.77.22.12
10.77.22.10
10.77.22.13
10.77.23.11
10.77.22.14
10.77.27.13
10.77.22.14
10.77.27.13
10.77.27.13
10.77.27.15
10.77.27.15
10.77.27.13
10.77.23.11
10.77.23.10
10.77.23.11
10.77.22.11
10.77.23.12
10.77.27.15
10.77.23.12
10.77.27.15
10.77.22.14
10.77.27.15
10.77.27.14
10.77.27.13
10.77.22.10
10.77.27.14
10.77.23.10
10.77.22.15
10.77.22.15
10.77.22.15
10.77.22.11
10.77.22.10
10.77.22.12
10.77.22.11
10.77.22.13
10.77.22.12
10.77.22.11
10.77.22.12
10.77.22.12
10.77.22.10
10.77.22.15
10.77.27.14
10.77.22.10
10.77.27.13
10.77.22.13
10.77.27.14
10.77.23.11
10.77.23.12
10.77.22.14
10.77.22.10
10.77.22.15
10.77.23.12
10.77.27.13
10.77.23.11
10.77.22.14
10.77.22.11
10.77.27.15
10.77.22.15
10.77.22.11
10.77.23.10
10.77.22.10
10.77.23.10
10.77.22.10
10.77.22.10
10.77.27.15
10.77.22.10
10.77.23.10
10.77.23.10
10.77.23.11
10.77.22.11
10.77.22.12
10.77.23.11
10.77.23.10
10.77.27.15
10.77.22.13
10.77.22.14
10.77.23.10
10.77.22.14
10.77.23.12
10.77.22.12
10.77.23.12
10.77.27.13
10.77.23.10
10.77.23.12
10.77.27.15
10.77.27.13
10.77.22.10
10.77.22.15
10.77.22.15
10.77.27.15
10.77.22.12
10.77.22.14
10.77.22.13
10.77.22.12
10.77.22.13
10.77.27.15
10.77.22.15
10.77.27.15
10.77.27.15
10.77.22.13
10.77.22.15
10.77.23.11
10.77.22.14
10.77.23.11
10.77.22.10
10.77.27.14
10.77.27.14
10.77.22.14
10.77.23.12
10.77.22.12
10.77.22.10
10.77.22.15
10.77.27.14
10.77.27.13
10.77.23.11
10.77.22.13
10.77.27.14
10.77.22.11
10.77.22.15
10.77.27.13
10.77.23.12
10.77.22.11
10.77.22.15
10.77.22.11
10.77.22.10
10.77.22.12
10.77.27.14
10.77.27.14
10.77.23.10
10.77.22.15
10.77.27.14
10.77.22.15
10.77.23.10
10.77.22.15
10.77.22.14
10.77.22.13
10.77.22.11
10.77.27.15
10.77.22.12
10.77.23.11
10.77.27.13
10.77.22.15
10.77.22.12
10.77.27.13
10.77.22.12
10.77.23.12
10.77.23.11
10.77.22.12
10.77.27.15
10.77.23.11
10.77.27.14
10.77.27.15
10.77.22.15
10.77.27.13
10.77.22.12
10.77.22.13
10.77.27.15
10.77.22.14
10.77.22.14
10.77.23.10
10.77.23.11
10.77.27.13
10.77.27.15
10.77.27.15
10.77.27.13
10.77.27.14
10.77.22.11
10.77.22.10
10.77.23.10
10.77.22.15
10.77.22.11
10.77.23.11
10.77.27.13
10.77.23.10
10.77.22.10
10.77.27.13
10.77.22.15
10.77.27.13
10.77.23.12
10.77.23.12
10.77.27.14
10.77.23.12
10.77.27.15
10.77.22.11
10.77.23.10
10.77.22.15
10.77.22.13
10.77.22.15
10.77.27.13
10.77.22.10
10.77.22.13
10.77.22.14
10.77.27.13
10.77.22.11
10.77.22.13
10.77.22.14
10.77.23.11
10.77.22.13
10.77.22.11
10.77.22.14
10.77.22.13
10.77.22.11
10.77.22.15
10.77.23.12
10.77.22.14
10.77.22.14
10.77.23.12
10.77.23.10
10.77.27.13
10.77.27.15
10.77.27.15
10.77.23.11
10.77.23.11
10.77.27.13
10.77.27.13
10.77.27.14
10.77.22.13
10.77.27.15
10.77.22.11
10.77.23.10
10.77.22.12
10.77.27.15
10.77.22.10
10.77.23.10
10.77.23.12
10.77.22.13
10.77.22.12
10.77.22.10
10.77.23.11
10.77.22.10
10.77.22.10
10.77.27.15
10.77.23.12
10.77.27.13
10.77.23.10
10.77.22.11
10.77.22.12
10.77.23.10
10.77.22.14
10.77.23.10
10.77.22.11
10.77.22.11
10.77.27.14
10.77.27.13
10.77.22.12
10.77.22.13
10.77.23.10
10.77.22.11
10.77.22.10
10.77.22.11
10.77.22.10
10.77.22.10
10.77.27.15
10.77.22.12
10.77.23.10
10.77.22.13
10.77.22.10
10.77.22.12
10.77.22.10
10.77.22.12
10.77.23.11
10.77.22.10
10.77.22.11
10.77.22.10
10.77.23.11
10.77.27.14
10.77.23.12
10.77.27.13
10.77.27.14
10.77.22.10
10.77.22.15
10.77.22.13
10.77.23.11
10.77.22.11
10.77.27.13
10.77.23.11
10.77.22.11
10.77.22.12
10.77.22.12
10.77.23.10
10.77.22.11
10.77.23.10
10.77.27.14
10.77.23.10
10.77.22.10
10.77.27.15
10.77.27.13
10.77.27.13
10.77.22.12
10.77.23.11
10.77.23.10
10.77.22.14
10.77.22.10
10.77.23.11
10.77.27.15
10.77.22.13
10.77.22.12
10.77.27.13
10.77.23.10
10.77.23.12
10.77.22.13
10.77.23.12
10.77.22.11
10.77.22.12
10.77.23.10
10.77.22.12
10.77.27.14
10.77.23.12
10.77.23.10
10.77.22.15
10.77.22.11
10.77.22.12
10.77.22.15
10.77.22.10
10.77.23.10
10.77.23.12
10.77.23.12
10.77.22.10
10.77.23.10
10.77.22.14
10.77.22.13
10.77.23.10
10.77.23.11
10.77.22.12
10.77.27.14
10.77.27.14
10.77.22.15
10.77.22.13
10.77.27.14
10.77.27.14
10.77.22.15
10.77.22.12
10.77.23.11
10.77.27.14
10.77.23.10
10.77.27.14
10.77.23.12
10.77.23.11
10.77.23.12
10.77.22.12
10.77.23.10
10.77.27.15
10.77.22.15
10.77.22.13
10.77.27.14
10.77.22.14
10.77.22.14
10.77.27.13
10.77.27.13
10.77.27.13
10.77.27.14
10.77.22.14
10.77.27.15
10.77.22.13
10.77.27.13
10.77.27.13
10.77.23.10
10.77.22.15
10.77.27.13
10.77.23.11
10.77.22.10
10.77.27.13
10.77.23.10
10.77.22.14
10.77.27.15
10.77.23.12
10.77.27.14
10.77.23.10
10.77.22.15
10.77.27.14
10.77.22.12
10.77.23.10
10.77.22.14
10.77.22.12
10.77.22.14
10.77.23.11
10.77.27.13
10.77.22.13
10.77.22.10
10.77.22.12
10.77.22.12
10.77.22.10
10.77.22.10
10.77.27.14
10.77.23.10
10.77.22.13
10.77.23.11
10.77.22.11
10.77.22.11
10.77.27.15
10.77.22.15
10.77.27.15
10.77.22.11
10.77.27.13
10.77.23.12
10.77.27.14
10.77.27.14
10.77.22.14
10.77.22.12
10.77.23.11
10.77.22.12
10.77.23.12
10.77.27.13
10.77.27.13
10.77.22.10
10.77.23.11
10.77.22.11
10.77.27.15
10.77.22.14
10.77.27.14
10.77.23.11
10.77.22.14
10.77.23.11
10.77.27.13
10.77.22.13
10.77.22.11
10.77.27.15
10.77.22.10
10.77.27.14
10.77.22.14
10.77.27.14
10.77.23.12
10.77.22.15
10.77.22.14
10.77.22.10
10.77.22.14
10.77.23.10
10.77.23.10
10.77.27.13
10.77.22.15
10.77.22.10
10.77.27.14
10.77.22.10
10.77.22.10
10.77.22.12
10.77.22.14
10.77.22.13
10.77.23.11
10.77.22.11
10.77.22.10
10.77.23.10
10.77.22.11
10.77.23.10
10.77.22.15
10.77.27.13
10.77.27.15
10.77.22.13
10.77.22.11
10.77.27.14
10.77.27.13
10.77.23.11
10.77.22.14
10.77.22.15
10.77.23.12
10.77.27.14
10.77.22.10
10.77.22.12
10.77.27.13
10.77.22.12
10.77.27.13
10.77.23.12
10.77.22.12
10.77.27.15
10.77.22.12
10.77.22.13
10.77.23.11
10.77.22.12
10.77.27.15
10.77.27.15
10.77.22.14
10.77.27.15
10.77.23.12
10.77.22.13
10.77.22.12
10.77.23.10
10.77.22.15
10.77.22.10
10.77.27.14
10.77.22.13
10.77.22.14
10.77.22.11
10.77.22.12
10.77.22.12
10.77.22.12
10.77.22.15
10.77.22.12
10.77.27.15
10.77.27.13
10.77.22.13
10.77.22.14
10.77.22.11
10.77.22.10
10.77.22.13
10.77.22.13
10.77.22.10
10.77.22.10
10.77.22.13
10.77.23.10
10.77.27.13
10.77.27.13
10.77.22.14
10.77.27.15
10.77.22.14
10.77.27.13
10.77.27.15
10.77.22.13
10.77.22.15
10.77.27.14
10.77.27.13
10.77.22.13
10.77.22.10
10.77.22.11
10.77.22.12
10.77.27.14
10.77.22.10
10.77.27.13
10.77.23.11
10.77.22.15
10.77.27.13
10.77.22.15
10.77.22.13
10.77.23.11
10.77.27.15
10.77.23.12
10.77.22.15
10.77.27.14
10.77.22.11
10.77.23.11
10.77.22.12
10.77.23.10
10.77.22.15
10.77.22.14
10.77.27.15
10.77.23.10
10.77.22.15
10.77.22.13
10.77.23.10
10.77.22.15
10.77.22.13
10.77.22.13
10.77.23.11
10.77.22.11
10.77.22.14
10.77.23.12
10.77.27.13
10.77.22.12
10.77.23.10
10.77.23.12
10.77.23.12
10.77.22.10
10.77.22.15
10.77.22.11
10.77.23.11
10.77.23.10
10.77.23.11
10.77.22.12
10.77.23.10
10.77.22.11
10.77.27.13
10.77.22.12
10.77.22.13
10.77.27.13
10.77.23.12
10.77.22.11
10.77.27.15
10.77.22.15
10.77.22.15
10.77.27.15
10.77.22.13
10.77.23.10
10.77.22.10
10.77.23.10
10.77.23.11
10.77.22.13
10.77.27.15
10.77.22.10
10.77.22.15
10.77.23.12
10.77.22.13
10.77.22.10
10.77.27.13
10.77.23.10
10.77.22.13
10.77.27.15
10.77.27.15
10.77.27.15
10.77.23.11
10.77.22.15
10.77.27.14
10.77.22.12
10.77.27.14
10.77.22.12
10.77.22.10
10.77.22.11
10.77.27.14
10.77.23.10
10.77.22.14
10.77.22.13
10.77.22.11
10.77.23.10
10.77.22.10
10.77.22.12
10.77.22.14
10.77.27.14
10.77.23.11
10.77.22.13
10.77.22.13
10.77.23.10
10.77.22.13
10.77.27.13
10.77.23.12
10.77.22.15
10.77.22.10
10.77.22.10
10.77.22.10
10.77.27.14
10.77.23.11
10.77.23.12
10.77.27.14
10.77.27.14
10.77.22.15
10.77.23.10
10.77.23.10
10.77.22.15
10.77.22.13
10.77.27.14
10.77.22.11
10.77.23.10
10.77.27.14
10.77.27.14
10.77.23.11
10.77.22.10
10.77.27.13
10.77.22.10
10.77.22.12
10.77.22.10
10.77.27.14
10.77.22.15
10.77.22.12
10.77.22.11
10.77.27.13
10.77.23.11
10.77.22.15
10.77.22.11
10.77.27.14
10.77.27.14
10.77.22.11
10.77.22.12
10.77.22.13
10.77.22.10
10.77.22.13
10.77.27.15
10.77.22.14
10.77.27.14
10.77.22.14
10.77.23.11
10.77.22.10
10.77.23.10
10.77.22.14
10.77.27.13
10.77.27.15
10.77.22.13
10.77.22.10
10.77.22.12
10.77.27.14
10.77.22.15
10.77.22.12
10.77.27.13
10.77.23.11
10.77.22.14
10.77.23.11
10.77.22.14
10.77.22.13
10.77.22.14
10.77.27.13
10.77.23.11
10.77.22.15
10.77.22.11
10.77.23.11
10.77.22.11
10.77.23.12
10.77.23.12
10.77.22.14
10.77.23.11
10.77.22.14
10.77.22.15
10.77.22.11
10.77.22.14
10.77.22.14
10.77.22.10
10.77.23.12
10.77.27.14
10.77.27.14
10.77.22.12
10.77.23.12
10.77.22.14
10.77.27.13
10.77.23.10
10.77.27.15
10.77.23.10
10.77.22.13
10.77.23.10
10.77.23.11
10.77.23.12
10.77.22.14
10.77.23.12
10.77.27.13
10.77.22.13
10.77.22.14
10.77.22.11
10.77.27.15
10.77.23.10
10.77.22.13
10.77.27.15
10.77.23.11
10.77.22.14
10.77.27.15
10.77.22.10
10.77.27.14
10.77.27.13
10.77.22.11
10.77.23.11
10.77.23.12
10.77.23.11
10.77.27.14
10.77.27.13
10.77.27.15
10.77.22.13
10.77.27.15
10.77.22.11
10.77.27.13
10.77.22.13
10.77.23.10
10.77.23.11
10.77.22.10
10.77.23.10
10.77.22.15
10.77.23.11
10.77.22.13
10.77.22.14
10.77.27.14
10.77.27.14
10.77.22.11
10.77.27.14
10.77.22.11
10.77.22.10
10.77.27.15
10.77.23.12
10.77.22.11
10.77.22.13
10.77.22.14
10.77.23.11
10.77.22.12
10.77.22.14
10.77.22.14
10.77.27.13
10.77.22.11
10.77.23.12
10.77.27.13
10.77.27.13
10.77.22.10
10.77.23.10
10.77.22.11
10.77.27.14
10.77.27.15
10.77.23.12
10.77.22.14
10.77.22.10
10.77.22.10
10.77.22.13
10.77.22.11
10.77.22.15
10.77.22.12
10.77.27.14
10.77.22.15
10.77.22.15
10.77.27.15
10.77.23.11
10.77.22.12
10.77.22.10
10.77.22.14
10.77.22.11
10.77.22.14
10.77.22.11
10.77.23.12
10.77.22.10
10.77.27.14
10.77.27.13
10.77.22.14
10.77.27.15
10.77.27.13
10.77.22.15
10.77.27.14
10.77.22.11
10.77.22.15
10.77.23.11
10.77.22.14
10.77.22.13
10.77.22.10
10.77.23.12
10.77.22.13
10.77.27.14
10.77.22.10
10.77.22.15
10.77.22.10
10.77.27.13
10.77.22.11
10.77.23.12
10.77.27.15
10.77.23.11
10.77.22.14
10.77.22.12
10.77.22.10
10.77.23.10
10.77.23.10
10.77.23.12
10.77.27.13
10.77.22.13
10.77.27.15
10.77.22.15
10.77.27.15
10.77.27.13
10.77.27.15
10.77.27.13
10.77.23.12
10.77.22.15
10.77.22.15
10.77.22.12
10.77.23.11
10.77.27.14
10.77.27.14
10.77.27.15
10.77.23.10
10.77.22.15
10.77.22.15
10.77.22.12
10.77.22.12
10.77.27.14
10.77.22.11
10.77.23.12
10.77.22.10
10.77.22.15
10.77.22.15
10.77.22.12
10.77.23.11
10.77.27.15
10.77.27.15
10.77.22.13
10.77.22.11
10.77.27.15
10.77.23.11
10.77.27.13
10.77.22.15
10.77.22.10
10.77.23.10
10.77.23.11
10.77.23.10
10.77.22.12
10.77.22.14
10.77.23.10
10.77.27.13
10.77.23.11
10.77.27.14
10.77.27.13
10.77.22.10
10.77.22.11
10.77.23.12
10.77.22.10
10.77.22.14
10.77.23.12
10.77.23.12
10.77.27.15
10.77.27.15
10.77.22.11
10.77.23.11
10.77.23.12
10.77.23.11
10.77.22.10
10.77.22.14
10.77.22.14
10.77.22.10
10.77.22.15
10.77.22.14
10.77.22.13
10.77.22.15
10.77.27.13
10.77.22.12
10.77.22.11
10.77.22.13
10.77.27.15
10.77.27.14
10.77.22.10
10.77.22.15
10.77.23.11
10.77.22.15
10.77.23.10
10.77.23.12
10.77.22.10
10.77.27.14
10.77.23.12
10.77.27.13
10.77.22.15
10.77.22.14
10.77.27.15
10.77.22.12
10.77.23.12
10.77.23.10
10.77.23.11
10.77.22.12
10.77.22.11
10.77.23.11
10.77.22.11
10.77.23.10
10.77.22.12
10.77.22.14
10.77.22.10
10.77.22.15
10.77.22.13
10.77.23.12
10.77.23.10
10.77.27.15
10.77.27.13
10.77.22.10
10.77.22.14
10.77.22.14
10.77.27.13
10.77.23.11
10.77.23.12
10.77.22.12
10.77.22.13
10.77.23.10
10.77.23.12
10.77.23.11
10.77.23.11
10.77.27.13
10.77.23.11
10.77.22.12
10.77.22.10
10.77.22.15
10.77.22.13
10.77.22.15
10.77.22.11
10.77.27.13
10.77.23.11
10.77.23.10
10.77.22.14
10.77.23.10
10.77.22.10
10.77.22.13
10.77.23.12
10.77.27.13
10.77.23.11
10.77.27.15
10.77.27.13
10.77.23.12
10.77.22.11
10.77.22.15
10.77.22.14
10.77.22.12
10.77.23.12
10.77.22.11
10.77.22.11
10.77.23.10
10.77.22.13
10.77.23.11
10.77.22.10
10.77.22.15
10.77.27.14
10.77.22.11
10.77.23.11
10.77.22.14
10.77.23.10
10.77.22.12
10.77.22.13
10.77.27.13
10.77.23.12
10.77.22.13
10.77.27.13
10.77.22.11
10.77.27.13
10.77.27.13
10.77.27.15
10.77.27.13
10.77.27.13
10.77.23.10
10.77.22.14
10.77.27.13
10.77.22.12
10.77.27.13
10.77.22.12
10.77.27.15
10.77.22.13
10.77.22.12
10.77.27.13
10.77.22.11
10.77.27.14
10.77.22.11
10.77.22.11
10.77.22.11
10.77.22.14
10.77.22.13
10.77.27.15
10.77.23.12
10.77.23.10
10.77.23.11
10.77.27.13
10.77.23.10
10.77.27.15
10.77.27.15
10.77.27.13
10.77.22.13
10.77.22.14
10.77.22.11
10.77.23.10
10.77.27.15
10.77.22.14
10.77.27.13
10.77.23.11
10.77.27.15
10.77.23.12
10.77.22.12
10.77.22.13
10.77.27.15
10.77.22.14
10.77.23.11
10.77.23.10
10.77.27.15
10.77.22.11
10.77.23.11
10.77.22.10
10.77.22.14
10.77.22.11
10.77.22.15
10.77.23.10
10.77.27.15
10.77.23.12
10.77.23.12
10.77.23.12
10.77.22.11
10.77.22.13
10.77.22.15
10.77.22.13
10.77.22.14
10.77.22.13
10.77.22.14
10.77.22.12
10.77.27.15
10.77.27.15
10.77.27.15
10.77.22.10
10.77.27.15
10.77.22.10
10.77.22.12
10.77.22.14
10.77.22.14
10.77.27.14
10.77.23.12
10.77.22.10
10.77.22.12
10.77.27.13
10.77.27.14
10.77.22.12
10.77.22.15
10.77.23.11
10.77.22.10
10.77.22.14
10.77.23.11
10.77.23.10
10.77.27.13
10.77.22.14
10.77.23.12
10.77.27.14
10.77.22.13
10.77.23.10
10.77.22.14
10.77.27.14
10.77.27.13
10.77.22.14
10.77.27.13
10.77.22.10
10.77.22.12
10.77.23.10
10.77.27.13
10.77.27.13
10.77.22.13
10.77.22.13
10.77.22.14
10.77.22.12
10.77.22.12
10.77.27.13
10.77.22.13
10.77.22.10
10.77.23.12
10.77.23.12
10.77.23.12
10.77.27.15
10.77.27.13
10.77.23.11
10.77.22.13
10.77.27.14
10.77.22.12
10.77.22.12
10.77.22.13
10.77.22.12
10.77.27.14
10.77.22.12
10.77.22.11
10.77.22.11
10.77.22.11
10.77.23.10
10.77.22.11
10.77.23.12
10.77.22.15
10.77.22.15
10.77.22.12
10.77.23.10
10.77.27.15
10.77.22.10
10.77.22.15
10.77.23.11
10.77.27.14
10.77.23.11
10.77.27.14
10.77.22.12
10.77.23.12
10.77.22.14
10.77.22.15
10.77.23.11
10.77.22.13
10.77.22.11
10.77.23.10
10.77.27.13
10.77.22.13
10.77.22.11
10.77.27.13
10.77.27.14
10.77.23.12
10.77.27.15
10.77.27.15
10.77.22.12
10.77.23.12
10.77.27.15
10.77.22.10
10.77.27.15
10.77.23.12
10.77.22.11
10.77.27.15
10.77.22.10
10.77.22.11
10.77.23.12
10.77.27.13
10.77.22.12
10.77.22.11
10.77.22.13
10.77.22.12
10.77.27.15
10.77.22.11
10.77.27.13
10.77.22.11
10.77.22.12
10.77.27.15
10.77.22.11
10.77.27.15
10.77.23.10
10.77.22.12
10.77.23.12
10.77.27.15
10.77.27.15
10.77.22.10
10.77.23.10
10.77.22.13
10.77.22.10
10.77.22.13
10.77.27.14
10.77.23.12
10.77.22.12
10.77.22.12
10.77.22.10
10.77.22.13
10.77.22.12
10.77.23.12
10.77.23.10
10.77.22.13
10.77.23.12
10.77.27.14
10.77.22.12
10.77.27.14
10.77.23.11
10.77.23.12
10.77.23.10
10.77.23.11
10.77.23.10
10.77.27.15
10.77.27.13
10.77.23.11
10.77.22.11
10.77.23.10
10.77.22.12
10.77.23.10
10.77.22.13
10.77.27.15
10.77.22.10
10.77.22.13
10.77.23.10
10.77.23.11
10.77.27.15
10.77.23.11
10.77.23.10
10.77.22.12
10.77.23.11
10.77.27.15
10.77.27.15
10.77.22.14
10.77.23.11
10.77.23.10
10.77.23.12
10.77.27.14
10.77.27.13
10.77.23.10
10.77.22.13
10.77.22.15
10.77.22.14
10.77.22.15
10.77.22.13
10.77.22.10
10.77.22.13
10.77.22.15
10.77.27.14
10.77.22.14
10.77.22.15
10.77.22.15
10.77.27.15
10.77.22.15
10.77.23.12
10.77.23.11
10.77.22.11
10.77.22.14
10.77.27.14
10.77.22.13
10.77.27.14
10.77.27.14
10.77.27.13
10.77.22.14
10.77.27.14
10.77.22.14
10.77.22.13
10.77.22.10
10.77.22.13
10.77.22.14
10.77.23.11
10.77.27.14
10.77.22.12
10.77.22.10
10.77.22.10
10.77.22.15
10.77.27.14
10.77.23.10
10.77.22.15
10.77.27.14
10.77.22.11
10.77.22.10
10.77.22.10
10.77.22.10
10.77.27.13
10.77.27.13
10.77.22.10
10.77.22.15
10.77.22.14
10.77.23.11
10.77.27.15
10.77.27.13
10.77.22.13
10.77.27.13
10.77.27.14
10.77.23.10
10.77.27.15
10.77.27.13
10.77.22.11
10.77.23.11
10.77.22.14
10.77.23.11
10.77.23.11
10.77.22.14
10.77.22.15
10.77.22.10
10.77.22.15
10.77.22.10
10.77.23.11
10.77.22.14
10.77.27.13
10.77.22.15
10.77.22.15
10.77.23.10
10.77.22.10
10.77.22.15
10.77.27.14
10.77.22.13
10.77.22.15
10.77.27.13
10.77.22.13
10.77.22.10
10.77.22.13
10.77.22.14
10.77.22.13
10.77.22.14
10.77.22.13
10.77.22.15
10.77.27.15
10.77.23.12
10.77.22.13
10.77.22.15
10.77.22.15
10.77.22.15
10.77.22.14
10.77.23.10
10.77.27.13
10.77.23.10
10.77.27.14
10.77.22.14
10.77.22.15
10.77.22.11
10.77.27.14
10.77.22.12
10.77.22.10
10.77.22.15
10.77.23.12
10.77.23.11
10.77.27.13
10.77.23.11
10.77.22.11
10.77.22.15
10.77.22.13
10.77.22.15
10.77.22.15
10.77.27.13
10.77.27.15
10.77.22.13
10.77.23.12
10.77.23.11
10.77.22.13
10.77.22.12
10.77.22.11
10.77.22.10
10.77.22.13
10.77.22.14
10.77.22.10
10.77.22.13
10.77.23.11
10.77.22.13
10.77.22.12
10.77.22.15
10.77.27.15
10.77.22.14
10.77.23.12
10.77.27.13
10.77.27.14
10.77.22.11
10.77.22.13
10.77.22.15
10.77.22.12
10.77.27.14
10.77.22.13
10.77.22.15
10.77.22.14
10.77.23.12
10.77.22.14
10.77.22.14
10.77.22.12
10.77.23.11
10.77.23.12
10.77.22.13
10.77.22.13
10.77.27.14
10.77.23.11
10.77.22.15
10.77.27.13
10.77.23.11
10.77.22.12
10.77.27.14
10.77.22.11
10.77.22.14
10.77.27.15
10.77.23.10
10.77.27.15
10.77.27.15
10.77.22.12
10.77.22.11
10.77.22.12
10.77.22.14
10.77.23.11
10.77.22.14
10.77.22.10
10.77.23.12
10.77.27.14
10.77.22.12
10.77.22.10
10.77.27.15
10.77.23.12
10.77.22.11
10.77.22.10
10.77.22.12
10.77.22.12
10.77.22.10
10.77.22.12
10.77.27.14
10.77.23.10
10.77.27.15
10.77.22.11
10.77.22.11
10.77.22.13
10.77.22.12
10.77.22.12
10.77.23.12
10.77.27.15
10.77.23.10
10.77.23.12
10.77.22.13
10.77.22.11
10.77.22.10
10.77.23.12
10.77.23.12
10.77.23.11
10.77.23.10
10.77.22.14
10.77.27.14
10.77.23.11
10.77.23.12
10.77.23.12
10.77.23.10
10.77.27.14
10.77.23.10
10.77.22.10
10.77.22.12
10.77.22.15
10.77.27.15
10.77.23.11
10.77.22.14
10.77.22.15
10.77.23.12
10.77.27.14
10.77.23.10
10.77.23.11
10.77.23.11
10.77.22.10
10.77.22.15
10.77.22.13
10.77.22.10
10.77.27.14
10.77.22.13
10.77.27.14
10.77.27.15
10.77.22.15
10.77.27.15
10.77.27.14
10.77.22.13
10.77.22.12
10.77.22.15
10.77.23.12
10.77.23.12
10.77.22.13
10.77.27.14
10.77.23.10
10.77.27.13
10.77.27.14
10.77.27.15
10.77.22.15
10.77.22.10
10.77.22.15
10.77.22.11
10.77.27.15
10.77.23.12
10.77.22.12
10.77.23.12
10.77.27.14
10.77.22.13
10.77.23.10
10.77.22.14
10.77.27.15
10.77.22.14
10.77.27.15
10.77.22.11
10.77.27.14
10.77.22.13
10.77.27.15
10.77.27.13
10.77.22.10
10.77.23.12
10.77.22.14
10.77.22.11
10.77.23.12
10.77.22.12
10.77.23.10
10.77.22.12
10.77.23.11
10.77.22.11
10.77.23.12
10.77.22.13
10.77.27.13
10.77.22.15
10.77.23.11
10.77.22.12
10.77.23.12
10.77.22.14
10.77.22.10
10.77.23.10
10.77.23.11
10.77.27.15
10.77.22.15
10.77.22.13
10.77.23.11
10.77.22.10
10.77.22.10
10.77.22.13
10.77.22.15
10.77.27.15
10.77.22.12
10.77.27.14
10.77.22.12
10.77.22.11
10.77.22.10
10.77.22.12
10.77.22.10
10.77.23.11
10.77.23.10
10.77.22.11
10.77.22.11
10.77.23.10
10.77.22.15
10.77.22.11
10.77.27.15
10.77.27.14
10.77.27.15
10.77.27.13
10.77.23.11
10.77.22.11
10.77.22.13
10.77.22.10
10.77.23.10
10.77.23.10
10.77.23.12
10.77.22.11
10.77.22.13
10.77.23.12
10.77.27.15
10.77.23.11
10.77.23.10
10.77.27.14
10.77.27.13
10.77.23.10
10.77.22.15
10.77.23.10
10.77.27.14
10.77.22.13
10.77.27.14
10.77.22.14
10.77.22.11
10.77.27.14
10.77.22.12
10.77.27.14
10.77.22.11
10.77.23.10
10.77.27.15
10.77.22.15
10.77.22.11
10.77.22.15
10.77.27.13
10.77.23.10
10.77.22.11
10.77.27.14
10.77.22.11
10.77.22.13
10.77.22.13
10.77.27.14
10.77.22.14
10.77.22.15
10.77.23.11
10.77.22.15
10.77.22.11
10.77.22.15
10.77.23.10
10.77.22.10
10.77.23.12
10.77.22.11
10.77.23.12
10.77.27.15
10.77.27.15
10.77.23.10
10.77.23.12
10.77.22.14
10.77.27.14
10.77.22.11
10.77.27.14
10.77.22.11
10.77.23.10
10.77.23.10
10.77.27.14
10.77.27.14
10.77.22.11
10.77.22.10
10.77.22.12
10.77.22.13
10.77.27.15
10.77.22.10
10.77.27.15
10.77.23.10
10.77.27.13
10.77.23.12
10.77.22.12
10.77.22.15
10.77.27.15
10.77.22.14
10.77.23.10
10.77.22.10
10.77.22.11
10.77.27.14
10.77.27.15
10.77.23.12
10.77.22.13
10.77.22.13
10.77.22.10
10.77.22.14
10.77.27.13
10.77.22.11
10.77.27.14
10.77.27.13
10.77.22.13
10.77.22.10
10.77.27.14
10.77.22.10
10.77.22.15
10.77.22.12
10.77.27.14
10.77.22.10
10.77.23.11
10.77.22.11
10.77.22.10
10.77.22.15
10.77.27.15
10.77.22.10
10.77.22.14
10.77.27.13
10.77.22.13
10.77.22.14
10.77.22.13
10.77.27.14
10.77.27.13
10.77.23.11
10.77.27.13
10.77.22.14
10.77.22.10
10.77.23.12
10.77.22.15
10.77.22.12
10.77.22.11
10.77.22.15
10.77.22.12
10.77.23.10
10.77.22.14
10.77.23.10
10.77.22.10
10.77.22.13
10.77.22.11
10.77.27.15
10.77.22.10
10.77.27.13
10.77.22.12
10.77.22.12
10.77.22.12
10.77.22.11
10.77.22.15
10.77.27.14
10.77.22.11
10.77.27.14
10.77.27.15
10.77.23.12
10.77.22.10
10.77.27.13
10.77.23.11
10.77.22.10
10.77.23.11
10.77.27.13
10.77.22.15
10.77.22.14
10.77.22.12
10.77.22.12
10.77.22.11
10.77.22.10
10.77.22.10
10.77.23.10
10.77.23.11
10.77.27.15
10.77.22.14
10.77.22.15
10.77.22.15
10.77.23.12
10.77.22.11
10.77.27.14
10.77.23.10
10.77.23.12
10.77.27.15
10.77.23.12
10.77.22.13
10.77.22.10
10.77.27.13
10.77.22.12
10.77.23.12
10.77.23.10
10.77.22.12
10.77.22.15
10.77.22.10
10.77.22.15
10.77.22.15
10.77.22.10
10.77.22.12
10.77.22.14
10.77.23.10
10.77.22.14
10.77.27.14
10.77.22.10
10.77.22.10
10.77.27.14
10.77.23.11
10.77.27.13
10.77.23.12
10.77.22.13
10.77.22.10
10.77.22.12
10.77.22.11
10.77.23.12
10.77.22.12
10.77.22.11
10.77.27.15
10.77.23.11
10.77.22.15
10.77.22.12
10.77.27.14
10.77.27.14
10.77.22.12
10.77.22.12
10.77.27.13
10.77.22.14
10.77.27.14
10.77.23.11
10.77.23.11
10.77.27.13
10.77.22.13
10.77.22.15
10.77.22.10
10.77.22.13
10.77.22.15
10.77.27.13
10.77.27.14
10.77.22.14
10.77.22.15
10.77.22.11
10.77.22.10
10.77.22.14
10.77.27.13
10.77.23.10
10.77.23.12
10.77.22.14
10.77.23.12
10.77.22.15
10.77.22.12
10.77.23.12
10.77.27.15
10.77.23.10
10.77.22.11
10.77.23.12
10.77.22.13
10.77.22.11
10.77.27.15
10.77.22.12
10.77.23.12
10.77.27.13
10.77.23.10
10.77.22.12
10.77.22.10
10.77.23.11
10.77.22.15
10.77.27.14
10.77.22.11
10.77.23.10
10.77.27.14
10.77.23.11
10.77.22.15
10.77.22.10
10.77.22.12
10.77.22.10
10.77.22.10
10.77.22.10
10.77.27.15
10.77.23.10
10.77.22.12
10.77.22.10
10.77.22.11
10.77.22.10
10.77.27.14
10.77.22.10
10.77.23.12
10.77.27.13
10.77.22.13
10.77.22.10
10.77.27.13
10.77.22.13
10.77.22.15
10.77.22.11
10.77.22.15
10.77.23.12
10.77.22.15
10.77.23.11
10.77.22.10
10.77.27.13
10.77.23.10
10.77.27.14
10.77.23.11
10.77.22.11
10.77.22.10
10.77.22.13
10.77.27.14
10.77.22.13
10.77.22.13
10.77.27.15
10.77.27.13
10.77.23.11
10.77.22.14
10.77.23.12
10.77.27.13
10.77.22.14
10.77.27.13
10.77.27.15
10.77.22.15
10.77.27.13
10.77.22.13
10.77.22.15
10.77.23.10
10.77.22.13
10.77.23.10
10.77.27.15
10.77.22.15
10.77.22.10
10.77.22.13
10.77.23.10
10.77.22.14
10.77.22.14
10.77.22.11
10.77.23.11
10.77.27.13
10.77.22.13
10.77.27.13
10.77.22.13
10.77.27.14
10.77.22.12
10.77.23.11
10.77.27.13
10.77.22.13
10.77.22.10
10.77.22.10
10.77.22.14
10.77.22.12
10.77.22.14
10.77.22.10
10.77.22.10
10.77.23.12
10.77.23.11
10.77.22.11
10.77.22.14
10.77.27.15
10.77.22.12
10.77.22.10
10.77.22.10
10.77.27.15
10.77.23.12
10.77.27.14
10.77.22.13
10.77.23.12
10.77.22.10
10.77.23.12
10.77.27.15
10.77.23.10
10.77.22.12
10.77.27.14
10.77.22.10
10.77.27.14
10.77.27.13
10.77.27.15
10.77.27.15
10.77.27.15
10.77.23.11
10.77.22.12
10.77.22.10
10.77.22.13
10.77.22.11
10.77.23.12
10.77.22.15
10.77.27.13
10.77.22.12
10.77.22.13
10.77.27.14
10.77.27.14
10.77.22.11
10.77.22.13
10.77.27.13
10.77.22.14
10.77.22.15
10.77.22.12
10.77.22.12
10.77.23.10
10.77.23.11
10.77.22.13
10.77.22.11
10.77.27.15
10.77.27.15
10.77.22.10
10.77.27.14
10.77.23.11
10.77.22.12
10.77.22.11
10.77.22.12
10.77.22.15
10.77.23.12
10.77.22.10
10.77.22.10
10.77.27.13
10.77.23.10
10.77.27.15
10.77.22.15
10.77.22.13
10.77.27.14
10.77.22.10
10.77.27.14
10.77.22.14
10.77.23.11
10.77.22.15
10.77.27.13
10.77.22.12
10.77.27.15
10.77.27.15
10.77.23.12
10.77.27.13
10.77.22.11
10.77.22.14
10.77.22.12
10.77.27.14
10.77.22.15
10.77.27.15
10.77.23.11
10.77.22.15
10.77.22.10
10.77.22.13
10.77.23.10
10.77.22.10
10.77.22.13
10.77.22.14
10.77.27.13
10.77.27.14
10.77.23.12
10.77.22.10
10.77.27.13
10.77.22.11
10.77.22.13
10.77.22.11
10.77.27.13
10.77.22.13
10.77.23.10
10.77.22.15
10.77.22.14
10.77.22.12
10.77.22.12
10.77.22.12
10.77.23.10
10.77.22.11
10.77.27.15
10.77.23.10
10.77.23.12
10.77.23.12
10.77.23.11
10.77.23.11
10.77.27.15
10.77.22.13
10.77.23.10
10.77.22.11
10.77.22.12
10.77.22.11
10.77.23.10
10.77.23.10
10.77.22.12
10.77.22.12
10.77.23.11
10.77.23.12
10.77.23.12
10.77.23.10
10.77.23.10
10.77.23.10
10.77.23.10
10.77.27.15
10.77.27.13
10.77.23.11
10.77.22.13
10.77.22.15
10.77.22.10
10.77.22.10
10.77.23.11
10.77.27.14
10.77.27.13
10.77.22.15
10.77.22.14
10.77.23.11
10.77.22.11
10.77.23.11
10.77.22.15
10.77.27.14
10.77.23.12
10.77.22.15
10.77.22.10
10.77.23.12
10.77.22.10
10.77.22.15
10.77.22.13
10.77.22.14
10.77.22.11
10.77.22.11
10.77.23.11
10.77.27.14
10.77.22.12
10.77.27.14
10.77.22.13
10.77.22.10
10.77.23.11
10.77.27.14
10.77.22.10
10.77.22.15
10.77.22.15
10.77.22.11
10.77.27.15
10.77.22.10
10.77.27.14
10.77.27.14
10.77.27.15
10.77.23.10
10.77.22.12
10.77.22.10
10.77.27.15
10.77.22.15
10.77.27.15
10.77.23.10
10.77.22.12
10.77.23.11
10.77.22.12
10.77.23.10
10.77.23.11
10.77.27.14
10.77.22.12
10.77.23.12
10.77.22.15
10.77.22.15
10.77.22.14
10.77.23.11
10.77.27.14
10.77.22.11
10.77.22.15
10.77.22.10
10.77.27.15
10.77.22.11
10.77.22.14
10.77.27.15
10.77.27.13
10.77.22.10
10.77.23.12
10.77.22.10
10.77.27.13
10.77.22.10
10.77.22.15
10.77.22.10
10.77.27.15
10.77.23.11
10.77.22.10
10.77.23.12
10.77.22.11
10.77.22.15
10.77.22.12
10.77.22.10
10.77.22.11
10.77.22.11
10.77.27.13
10.77.22.14
10.77.27.13
10.77.23.10
10.77.23.11
10.77.22.15
10.77.22.14
10.77.23.11
10.77.23.11
10.77.22.14
10.77.23.10
10.77.22.11
10.77.27.13
10.77.23.11
10.77.23.11
10.77.27.15
10.77.22.10
10.77.27.15
10.77.22.13
10.77.22.14
10.77.27.14
10.77.23.10
10.77.27.13
10.77.22.11
10.77.23.10
10.77.22.12
10.77.22.10
10.77.22.10
10.77.22.15
10.77.23.11
10.77.23.10
10.77.22.13
10.77.22.14
10.77.22.14
10.77.27.14
10.77.23.12
10.77.23.12
10.77.23.10
10.77.22.11
10.77.23.10
10.77.27.14
10.77.22.15
10.77.23.12
10.77.22.15
10.77.27.14
10.77.22.13
10.77.22.13
10.77.23.11
10.77.23.11
10.77.27.15
10.77.23.12
10.77.23.10
10.77.23.12
10.77.27.13
10.77.22.14
10.77.23.12
10.77.27.15
10.77.27.13
10.77.27.14
10.77.22.13
10.77.22.13
10.77.22.13
10.77.23.11
10.77.22.13
10.77.22.14
10.77.27.14
10.77.27.13
10.77.22.13
10.77.22.11
10.77.27.15
10.77.27.15
10.77.27.13
10.77.22.13
10.77.22.14
10.77.27.14
10.77.27.15
10.77.27.13
10.77.27.15
10.77.22.12
10.77.22.15
10.77.22.11
10.77.23.10
10.77.22.10
10.77.23.12
10.77.27.15
10.77.22.12
10.77.23.12
10.77.22.15
10.77.27.15
10.77.22.10
10.77.27.14
10.77.22.12
10.77.27.13
10.77.22.11
10.77.23.11
10.77.22.14
10.77.23.10
10.77.22.12
10.77.27.13
10.77.22.15
10.77.22.13
10.77.22.12
10.77.22.11
10.77.22.14
10.77.22.14
10.77.22.15
10.77.22.14
10.77.22.12
10.77.27.13
10.77.22.14
10.77.22.13
10.77.22.11
10.77.22.12
10.77.22.12
10.77.22.13
10.77.27.15
10.77.22.12
10.77.22.12
10.77.22.10
10.77.22.13
10.77.22.12
10.77.22.15
10.77.27.13
10.77.27.15
10.77.22.11
10.77.27.14
10.77.23.10
10.77.27.15
10.77.22.14
10.77.22.11
10.77.23.10
10.77.22.15
10.77.23.12
10.77.22.11
10.77.22.11
10.77.22.12
10.77.22.12
10.77.22.12
10.77.23.12
10.77.27.14
10.77.23.10
10.77.22.10
10.77.22.13
10.77.22.14
10.77.27.13
10.77.27.15
10.77.22.11
10.77.27.14
10.77.23.12
10.77.27.15
10.77.27.15
10.77.22.11
10.77.22.14
10.77.22.10
10.77.23.11
10.77.23.10
10.77.23.12
10.77.27.15
10.77.23.11
10.77.27.14
10.77.27.13
10.77.22.12
10.77.27.15
10.77.23.12
10.77.22.15
10.77.22.15
10.77.27.15
10.77.23.10
10.77.22.12
10.77.23.10
10.77.22.15
10.77.27.13
10.77.27.15
10.77.27.15
10.77.22.12
10.77.23.12
10.77.23.10
10.77.23.11
10.77.22.11
10.77.22.14
10.77.22.13
10.77.22.13
10.77.22.14
10.77.27.15
10.77.22.11
10.77.27.14
10.77.27.15
10.77.22.14
10.77.22.11
10.77.23.12
10.77.22.11
10.77.22.13
10.77.23.11
10.77.23.12
10.77.23.11
10.77.22.15
10.77.23.11
10.77.22.15
10.77.27.13
10.77.27.13
10.77.27.13
10.77.27.14
10.77.27.15
10.77.22.12
10.77.27.13
10.77.22.14
10.77.23.12
10.77.22.14
10.77.22.11
10.77.23.11
10.77.22.14
10.77.23.11
10.77.23.10
10.77.27.14
10.77.22.11
10.77.22.11
10.77.22.10
10.77.23.10
10.77.27.13
10.77.27.15
10.77.23.10
10.77.27.13
10.77.27.15
10.77.27.13
10.77.22.12
10.77.22.13
10.77.22.11
10.77.23.10
10.77.27.14
10.77.22.10
10.77.22.11
10.77.22.15
10.77.22.12
10.77.23.12
10.77.23.12
10.77.23.12
10.77.22.14
10.77.27.13
10.77.22.10
10.77.27.14
10.77.22.15
10.77.22.15
10.77.22.15
10.77.22.12
10.77.27.14
10.77.22.11
10.77.22.15
10.77.23.10
10.77.22.10
10.77.27.13
10.77.23.11
10.77.22.12
10.77.23.12
10.77.23.12
10.77.23.10
10.77.23.11
10.77.27.15
10.77.23.12
10.77.27.14
10.77.27.15
10.77.22.10
10.77.22.12
10.77.27.14
10.77.23.11
10.77.22.11
10.77.27.14
10.77.27.15
10.77.22.13
10.77.22.11
10.77.22.14
10.77.27.15
10.77.27.14
10.77.23.11
10.77.22.12
10.77.27.15
10.77.22.14
10.77.27.13
10.77.22.13
10.77.27.14
10.77.23.10
10.77.23.12
10.77.22.15
10.77.22.14
10.77.27.13
10.77.27.14
10.77.22.11
10.77.22.13
10.77.22.14
10.77.23.10
10.77.27.13
10.77.27.13
10.77.22.11
10.77.22.10
10.77.23.11
10.77.27.15
10.77.22.14
10.77.22.15
10.77.27.14
10.77.22.11
10.77.27.13
10.77.22.14
10.77.22.11
10.77.27.13
10.77.22.15
10.77.22.13
10.77.22.12
10.77.27.14
10.77.27.14
10.77.23.12
10.77.22.10
10.77.22.11
10.77.27.15
10.77.22.14
10.77.22.10
10.77.22.11
10.77.22.11
10.77.23.10
10.77.27.13
10.77.22.12
10.77.22.13
10.77.22.14
10.77.22.13
10.77.22.10
10.77.23.12
10.77.27.14
10.77.23.11
10.77.27.15
10.77.27.15
10.77.27.15
10.77.22.11
10.77.22.12
10.77.27.13
10.77.22.15
10.77.27.13
10.77.22.12
10.77.22.10
10.77.27.15
10.77.22.13
10.77.22.10
10.77.23.12
10.77.22.13
10.77.22.14
10.77.22.13
10.77.27.15
10.77.22.12
10.77.22.11
10.77.23.11
10.77.27.14
10.77.23.11
10.77.27.15
10.77.22.14
10.77.22.13
10.77.22.14
10.77.22.10
10.77.22.10
10.77.22.15
10.77.22.15
10.77.22.10
10.77.27.13
10.77.22.13
10.77.23.10
10.77.27.15
10.77.22.11
10.77.27.15
10.77.27.15
10.77.22.11
10.77.27.14
10.77.22.14
10.77.23.11
10.77.22.12
10.77.22.11
10.77.22.15
10.77.23.11
10.77.23.12
10.77.22.12
10.77.22.11
10.77.23.10
10.77.27.14
10.77.22.15
10.77.23.10
10.77.23.11
10.77.23.10
10.77.22.15
10.77.23.10
10.77.27.14
10.77.23.10
10.77.22.11
10.77.22.10
10.77.22.11
10.77.22.10
10.77.27.14
10.77.22.15
10.77.23.11
10.77.22.15
10.77.27.14
10.77.27.14
10.77.27.14
10.77.27.14
10.77.27.13
10.77.22.12
10.77.22.15
10.77.22.15
10.77.23.11
10.77.22.11
10.77.27.13
10.77.23.10
10.77.27.14
10.77.23.12
10.77.27.13
10.77.27.13
10.77.22.10
10.77.23.10
10.77.27.14
10.77.22.14
10.77.22.11
10.77.27.14
10.77.22.15
10.77.22.14
10.77.23.10
10.77.23.10
10.77.23.10
10.77.22.11
10.77.23.10
10.77.23.10
10.77.27.15
10.77.22.13
10.77.23.12
10.77.22.13
10.77.27.13
10.77.22.14
10.77.27.15
10.77.22.13
10.77.22.10
10.77.27.13
10.77.23.10
10.77.22.15
10.77.23.10
10.77.22.10
10.77.27.14
10.77.22.15
10.77.22.10
10.77.22.15
10.77.23.11
10.77.27.13
10.77.27.13
10.77.22.15
10.77.22.11
10.77.23.12
10.77.22.15
10.77.22.15
10.77.27.14
10.77.22.15
10.77.27.14
10.77.23.11
10.77.22.14
10.77.27.14
10.77.22.12
10.77.27.13
10.77.22.11
10.77.22.11
10.77.27.15
10.77.23.12
10.77.27.14
10.77.22.14
10.77.22.14
10.77.22.11
10.77.22.10
10.77.27.15
10.77.22.10
10.77.22.12
10.77.27.14
10.77.27.14
10.77.23.12
10.77.22.11
10.77.23.11
10.77.27.14
10.77.22.14
10.77.23.12
10.77.27.13
10.77.22.15
10.77.22.10
10.77.23.10
10.77.23.11
10.77.22.11
10.77.27.15
10.77.23.11
10.77.23.10
10.77.22.12
10.77.27.13
10.77.22.15
10.77.22.13
10.77.27.13
10.77.23.10
10.77.22.12
10.77.23.12
10.77.23.12
10.77.22.12
10.77.23.10
10.77.22.14
10.77.27.13
10.77.23.12
10.77.22.14
10.77.23.10
10.77.22.11
10.77.27.14
10.77.23.11
10.77.27.14
10.77.27.13
10.77.27.14
10.77.27.14
10.77.22.12
10.77.23.10
10.77.27.14
10.77.27.14
10.77.23.10
10.77.27.14
10.77.22.13
10.77.22.14
10.77.22.10
10.77.27.15
10.77.27.13
10.77.22.12
10.77.22.13
10.77.23.11
10.77.23.11
10.77.22.14
10.77.23.12
10.77.22.10
10.77.27.14
10.77.23.10
10.77.22.11
10.77.22.13
10.77.23.11
10.77.23.11
10.77.23.12
10.77.23.12
10.77.27.14
10.77.22.12
10.77.22.15
10.77.22.13
10.77.27.15
10.77.23.12
10.77.22.15
10.77.22.12
10.77.27.15
10.77.22.11
10.77.23.12
10.77.23.12
10.77.22.15
10.77.22.12
10.77.22.14
10.77.22.11
10.77.27.13
10.77.23.11
10.77.23.10
10.77.23.12
10.77.23.12
10.77.27.15
10.77.23.10
10.77.23.12
10.77.22.12
10.77.27.15
10.77.27.14
10.77.22.10
10.77.23.10
10.77.23.11
10.77.27.13
10.77.22.15
10.77.22.10
10.77.27.13
10.77.22.11
10.77.22.12
10.77.23.10
10.77.27.15
10.77.22.12
10.77.27.15
10.77.23.10
10.77.22.15
10.77.22.13
10.77.27.14
10.77.22.14
10.77.22.14
10.77.27.15
10.77.23.12
10.77.22.11
10.77.27.15
10.77.22.14
10.77.27.13
10.77.22.11
10.77.27.14
10.77.22.13
10.77.23.12
10.77.22.10
10.77.22.14
10.77.27.13
10.77.22.14
10.77.22.11
10.77.22.11
10.77.22.12
10.77.27.15
10.77.23.10
10.77.22.13
10.77.22.11
10.77.27.14
10.77.23.11
10.77.22.12
10.77.22.12
10.77.27.13
10.77.23.10
10.77.22.13
10.77.22.12
10.77.23.11
10.77.23.10
10.77.23.12
10.77.23.10
10.77.22.11
10.77.22.15
10.77.22.13
10.77.27.15
10.77.27.13
10.77.22.14
10.77.23.10
10.77.23.12
10.77.22.13
10.77.22.15
10.77.23.12
10.77.22.12
10.77.22.13
10.77.27.14
10.77.27.13
10.77.27.15
10.77.27.14
10.77.27.15
10.77.23.10
10.77.22.10
10.77.22.15
10.77.23.11
10.77.22.15
10.77.27.13
10.77.27.13
10.77.22.10
10.77.23.11
10.77.22.11
10.77.22.14
10.77.27.13
10.77.22.14
10.77.22.14
10.77.22.11
10.77.22.11
10.77.27.15
10.77.23.12
10.77.23.12
10.77.22.13
10.77.22.11
10.77.22.13
10.77.22.12
10.77.23.12
10.77.22.14
10.77.22.15
10.77.22.14
10.77.27.15
10.77.23.11
10.77.22.11
10.77.22.12
10.77.22.15
10.77.27.13
10.77.22.11
10.77.22.11
10.77.22.12
10.77.22.10
10.77.22.10
10.77.27.13
10.77.27.13
10.77.22.14
10.77.22.14
10.77.22.15
10.77.23.12
10.77.22.14
10.77.22.13
10.77.22.11
10.77.22.13
10.77.22.11
10.77.27.13
10.77.22.15
10.77.22.13
10.77.23.10
10.77.22.14
10.77.27.13
10.77.23.12
10.77.22.11
10.77.27.15
10.77.27.13
10.77.23.10
10.77.22.12
10.77.22.11
10.77.22.15
10.77.22.15
10.77.23.12
10.77.22.14
10.77.23.11
10.77.22.10
10.77.22.10
10.77.23.10
10.77.27.15
10.77.23.10
10.77.23.12
10.77.22.12
10.77.22.11
10.77.22.14
10.77.22.13
10.77.22.14
10.77.22.11
10.77.27.15
10.77.22.12
10.77.22.12
10.77.22.15
10.77.27.13
10.77.27.15
10.77.22.14
10.77.22.12
10.77.27.13
10.77.23.11
10.77.23.12
10.77.23.10
10.77.22.13
10.77.27.14
10.77.22.11
10.77.27.14
10.77.27.13
10.77.23.11
10.77.27.13
10.77.22.10
10.77.22.12
10.77.27.14
10.77.23.12
10.77.22.12
10.77.23.10
10.77.22.13
10.77.22.11
10.77.23.10
10.77.23.10
10.77.27.15
10.77.23.12
10.77.23.10
10.77.27.14
10.77.23.11
10.77.22.15
10.77.22.15
10.77.23.12
10.77.22.14
10.77.22.13
10.77.22.12
10.77.23.12
10.77.23.11
10.77.22.13
10.77.22.13
10.77.22.15
10.77.27.14
10.77.27.14
10.77.22.12
10.77.23.10
10.77.23.11
10.77.22.10
10.77.23.10
10.77.27.15
10.77.22.13
10.77.22.15
10.77.22.10
10.77.22.11
10.77.22.13
10.77.22.14
10.77.23.11
10.77.23.10
10.77.23.11
10.77.22.10
10.77.22.11
10.77.23.11
10.77.27.13
10.77.27.15
10.77.23.12
10.77.23.12
10.77.22.15
10.77.22.10
10.77.22.12
10.77.22.11
10.77.22.11
10.77.27.14
10.77.23.10
10.77.22.15
10.77.27.15
10.77.27.13
10.77.22.10
10.77.23.11
10.77.22.12
10.77.27.13
10.77.23.11
10.77.22.10
10.77.23.12
10.77.22.13
10.77.23.11
10.77.22.13
10.77.27.15
10.77.22.15
10.77.27.14
10.77.23.11
10.77.22.11
10.77.23.11
10.77.22.15
10.77.27.15
10.77.22.13
10.77.23.12
10.77.23.11
10.77.22.13
10.77.22.13
10.77.22.14
10.77.27.14
10.77.22.15
10.77.23.10
10.77.22.10
10.77.22.14
10.77.22.12
10.77.27.13
10.77.27.15
10.77.22.11
10.77.23.10
10.77.22.12
10.77.27.14
10.77.23.12
10.77.23.10
10.77.23.10
10.77.27.13
10.77.22.10
10.77.22.12
10.77.23.11
10.77.22.10
10.77.22.10
10.77.22.12
10.77.22.13
10.77.22.14
10.77.22.11
10.77.22.13
10.77.23.12
10.77.22.10
10.77.23.10
10.77.22.11
10.77.22.12
10.77.23.12
10.77.27.13
10.77.22.13
10.77.27.14
10.77.27.14
10.77.22.11
10.77.23.11
10.77.23.12
10.77.22.14
10.77.22.13
10.77.22.12
10.77.23.12
10.77.22.13
10.77.27.15
10.77.23.10
10.77.22.15
10.77.23.12
10.77.23.11
10.77.23.12
10.77.27.15
10.77.22.13
10.77.22.11
10.77.22.14
10.77.22.13
10.77.27.13
10.77.22.10
10.77.22.11
10.77.22.10
10.77.27.14
10.77.27.13
10.77.23.12
10.77.27.15
10.77.22.13
10.77.23.10
10.77.23.12
10.77.22.14
10.77.23.11
10.77.22.10
10.77.22.10
10.77.22.14
10.77.23.12
10.77.27.14
10.77.22.13
10.77.23.11
10.77.27.14
10.77.22.14
10.77.23.11
10.77.22.14
10.77.22.11
10.77.27.15
10.77.22.10
10.77.23.12
10.77.22.10
10.77.27.15
10.77.27.15
10.77.22.12
10.77.22.14
10.77.22.11
10.77.23.12
10.77.22.12
10.77.27.15
10.77.22.14
10.77.22.11
10.77.22.11
10.77.23.11
10.77.23.12
10.77.22.11
10.77.22.15
10.77.23.11
10.77.23.11
10.77.22.12
10.77.23.10
10.77.23.11
10.77.22.10
10.77.23.11
10.77.27.15
10.77.22.13
10.77.22.13
10.77.23.11
10.77.22.13
10.77.22.11
10.77.22.15
10.77.22.10
10.77.22.13
10.77.22.14
10.77.22.14
10.77.22.11
10.77.22.11
10.77.23.10
10.77.27.14
10.77.22.10
10.77.23.10
10.77.23.10
10.77.22.15
10.77.27.14
10.77.22.14
10.77.27.14
10.77.23.11
10.77.22.11
10.77.22.10
10.77.22.14
10.77.27.15
10.77.23.10
10.77.27.14
10.77.22.12
10.77.23.10
10.77.22.14
10.77.23.10
10.77.27.14
10.77.27.14
10.77.22.10
10.77.27.13
10.77.27.15
10.77.22.15
10.77.22.12
10.77.27.15
10.77.22.14
10.77.22.15
10.77.22.14
10.77.22.12
10.77.22.13
10.77.27.14
10.77.22.12
10.77.22.13
10.77.27.14
10.77.22.10
10.77.22.10
10.77.23.11
10.77.22.13
10.77.27.13
10.77.27.13
10.77.23.11
10.77.23.10
10.77.27.13
10.77.27.13
10.77.23.11
10.77.27.15
10.77.23.10
10.77.27.14
10.77.22.13
10.77.23.10
10.77.22.12
10.77.23.11
10.77.22.12
10.77.22.10
10.77.22.15
10.77.22.11
10.77.22.13
10.77.23.12
10.77.23.10
10.77.27.14
10.77.23.10
10.77.22.10
10.77.22.11
10.77.22.15
10.77.27.13
10.77.22.12
10.77.22.15
10.77.27.13
10.77.27.14
10.77.23.10
10.77.27.15
10.77.27.14
10.77.23.11
10.77.23.12
10.77.22.14
10.77.23.11
10.77.22.15
10.77.22.15
10.77.27.14
10.77.22.11
10.77.22.15
10.77.23.12
10.77.27.15
10.77.23.10
10.77.22.12
10.77.22.11
10.77.22.10
10.77.27.14
10.77.22.13
10.77.23.12
10.77.27.13
10.77.22.15
10.77.23.12
10.77.22.10
10.77.27.14
10.77.27.15
10.77.27.15
10.77.22.11
10.77.23.12
10.77.22.14
10.77.22.14
10.77.27.13
10.77.22.15
10.77.22.13
10.77.23.10
10.77.22.12
10.77.23.12
10.77.22.15
10.77.22.13
10.77.23.10
10.77.27.14
10.77.22.11
10.77.22.14
10.77.27.14
10.77.22.15
10.77.22.14
10.77.23.10
10.77.22.10
10.77.22.10
10.77.23.12
10.77.22.13
10.77.22.12
10.77.22.12
10.77.27.15
10.77.27.14
10.77.27.13
10.77.27.13
10.77.27.15
10.77.22.10
10.77.22.14
10.77.27.14
10.77.23.12
10.77.23.12
10.77.27.15
10.77.23.11
10.77.22.11
10.77.23.11
10.77.23.12
10.77.22.14
10.77.23.11
10.77.22.12
10.77.23.12
10.77.23.10
10.77.22.10
10.77.23.12
10.77.22.11
10.77.22.11
10.77.22.12
10.77.22.14
10.77.22.10
10.77.22.11
10.77.23.12
10.77.27.14
10.77.23.12
10.77.22.10
10.77.22.13
10.77.22.10
10.77.23.10
10.77.23.12
10.77.22.14
10.77.27.15
10.77.22.10
10.77.22.10
10.77.27.14
10.77.23.12
10.77.23.12
10.77.22.11
10.77.22.11
10.77.27.15
10.77.22.10
10.77.22.10
10.77.22.15
10.77.23.11
10.77.27.15
10.77.22.13
10.77.22.10
10.77.22.10
10.77.27.13
10.77.23.12
10.77.22.14
10.77.23.12
10.77.22.11
10.77.22.14
10.77.22.12
10.77.27.13
10.77.22.15
10.77.27.15
10.77.23.12
10.77.22.15
10.77.22.10
10.77.23.12
10.77.22.10
10.77.27.15
10.77.27.13
10.77.22.15
10.77.22.11
10.77.27.14
10.77.22.15
10.77.27.15
10.77.23.11
10.77.27.13
10.77.23.11
10.77.22.15
10.77.22.12
10.77.23.12
10.77.22.15
10.77.22.11
10.77.23.10
10.77.23.10
10.77.23.11
10.77.22.15
10.77.27.13
10.77.22.14
10.77.22.13
10.77.22.12
10.77.22.10
10.77.22.11
10.77.22.10
10.77.22.15
10.77.27.15
10.77.22.11
10.77.27.14
10.77.22.15
10.77.23.12
10.77.22.13
10.77.27.14
10.77.22.11
10.77.22.12
10.77.22.12
10.77.27.15
10.77.22.15
10.77.27.15
10.77.22.10
10.77.23.12
10.77.22.10
10.77.23.10
10.77.23.10
10.77.22.15
10.77.23.12
10.77.27.15
10.77.27.15
10.77.27.13
10.77.22.15
10.77.22.14
10.77.27.13
10.77.27.14
10.77.22.11
10.77.22.13
10.77.22.15
10.77.27.14
10.77.23.11
10.77.22.15
10.77.22.13
10.77.22.12
10.77.23.12
10.77.27.13
10.77.22.10
10.77.27.15
10.77.23.11
10.77.27.13
10.77.27.14
10.77.22.13
10.77.22.11
10.77.22.15
10.77.22.10
10.77.27.13
10.77.22.12
10.77.23.10
10.77.23.12
10.77.23.12
10.77.22.15
10.77.27.14
10.77.22.15
10.77.23.10
10.77.22.11
10.77.22.14
10.77.23.10
10.77.22.13
10.77.22.11
10.77.27.14
10.77.23.12
10.77.27.13
10.77.27.14
10.77.22.11
10.77.22.10
10.77.27.15
10.77.27.15
10.77.22.10
10.77.27.13
10.77.27.14
10.77.27.13
10.77.23.12
10.77.23.11
10.77.22.11
10.77.22.14
10.77.22.13
10.77.22.15
10.77.22.12
10.77.23.12
10.77.27.15
10.77.23.12
10.77.23.12
10.77.27.15
10.77.22.12
10.77.22.11
10.77.22.12
10.77.22.15
10.77.22.11
10.77.27.14
10.77.22.11
10.77.22.13
10.77.22.12
10.77.22.15
10.77.22.13
10.77.27.14
10.77.22.11
10.77.22.14
10.77.27.13
10.77.22.14
10.77.22.14
10.77.22.12
10.77.27.15
10.77.22.13
10.77.22.10
10.77.27.14
10.77.22.12
10.77.22.10
10.77.27.15
10.77.27.14
10.77.27.14
10.77.22.12
10.77.23.12
10.77.22.13
10.77.23.12
10.77.27.13
10.77.27.15
10.77.23.10
10.77.22.15
10.77.22.12
10.77.22.12
10.77.22.15
10.77.23.11
10.77.27.15
10.77.22.14
10.77.22.11
10.77.23.10
10.77.27.14
10.77.22.13
10.77.27.13
10.77.27.13
10.77.23.12
10.77.22.14
10.77.27.14
10.77.27.13
10.77.23.10
10.77.22.15
10.77.22.10
10.77.22.15
10.77.23.10
10.77.23.10
10.77.22.12
10.77.22.12
10.77.23.11
10.77.22.15
10.77.22.10
10.77.23.10
10.77.22.10
10.77.27.13
10.77.22.15
10.77.23.11
10.77.22.11
10.77.27.13
10.77.22.13
10.77.22.15
10.77.22.14
10.77.27.14
10.77.23.12
10.77.27.14
10.77.23.10
10.77.23.10
10.77.27.13
10.77.23.11
10.77.22.10
10.77.27.14
10.77.22.15
10.77.22.15
10.77.22.15
10.77.27.15
10.77.27.13
10.77.22.10
10.77.22.15
10.77.23.10
10.77.27.14
10.77.22.13
10.77.22.14
10.77.22.12
10.77.22.10
10.77.27.15
10.77.22.14
10.77.22.11
10.77.22.15
10.77.22.11
10.77.23.10
10.77.22.15
10.77.22.15
10.77.27.15
10.77.27.13
10.77.27.13
10.77.22.15
10.77.27.14
10.77.23.12
10.77.22.14
10.77.27.13
10.77.23.10
10.77.22.12
10.77.23.10
10.77.23.10
10.77.22.12
10.77.22.15
10.77.27.14
10.77.22.12
10.77.22.12
10.77.27.15
10.77.22.13
10.77.27.14
10.77.22.12
10.77.27.13
10.77.22.12
10.77.23.11
10.77.27.15
10.77.27.14
10.77.22.15
10.77.22.13
10.77.22.11
10.77.22.15
10.77.27.13
10.77.22.11
10.77.22.15
10.77.22.13
10.77.23.12
10.77.23.12
10.77.27.15
10.77.27.14
10.77.22.15
10.77.22.14
10.77.22.11
10.77.23.11
10.77.27.13
10.77.22.12
10.77.22.12
10.77.22.11
10.77.22.14
10.77.22.12
10.77.27.15
10.77.27.13
10.77.22.14
10.77.22.11
10.77.22.10
10.77.27.14
10.77.22.12
10.77.23.10
10.77.23.10
10.77.22.13
10.77.22.11
10.77.22.12
10.77.22.10
10.77.22.11
10.77.22.10
10.77.27.13
10.77.23.12
10.77.22.11
10.77.27.15
10.77.23.10
10.77.22.10
10.77.22.15
10.77.22.13
10.77.22.14
10.77.22.15
10.77.27.13
10.77.23.10
10.77.22.15
10.77.22.13
10.77.23.10
10.77.27.14
10.77.22.13
10.77.22.11
10.77.22.10
10.77.22.10
10.77.22.11
10.77.27.13
10.77.27.15
10.77.22.14
10.77.27.15
10.77.22.13
10.77.27.14
10.77.27.13
10.77.22.10
10.77.22.15
10.77.27.13
10.77.22.13
10.77.27.15
10.77.22.14
10.77.23.11
10.77.22.10
10.77.22.11
10.77.23.10
10.77.22.15
10.77.22.13
10.77.27.14
10.77.27.13
10.77.23.11
10.77.22.15
10.77.23.11
10.77.27.13
10.77.23.12
10.77.27.14
10.77.22.13
10.77.27.14
10.77.27.13
10.77.27.15
10.77.23.11
10.77.22.15
10.77.22.13
10.77.22.15
10.77.23.11
10.77.22.13
10.77.22.10
10.77.27.14
10.77.27.14
10.77.27.14
10.77.23.12
10.77.22.10
10.77.23.10
10.77.27.15
10.77.22.12
10.77.23.11
10.77.22.14
10.77.23.10
10.77.22.11
10.77.27.14
10.77.22.15
10.77.27.15
10.77.23.12
10.77.27.15
10.77.22.13
10.77.27.15
10.77.22.13
10.77.23.11
10.77.27.13
10.77.27.14
10.77.22.15
10.77.22.11
10.77.23.12
10.77.23.11
10.77.23.12
10.77.23.12
10.77.23.10
10.77.22.14
10.77.23.10
10.77.22.13
10.77.22.14
10.77.27.15
10.77.22.11
10.77.23.12
10.77.27.13
10.77.27.13
10.77.23.10
10.77.22.15
10.77.22.11
10.77.22.10
10.77.23.11
10.77.23.10
10.77.22.14
10.77.27.14
10.77.23.11
10.77.27.15
10.77.27.14
10.77.22.15
10.77.22.15
10.77.22.10
10.77.27.13
10.77.27.15
10.77.22.10
10.77.27.13
10.77.22.14
10.77.22.12
10.77.22.15
10.77.22.12
10.77.22.13
10.77.27.14
10.77.22.15
10.77.22.12
10.77.22.11
10.77.27.13
10.77.22.13
10.77.23.10
10.77.23.12
10.77.22.13
10.77.22.15
10.77.23.11
10.77.22.15
10.77.22.10
10.77.23.12
10.77.27.14
10.77.23.11
10.77.27.15
10.77.27.14
10.77.22.15
10.77.22.14
10.77.22.11
10.77.22.11
10.77.22.13
10.77.22.13
10.77.23.11
10.77.23.12
10.77.27.15
10.77.27.14
10.77.22.12
10.77.22.15
10.77.22.14
10.77.27.14
10.77.27.14
10.77.22.11
10.77.22.10
10.77.22.10
10.77.22.15
10.77.23.12
10.77.23.12
10.77.27.13
10.77.22.10
10.77.27.14
10.77.23.11
10.77.22.10
10.77.23.11
10.77.23.11
10.77.22.12
10.77.22.14
10.77.22.15
10.77.22.11
10.77.22.15
10.77.27.14
10.77.22.10
10.77.27.15
10.77.22.10
10.77.23.12
10.77.22.11
10.77.22.14
10.77.22.10
10.77.22.12
10.77.23.10
10.77.27.13
10.77.22.13
10.77.23.11
10.77.27.14
10.77.22.14
10.77.27.14
10.77.27.15
10.77.27.13
10.77.22.13
10.77.27.14
10.77.23.12
10.77.23.10
10.77.22.10
10.77.23.12
10.77.22.14
10.77.27.15
10.77.23.12
10.77.23.10
10.77.22.15
10.77.22.12
10.77.22.14
10.77.22.10
10.77.22.12
10.77.22.10
10.77.22.10
10.77.22.10
10.77.27.14
10.77.27.13
10.77.23.12
10.77.27.13
10.77.27.13
10.77.27.15
10.77.22.11
10.77.27.14
10.77.22.10
10.77.22.13
10.77.22.10
10.77.22.15
10.77.22.10
10.77.22.15
10.77.27.13
10.77.22.10
10.77.22.10
10.77.22.14
10.77.22.12
10.77.22.11
10.77.22.12
10.77.23.11
10.77.22.11
10.77.22.15
10.77.22.15
10.77.22.12
10.77.23.11
10.77.27.13
10.77.23.11
10.77.23.12
10.77.22.14
10.77.22.11
10.77.22.14
10.77.22.12
10.77.22.11
10.77.27.13
10.77.27.15
10.77.22.13
10.77.27.15
10.77.23.12
10.77.22.10
10.77.27.14
10.77.22.10
10.77.22.15
10.77.27.14
10.77.27.13
10.77.22.10
10.77.22.10
10.77.27.14
10.77.22.13
10.77.22.15
10.77.27.14
10.77.22.13
10.77.23.11
10.77.22.13
10.77.22.14
10.77.22.12
10.77.23.12
10.77.22.13
10.77.23.11
10.77.23.12
10.77.23.11
10.77.23.10
10.77.22.14
10.77.22.14
10.77.27.15
10.77.22.15
10.77.22.12
10.77.22.11
10.77.22.15
10.77.23.10
10.77.23.11
10.77.22.12
10.77.23.10
10.77.23.11
10.77.22.13
10.77.22.11
10.77.22.11
10.77.22.10
10.77.22.12
10.77.22.13
10.77.22.10
10.77.22.15
10.77.23.11
10.77.23.11
10.77.23.10
10.77.22.14
10.77.22.11
10.77.27.13
10.77.22.11
10.77.22.14
10.77.22.15
10.77.22.11
10.77.22.11
10.77.22.11
10.77.22.13
10.77.22.13
10.77.27.15
10.77.22.13
10.77.22.13
10.77.23.11
10.77.27.15
10.77.23.10
10.77.27.14
10.77.27.13
10.77.22.12
10.77.22.15
10.77.27.15
10.77.22.10
10.77.27.14
10.77.22.12
10.77.23.11
10.77.22.12
10.77.23.10
10.77.23.11
10.77.22.15
10.77.23.11
10.77.22.14
10.77.27.15
10.77.23.10
10.77.22.13
10.77.22.12
10.77.23.10
10.77.22.10
10.77.23.12
10.77.22.14
10.77.27.14
10.77.27.13
10.77.22.11
10.77.23.10
10.77.23.10
10.77.22.11
10.77.22.14
10.77.22.14
10.77.22.11
10.77.22.11
10.77.23.11
10.77.27.14
10.77.23.10
10.77.23.10
10.77.22.11
10.77.22.15
10.77.27.14
10.77.22.15
10.77.22.10
10.77.22.11
10.77.22.11
10.77.27.14
10.77.23.10
10.77.22.11
10.77.22.15
10.77.22.14
10.77.22.14
10.77.23.12
10.77.22.14
10.77.27.14
10.77.23.11
10.77.27.13
10.77.23.11
10.77.22.11
10.77.22.12
10.77.22.12
10.77.23.10
10.77.22.12
10.77.22.10
10.77.27.15
10.77.22.13
10.77.27.14
10.77.22.12
10.77.22.11
10.77.22.15
10.77.23.11
10.77.22.10
10.77.23.12
10.77.22.12
10.77.23.11
10.77.23.10
10.77.27.14
10.77.23.11
10.77.22.15
10.77.22.14
10.77.27.14
10.77.22.14
10.77.22.12
10.77.22.10
10.77.23.12
10.77.27.15
10.77.22.10
10.77.22.13
10.77.22.12
10.77.27.13
10.77.22.13
10.77.27.14
10.77.22.14
10.77.22.15
10.77.22.11
10.77.22.11
10.77.27.13
10.77.22.13
10.77.23.12
10.77.22.12
10.77.22.13
10.77.22.15
10.77.23.12
10.77.22.11
10.77.22.14
10.77.27.15
10.77.23.11
10.77.22.10
10.77.22.12
10.77.27.14
10.77.22.12
10.77.23.12
10.77.27.14
10.77.22.10
10.77.23.12
10.77.22.10
10.77.23.10
10.77.22.12
10.77.22.14
10.77.23.12
10.77.22.11
10.77.27.14
10.77.22.14
10.77.23.10
10.77.23.12
10.77.22.10
10.77.23.12
10.77.23.11
10.77.23.11
10.77.23.11
10.77.22.14
10.77.23.12
10.77.23.10
10.77.23.12
10.77.23.12
10.77.22.12
10.77.22.14
10.77.23.12
10.77.22.15
10.77.22.10
10.77.22.15
10.77.22.11
10.77.22.11
10.77.22.10
10.77.23.10
10.77.23.11
10.77.22.15
10.77.22.12
10.77.22.11
10.77.23.10
10.77.22.11
10.77.22.14
10.77.27.14
10.77.27.13
10.77.23.10
10.77.23.10
10.77.22.14
10.77.23.12
10.77.27.15
10.77.27.13
10.77.22.12
10.77.27.15
10.77.22.14
10.77.22.14
10.77.22.15
10.77.27.15
10.77.22.15
10.77.22.14
10.77.22.13
10.77.22.14
10.77.23.12
10.77.27.14
10.77.23.10
10.77.27.15
10.77.23.12
10.77.22.12
10.77.27.13
10.77.27.13
10.77.22.15
10.77.22.12
10.77.22.10
10.77.27.14
10.77.22.11
10.77.23.11
10.77.22.10
10.77.27.14
10.77.27.14
10.77.27.14
10.77.22.11
10.77.27.15
10.77.23.10
10.77.27.13
10.77.27.13
10.77.22.11
10.77.22.14
10.77.22.11
10.77.22.15
10.77.23.11
10.77.23.12
10.77.27.13
10.77.27.14
10.77.22.12
10.77.22.15
10.77.27.14
10.77.22.13
10.77.22.13
10.77.22.11
10.77.27.13
10.77.22.15
10.77.27.13
10.77.22.15
10.77.27.14
10.77.22.15
10.77.22.10
10.77.22.10
10.77.22.14
10.77.22.10
10.77.27.13
10.77.22.10
10.77.22.10
10.77.23.10
10.77.22.11
10.77.27.14
10.77.23.10
10.77.22.14
10.77.22.11
10.77.23.10
10.77.22.13
10.77.27.14
10.77.22.12
10.77.22.10
10.77.27.15
10.77.22.12
10.77.22.10
10.77.23.10
10.77.22.14
10.77.22.14
10.77.23.11
10.77.23.12
10.77.22.11
10.77.22.15
10.77.22.15
10.77.23.11
10.77.23.12
10.77.23.11
10.77.22.15
10.77.22.14
10.77.22.10
10.77.22.13
10.77.23.12
10.77.22.11
10.77.22.13
10.77.22.15
10.77.23.10
10.77.22.11
10.77.23.10
10.77.22.10
10.77.22.12
10.77.23.11
10.77.23.10
10.77.22.10
10.77.27.15
10.77.23.10
10.77.22.10
10.77.23.11
10.77.23.11
10.77.22.15
10.77.27.14
10.77.22.14
10.77.22.10
10.77.22.11
10.77.23.12
10.77.23.11
10.77.22.12
10.77.23.12
10.77.22.15
10.77.22.10
10.77.23.10
10.77.23.10
10.77.23.12
10.77.22.13
10.77.22.13
10.77.22.11
10.77.23.12
10.77.22.15
10.77.22.13
10.77.23.11
10.77.27.14
10.77.27.13
10.77.23.12
10.77.27.13
10.77.27.13
10.77.23.10
10.77.23.12
10.77.27.14
10.77.27.14
10.77.22.14
10.77.27.15
10.77.27.15
10.77.22.14
10.77.22.12
10.77.22.10
10.77.23.12
10.77.22.15
10.77.23.12
10.77.22.11
10.77.23.10
10.77.23.10
10.77.27.15
10.77.22.11
10.77.22.14
10.77.23.11
10.77.23.10
10.77.22.15
10.77.27.13
10.77.22.11
10.77.23.10
10.77.22.14
10.77.22.11
10.77.27.13
10.77.27.15
10.77.23.10
10.77.27.15
10.77.22.14
10.77.23.10
10.77.22.13
10.77.22.10
10.77.27.14
10.77.22.13
10.77.22.13
10.77.22.11
10.77.23.10
10.77.23.12
10.77.23.11
10.77.22.15
10.77.22.15
10.77.23.11
10.77.22.13
10.77.27.15
10.77.23.11
10.77.27.14
10.77.27.13
10.77.23.10
10.77.27.14
10.77.22.14
10.77.22.13
10.77.22.13
10.77.22.13
10.77.23.12
10.77.22.14
10.77.22.10
10.77.22.13
10.77.22.13
10.77.27.14
10.77.22.10
10.77.22.10
10.77.22.13
10.77.22.15
10.77.27.13
10.77.22.10
10.77.23.11
10.77.22.15
10.77.27.14
10.77.27.13
10.77.22.15
10.77.27.13
10.77.22.15
10.77.22.11
10.77.22.13
10.77.22.10
10.77.22.11
10.77.27.14
10.77.27.13
10.77.27.13
10.77.27.15
10.77.23.12
10.77.22.11
10.77.27.15
10.77.23.11
10.77.27.13
10.77.22.14
10.77.22.15
10.77.23.11
10.77.27.15
10.77.22.12
10.77.23.12
10.77.22.14
10.77.27.13
10.77.27.14
10.77.23.12
10.77.23.11
10.77.23.11
10.77.27.14
10.77.22.13
10.77.22.11
10.77.27.14
10.77.27.13
10.77.27.13
10.77.27.13
10.77.23.12
10.77.22.13
10.77.22.11
10.77.27.15
10.77.27.15
10.77.27.13
10.77.22.13
10.77.23.10
10.77.22.15
10.77.22.11
10.77.22.10
10.77.23.10
10.77.23.11
10.77.23.11
10.77.22.11
10.77.23.12
10.77.22.12
10.77.22.15
10.77.22.12
10.77.22.11
10.77.22.10
10.77.23.10
10.77.27.13
10.77.27.15
10.77.23.10
10.77.27.13
10.77.23.11
10.77.22.10
10.77.22.13
10.77.23.11
10.77.27.13
10.77.23.10
10.77.22.11
10.77.23.12
10.77.22.14
10.77.27.13
10.77.27.15
10.77.23.11
10.77.22.10
10.77.23.10
10.77.27.14
10.77.23.12
10.77.23.10
10.77.22.11
10.77.22.13
10.77.27.14
10.77.22.11
10.77.27.13
10.77.22.10
10.77.22.10
10.77.27.13
10.77.27.14
10.77.27.14
10.77.27.13
10.77.27.13
10.77.22.13
10.77.27.13
10.77.27.15
10.77.22.12
10.77.23.10
10.77.22.14
10.77.27.14
10.77.27.14
10.77.27.13
10.77.22.10
10.77.23.10
10.77.22.14
10.77.23.12
10.77.22.13
10.77.22.12
10.77.23.12
10.77.22.12
10.77.23.10
10.77.27.13
10.77.27.15
10.77.27.15
10.77.22.13
10.77.23.10
10.77.22.11
10.77.22.14
10.77.22.13
10.77.22.13
10.77.27.15
10.77.27.14
10.77.23.12
10.77.22.11
10.77.22.15
10.77.22.12
10.77.23.10
10.77.22.12
10.77.22.15
10.77.23.11
10.77.27.14
10.77.27.13
10.77.23.12
10.77.22.11
10.77.22.11
10.77.23.10
10.77.27.13
10.77.27.13
10.77.27.13
10.77.22.11
10.77.27.15
10.77.22.15
10.77.27.13
10.77.22.11
10.77.27.14
10.77.23.10
10.77.22.11
10.77.23.10
10.77.22.15
10.77.23.12
10.77.23.12
10.77.27.14
10.77.22.13
10.77.27.13
10.77.23.11
10.77.23.10
10.77.23.10
10.77.22.13
10.77.22.14
10.77.22.13
10.77.22.13
10.77.22.15
10.77.22.13
10.77.23.12
10.77.27.14
10.77.22.10
10.77.27.14
10.77.22.12
10.77.22.10
10.77.23.12
10.77.22.13
10.77.23.12
10.77.27.14
10.77.27.15
10.77.22.14
10.77.22.11
10.77.23.10
10.77.27.13
10.77.22.11
10.77.23.12
10.77.22.13
10.77.23.10
10.77.27.14
10.77.23.11
10.77.22.13
10.77.23.12
10.77.22.10
10.77.23.11
10.77.22.15
10.77.22.13
10.77.22.13
10.77.22.12
10.77.23.12
10.77.27.13
10.77.23.11
10.77.22.13
10.77.22.15
10.77.22.12
10.77.27.15
10.77.22.13
10.77.27.14
10.77.22.12
10.77.27.14
10.77.22.13
10.77.22.15
10.77.22.10
10.77.22.12
10.77.22.15
10.77.22.13
10.77.27.14
10.77.22.11
10.77.27.14
10.77.22.11
10.77.27.14
10.77.27.13
10.77.22.14
10.77.22.14
10.77.23.10
10.77.27.14
10.77.22.12
10.77.22.13
10.77.22.11
10.77.23.12
10.77.27.15
10.77.27.13
10.77.22.12
10.77.27.14
10.77.22.12
10.77.23.12
10.77.27.14
10.77.22.11
10.77.23.12
10.77.22.14
10.77.23.12
10.77.27.15
10.77.22.11
10.77.22.13
10.77.22.13
10.77.23.12
10.77.22.15
10.77.27.13
10.77.23.12
10.77.27.15
10.77.22.11
10.77.23.11
10.77.27.13
10.77.22.10
10.77.22.10
10.77.27.13
10.77.22.15
10.77.27.15
10.77.27.15
10.77.27.13
10.77.22.13
10.77.22.14
10.77.23.11
10.77.27.14
10.77.27.13
10.77.27.14
10.77.27.13
10.77.22.13
10.77.23.12
10.77.22.15
10.77.27.14
10.77.22.15
10.77.23.10
10.77.23.12
10.77.22.15
10.77.22.14
10.77.22.12
10.77.22.14
10.77.22.10
10.77.27.14
10.77.27.15
10.77.22.10
10.77.22.11
10.77.27.15
10.77.22.14
10.77.23.12
10.77.27.13
10.77.27.13
10.77.22.12
10.77.23.11
10.77.22.11
10.77.22.11
10.77.22.13
10.77.22.15
10.77.23.10
10.77.23.12
10.77.23.11
10.77.22.15
10.77.22.10
10.77.22.13
10.77.27.15
10.77.27.15
10.77.27.14
10.77.22.10
10.77.22.11
10.77.22.13
10.77.22.11
10.77.22.15
10.77.27.15
10.77.22.10
10.77.27.14
10.77.23.12
10.77.23.12
10.77.23.12
10.77.27.15
10.77.23.12
10.77.22.12
10.77.22.11
10.77.22.11
10.77.27.14
10.77.23.10
10.77.22.10
10.77.22.10
10.77.22.10
10.77.23.11
10.77.22.14
10.77.22.15
10.77.22.10
10.77.22.15
10.77.27.14
10.77.27.13
10.77.23.11
10.77.22.10
10.77.22.15
10.77.22.15
10.77.22.15
10.77.22.11
10.77.22.12
10.77.22.14
10.77.23.12
10.77.27.15
10.77.22.10
10.77.22.14
10.77.23.11
10.77.22.14
10.77.22.10
10.77.23.12
10.77.22.14
10.77.22.12
10.77.23.12
10.77.23.10
10.77.27.15
10.77.23.11
10.77.27.15
10.77.22.12
10.77.23.11
10.77.27.15
10.77.22.12
10.77.27.14
10.77.22.12
10.77.22.14
10.77.27.15
10.77.23.12
10.77.27.15
10.77.22.14
10.77.23.12
10.77.22.13
10.77.27.15
10.77.22.13
10.77.23.12
10.77.27.15
10.77.23.11
10.77.22.12
10.77.22.14
10.77.22.10
10.77.22.11
10.77.22.12
10.77.23.12
10.77.23.10
10.77.27.15
10.77.22.12
10.77.22.14
10.77.23.11
10.77.22.11
10.77.27.14
10.77.27.15
10.77.23.11
10.77.22.12
10.77.22.13
10.77.27.15
10.77.23.11
10.77.27.15
10.77.23.12
10.77.27.15
10.77.22.12
10.77.22.12
10.77.22.11
10.77.23.11
10.77.22.15
10.77.27.13
10.77.22.10
10.77.22.14
10.77.27.13
10.77.27.15
10.77.27.14
10.77.23.11
10.77.22.12
10.77.22.10
10.77.22.14
10.77.22.11
10.77.22.15
10.77.23.10
10.77.22.13
10.77.23.11
10.77.23.11
10.77.22.12
10.77.22.10
10.77.23.11
10.77.22.15
10.77.27.13
10.77.22.15
10.77.22.10
10.77.27.14
10.77.22.14
10.77.23.11
10.77.27.15
10.77.23.11
10.77.22.11
10.77.22.13
10.77.22.13
10.77.22.10
10.77.27.15
10.77.22.10
10.77.22.15
10.77.27.14
10.77.23.11
10.77.27.13
10.77.22.13
10.77.22.13
10.77.22.13
10.77.22.13
10.77.22.12
10.77.23.12
10.77.27.15
10.77.22.15
10.77.22.12
10.77.22.15
10.77.22.15
10.77.27.15
10.77.22.15
10.77.23.10
10.77.22.15
10.77.22.11
10.77.22.12
10.77.22.12
10.77.22.10
10.77.22.10
10.77.27.14
10.77.22.12
10.77.22.11
10.77.27.13
10.77.22.14
10.77.22.10
10.77.23.12
10.77.23.10
10.77.22.15
10.77.27.15
10.77.27.15
10.77.27.13
10.77.23.11
10.77.27.14
10.77.22.13
10.77.23.10
10.77.22.12
10.77.22.15
10.77.27.14
10.77.27.14
10.77.27.13
10.77.23.11
10.77.22.13
10.77.27.13
10.77.22.14
10.77.22.12
10.77.23.11
10.77.27.13
10.77.22.15
10.77.22.12
10.77.22.11
10.77.23.10
10.77.22.15
10.77.22.15
10.77.27.14
10.77.27.15
10.77.22.11
10.77.27.13
10.77.27.13
10.77.23.10
10.77.27.13
10.77.27.14
10.77.22.11
10.77.23.10
10.77.22.10
10.77.23.12
10.77.22.11
10.77.22.13
10.77.22.13
10.77.22.10
10.77.22.14
10.77.27.15
10.77.22.12
10.77.23.11
10.77.27.13
10.77.22.15
10.77.22.14
10.77.22.12
10.77.27.14
10.77.22.13
10.77.22.11
10.77.23.11
10.77.22.13
10.77.23.11
10.77.22.15
10.77.22.11
10.77.23.12
10.77.27.13
10.77.23.10
10.77.22.11
10.77.23.10
10.77.23.10
10.77.27.13
10.77.22.11
10.77.27.14
10.77.23.10
10.77.22.11
10.77.22.12
10.77.23.11
10.77.22.13
10.77.23.10
10.77.22.15
10.77.22.13
10.77.22.14
10.77.23.12
10.77.22.13
10.77.27.15
10.77.22.12
10.77.22.14
10.77.22.13
10.77.22.12
10.77.23.12
10.77.22.15
10.77.27.15
10.77.27.15
10.77.27.13
10.77.23.10
10.77.27.13
10.77.22.10
10.77.23.12
10.77.22.15
10.77.23.11
10.77.22.11
10.77.27.15
10.77.27.15
10.77.22.11
10.77.23.10
10.77.27.13
10.77.22.12
10.77.27.14
10.77.22.12
10.77.23.11
10.77.23.11
10.77.22.14
10.77.22.15
10.77.22.10
10.77.23.11
10.77.22.12
10.77.23.11
10.77.22.11
10.77.22.12
10.77.23.12
10.77.22.12
10.77.27.15
10.77.27.14
10.77.22.11
10.77.22.11
10.77.22.15
10.77.22.14
10.77.22.11
10.77.22.14
10.77.23.10
10.77.22.15
10.77.22.15
10.77.27.15
10.77.23.10
10.77.23.11
10.77.27.15
10.77.27.14
10.77.22.11
10.77.23.10
10.77.27.15
10.77.27.14
10.77.23.12
10.77.27.13
10.77.22.11
10.77.23.10
10.77.22.11
10.77.27.14
10.77.22.12
10.77.22.14
10.77.22.12
10.77.22.14
10.77.22.13
10.77.22.14
10.77.23.11
10.77.22.12
10.77.23.11
10.77.23.10
10.77.22.13
10.77.22.15
10.77.22.12
10.77.22.10
10.77.22.10
10.77.22.14
10.77.23.12
10.77.23.11
10.77.27.14
10.77.22.11
10.77.22.13
10.77.23.10
10.77.23.12
10.77.23.12
10.77.23.10
10.77.22.13
10.77.22.10
10.77.22.12
10.77.27.14
10.77.22.13
10.77.23.11
10.77.22.12
10.77.22.12
10.77.23.10
10.77.22.13
10.77.27.13
10.77.23.12
10.77.22.10
10.77.27.13
10.77.22.14
10.77.22.11
10.77.22.13
10.77.22.11
10.77.22.11
10.77.23.12
10.77.22.15
10.77.27.13
10.77.22.15
10.77.23.10
10.77.27.14
10.77.22.10
10.77.23.10
10.77.23.12
10.77.23.12
10.77.27.14
10.77.22.11
10.77.22.10
10.77.22.11
10.77.22.11
10.77.22.14
10.77.23.10
10.77.27.14
10.77.23.12
10.77.22.15
10.77.22.13
10.77.22.14
10.77.22.15
10.77.22.12
10.77.27.13
10.77.22.12
10.77.27.13
10.77.27.15
10.77.27.15
10.77.23.12
10.77.22.14
10.77.22.10
10.77.27.14
10.77.22.12
10.77.22.11
10.77.27.13
10.77.23.10
10.77.23.12
10.77.22.13
10.77.27.15
10.77.27.13
10.77.22.14
10.77.22.14
10.77.23.10
10.77.27.14
10.77.23.11
10.77.27.13
10.77.22.11
10.77.27.14
10.77.22.15
10.77.22.14
10.77.23.11
10.77.22.11
10.77.27.14
10.77.22.11
10.77.23.10
10.77.22.12
10.77.22.12
10.77.27.15
10.77.22.11
10.77.22.10
10.77.27.14
10.77.22.10
10.77.22.15
10.77.22.10
10.77.22.13
10.77.22.14
10.77.27.13
10.77.22.14
10.77.22.15
10.77.22.14
10.77.27.13
10.77.27.13
10.77.27.14
10.77.27.15
10.77.22.13
10.77.22.12
10.77.22.12
10.77.23.12
10.77.22.13
10.77.23.11
10.77.23.12
10.77.22.14
10.77.27.14
10.77.22.10
10.77.22.11
10.77.23.12
10.77.22.12
10.77.22.10
10.77.22.14
10.77.22.14
10.77.23.12
10.77.27.13
10.77.22.15
10.77.23.11
10.77.27.13
10.77.23.10
10.77.27.14
10.77.23.12
10.77.22.14
10.77.23.10
10.77.23.10
10.77.27.15
10.77.23.11
10.77.22.11
10.77.22.11
10.77.23.10
10.77.22.14
10.77.22.11
10.77.22.11
10.77.27.15
10.77.27.13
10.77.23.11
10.77.23.12
10.77.22.14
10.77.22.10
10.77.22.11
10.77.27.15
10.77.23.11
10.77.22.11
10.77.27.14
10.77.22.11
10.77.22.12
10.77.27.14
10.77.22.12
10.77.23.12
10.77.27.13
10.77.22.11
10.77.22.10
10.77.27.13
10.77.22.12
10.77.22.14
10.77.22.14
10.77.22.14
10.77.22.14
10.77.22.15
10.77.27.14
10.77.27.14
10.77.22.15
10.77.23.11
10.77.23.10
10.77.22.10
10.77.27.14
10.77.22.13
10.77.27.14
10.77.22.14
10.77.22.13
10.77.23.11
10.77.22.15
10.77.22.10
10.77.23.11
10.77.22.12
10.77.22.15
10.77.27.13
10.77.23.11
10.77.27.13
10.77.23.10
10.77.22.14
10.77.22.14
10.77.22.11
10.77.27.15
10.77.27.15
10.77.27.14
10.77.22.15
10.77.22.11
10.77.22.11
10.77.27.14
10.77.22.13
10.77.22.10
10.77.27.14
10.77.27.15
10.77.22.15
10.77.22.12
10.77.22.10
10.77.22.14
10.77.22.15
10.77.23.11
10.77.23.10
10.77.23.10
10.77.22.11
10.77.27.14
10.77.23.10
10.77.22.12
10.77.22.13
10.77.22.10
10.77.23.11
10.77.22.14
10.77.23.12
10.77.23.10
10.77.23.10
10.77.22.13
10.77.22.15
10.77.27.15
10.77.23.11
10.77.27.14
10.77.22.14
10.77.27.13
10.77.22.14
10.77.27.15
10.77.23.12
10.77.23.11
10.77.22.10
10.77.23.10
10.77.27.14
10.77.22.14
10.77.27.13
10.77.27.14
10.77.23.12
10.77.22.13
10.77.22.13
10.77.22.15
10.77.22.15
10.77.27.14
10.77.22.13
10.77.23.11
10.77.22.13
10.77.27.15
10.77.27.13
10.77.27.13
10.77.22.11
10.77.22.13
10.77.27.14
10.77.23.12
10.77.23.11
10.77.23.12
10.77.27.13
10.77.23.12
10.77.27.13
10.77.22.12
10.77.22.13
10.77.22.11
10.77.22.15
10.77.22.15
10.77.23.10
10.77.27.14
10.77.22.14
10.77.27.14
10.77.23.12
10.77.22.12
10.77.22.12
10.77.22.15
10.77.22.12
10.77.27.14
10.77.22.15
10.77.22.15
10.77.22.10
10.77.23.10
10.77.22.11
10.77.27.13
10.77.27.15
10.77.23.10
10.77.22.15
10.77.23.11
10.77.22.15
10.77.27.14
10.77.22.14
10.77.27.13
10.77.22.15
10.77.22.10
10.77.22.12
10.77.27.13
10.77.27.15
10.77.22.10
10.77.23.11
10.77.23.10
10.77.22.10
10.77.22.14
10.77.27.14
10.77.22.14
10.77.23.12
10.77.27.14
10.77.23.11
10.77.23.12
10.77.23.12
10.77.27.13
10.77.22.14
10.77.22.15
10.77.27.13
10.77.22.13
10.77.23.12
10.77.27.13
10.77.22.12
10.77.22.14
10.77.27.13
10.77.27.14
10.77.23.11
10.77.22.10
10.77.23.10
10.77.23.11
10.77.27.13
10.77.22.10
10.77.23.12
10.77.27.14
10.77.22.15
10.77.22.15
10.77.22.13
10.77.23.10
10.77.27.13
10.77.22.11
10.77.27.13
10.77.23.11
10.77.22.14
10.77.27.14
10.77.22.10
10.77.27.14
10.77.22.11
10.77.27.14
10.77.27.15
10.77.23.10
10.77.27.14
10.77.23.11
10.77.27.15
10.77.22.10
10.77.22.10
10.77.22.13
10.77.22.14
10.77.22.13
10.77.23.12
10.77.22.14
10.77.23.11
10.77.23.12
10.77.27.14
10.77.22.13
10.77.27.14
10.77.22.12
10.77.22.11
10.77.27.14
10.77.22.11
10.77.22.11
10.77.22.15
10.77.22.11
10.77.22.14
10.77.22.12
10.77.27.14
10.77.27.14
10.77.23.12
10.77.27.13
10.77.27.14
10.77.27.15
10.77.23.11
10.77.22.11
10.77.22.11
10.77.22.10
10.77.22.11
10.77.23.10
10.77.27.14
10.77.22.14
10.77.22.10
10.77.22.13
10.77.22.11
10.77.22.14
10.77.22.14
10.77.22.12
10.77.22.15
10.77.22.12
10.77.22.12
10.77.23.11
10.77.22.15
10.77.22.14
10.77.27.15
10.77.27.14
10.77.22.15
10.77.22.12
10.77.27.15
10.77.23.12
10.77.22.10
10.77.27.14
10.77.27.15
10.77.22.10
10.77.22.10
10.77.23.11
10.77.22.10
10.77.23.11
10.77.22.10
10.77.27.13
10.77.23.12
10.77.23.10
10.77.22.15
10.77.22.12
10.77.23.10
10.77.22.15
10.77.27.13
10.77.23.11
10.77.23.11
10.77.27.15
10.77.22.15
10.77.27.13
10.77.22.10
10.77.22.10
10.77.22.14
10.77.27.13
10.77.27.15
10.77.27.13
10.77.23.12
10.77.22.14
10.77.23.10
10.77.27.13
10.77.23.11
10.77.27.15
10.77.23.12
10.77.22.12
10.77.22.14
10.77.23.11
10.77.23.11
10.77.27.14
10.77.27.14
10.77.22.10
10.77.22.11
10.77.27.15
10.77.23.10
10.77.23.12
10.77.22.11
10.77.22.14
10.77.27.13
10.77.22.10
10.77.23.12
10.77.23.12
10.77.23.11
10.77.23.10
10.77.27.13
10.77.27.15
10.77.23.12
10.77.23.10
10.77.23.10
10.77.27.15
10.77.23.10
10.77.27.13
10.77.23.12
10.77.23.10
10.77.22.11
10.77.22.10
10.77.22.12
10.77.23.10
10.77.27.15
10.77.22.13
10.77.22.10
10.77.22.11
10.77.23.10
10.77.27.15
10.77.23.12
10.77.27.15
10.77.27.15
10.77.22.14
10.77.22.15
10.77.22.11
10.77.22.14
10.77.27.14
10.77.22.11
10.77.22.12
10.77.23.12
10.77.22.15
10.77.22.14
10.77.22.15
10.77.22.14
10.77.22.15
10.77.23.11
10.77.22.14
10.77.22.13
10.77.27.14
10.77.27.14
10.77.22.13
10.77.23.11
10.77.27.13
10.77.23.12
10.77.27.14
10.77.23.12
10.77.23.11
10.77.27.15
10.77.27.15
10.77.22.14
10.77.22.15
10.77.23.10
10.77.22.15
10.77.27.14
10.77.22.11
10.77.22.15
10.77.22.12
10.77.22.13
10.77.22.14
10.77.22.11
10.77.23.10
10.77.22.10
10.77.22.14
10.77.22.11
10.77.22.14
10.77.27.13
10.77.23.12
10.77.22.10
10.77.22.10
10.77.27.13
10.77.22.14
10.77.22.10
10.77.23.10
10.77.27.15
10.77.27.13
10.77.23.10
10.77.23.10
10.77.22.10
10.77.23.10
10.77.22.11
10.77.22.10
10.77.22.11
10.77.27.14
10.77.23.12
10.77.27.13
10.77.23.10
10.77.27.15
10.77.23.10
10.77.23.12
10.77.22.14
10.77.22.15
10.77.22.15
10.77.23.10
10.77.22.14
10.77.22.12
10.77.22.13
10.77.22.14
10.77.27.15
10.77.27.15
10.77.22.12
10.77.22.10
10.77.22.13
10.77.23.11
10.77.22.14
10.77.27.13
10.77.22.14
10.77.27.13
10.77.27.13
10.77.27.15
10.77.27.15
10.77.27.13
10.77.23.11
10.77.23.10
10.77.23.11
10.77.22.11
10.77.23.12
10.77.27.15
10.77.23.12
10.77.27.15
10.77.22.14
10.77.27.15
10.77.27.14
10.77.27.13
10.77.22.10
10.77.27.14
10.77.23.10
10.77.22.15
10.77.22.15
10.77.22.15
10.77.22.11
10.77.22.10
10.77.22.12
10.77.22.11
10.77.22.13
10.77.22.12
10.77.22.11
10.77.22.12
10.77.22.12
10.77.22.10
10.77.22.15
10.77.27.14
10.77.22.10
10.77.27.13
10.77.22.13
10.77.27.14
10.77.23.11
10.77.23.12
10.77.22.14
10.77.22.10
10.77.22.15
10.77.23.12
10.77.27.13
10.77.23.11
10.77.22.14
10.77.22.11
10.77.27.15
10.77.22.15
10.77.22.11
10.77.23.10
10.77.22.10
10.77.23.10
10.77.22.10
10.77.22.10
10.77.27.15
10.77.22.10
10.77.23.10
10.77.23.10
10.77.23.11
10.77.22.11
10.77.22.12
10.77.23.11
10.77.23.10
10.77.27.15
10.77.22.13
10.77.22.14
10.77.23.10
10.77.22.14
10.77.23.12
10.77.22.12
10.77.23.12
10.77.27.13
10.77.23.10
10.77.23.12
10.77.27.15
10.77.27.13
10.77.22.10
10.77.22.15
10.77.22.15
10.77.27.15
10.77.22.12
10.77.22.14
10.77.22.13
10.77.22.12
10.77.22.13
10.77.27.15
10.77.22.15
10.77.27.15
10.77.27.15
10.77.22.13
10.77.22.15
10.77.23.11
10.77.22.14
10.77.23.11
10.77.22.10
10.77.27.14
10.77.27.14
10.77.22.14
10.77.23.12
10.77.22.12
10.77.22.10
10.77.22.15
10.77.27.14
10.77.27.13
10.77.23.11
10.77.22.13
10.77.27.14
10.77.22.11
10.77.22.15
10.77.27.13
10.77.23.12
10.77.22.11
10.77.22.15
10.77.22.11
10.77.22.10
10.77.22.12
10.77.27.14
10.77.27.14
10.77.23.10
10.77.22.15
10.77.27.14
10.77.22.15
10.77.23.10
10.77.22.15
10.77.22.14
10.77.22.13
10.77.22.11
10.77.27.15
10.77.22.12
10.77.23.11
10.77.27.13
10.77.22.15
10.77.22.12
10.77.27.13
10.77.22.12
10.77.23.12
10.77.23.11
10.77.22.12
10.77.27.15
10.77.23.11
10.77.27.14
10.77.27.15
10.77.22.15
10.77.27.13
10.77.22.12
10.77.22.13
10.77.27.15
10.77.22.14
10.77.22.14
10.77.23.10
10.77.23.11
10.77.27.13
10.77.27.15
10.77.27.15
10.77.27.13
10.77.27.14
10.77.22.11
10.77.22.10
10.77.23.10
10.77.22.15
10.77.22.11
10.77.23.11
10.77.27.13
10.77.23.10
10.77.22.10
10.77.27.13
10.77.22.15
10.77.27.13
10.77.23.12
10.77.23.12
10.77.27.14
10.77.23.12
10.77.27.15
10.77.22.11
10.77.23.10
10.77.22.15
10.77.22.13
10.77.22.15
10.77.27.13
10.77.22.10
10.77.22.13
10.77.22.14
10.77.27.13
10.77.22.11
10.77.22.13
10.77.22.14
10.77.23.11
10.77.22.13
10.77.22.11
10.77.22.14
10.77.22.13
10.77.22.11
10.77.22.15
10.77.23.12
10.77.22.14
10.77.22.14
10.77.23.12
10.77.23.10
10.77.27.13
10.77.27.15
10.77.27.15
10.77.23.11
10.77.23.11
10.77.27.13
10.77.27.13
10.77.27.14
10.77.22.13
10.77.27.15
10.77.22.11
10.77.23.10
10.77.22.12
10.77.27.15
10.77.22.10
10.77.23.10
10.77.23.12
10.77.22.13
10.77.22.12
10.77.22.10
10.77.23.11
10.77.22.10
10.77.22.10
10.77.27.15
10.77.23.12
10.77.27.13
10.77.23.10
10.77.22.11
10.77.22.12
10.77.23.10
10.77.22.14
10.77.23.10
10.77.22.11
10.77.22.11
10.77.27.14
10.77.27.13
10.77.22.12
10.77.22.13
10.77.23.10
10.77.22.11
10.77.22.10
10.77.22.11
10.77.22.10
10.77.22.10
10.77.27.15
10.77.22.12
10.77.23.10
10.77.22.13
10.77.22.10
10.77.22.12
10.77.22.10
10.77.22.12
10.77.23.11
10.77.22.10
10.77.22.11
10.77.22.10
10.77.23.11
10.77.27.14
10.77.23.12
10.77.27.13
10.77.27.14
10.77.22.10
10.77.22.15
10.77.22.13
10.77.23.11
10.77.22.11
10.77.27.13
10.77.23.11
10.77.22.11
10.77.22.12
10.77.22.12
10.77.23.10
10.77.22.11
10.77.23.10
10.77.27.14
10.77.23.10
10.77.22.10
10.77.27.15
10.77.27.13
10.77.27.13
10.77.22.12
10.77.23.11
10.77.23.10
10.77.22.14
10.77.22.10
10.77.23.11
10.77.27.15
10.77.22.13
10.77.22.12
10.77.27.13
10.77.23.10
10.77.23.12
10.77.22.13
10.77.23.12
10.77.22.11
10.77.22.12
10.77.23.10
10.77.22.12
10.77.27.14
10.77.23.12
10.77.23.10
10.77.22.15
10.77.22.11
10.77.22.12
10.77.22.15
10.77.22.10
10.77.23.10
10.77.23.12
10.77.23.12
10.77.22.10
10.77.23.10
10.77.22.14
10.77.22.13
10.77.23.10
10.77.23.11
10.77.22.12
10.77.27.14
10.77.27.14
10.77.22.15
10.77.22.13
10.77.27.14
10.77.27.14
10.77.22.15
10.77.22.12
10.77.23.11
10.77.27.14
10.77.23.10
10.77.27.14
10.77.23.12
10.77.23.11
10.77.23.12
10.77.22.12
10.77.23.10
10.77.27.15
10.77.22.15
10.77.22.13
10.77.27.14
10.77.22.14
10.77.22.14
10.77.27.13
10.77.27.13
10.77.27.13
10.77.27.14
10.77.22.14
10.77.27.15
10.77.22.13
10.77.27.13
10.77.27.13
10.77.23.10
10.77.22.15
10.77.27.13
10.77.23.11
10.77.22.10
10.77.27.13
10.77.23.10
10.77.22.14
10.77.27.15
10.77.23.12
10.77.27.14
10.77.23.10
10.77.22.15
10.77.27.14
10.77.22.12
10.77.23.10
10.77.22.14
10.77.22.12
10.77.22.14
10.77.23.11
10.77.27.13
10.77.22.13
10.77.22.10
10.77.22.12
10.77.22.12
10.77.22.10
10.77.22.10
10.77.27.14
10.77.23.10
10.77.22.13
10.77.23.11
10.77.22.11
10.77.22.11
10.77.27.15
10.77.22.15
10.77.27.15
10.77.22.11
10.77.27.13
10.77.23.12
10.77.27.14
10.77.27.14
10.77.22.14
10.77.22.12
10.77.23.11
10.77.22.12
10.77.23.12
10.77.27.13
10.77.27.13
10.77.22.10
10.77.23.11
10.77.22.11
10.77.27.15
10.77.22.14
10.77.27.14
10.77.23.11
10.77.22.14
10.77.23.11
10.77.27.13
10.77.22.13
10.77.22.11
10.77.27.15
10.77.22.10
10.77.27.14
10.77.22.14
10.77.27.14
10.77.23.12
10.77.22.15
10.77.22.14
10.77.22.10
10.77.22.14
10.77.23.10
10.77.23.10
10.77.27.13
10.77.22.15
10.77.22.10
10.77.27.14
10.77.22.10
10.77.22.10
10.77.22.12
10.77.22.14
10.77.22.13
10.77.23.11
10.77.22.11
10.77.22.10
10.77.23.10
10.77.22.11
10.77.23.10
10.77.22.15
10.77.27.13
10.77.27.15
10.77.22.13
10.77.22.11
10.77.27.14
10.77.27.13
10.77.23.11
10.77.22.14
10.77.22.15
10.77.23.12
10.77.27.14
10.77.22.10
10.77.22.12
10.77.27.13
10.77.22.12
10.77.27.13
10.77.23.12
10.77.22.12
10.77.27.15
10.77.22.12
10.77.22.13
10.77.23.11
10.77.22.12
10.77.27.15
10.77.27.15
10.77.22.14
10.77.27.15
10.77.23.12
10.77.22.13
10.77.22.12
10.77.23.10
10.77.22.15
10.77.22.10
10.77.27.14
10.77.22.13
10.77.22.14
10.77.22.11
10.77.22.12
10.77.22.12
10.77.22.12
10.77.22.15
10.77.22.12
10.77.27.15
10.77.27.13
10.77.22.13
10.77.22.14
10.77.22.11
10.77.22.10
10.77.22.13
10.77.22.13
10.77.22.10
10.77.22.10
10.77.22.13
10.77.23.10
10.77.27.13
10.77.27.13
10.77.22.14
10.77.27.15
10.77.22.14
10.77.27.13
10.77.27.15
10.77.22.13
10.77.22.15
10.77.27.14
10.77.27.13
10.77.22.13
10.77.22.10
10.77.22.11
10.77.22.12
10.77.27.14
10.77.22.10
10.77.27.13
10.77.23.11
10.77.22.15
10.77.27.13
10.77.22.15
10.77.22.13
10.77.23.11
10.77.27.15
10.77.23.12
10.77.22.15
10.77.27.14
10.77.22.11
10.77.23.11
10.77.22.12
10.77.23.10
10.77.22.15
10.77.22.14
10.77.27.15
10.77.23.10
10.77.22.15
10.77.22.13
10.77.23.10
10.77.22.15
10.77.22.13
10.77.22.13
10.77.23.11
10.77.22.11
10.77.22.14
10.77.23.12
10.77.27.13
10.77.22.12
10.77.23.10
10.77.23.12
10.77.23.12
10.77.22.10
10.77.22.15
10.77.22.11
10.77.23.11
10.77.23.10
10.77.23.11
10.77.22.12
10.77.23.10
10.77.22.11
10.77.27.13
10.77.22.12
10.77.22.13
10.77.27.13
10.77.23.12
10.77.22.11
10.77.27.15
10.77.22.15
10.77.22.15
10.77.27.15
10.77.22.13
10.77.23.10
10.77.22.10
10.77.23.10
10.77.23.11
10.77.22.13
10.77.27.15
10.77.22.10
10.77.22.15
10.77.23.12
10.77.22.13
10.77.22.10
10.77.27.13
10.77.23.10
10.77.22.13
10.77.27.15
10.77.27.15
10.77.27.15
10.77.23.11
10.77.22.15
10.77.27.14
10.77.22.12
10.77.27.14
10.77.22.12
10.77.22.10
10.77.22.11
10.77.27.14
10.77.23.10
10.77.22.14
10.77.22.13
10.77.22.11
10.77.23.10
10.77.22.10
10.77.22.12
10.77.22.14
10.77.27.14
10.77.23.11
10.77.22.13
10.77.22.13
10.77.23.10
10.77.22.13
10.77.27.13
10.77.23.12
10.77.22.15
10.77.22.10
10.77.22.10
10.77.22.10
10.77.27.14
10.77.23.11
10.77.23.12
10.77.27.14
10.77.27.14
10.77.22.15
10.77.23.10
10.77.23.10
10.77.22.15
10.77.22.13
10.77.27.14
10.77.22.11
10.77.23.10
10.77.27.14
10.77.27.14
10.77.23.11
10.77.22.10
10.77.27.13
10.77.22.10
10.77.22.12
10.77.22.10
10.77.27.14
10.77.22.15
10.77.22.12
10.77.22.11
10.77.27.13
10.77.23.11
10.77.22.15
10.77.22.11
10.77.27.14
10.77.27.14
10.77.22.11
10.77.22.12
10.77.22.13
10.77.22.10
10.77.22.13
10.77.27.15
10.77.22.14
10.77.27.14
10.77.22.14
10.77.23.11
10.77.22.10
10.77.23.10
10.77.22.14
10.77.27.13
10.77.27.15
10.77.22.13
10.77.22.10
10.77.22.12
10.77.27.14
10.77.22.15
10.77.22.12
10.77.27.13
10.77.23.11
10.77.22.14
10.77.23.11
10.77.22.14
10.77.22.13
10.77.22.14
10.77.27.13
10.77.23.11
10.77.22.15
10.77.22.11
10.77.23.11
10.77.22.11
10.77.23.12
10.77.23.12
10.77.22.14
10.77.23.11
10.77.22.14
10.77.22.15
10.77.22.11
10.77.22.14
10.77.22.14
10.77.22.10
10.77.23.12
10.77.27.14
10.77.27.14
10.77.22.12
10.77.23.12
10.77.22.14
10.77.27.13
10.77.23.10
10.77.27.15
10.77.23.10
10.77.22.13
10.77.23.10
10.77.23.11
10.77.23.12
10.77.22.14
10.77.23.12
10.77.27.13
10.77.22.13
10.77.22.14
10.77.22.11
10.77.27.15
10.77.23.10
10.77.22.13
10.77.27.15
10.77.23.11
10.77.22.14
10.77.27.15
10.77.22.10
10.77.27.14
10.77.27.13
10.77.22.11
10.77.23.11
10.77.23.12
10.77.23.11
10.77.27.14
10.77.27.13
10.77.27.15
10.77.22.13
10.77.27.15
10.77.22.11
10.77.27.13
10.77.22.13
10.77.23.10
10.77.23.11
10.77.22.10
10.77.23.10
10.77.22.15
10.77.23.11
10.77.22.13
10.77.22.14
10.77.27.14
10.77.27.14
10.77.22.11
10.77.27.14
10.77.22.11
10.77.22.10
10.77.27.15
10.77.23.12
10.77.22.11
10.77.22.13
10.77.22.14
10.77.23.11
10.77.22.12
10.77.22.14
10.77.22.14
10.77.27.13
10.77.22.11
10.77.23.12
10.77.27.13
10.77.27.13
10.77.22.10
10.77.23.10
10.77.22.11
10.77.27.14
10.77.27.15
10.77.23.12
10.77.22.14
10.77.22.10
10.77.22.10
10.77.22.13
10.77.22.11
10.77.22.15
10.77.22.12
10.77.27.14
10.77.22.15
10.77.22.15
10.77.27.15
10.77.23.11
10.77.22.12
10.77.22.10
10.77.22.14
10.77.22.11
10.77.22.14
10.77.22.11
10.77.23.12
10.77.22.10
10.77.27.14
10.77.27.13
10.77.22.14
10.77.27.15
10.77.27.13
10.77.22.15
10.77.27.14
10.77.22.11
10.77.22.15
10.77.23.11
10.77.22.14
10.77.22.13
10.77.22.10
10.77.23.12
10.77.22.13
10.77.27.14
10.77.22.10
10.77.22.15
10.77.22.10
10.77.27.13
10.77.22.11
10.77.23.12
10.77.27.15
10.77.23.11
10.77.22.14
10.77.22.12
10.77.22.10
10.77.23.10
10.77.23.10
10.77.23.12
10.77.27.13
10.77.22.13
10.77.27.15
10.77.22.15
10.77.27.15
10.77.27.13
10.77.27.15
10.77.27.13
10.77.23.12
10.77.22.15
10.77.22.15
10.77.22.12
10.77.23.11
10.77.27.14
10.77.27.14
10.77.27.15
10.77.23.10
10.77.22.15
10.77.22.15
10.77.22.12
10.77.22.12
10.77.27.14
10.77.22.11
10.77.23.12
10.77.22.10
10.77.22.15
10.77.22.15
10.77.22.12
10.77.23.11
10.77.27.15
10.77.27.15
10.77.22.13
10.77.22.11
10.77.27.15
10.77.23.11
10.77.27.13
10.77.22.15
10.77.22.10
10.77.23.10
10.77.23.11
10.77.23.10
10.77.22.12
10.77.22.14
10.77.23.10
10.77.27.13
10.77.23.11
10.77.27.14
10.77.27.13
10.77.22.10
10.77.22.11
10.77.23.12
10.77.22.10
10.77.22.14
10.77.23.12
10.77.23.12
10.77.27.15
10.77.27.15
10.77.22.11
10.77.23.11
10.77.23.12
10.77.23.11
10.77.22.10
10.77.22.14
10.77.22.14
10.77.22.10
10.77.22.15
10.77.22.14
10.77.22.13
10.77.22.15
10.77.27.13
10.77.22.12
10.77.22.11
10.77.22.13
10.77.27.15
10.77.27.14
10.77.22.10
10.77.22.15
10.77.23.11
10.77.22.15
10.77.23.10
10.77.23.12
10.77.22.10
10.77.27.14
10.77.23.12
10.77.27.13
10.77.22.15
10.77.22.14
10.77.27.15
10.77.22.12
10.77.23.12
10.77.23.10
10.77.23.11
10.77.22.12
10.77.22.11
10.77.23.11
10.77.22.11
10.77.23.10
10.77.22.12
10.77.22.14
10.77.22.10
10.77.22.15
10.77.22.13
10.77.23.12
10.77.23.10
10.77.27.15
10.77.27.13
10.77.22.10
10.77.22.14
10.77.22.14
10.77.27.13
10.77.23.11
10.77.23.12
10.77.22.12
10.77.22.13
10.77.23.10
10.77.23.12
10.77.23.11
10.77.23.11
10.77.27.13
10.77.23.11
10.77.22.12
10.77.22.10
10.77.22.15
10.77.22.13
10.77.22.15
10.77.22.11
10.77.27.13
10.77.23.11
10.77.23.10
10.77.22.14
10.77.23.10
10.77.22.10
10.77.22.13
10.77.23.12
10.77.27.13
10.77.23.11
10.77.27.15
10.77.27.13
10.77.23.12
10.77.22.11
10.77.22.15
10.77.22.14
10.77.22.12
10.77.23.12
10.77.22.11
10.77.22.11
10.77.23.10
10.77.22.13
10.77.23.11
10.77.22.10
10.77.22.15
10.77.27.14
10.77.22.11
10.77.23.11
10.77.22.14
10.77.23.10
10.77.22.12
10.77.22.13
10.77.27.13
10.77.23.12
10.77.22.13
10.77.27.13
10.77.22.11
10.77.27.13
10.77.27.13
10.77.27.15
10.77.27.13
10.77.27.13
10.77.23.10
10.77.22.14
10.77.27.13
10.77.22.12
10.77.27.13
10.77.22.12
10.77.27.15
10.77.22.13
10.77.22.12
10.77.27.13
10.77.22.11
10.77.27.14
10.77.22.11
10.77.22.11
10.77.22.11
10.77.22.14
10.77.22.13
10.77.27.15
10.77.23.12
10.77.23.10
10.77.23.11
10.77.27.13
10.77.23.10
10.77.27.15
10.77.27.15
10.77.27.13
10.77.22.13
10.77.22.14
10.77.22.11
10.77.23.10
10.77.27.15
10.77.22.14
10.77.27.13
10.77.23.11
10.77.27.15
10.77.23.12
10.77.22.12
10.77.22.13
10.77.27.15
10.77.22.14
10.77.23.11
10.77.23.10
10.77.27.15
10.77.22.11
10.77.23.11
10.77.22.10
10.77.22.14
10.77.22.11
10.77.22.15
10.77.23.10
10.77.27.15
10.77.23.12
10.77.23.12
10.77.23.12
10.77.22.11
10.77.22.13
10.77.22.15
10.77.22.13
10.77.22.14
10.77.22.13
10.77.22.14
10.77.22.12
10.77.27.15
10.77.27.15
10.77.27.15
10.77.22.10
10.77.27.15
10.77.22.10
10.77.22.12
10.77.22.14
10.77.22.14
10.77.27.14
10.77.23.12
10.77.22.10
10.77.22.12
10.77.27.13
10.77.27.14
10.77.22.12
10.77.22.15
10.77.23.11
10.77.22.10
10.77.22.14
10.77.23.11
10.77.23.10
10.77.27.13
10.77.22.14
10.77.23.12
10.77.27.14
10.77.22.13
10.77.23.10
10.77.22.14
10.77.27.14
10.77.27.13
10.77.22.14
10.77.27.13
10.77.22.10
10.77.22.12
10.77.23.10
10.77.27.13
10.77.27.13
10.77.22.13
10.77.22.13
10.77.22.14
10.77.22.12
10.77.22.12
10.77.27.13
10.77.22.13
10.77.22.10
10.77.23.12
10.77.23.12
10.77.23.12
10.77.27.15
10.77.27.13
10.77.23.11
10.77.22.13
10.77.27.14
10.77.22.12
10.77.22.12
10.77.22.13
10.77.22.12
10.77.27.14
10.77.22.12
10.77.22.11
10.77.22.11
10.77.22.11
10.77.23.10
10.77.22.11
10.77.23.12
10.77.22.15
10.77.22.15
10.77.22.12
10.77.23.10
10.77.27.15
10.77.22.10
10.77.22.15
10.77.23.11
10.77.27.14
10.77.23.11
10.77.27.14
10.77.22.12
10.77.23.12
10.77.22.14
10.77.22.15
10.77.23.11
10.77.22.13
10.77.22.11
10.77.23.10
10.77.27.13
10.77.22.13
10.77.22.11
10.77.27.13
10.77.27.14
10.77.23.12
10.77.27.15
10.77.27.15
10.77.22.12
10.77.23.12
10.77.27.15
10.77.22.10
10.77.27.15
10.77.23.12
10.77.22.11
10.77.27.15
10.77.22.10
10.77.22.11
10.77.23.12
10.77.27.13
10.77.22.12
10.77.22.11
10.77.22.13
10.77.22.12
10.77.27.15
10.77.22.11
10.77.27.13
10.77.22.11
10.77.22.12
10.77.27.15
10.77.22.11
10.77.27.15
10.77.23.10
10.77.22.12
10.77.23.12
10.77.27.15
10.77.27.15
10.77.22.10
10.77.23.10
10.77.22.13
10.77.22.10
10.77.22.13
10.77.27.14
10.77.23.12
10.77.22.12
10.77.22.12
10.77.22.10
10.77.22.13
10.77.22.12
10.77.23.12
10.77.23.10
10.77.22.13
10.77.23.12
10.77.27.14
10.77.22.12
10.77.27.14
10.77.23.11
10.77.23.12
10.77.23.10
10.77.23.11
10.77.23.10
10.77.27.15
10.77.27.13
10.77.23.11
10.77.22.11
10.77.23.10
10.77.22.12
10.77.23.10
10.77.22.13
10.77.27.15
10.77.22.10
10.77.22.13
10.77.23.10
10.77.23.11
10.77.27.15
10.77.23.11
10.77.23.10
10.77.22.12
10.77.23.11
10.77.27.15
10.77.27.15
10.77.22.14
10.77.23.11
10.77.23.10
10.77.23.12
10.77.27.14
10.77.27.13
10.77.23.10
10.77.22.13
10.77.22.15
10.77.22.14
10.77.22.15
10.77.22.13
10.77.22.10
10.77.22.13
10.77.22.15
10.77.27.14
10.77.22.14
10.77.22.15
10.77.22.15
10.77.27.15
10.77.22.15
10.77.23.12
10.77.23.11
10.77.22.11
10.77.22.14
10.77.27.14
10.77.22.13
10.77.27.14
10.77.27.14
10.77.27.13
10.77.22.14
10.77.27.14
10.77.22.14
10.77.22.13
10.77.22.10
10.77.22.13
10.77.22.14
10.77.23.11
10.77.27.14
10.77.22.12
10.77.22.10
10.77.22.10
10.77.22.15
10.77.27.14
10.77.23.10
10.77.22.15
10.77.27.14
10.77.22.11
10.77.22.10
10.77.22.10
10.77.22.10
10.77.27.13
10.77.27.13
10.77.22.10
10.77.22.15
10.77.22.14
10.77.23.11
10.77.27.15
10.77.27.13
10.77.22.13
10.77.27.13
10.77.27.14
10.77.23.10
10.77.27.15
10.77.27.13
10.77.22.11
10.77.23.11
10.77.22.14
10.77.23.11
10.77.23.11
10.77.22.14
10.77.22.15
10.77.22.10
10.77.22.15
10.77.22.10
10.77.23.11
10.77.22.14
10.77.27.13
10.77.22.15
10.77.22.15
10.77.23.10
10.77.22.10
10.77.22.15
10.77.27.14
10.77.22.13
10.77.22.15
10.77.27.13
10.77.22.13
10.77.22.10
10.77.22.13
10.77.22.14
10.77.22.13
10.77.22.14
10.77.22.13
10.77.22.15
10.77.27.15
10.77.23.12
10.77.22.13
10.77.22.15
10.77.22.15
10.77.22.15
10.77.22.14
10.77.23.10
10.77.27.13
10.77.23.10
10.77.27.14
10.77.22.14
10.77.22.15
10.77.22.11
10.77.27.14
10.77.22.12
10.77.22.10
10.77.22.15
10.77.23.12
10.77.23.11
10.77.27.13
10.77.23.11
10.77.22.11
10.77.22.15
10.77.22.13
10.77.22.15
10.77.22.15
10.77.27.13
10.77.27.15
10.77.22.13
10.77.23.12
10.77.23.11
10.77.22.13
10.77.22.12
10.77.22.11
10.77.22.10
10.77.22.13
10.77.22.14
10.77.22.10
10.77.22.13
10.77.23.11
10.77.22.13
10.77.22.12
10.77.22.15
10.77.27.15
10.77.22.14
10.77.23.12
10.77.27.13
10.77.27.14
10.77.22.11
10.77.22.13
10.77.22.15
10.77.22.12
10.77.27.14
10.77.22.13
10.77.22.15
10.77.22.14
10.77.23.12
10.77.22.14
10.77.22.14
10.77.22.12
10.77.23.11
10.77.23.12
10.77.22.13
10.77.22.13
10.77.27.14
10.77.23.11
10.77.22.15
10.77.27.13
10.77.23.11
10.77.22.12
10.77.27.14
10.77.22.11
10.77.22.14
10.77.27.15
10.77.23.10
10.77.27.15
10.77.27.15
10.77.22.12
10.77.22.11
10.77.22.12
10.77.22.14
10.77.23.11
10.77.22.14
10.77.22.10
10.77.23.12
10.77.27.14
10.77.22.12
10.77.22.10
10.77.27.15
10.77.23.12
10.77.22.11
10.77.22.10
10.77.22.12
10.77.22.12
10.77.22.10
10.77.22.12
10.77.27.14
10.77.23.10
10.77.27.15
10.77.22.11
10.77.22.11
10.77.22.13
10.77.22.12
10.77.22.12
10.77.23.12
10.77.27.15
10.77.23.10
10.77.23.12
10.77.22.13
10.77.22.11
10.77.22.10
10.77.23.12
10.77.23.12
10.77.23.11
10.77.23.10
10.77.22.14
10.77.27.14
10.77.23.11
10.77.23.12
10.77.23.12
10.77.23.10
10.77.27.14
10.77.23.10
10.77.22.10
10.77.22.12
10.77.22.15
10.77.27.15
10.77.23.11
10.77.22.14
10.77.22.15
10.77.23.12
10.77.27.14
10.77.23.10
10.77.23.11
10.77.23.11
10.77.22.10
10.77.22.15
10.77.22.13
10.77.22.10
10.77.27.14
10.77.22.13
10.77.27.14
10.77.27.15
10.77.22.15
10.77.27.15
10.77.27.14
10.77.22.13
10.77.22.12
10.77.22.15
10.77.23.12
10.77.23.12
10.77.22.13
10.77.27.14
10.77.23.10
10.77.27.13
10.77.27.14
10.77.27.15
10.77.22.15
10.77.22.10
10.77.22.15
10.77.22.11
10.77.27.15
10.77.23.12
10.77.22.12
10.77.23.12
10.77.27.14
10.77.22.13
10.77.23.10
10.77.22.14
10.77.27.15
10.77.22.14
10.77.27.15
10.77.22.11
10.77.27.14
10.77.22.13
10.77.27.15
10.77.27.13
10.77.22.10
10.77.23.12
10.77.22.14
10.77.22.11
10.77.23.12
10.77.22.12
10.77.23.10
10.77.22.12
10.77.23.11
10.77.22.11
10.77.23.12
10.77.22.13
10.77.27.13
10.77.22.15
10.77.23.11
10.77.22.12
10.77.23.12
10.77.22.14
10.77.22.10
10.77.23.10
10.77.23.11
10.77.27.15
10.77.22.15
10.77.22.13
10.77.23.11
10.77.22.10
10.77.22.10
10.77.22.13
10.77.22.15
10.77.27.15
10.77.22.12
10.77.27.14
10.77.22.12
10.77.22.11
10.77.22.10
10.77.22.12
10.77.22.10
10.77.23.11
10.77.23.10
10.77.22.11
10.77.22.11
10.77.23.10
10.77.22.15
10.77.22.11
10.77.27.15
10.77.27.14
10.77.27.15
10.77.27.13
10.77.23.11
10.77.22.11
10.77.22.13
10.77.22.10
10.77.23.10
10.77.23.10
10.77.23.12
10.77.22.11
10.77.22.13
10.77.23.12
10.77.27.15
10.77.23.11
10.77.23.10
10.77.27.14
10.77.27.13
10.77.23.10
10.77.22.15
10.77.23.10
10.77.27.14
10.77.22.13
10.77.27.14
10.77.22.14
10.77.22.11
10.77.27.14
10.77.22.12
10.77.27.14
10.77.22.11
10.77.23.10
10.77.27.15
10.77.22.15
10.77.22.11
10.77.22.15
10.77.27.13
10.77.23.10
10.77.22.11
10.77.27.14
10.77.22.11
10.77.22.13
10.77.22.13
10.77.27.14
10.77.22.14
10.77.22.15
10.77.23.11
10.77.22.15
10.77.22.11
10.77.22.15
10.77.23.10
10.77.22.10
10.77.23.12
10.77.22.11
10.77.23.12
10.77.27.15
10.77.27.15
10.77.23.10
10.77.23.12
10.77.22.14
10.77.27.14
10.77.22.11
10.77.27.14
10.77.22.11
10.77.23.10
10.77.23.10
10.77.27.14
10.77.27.14
10.77.22.11
10.77.22.10
10.77.22.12
10.77.22.13
10.77.27.15
10.77.22.10
10.77.27.15
10.77.23.10
10.77.27.13
10.77.23.12
10.77.22.12
10.77.22.15
10.77.27.15
10.77.22.14
10.77.23.10
10.77.22.10
10.77.22.11
10.77.27.14
10.77.27.15
10.77.23.12
10.77.22.13
10.77.22.13
10.77.22.10
10.77.22.14
10.77.27.13
10.77.22.11
10.77.27.14
10.77.27.13
10.77.22.13
10.77.22.10
10.77.27.14
10.77.22.10
10.77.22.15
10.77.22.12
10.77.27.14
10.77.22.10
10.77.23.11
10.77.22.11
10.77.22.10
10.77.22.15
10.77.27.15
10.77.22.10
10.77.22.14
10.77.27.13
10.77.22.13
10.77.22.14
10.77.22.13
10.77.27.14
10.77.27.13
10.77.23.11
10.77.27.13
10.77.22.14
10.77.22.10
10.77.23.12
10.77.22.15
10.77.22.12
10.77.22.11
10.77.22.15
10.77.22.12
10.77.23.10
10.77.22.14
10.77.23.10
10.77.22.10
10.77.22.13
10.77.22.11
10.77.27.15
10.77.22.10
10.77.27.13
10.77.22.12
10.77.22.12
10.77.22.12
10.77.22.11
10.77.22.15
10.77.27.14
10.77.22.11
10.77.27.14
10.77.27.15
10.77.23.12
10.77.22.10
10.77.27.13
10.77.23.11
10.77.22.10
10.77.23.11
10.77.27.13
10.77.22.15
10.77.22.14
10.77.22.12
10.77.22.12
10.77.22.11
10.77.22.10
10.77.22.10
10.77.23.10
10.77.23.11
10.77.27.15
10.77.22.14
10.77.22.15
10.77.22.15
10.77.23.12
10.77.22.11
10.77.27.14
10.77.23.10
10.77.23.12
10.77.27.15
10.77.23.12
10.77.22.13
10.77.22.10
10.77.27.13
10.77.22.12
10.77.23.12
10.77.23.10
10.77.22.12
10.77.22.15
10.77.22.10
10.77.22.15
10.77.22.15
10.77.22.10
10.77.22.12
10.77.22.14
10.77.23.10
10.77.22.14
10.77.27.14
10.77.22.10
10.77.22.10
10.77.27.14
10.77.23.11
10.77.27.13
10.77.23.12
10.77.22.13
10.77.22.10
10.77.22.12
10.77.22.11
10.77.23.12
10.77.22.12
10.77.22.11
10.77.27.15
10.77.23.11
10.77.22.15
10.77.22.12
10.77.27.14
10.77.27.14
10.77.22.12
10.77.22.12
10.77.27.13
10.77.22.14
10.77.27.14
10.77.23.11
10.77.23.11
10.77.27.13
10.77.22.13
10.77.22.15
10.77.22.10
10.77.22.13
10.77.22.15
10.77.27.13
10.77.27.14
10.77.22.14
10.77.22.15
10.77.22.11
10.77.22.10
10.77.22.14
10.77.27.13
10.77.23.10
10.77.23.12
10.77.22.14
10.77.23.12
10.77.22.15
10.77.22.12
10.77.23.12
10.77.27.15
10.77.23.10
10.77.22.11
10.77.23.12
10.77.22.13
10.77.22.11
10.77.27.15
10.77.22.12
10.77.23.12
10.77.27.13
10.77.23.10
10.77.22.12
10.77.22.10
10.77.23.11
10.77.22.15
10.77.27.14
10.77.22.11
10.77.23.10
10.77.27.14
10.77.23.11
10.77.22.15
10.77.22.10
10.77.22.12
10.77.22.10
10.77.22.10
10.77.22.10
10.77.27.15
10.77.23.10
10.77.22.12
10.77.22.10
10.77.22.11
10.77.22.10
10.77.27.14
10.77.22.10
10.77.23.12
10.77.27.13
10.77.22.13
10.77.22.10
10.77.27.13
10.77.22.13
10.77.22.15
10.77.22.11
10.77.22.15
10.77.23.12
10.77.22.15
10.77.23.11
10.77.22.10
10.77.27.13
10.77.23.10
10.77.27.14
10.77.23.11
10.77.22.11
10.77.22.10
10.77.22.13
10.77.27.14
10.77.22.13
10.77.22.13
10.77.27.15
10.77.27.13
10.77.23.11
10.77.22.14
10.77.23.12
10.77.27.13
10.77.22.14
10.77.27.13
10.77.27.15
10.77.22.15
10.77.27.13
10.77.22.13
10.77.22.15
10.77.23.10
10.77.22.13
10.77.23.10
10.77.27.15
10.77.22.15
10.77.22.10
10.77.22.13
10.77.23.10
10.77.22.14
10.77.22.14
10.77.22.11
10.77.23.11
10.77.27.13
10.77.22.13
10.77.27.13
10.77.22.13
10.77.27.14
10.77.22.12
10.77.23.11
10.77.27.13
10.77.22.13
10.77.22.10
10.77.22.10
10.77.22.14
10.77.22.12
10.77.22.14
10.77.22.10
10.77.22.10
10.77.23.12
10.77.23.11
10.77.22.11
10.77.22.14
10.77.27.15
10.77.22.12
10.77.22.10
10.77.22.10
10.77.27.15
10.77.23.12
10.77.27.14
10.77.22.13
10.77.23.12
10.77.22.10
10.77.23.12
10.77.27.15
10.77.23.10
10.77.22.12
10.77.27.14
10.77.22.10
10.77.27.14
10.77.27.13
10.77.27.15
10.77.27.15
10.77.27.15
10.77.23.11
10.77.22.12
10.77.22.10
10.77.22.13
10.77.22.11
10.77.23.12
10.77.22.15
10.77.27.13
10.77.22.12
10.77.22.13
10.77.27.14
10.77.27.14
10.77.22.11
10.77.22.13
10.77.27.13
10.77.22.14
10.77.22.15
10.77.22.12
10.77.22.12
10.77.23.10
10.77.23.11
10.77.22.13
10.77.22.11
10.77.27.15
10.77.27.15
10.77.22.10
10.77.27.14
10.77.23.11
10.77.22.12
10.77.22.11
10.77.22.12
10.77.22.15
10.77.23.12
10.77.22.10
10.77.22.10
10.77.27.13
10.77.23.10
10.77.27.15
10.77.22.15
10.77.22.13
10.77.27.14
10.77.22.10
10.77.27.14
10.77.22.14
10.77.23.11
10.77.22.15
10.77.27.13
10.77.22.12
10.77.27.15
10.77.27.15
10.77.23.12
10.77.27.13
10.77.22.11
10.77.22.14
10.77.22.12
10.77.27.14
10.77.22.15
10.77.27.15
10.77.23.11
10.77.22.15
10.77.22.10
10.77.22.13
10.77.23.10
10.77.22.10
10.77.22.13
10.77.22.14
10.77.27.13
10.77.27.14
10.77.23.12
10.77.22.10
10.77.27.13
10.77.22.11
10.77.22.13
10.77.22.11
10.77.27.13
10.77.22.13
10.77.23.10
10.77.22.15
10.77.22.14
10.77.22.12
10.77.22.12
10.77.22.12
10.77.23.10
10.77.22.11
10.77.27.15
10.77.23.10
10.77.23.12
10.77.23.12
10.77.23.11
10.77.23.11
10.77.27.15
10.77.22.13
10.77.23.10
10.77.22.11
10.77.22.12
10.77.22.11
10.77.23.10
10.77.23.10
10.77.22.12
10.77.22.12
10.77.23.11
10.77.23.12
10.77.23.12
10.77.23.10
10.77.23.10
10.77.23.10
10.77.23.10
10.77.27.15
10.77.27.13
10.77.23.11
10.77.22.13
10.77.22.15
10.77.22.10
10.77.22.10
10.77.23.11
10.77.27.14
10.77.27.13
10.77.22.15
10.77.22.14
10.77.23.11
10.77.22.11
10.77.23.11
10.77.22.15
10.77.27.14
10.77.23.12
10.77.22.15
10.77.22.10
10.77.23.12
10.77.22.10
10.77.22.15
10.77.22.13
10.77.22.14
10.77.22.11
10.77.22.11
10.77.23.11
10.77.27.14
10.77.22.12
10.77.27.14
10.77.22.13
10.77.22.10
10.77.23.11
10.77.27.14
10.77.22.10
10.77.22.15
10.77.22.15
10.77.22.11
10.77.27.15
10.77.22.10
10.77.27.14
10.77.27.14
10.77.27.15
10.77.23.10
10.77.22.12
10.77.22.10
10.77.27.15
10.77.22.15
10.77.27.15
10.77.23.10
10.77.22.12
10.77.23.11
10.77.22.12
10.77.23.10
10.77.23.11
10.77.27.14
10.77.22.12
10.77.23.12
10.77.22.15
10.77.22.15
10.77.22.14
10.77.23.11
10.77.27.14
10.77.22.11
10.77.22.15
10.77.22.10
10.77.27.15
10.77.22.11
10.77.22.14
10.77.27.15
10.77.27.13
10.77.22.10
10.77.23.12
10.77.22.10
10.77.27.13
10.77.22.10
10.77.22.15
10.77.22.10
10.77.27.15
10.77.23.11
10.77.22.10
10.77.23.12
10.77.22.11
10.77.22.15
10.77.22.12
10.77.22.10
10.77.22.11
10.77.22.11
10.77.27.13
10.77.22.14
10.77.27.13
10.77.23.10
10.77.23.11
10.77.22.15
10.77.22.14
10.77.23.11
10.77.23.11
10.77.22.14
10.77.23.10
10.77.22.11
10.77.27.13
10.77.23.11
10.77.23.11
10.77.27.15
10.77.22.10
10.77.27.15
10.77.22.13
10.77.22.14
10.77.27.14
10.77.23.10
10.77.27.13
10.77.22.11
10.77.23.10
10.77.22.12
10.77.22.10
10.77.22.10
10.77.22.15
10.77.23.11
10.77.23.10
10.77.22.13
10.77.22.14
10.77.22.14
10.77.27.14
10.77.23.12
10.77.23.12
10.77.23.10
10.77.22.11
10.77.23.10
10.77.27.14
10.77.22.15
10.77.23.12
10.77.22.15
10.77.27.14
10.77.22.13
10.77.22.13
10.77.23.11
10.77.23.11
10.77.27.15
10.77.23.12
10.77.23.10
10.77.23.12
10.77.27.13
10.77.22.14
10.77.23.12
10.77.27.15
10.77.27.13
10.77.27.14
10.77.22.13
10.77.22.13
10.77.22.13
10.77.23.11
10.77.22.13
10.77.22.14
10.77.27.14
10.77.27.13
10.77.22.13
10.77.22.11
10.77.27.15
10.77.27.15
10.77.27.13
10.77.22.13
10.77.22.14
10.77.27.14
10.77.27.15
10.77.27.13
10.77.27.15
10.77.22.12
10.77.22.15
10.77.22.11
10.77.23.10
10.77.22.10
10.77.23.12
10.77.27.15
10.77.22.12
10.77.23.12
10.77.22.15
10.77.27.15
10.77.22.10
10.77.27.14
10.77.22.12
10.77.27.13
10.77.22.11
10.77.23.11
10.77.22.14
10.77.23.10
10.77.22.12
10.77.27.13
10.77.22.15
10.77.22.13
10.77.22.12
10.77.22.11
10.77.22.14
10.77.22.14
10.77.22.15
10.77.22.14
10.77.22.12
10.77.27.13
10.77.22.14
10.77.22.13
10.77.22.11
10.77.22.12
10.77.22.12
10.77.22.13
10.77.27.15
10.77.22.12
10.77.22.12
10.77.22.10
10.77.22.13
10.77.22.12
10.77.22.15
10.77.27.13
10.77.27.15
10.77.22.11
10.77.27.14
10.77.23.10
10.77.27.15
10.77.22.14
10.77.22.11
10.77.23.10
10.77.22.15
10.77.23.12
10.77.22.11
10.77.22.11
10.77.22.12
10.77.22.12
10.77.22.12
10.77.23.12
10.77.27.14
10.77.23.10
10.77.22.10
10.77.22.13
10.77.22.14
10.77.27.13
10.77.27.15
10.77.22.11
10.77.27.14
10.77.23.12
10.77.27.15
10.77.27.15
10.77.22.11
10.77.22.14
10.77.22.10
10.77.23.11
10.77.23.10
10.77.23.12
10.77.27.15
10.77.23.11
10.77.27.14
10.77.27.13
10.77.22.12
10.77.27.15
10.77.23.12
10.77.22.15
10.77.22.15
10.77.27.15
10.77.23.10
10.77.22.12
10.77.23.10
10.77.22.15
10.77.27.13
10.77.27.15
10.77.27.15
10.77.22.12
10.77.23.12
10.77.23.10
10.77.23.11
10.77.22.11
10.77.22.14
10.77.22.13
10.77.22.13
10.77.22.14
10.77.27.15
10.77.22.11
10.77.27.14
10.77.27.15
10.77.22.14
10.77.22.11
10.77.23.12
10.77.22.11
10.77.22.13
10.77.23.11
10.77.23.12
10.77.23.11
10.77.22.15
10.77.23.11
10.77.22.15
10.77.27.13
10.77.27.13
10.77.27.13
10.77.27.14
10.77.27.15
10.77.22.12
10.77.27.13
10.77.22.14
10.77.23.12
10.77.22.14
10.77.22.11
10.77.23.11
10.77.22.14
10.77.23.11
10.77.23.10
10.77.27.14
10.77.22.11
10.77.22.11
10.77.22.10
10.77.23.10
10.77.27.13
10.77.27.15
10.77.23.10
10.77.27.13
10.77.27.15
10.77.27.13
10.77.22.12
10.77.22.13
10.77.22.11
10.77.23.10
10.77.27.14
10.77.22.10
10.77.22.11
10.77.22.15
10.77.22.12
10.77.23.12
10.77.23.12
10.77.23.12
10.77.22.14
10.77.27.13
10.77.22.10
10.77.27.14
10.77.22.15
10.77.22.15
10.77.22.15
10.77.22.12
10.77.27.14
10.77.22.11
10.77.22.15
10.77.23.10
10.77.22.10
10.77.27.13
10.77.23.11
10.77.22.12
10.77.23.12
10.77.23.12
10.77.23.10
10.77.23.11
10.77.27.15
10.77.23.12
10.77.27.14
10.77.27.15
10.77.22.10
10.77.22.12
10.77.27.14
10.77.23.11
10.77.22.11
10.77.27.14
10.77.27.15
10.77.22.13
10.77.22.11
10.77.22.14
10.77.27.15
10.77.27.14
10.77.23.11
10.77.22.12
10.77.27.15
10.77.22.14
10.77.27.13
10.77.22.13
10.77.27.14
10.77.23.10
10.77.23.12
10.77.22.15
10.77.22.14
10.77.27.13
10.77.27.14
10.77.22.11
10.77.22.13
10.77.22.14
10.77.23.10
10.77.27.13
10.77.27.13
10.77.22.11
10.77.22.10
10.77.23.11
10.77.27.15
10.77.22.14
10.77.22.15
10.77.27.14
10.77.22.11
10.77.27.13
10.77.22.14
10.77.22.11
10.77.27.13
10.77.22.15
10.77.22.13
10.77.22.12
10.77.27.14
10.77.27.14
10.77.23.12
10.77.22.10
10.77.22.11
10.77.27.15
10.77.22.14
10.77.22.10
10.77.22.11
10.77.22.11
10.77.23.10
10.77.27.13
10.77.22.12
10.77.22.13
10.77.22.14
10.77.22.13
10.77.22.10
10.77.23.12
10.77.27.14
10.77.23.11
10.77.27.15
10.77.27.15
10.77.27.15
10.77.22.11
10.77.22.12
10.77.27.13
10.77.22.15
10.77.27.13
10.77.22.12
10.77.22.10
10.77.27.15
10.77.22.13
10.77.22.10
10.77.23.12
10.77.22.13
10.77.22.14
10.77.22.13
10.77.27.15
10.77.22.12
10.77.22.11
10.77.23.11
10.77.27.14
10.77.23.11
10.77.27.15
10.77.22.14
10.77.22.13
10.77.22.14
10.77.22.10
10.77.22.10
10.77.22.15
10.77.22.15
10.77.22.10
10.77.27.13
10.77.22.13
10.77.23.10
10.77.27.15
10.77.22.11
10.77.27.15
10.77.27.15
10.77.22.11
10.77.27.14
10.77.22.14
10.77.23.11
10.77.22.12
10.77.22.11
10.77.22.15
10.77.23.11
10.77.23.12
10.77.22.12
10.77.22.11
10.77.23.10
10.77.27.14
10.77.22.15
10.77.23.10
10.77.23.11
10.77.23.10
10.77.22.15
10.77.23.10
10.77.27.14
10.77.23.10
10.77.22.11
10.77.22.10
10.77.22.11
10.77.22.10
10.77.27.14
10.77.22.15
10.77.23.11
10.77.22.15
10.77.27.14
10.77.27.14
10.77.27.14
10.77.27.14
10.77.27.13
10.77.22.12
10.77.22.15
10.77.22.15
10.77.23.11
10.77.22.11
10.77.27.13
10.77.23.10
10.77.27.14
10.77.23.12
10.77.27.13
10.77.27.13
10.77.22.10
10.77.23.10
10.77.27.14
10.77.22.14
10.77.22.11
10.77.27.14
10.77.22.15
10.77.22.14
10.77.23.10
10.77.23.10
10.77.23.10
10.77.22.11
10.77.23.10
10.77.23.10
10.77.27.15
10.77.22.13
10.77.23.12
10.77.22.13
10.77.27.13
10.77.22.14
10.77.27.15
10.77.22.13
10.77.22.10
10.77.27.13
10.77.23.10
10.77.22.15
10.77.23.10
10.77.22.10
10.77.27.14
10.77.22.15
10.77.22.10
10.77.22.15
10.77.23.11
10.77.27.13
10.77.27.13
10.77.22.15
10.77.22.11
10.77.23.12
10.77.22.15
10.77.22.15
10.77.27.14
10.77.22.15
10.77.27.14
10.77.23.11
10.77.22.14
10.77.27.14
10.77.22.12
10.77.27.13
10.77.22.11
10.77.22.11
10.77.27.15
10.77.23.12
10.77.27.14
10.77.22.14
10.77.22.14
10.77.22.11
10.77.22.10
10.77.27.15
10.77.22.10
10.77.22.12
10.77.27.14
10.77.27.14
10.77.23.12
10.77.22.11
10.77.23.11
10.77.27.14
10.77.22.14
10.77.23.12
10.77.27.13
10.77.22.15
10.77.22.10
10.77.23.10
10.77.23.11
10.77.22.11
10.77.27.15
10.77.23.11
10.77.23.10
10.77.22.12
10.77.27.13
10.77.22.15
10.77.22.13
10.77.27.13
10.77.23.10
10.77.22.12
10.77.23.12
10.77.23.12
10.77.22.12
10.77.23.10
10.77.22.14
10.77.27.13
10.77.23.12
10.77.22.14
10.77.23.10
10.77.22.11
10.77.27.14
10.77.23.11
10.77.27.14
10.77.27.13
10.77.27.14
10.77.27.14
10.77.22.12
10.77.23.10
10.77.27.14
10.77.27.14
10.77.23.10
10.77.27.14
10.77.22.13
10.77.22.14
10.77.22.10
10.77.27.15
10.77.27.13
10.77.22.12
10.77.22.13
10.77.23.11
10.77.23.11
10.77.22.14
10.77.23.12
10.77.22.10
10.77.27.14
10.77.23.10
10.77.22.11
10.77.22.13
10.77.23.11
10.77.23.11
10.77.23.12
10.77.23.12
10.77.27.14
10.77.22.12
10.77.22.15
10.77.22.13
10.77.27.15
10.77.23.12
10.77.22.15
10.77.22.12
10.77.27.15
10.77.22.11
10.77.23.12
10.77.23.12
10.77.22.15
10.77.22.12
10.77.22.14
10.77.22.11
10.77.27.13
10.77.23.11
10.77.23.10
10.77.23.12
10.77.23.12
10.77.27.15
10.77.23.10
10.77.23.12
10.77.22.12
10.77.27.15
10.77.27.14
10.77.22.10
10.77.23.10
10.77.23.11
10.77.27.13
10.77.22.15
10.77.22.10
10.77.27.13
10.77.22.11
10.77.22.12
10.77.23.10
10.77.27.15
10.77.22.12
10.77.27.15
10.77.23.10
10.77.22.15
10.77.22.13
10.77.27.14
10.77.22.14
10.77.22.14
10.77.27.15
10.77.23.12
10.77.22.11
10.77.27.15
10.77.22.14
10.77.27.13
10.77.22.11
10.77.27.14
10.77.22.13
10.77.23.12
10.77.22.10
10.77.22.14
10.77.27.13
10.77.22.14
10.77.22.11
10.77.22.11
10.77.22.12
10.77.27.15
10.77.23.10
10.77.22.13
10.77.22.11
10.77.27.14
10.77.23.11
10.77.22.12
10.77.22.12
10.77.27.13
10.77.23.10
10.77.22.13
10.77.22.12
10.77.23.11
10.77.23.10
10.77.23.12
10.77.23.10
10.77.22.11
10.77.22.15
10.77.22.13
10.77.27.15
10.77.27.13
10.77.22.14
10.77.23.10
10.77.23.12
10.77.22.13
10.77.22.15
10.77.23.12
10.77.22.12
10.77.22.13
10.77.27.14
10.77.27.13
10.77.27.15
10.77.27.14
10.77.27.15
10.77.23.10
10.77.22.10
10.77.22.15
10.77.23.11
10.77.22.15
10.77.27.13
10.77.27.13
10.77.22.10
10.77.23.11
10.77.22.11
10.77.22.14
10.77.27.13
10.77.22.14
10.77.22.14
10.77.22.11
10.77.22.11
10.77.27.15
10.77.23.12
10.77.23.12
10.77.22.13
10.77.22.11
10.77.22.13
10.77.22.12
10.77.23.12
10.77.22.14
10.77.22.15
10.77.22.14
10.77.27.15
10.77.23.11
10.77.22.11
10.77.22.12
10.77.22.15
10.77.27.13
10.77.22.11
10.77.22.11
10.77.22.12
10.77.22.10
10.77.22.10
10.77.27.13
10.77.27.13
10.77.22.14
10.77.22.14
10.77.22.15
10.77.23.12
10.77.22.14
10.77.22.13
10.77.22.11
10.77.22.13
10.77.22.11
10.77.27.13
10.77.22.15
10.77.22.13
10.77.23.10
10.77.22.14
10.77.27.13
10.77.23.12
10.77.22.11
10.77.27.15
10.77.27.13
10.77.23.10
10.77.22.12
10.77.22.11
10.77.22.15
10.77.22.15
10.77.23.12
10.77.22.14
10.77.23.11
10.77.22.10
10.77.22.10
10.77.23.10
10.77.27.15
10.77.23.10
10.77.23.12
10.77.22.12
10.77.22.11
10.77.22.14
10.77.22.13
10.77.22.14
10.77.22.11
10.77.27.15
10.77.22.12
10.77.22.12
10.77.22.15
10.77.27.13
10.77.27.15
10.77.22.14
10.77.22.12
10.77.27.13
10.77.23.11
10.77.23.12
10.77.23.10
10.77.22.13
10.77.27.14
10.77.22.11
10.77.27.14
10.77.27.13
10.77.23.11
10.77.27.13
10.77.22.10
10.77.22.12
10.77.27.14
10.77.23.12
10.77.22.12
10.77.23.10
10.77.22.13
10.77.22.11
10.77.23.10
10.77.23.10
10.77.27.15
10.77.23.12
10.77.23.10
10.77.27.14
10.77.23.11
10.77.22.15
10.77.22.15
10.77.23.12
10.77.22.14
10.77.22.13
10.77.22.12
10.77.23.12
10.77.23.11
10.77.22.13
10.77.22.13
10.77.22.15
10.77.27.14
10.77.27.14
10.77.22.12
10.77.23.10
10.77.23.11
10.77.22.10
10.77.23.10
10.77.27.15
10.77.22.13
10.77.22.15
10.77.22.10
10.77.22.11
10.77.22.13
10.77.22.14
10.77.23.11
10.77.23.10
10.77.23.11
10.77.22.10
10.77.22.11
10.77.23.11
10.77.27.13
10.77.27.15
10.77.23.12
10.77.23.12
10.77.22.15
10.77.22.10
10.77.22.12
10.77.22.11
10.77.22.11
10.77.27.14
10.77.23.10
10.77.22.15
10.77.27.15
10.77.27.13
10.77.22.10
10.77.23.11
10.77.22.12
10.77.27.13
10.77.23.11
10.77.22.10
10.77.23.12
10.77.22.13
10.77.23.11
10.77.22.13
10.77.27.15
10.77.22.15
10.77.27.14
10.77.23.11
10.77.22.11
10.77.23.11
10.77.22.15
10.77.27.15
10.77.22.13
10.77.23.12
10.77.23.11
10.77.22.13
10.77.22.13
10.77.22.14
10.77.27.14
10.77.22.15
10.77.23.10
10.77.22.10
10.77.22.14
10.77.22.12
10.77.27.13
10.77.27.15
10.77.22.11
10.77.23.10
10.77.22.12
10.77.27.14
10.77.23.12
10.77.23.10
10.77.23.10
10.77.27.13
10.77.22.10
10.77.22.12
10.77.23.11
10.77.22.10
10.77.22.10
10.77.22.12
10.77.22.13
10.77.22.14
10.77.22.11
10.77.22.13
10.77.23.12
10.77.22.10
10.77.23.10
10.77.22.11
10.77.22.12
10.77.23.12
10.77.27.13
10.77.22.13
10.77.27.14
10.77.27.14
10.77.22.11
10.77.23.11
10.77.23.12
10.77.22.14
10.77.22.13
10.77.22.12
10.77.23.12
10.77.22.13
10.77.27.15
10.77.23.10
10.77.22.15
10.77.23.12
10.77.23.11
10.77.23.12
10.77.27.15
10.77.22.13
10.77.22.11
10.77.22.14
10.77.22.13
10.77.27.13
10.77.22.10
10.77.22.11
10.77.22.10
10.77.27.14
10.77.27.13
10.77.23.12
10.77.27.15
10.77.22.13
10.77.23.10
10.77.23.12
10.77.22.14
10.77.23.11
10.77.22.10
10.77.22.10
10.77.22.14
10.77.23.12
10.77.27.14
10.77.22.13
10.77.23.11
10.77.27.14
10.77.22.14
10.77.23.11
10.77.22.14
10.77.22.11
10.77.27.15
10.77.22.10
10.77.23.12
10.77.22.10
10.77.27.15
10.77.27.15
10.77.22.12
10.77.22.14
10.77.22.11
10.77.23.12
10.77.22.12
10.77.27.15
10.77.22.14
10.77.22.11
10.77.22.11
10.77.23.11
10.77.23.12
10.77.22.11
10.77.22.15
10.77.23.11
10.77.23.11
10.77.22.12
10.77.23.10
10.77.23.11
10.77.22.10
10.77.23.11
10.77.27.15
10.77.22.13
10.77.22.13
10.77.23.11
10.77.22.13
10.77.22.11
10.77.22.15
10.77.22.10
10.77.22.13
10.77.22.14
10.77.22.14
10.77.22.11
10.77.22.11
10.77.23.10
10.77.27.14
10.77.22.10
10.77.23.10
10.77.23.10
10.77.22.15
10.77.27.14
10.77.22.14
10.77.27.14
10.77.23.11
10.77.22.11
10.77.22.10
10.77.22.14
10.77.27.15
10.77.23.10
10.77.27.14
10.77.22.12
10.77.23.10
10.77.22.14
10.77.23.10
10.77.27.14
10.77.27.14
10.77.22.10
10.77.27.13
10.77.27.15
10.77.22.15
10.77.22.12
10.77.27.15
10.77.22.14
10.77.22.15
10.77.22.14
10.77.22.12
10.77.22.13
10.77.27.14
10.77.22.12
10.77.22.13
10.77.27.14
10.77.22.10
10.77.22.10
10.77.23.11
10.77.22.13
10.77.27.13
10.77.27.13
10.77.23.11
10.77.23.10
10.77.27.13
10.77.27.13
10.77.23.11
10.77.27.15
10.77.23.10
10.77.27.14
10.77.22.13
10.77.23.10
10.77.22.12
10.77.23.11
10.77.22.12
10.77.22.10
10.77.22.15
10.77.22.11
10.77.22.13
10.77.23.12
10.77.23.10
10.77.27.14
10.77.23.10
10.77.22.10
10.77.22.11
10.77.22.15
10.77.27.13
10.77.22.12
10.77.22.15
10.77.27.13
10.77.27.14
10.77.23.10
10.77.27.15
10.77.27.14
10.77.23.11
10.77.23.12
10.77.22.14
10.77.23.11
10.77.22.15
10.77.22.15
10.77.27.14
10.77.22.11
10.77.22.15
10.77.23.12
10.77.27.15
10.77.23.10
10.77.22.12
10.77.22.11
10.77.22.10
10.77.27.14
10.77.22.13
10.77.23.12
10.77.27.13
10.77.22.15
10.77.23.12
10.77.22.10
10.77.27.14
10.77.27.15
10.77.27.15
10.77.22.11
10.77.23.12
10.77.22.14
10.77.22.14
10.77.27.13
10.77.22.15
10.77.22.13
10.77.23.10
10.77.22.12
10.77.23.12
10.77.22.15
10.77.22.13
10.77.23.10
10.77.27.14
10.77.22.11
10.77.22.14
10.77.27.14
10.77.22.15
10.77.22.14
10.77.23.10
10.77.22.10
10.77.22.10
10.77.23.12
10.77.22.13
10.77.22.12
10.77.22.12
10.77.27.15
10.77.27.14
10.77.27.13
10.77.27.13
10.77.27.15
10.77.22.10
10.77.22.14
10.77.27.14
10.77.23.12
10.77.23.12
10.77.27.15
10.77.23.11
10.77.22.11
10.77.23.11
10.77.23.12
10.77.22.14
10.77.23.11
10.77.22.12
10.77.23.12
10.77.23.10
10.77.22.10
10.77.23.12
10.77.22.11
10.77.22.11
10.77.22.12
10.77.22.14
10.77.22.10
10.77.22.11
10.77.23.12
10.77.27.14
10.77.23.12
10.77.22.10
10.77.22.13
10.77.22.10
10.77.23.10
10.77.23.12
10.77.22.14
10.77.27.15
10.77.22.10
10.77.22.10
10.77.27.14
10.77.23.12
10.77.23.12
10.77.22.11
10.77.22.11
10.77.27.15
10.77.22.10
10.77.22.10
10.77.22.15
10.77.23.11
10.77.27.15
10.77.22.13
10.77.22.10
10.77.22.10
10.77.27.13
10.77.23.12
10.77.22.14
10.77.23.12
10.77.22.11
10.77.22.14
10.77.22.12
10.77.27.13
10.77.22.15
10.77.27.15
10.77.23.12
10.77.22.15
10.77.22.10
10.77.23.12
10.77.22.10
10.77.27.15
10.77.27.13
10.77.22.15
10.77.22.11
10.77.27.14
10.77.22.15
10.77.27.15
10.77.23.11
10.77.27.13
10.77.23.11
10.77.22.15
10.77.22.12
10.77.23.12
10.77.22.15
10.77.22.11
10.77.23.10
10.77.23.10
10.77.23.11
10.77.22.15
10.77.27.13
10.77.22.14
10.77.22.13
10.77.22.12
10.77.22.10
10.77.22.11
10.77.22.10
10.77.22.15
10.77.27.15
10.77.22.11
10.77.27.14
10.77.22.15
10.77.23.12
10.77.22.13
10.77.27.14
10.77.22.11
10.77.22.12
10.77.22.12
10.77.27.15
10.77.22.15
10.77.27.15
10.77.22.10
10.77.23.12
10.77.22.10
10.77.23.10
10.77.23.10
10.77.22.15
10.77.23.12
10.77.27.15
10.77.27.15
10.77.27.13
10.77.22.15
10.77.22.14
10.77.27.13
10.77.27.14
10.77.22.11
10.77.22.13
10.77.22.15
10.77.27.14
10.77.23.11
10.77.22.15
10.77.22.13
10.77.22.12
10.77.23.12
10.77.27.13
10.77.22.10
10.77.27.15
10.77.23.11
10.77.27.13
10.77.27.14
10.77.22.13
10.77.22.11
10.77.22.15
10.77.22.10
10.77.27.13
10.77.22.12
10.77.23.10
10.77.23.12
10.77.23.12
10.77.22.15
10.77.27.14
10.77.22.15
10.77.23.10
10.77.22.11
10.77.22.14
10.77.23.10
10.77.22.13
10.77.22.11
10.77.27.14
10.77.23.12
10.77.27.13
10.77.27.14
10.77.22.11
10.77.22.10
10.77.27.15
10.77.27.15
10.77.22.10
10.77.27.13
10.77.27.14
10.77.27.13
10.77.23.12
10.77.23.11
10.77.22.11
10.77.22.14
10.77.22.13
10.77.22.15
10.77.22.12
10.77.23.12
10.77.27.15
10.77.23.12
10.77.23.12
10.77.27.15
10.77.22.12
10.77.22.11
10.77.22.12
10.77.22.15
10.77.22.11
10.77.27.14
10.77.22.11
10.77.22.13
10.77.22.12
10.77.22.15
10.77.22.13
10.77.27.14
10.77.22.11
10.77.22.14
10.77.27.13
10.77.22.14
10.77.22.14
10.77.22.12
10.77.27.15
10.77.22.13
10.77.22.10
10.77.27.14
10.77.22.12
10.77.22.10
10.77.27.15
10.77.27.14
10.77.27.14
10.77.22.12
10.77.23.12
10.77.22.13
10.77.23.12
10.77.27.13
10.77.27.15
10.77.23.10
10.77.22.15
10.77.22.12
10.77.22.12
10.77.22.15
10.77.23.11
10.77.27.15
10.77.22.14
10.77.22.11
10.77.23.10
10.77.27.14
10.77.22.13
10.77.27.13
10.77.27.13
10.77.23.12
10.77.22.14
10.77.27.14
10.77.27.13
10.77.23.10
10.77.22.15
10.77.22.10
10.77.22.15
10.77.23.10
10.77.23.10
10.77.22.12
10.77.22.12
10.77.23.11
10.77.22.15
10.77.22.10
10.77.23.10
10.77.22.10
10.77.27.13
10.77.22.15
10.77.23.11
10.77.22.11
10.77.27.13
10.77.22.13
10.77.22.15
10.77.22.14
10.77.27.14
10.77.23.12
10.77.27.14
10.77.23.10
10.77.23.10
10.77.27.13
10.77.23.11
10.77.22.10
10.77.27.14
10.77.22.15
10.77.22.15
10.77.22.15
10.77.27.15
10.77.27.13
10.77.22.10
10.77.22.15
10.77.23.10
10.77.27.14
10.77.22.13
10.77.22.14
10.77.22.12
10.77.22.10
10.77.27.15
10.77.22.14
10.77.22.11
10.77.22.15
10.77.22.11
10.77.23.10
10.77.22.15
10.77.22.15
10.77.27.15
10.77.27.13
10.77.27.13
10.77.22.15
10.77.27.14
10.77.23.12
10.77.22.14
10.77.27.13
10.77.23.10
10.77.22.12
10.77.23.10
10.77.23.10
10.77.22.12
10.77.22.15
10.77.27.14
10.77.22.12
10.77.22.12
10.77.27.15
10.77.22.13
10.77.27.14
10.77.22.12
10.77.27.13
10.77.22.12
10.77.23.11
10.77.27.15
10.77.27.14
10.77.22.15
10.77.22.13
10.77.22.11
10.77.22.15
10.77.27.13
10.77.22.11
10.77.22.15
10.77.22.13
10.77.23.12
10.77.23.12
10.77.27.15
10.77.27.14
10.77.22.15
10.77.22.14
10.77.22.11
10.77.23.11
10.77.27.13
10.77.22.12
10.77.22.12
10.77.22.11
10.77.22.14
10.77.22.12
10.77.27.15
10.77.27.13
10.77.22.14
10.77.22.11
10.77.22.10
10.77.27.14
10.77.22.12
10.77.23.10
10.77.23.10
10.77.22.13
10.77.22.11
10.77.22.12
10.77.22.10
10.77.22.11
10.77.22.10
10.77.27.13
10.77.23.12
10.77.22.11
10.77.27.15
10.77.23.10
10.77.22.10
10.77.22.15
10.77.22.13
10.77.22.14
10.77.22.15
10.77.27.13
10.77.23.10
10.77.22.15
10.77.22.13
10.77.23.10
10.77.27.14
10.77.22.13
10.77.22.11
10.77.22.10
10.77.22.10
10.77.22.11
10.77.27.13
10.77.27.15
10.77.22.14
10.77.27.15
10.77.22.13
10.77.27.14
10.77.27.13
10.77.22.10
10.77.22.15
10.77.27.13
10.77.22.13
10.77.27.15
10.77.22.14
10.77.23.11
10.77.22.10
10.77.22.11
10.77.23.10
10.77.22.15
10.77.22.13
10.77.27.14
10.77.27.13
10.77.23.11
10.77.22.15
10.77.23.11
10.77.27.13
10.77.23.12
10.77.27.14
10.77.22.13
10.77.27.14
10.77.27.13
10.77.27.15
10.77.23.11
10.77.22.15
10.77.22.13
10.77.22.15
10.77.23.11
10.77.22.13
10.77.22.10
10.77.27.14
10.77.27.14
10.77.27.14
10.77.23.12
10.77.22.10
10.77.23.10
10.77.27.15
10.77.22.12
10.77.23.11
10.77.22.14
10.77.23.10
10.77.22.11
10.77.27.14
10.77.22.15
10.77.27.15
10.77.23.12
10.77.27.15
10.77.22.13
10.77.27.15
10.77.22.13
10.77.23.11
10.77.27.13
10.77.27.14
10.77.22.15
10.77.22.11
10.77.23.12
10.77.23.11
10.77.23.12
10.77.23.12
10.77.23.10
10.77.22.14
10.77.23.10
10.77.22.13
10.77.22.14
10.77.27.15
10.77.22.11
10.77.23.12
10.77.27.13
10.77.27.13
10.77.23.10
10.77.22.15
10.77.22.11
10.77.22.10
10.77.23.11
10.77.23.10
10.77.22.14
10.77.27.14
10.77.23.11
10.77.27.15
10.77.27.14
10.77.22.15
10.77.22.15
10.77.22.10
10.77.27.13
10.77.27.15
10.77.22.10
10.77.27.13
10.77.22.14
10.77.22.12
10.77.22.15
10.77.22.12
10.77.22.13
10.77.27.14
10.77.22.15
10.77.22.12
10.77.22.11
10.77.27.13
10.77.22.13
10.77.23.10
10.77.23.12
10.77.22.13
10.77.22.15
10.77.23.11
10.77.22.15
10.77.22.10
10.77.23.12
10.77.27.14
10.77.23.11
10.77.27.15
10.77.27.14
10.77.22.15
10.77.22.14
10.77.22.11
10.77.22.11
10.77.22.13
10.77.22.13
10.77.23.11
10.77.23.12
10.77.27.15
10.77.27.14
10.77.22.12
10.77.22.15
10.77.22.14
10.77.27.14
10.77.27.14
10.77.22.11
10.77.22.10
10.77.22.10
10.77.22.15
10.77.23.12
10.77.23.12
10.77.27.13
10.77.22.10
10.77.27.14
10.77.23.11
10.77.22.10
10.77.23.11
10.77.23.11
10.77.22.12
10.77.22.14
10.77.22.15
10.77.22.11
10.77.22.15
10.77.27.14
10.77.22.10
10.77.27.15
10.77.22.10
10.77.23.12
10.77.22.11
10.77.22.14
10.77.22.10
10.77.22.12
10.77.23.10
10.77.27.13
10.77.22.13
10.77.23.11
10.77.27.14
10.77.22.14
10.77.27.14
10.77.27.15
10.77.27.13
10.77.22.13
10.77.27.14
10.77.23.12
10.77.23.10
10.77.22.10
10.77.23.12
10.77.22.14
10.77.27.15
10.77.23.12
10.77.23.10
10.77.22.15
10.77.22.12
10.77.22.14
10.77.22.10
10.77.22.12
10.77.22.10
10.77.22.10
10.77.22.10
10.77.27.14
10.77.27.13
10.77.23.12
10.77.27.13
10.77.27.13
10.77.27.15
10.77.22.11
10.77.27.14
10.77.22.10
10.77.22.13
10.77.22.10
10.77.22.15
10.77.22.10
10.77.22.15
10.77.27.13
10.77.22.10
10.77.22.10
10.77.22.14
10.77.22.12
10.77.22.11
10.77.22.12
10.77.23.11
10.77.22.11
10.77.22.15
10.77.22.15
10.77.22.12
10.77.23.11
10.77.27.13
10.77.23.11
10.77.23.12
10.77.22.14
10.77.22.11
10.77.22.14
10.77.22.12
10.77.22.11
10.77.27.13
10.77.27.15
10.77.22.13
10.77.27.15
10.77.23.12
10.77.22.10
10.77.27.14
10.77.22.10
10.77.22.15
10.77.27.14
10.77.27.13
10.77.22.10
10.77.22.10
10.77.27.14
10.77.22.13
10.77.22.15
10.77.27.14
10.77.22.13
10.77.23.11
10.77.22.13
10.77.22.14
10.77.22.12
10.77.23.12
10.77.22.13
10.77.23.11
10.77.23.12
10.77.23.11
10.77.23.10
10.77.22.14
10.77.22.14
10.77.27.15
10.77.22.15
10.77.22.12
10.77.22.11
10.77.22.15
10.77.23.10
10.77.23.11
10.77.22.12
10.77.23.10
10.77.23.11
10.77.22.13
10.77.22.11
10.77.22.11
10.77.22.10
10.77.22.12
10.77.22.13
10.77.22.10
10.77.22.15
10.77.23.11
10.77.23.11
10.77.23.10
10.77.22.14
10.77.22.11
10.77.27.13
10.77.22.11
10.77.22.14
10.77.22.15
10.77.22.11
10.77.22.11
10.77.22.11
10.77.22.13
10.77.22.13
10.77.27.15
10.77.22.13
10.77.22.13
10.77.23.11
10.77.27.15
10.77.23.10
10.77.27.14
10.77.27.13
10.77.22.12
10.77.22.15
10.77.27.15
10.77.22.10
10.77.27.14
10.77.22.12
10.77.23.11
10.77.22.12
10.77.23.10
10.77.23.11
10.77.22.15
10.77.23.11
10.77.22.14
10.77.27.15
10.77.23.10
10.77.22.13
10.77.22.12
10.77.23.10
10.77.22.10
10.77.23.12
10.77.22.14
10.77.27.14
10.77.27.13
10.77.22.11
10.77.23.10
10.77.23.10
10.77.22.11
10.77.22.14
10.77.22.14
10.77.22.11
10.77.22.11
10.77.23.11
10.77.27.14
10.77.23.10
10.77.23.10
10.77.22.11
10.77.22.15
10.77.27.14
10.77.22.15
10.77.22.10
10.77.22.11
10.77.22.11
10.77.27.14
10.77.23.10
10.77.22.11
10.77.22.15
10.77.22.14
10.77.22.14
10.77.23.12
10.77.22.14
10.77.27.14
10.77.23.11
10.77.27.13
10.77.23.11
10.77.22.11
10.77.22.12
10.77.22.12
10.77.23.10
10.77.22.12
10.77.22.10
10.77.27.15
10.77.22.13
10.77.27.14
10.77.22.12
10.77.22.11
10.77.22.15
10.77.23.11
10.77.22.10
10.77.23.12
10.77.22.12
10.77.23.11
10.77.23.10
10.77.27.14
10.77.23.11
10.77.22.15
10.77.22.14
10.77.27.14
10.77.22.14
10.77.22.12
10.77.22.10
10.77.23.12
10.77.27.15
10.77.22.10
10.77.22.13
10.77.22.12
10.77.27.13
10.77.22.13
10.77.27.14
10.77.22.14
10.77.22.15
10.77.22.11
10.77.22.11
10.77.27.13
10.77.22.13
10.77.23.12
10.77.22.12
10.77.22.13
10.77.22.15
10.77.23.12
10.77.22.11
10.77.22.14
10.77.27.15
10.77.23.11
10.77.22.10
10.77.22.12
10.77.27.14
10.77.22.12
10.77.23.12
10.77.27.14
10.77.22.10
10.77.23.12
10.77.22.10
10.77.23.10
10.77.22.12
10.77.22.14
10.77.23.12
10.77.22.11
10.77.27.14
10.77.22.14
10.77.23.10
10.77.23.12
10.77.22.10
10.77.23.12
10.77.23.11
10.77.23.11
10.77.23.11
10.77.22.14
10.77.23.12
10.77.23.10
10.77.23.12
10.77.23.12
10.77.22.12
10.77.22.14
10.77.23.12
10.77.22.15
10.77.22.10
10.77.22.15
10.77.22.11
10.77.22.11
10.77.22.10
10.77.23.10
10.77.23.11
10.77.22.15
10.77.22.12
10.77.22.11
10.77.23.10
10.77.22.11
10.77.22.14
10.77.27.14
10.77.27.13
10.77.23.10
10.77.23.10
10.77.22.14
10.77.23.12
10.77.27.15
10.77.27.13
10.77.22.12
10.77.27.15
10.77.22.14
10.77.22.14
10.77.22.15
10.77.27.15
10.77.22.15
10.77.22.14
10.77.22.13
10.77.22.14
10.77.23.12
10.77.27.14
10.77.23.10
10.77.27.15
10.77.23.12
10.77.22.12
10.77.27.13
10.77.27.13
10.77.22.15
10.77.22.12
10.77.22.10
10.77.27.14
10.77.22.11
10.77.23.11
10.77.22.10
10.77.27.14
10.77.27.14
10.77.27.14
10.77.22.11
10.77.27.15
10.77.23.10
10.77.27.13
10.77.27.13
10.77.22.11
10.77.22.14
10.77.22.11
10.77.22.15
10.77.23.11
10.77.23.12
10.77.27.13
10.77.27.14
10.77.22.12
10.77.22.15
10.77.27.14
10.77.22.13
10.77.22.13
10.77.22.11
10.77.27.13
10.77.22.15
10.77.27.13
10.77.22.15
10.77.27.14
10.77.22.15
10.77.22.10
10.77.22.10
10.77.22.14
10.77.22.10
10.77.27.13
10.77.22.10
10.77.22.10
10.77.23.10
10.77.22.11
10.77.27.14
10.77.23.10
10.77.22.14
10.77.22.11
10.77.23.10
10.77.22.13
10.77.27.14
10.77.22.12
10.77.22.10
10.77.27.15
10.77.22.12
10.77.22.10
10.77.23.10
10.77.22.14
10.77.22.14
10.77.23.11
10.77.23.12
10.77.22.11
10.77.22.15
10.77.22.15
10.77.23.11
10.77.23.12
10.77.23.11
10.77.22.15
10.77.22.14
10.77.22.10
10.77.22.13
10.77.23.12
10.77.22.11
10.77.22.13
10.77.22.15
10.77.23.10
10.77.22.11
10.77.23.10
10.77.22.10
10.77.22.12
10.77.23.11
10.77.23.10
10.77.22.10
10.77.27.15
10.77.23.10
10.77.22.10
10.77.23.11
10.77.23.11
10.77.22.15
10.77.27.14
10.77.22.14
10.77.22.10
10.77.22.11
10.77.23.12
10.77.23.11
10.77.22.12
10.77.23.12
10.77.22.15
10.77.22.10
10.77.23.10
10.77.23.10
10.77.23.12
10.77.22.13
10.77.22.13
10.77.22.11
10.77.23.12
10.77.22.15
10.77.22.13
10.77.23.11
10.77.27.14
10.77.27.13
10.77.23.12
10.77.27.13
10.77.27.13
10.77.23.10
10.77.23.12
10.77.27.14
10.77.27.14
10.77.22.14
10.77.27.15
10.77.27.15
10.77.22.14
10.77.22.12
10.77.22.10
10.77.23.12
10.77.22.15
10.77.23.12
10.77.22.11
10.77.23.10
10.77.23.10
10.77.27.15
10.77.22.11
10.77.22.14
10.77.23.11
10.77.23.10
10.77.22.15
10.77.27.13
10.77.22.11
10.77.23.10
10.77.22.14
10.77.22.11
10.77.27.13
10.77.27.15
10.77.23.10
10.77.27.15
10.77.22.14
10.77.23.10
10.77.22.13
10.77.22.10
10.77.27.14
10.77.22.13
10.77.22.13
10.77.22.11
10.77.23.10
10.77.23.12
10.77.23.11
10.77.22.15
10.77.22.15
10.77.23.11
10.77.22.13
10.77.27.15
10.77.23.11
10.77.27.14
10.77.27.13
10.77.23.10
10.77.27.14
10.77.22.14
10.77.22.13
10.77.22.13
10.77.22.13
10.77.23.12
10.77.22.14
10.77.22.10
10.77.22.13
10.77.22.13
10.77.27.14
10.77.22.10
10.77.22.10
10.77.22.13
10.77.22.15
10.77.27.13
10.77.22.10
10.77.23.11
10.77.22.15
10.77.27.14
10.77.27.13
10.77.22.15
10.77.27.13
10.77.22.15
10.77.22.11
10.77.22.13
10.77.22.10
10.77.22.11
10.77.27.14
10.77.27.13
10.77.27.13
10.77.27.15
10.77.23.12
10.77.22.11
10.77.27.15
10.77.23.11
10.77.27.13
10.77.22.14
10.77.22.15
10.77.23.11
10.77.27.15
10.77.22.12
10.77.23.12
10.77.22.14
10.77.27.13
10.77.27.14
10.77.23.12
10.77.23.11
10.77.23.11
10.77.27.14
10.77.22.13
10.77.22.11
10.77.27.14
10.77.27.13
10.77.27.13
10.77.27.13
10.77.23.12
10.77.22.13
10.77.22.11
10.77.27.15
10.77.27.15
10.77.27.13
10.77.22.13
10.77.23.10
10.77.22.15
10.77.22.11
10.77.22.10
10.77.23.10
10.77.23.11
10.77.23.11
10.77.22.11
10.77.23.12
10.77.22.12
10.77.22.15
10.77.22.12
10.77.22.11
10.77.22.10
10.77.23.10
10.77.27.13
10.77.27.15
10.77.23.10
10.77.27.13
10.77.23.11
10.77.22.10
10.77.22.13
10.77.23.11
10.77.27.13
10.77.23.10
10.77.22.11
10.77.23.12
10.77.22.14
10.77.27.13
10.77.27.15
10.77.23.11
10.77.22.10
10.77.23.10
10.77.27.14
10.77.23.12
10.77.23.10
10.77.22.11
10.77.22.13
10.77.27.14
10.77.22.11
10.77.27.13
10.77.22.10
10.77.22.10
10.77.27.13
10.77.27.14
10.77.27.14
10.77.27.13
10.77.27.13
10.77.22.13
10.77.27.13
10.77.27.15
10.77.22.12
10.77.23.10
10.77.22.14
10.77.27.14
10.77.27.14
10.77.27.13
10.77.22.10
10.77.23.10
10.77.22.14
10.77.23.12
10.77.22.13
10.77.22.12
10.77.23.12
10.77.22.12
10.77.23.10
10.77.27.13
10.77.27.15
10.77.27.15
10.77.22.13
10.77.23.10
10.77.22.11
10.77.22.14
10.77.22.13
10.77.22.13
10.77.27.15
10.77.27.14
10.77.23.12
10.77.22.11
10.77.22.15
10.77.22.12
10.77.23.10
10.77.22.12
10.77.22.15
10.77.23.11
10.77.27.14
10.77.27.13
10.77.23.12
10.77.22.11
10.77.22.11
10.77.23.10
10.77.27.13
10.77.27.13
10.77.27.13
10.77.22.11
10.77.27.15
10.77.22.15
10.77.27.13
10.77.22.11
10.77.27.14
10.77.23.10
10.77.22.11
10.77.23.10
10.77.22.15
10.77.23.12
10.77.23.12
10.77.27.14
10.77.22.13
10.77.27.13
10.77.23.11
10.77.23.10
10.77.23.10
10.77.22.13
10.77.22.14
10.77.22.13
10.77.22.13
10.77.22.15
10.77.22.13
10.77.23.12
10.77.27.14
10.77.22.10
10.77.27.14
10.77.22.12
10.77.22.10
10.77.23.12
10.77.22.13
10.77.23.12
10.77.27.14
10.77.27.15
10.77.22.14
10.77.22.11
10.77.23.10
10.77.27.13
10.77.22.11
10.77.23.12
10.77.22.13
10.77.23.10
10.77.27.14
10.77.23.11
10.77.22.13
10.77.23.12
10.77.22.10
10.77.23.11
10.77.22.15
10.77.22.13
10.77.22.13
10.77.22.12
10.77.23.12
10.77.27.13
10.77.23.11
10.77.22.13
10.77.22.15
10.77.22.12
10.77.27.15
10.77.22.13
10.77.27.14
10.77.22.12
10.77.27.14
10.77.22.13
10.77.22.15
10.77.22.10
10.77.22.12
10.77.22.15
10.77.22.13
10.77.27.14
10.77.22.11
10.77.27.14
10.77.22.11
10.77.27.14
10.77.27.13
10.77.22.14
10.77.22.14
10.77.23.10
10.77.27.14
10.77.22.12
10.77.22.13
10.77.22.11
10.77.23.12
10.77.27.15
10.77.27.13
10.77.22.12
10.77.27.14
10.77.22.12
10.77.23.12
10.77.27.14
10.77.22.11
10.77.23.12
10.77.22.14
10.77.23.12
10.77.27.15
10.77.22.11
10.77.22.13
10.77.22.13
10.77.23.12
10.77.22.15
10.77.27.13
10.77.23.12
10.77.27.15
10.77.22.11
10.77.23.11
10.77.27.13
10.77.22.10
10.77.22.10
10.77.27.13
10.77.22.15
10.77.27.15
10.77.27.15
10.77.27.13
10.77.22.13
10.77.22.14
10.77.23.11
10.77.27.14
10.77.27.13
10.77.27.14
10.77.27.13
10.77.22.13
10.77.23.12
10.77.22.15
10.77.27.14
10.77.22.15
10.77.23.10
10.77.23.12
10.77.22.15
10.77.22.14
10.77.22.12
10.77.22.14
10.77.22.10
10.77.27.14
10.77.27.15
10.77.22.10
10.77.22.11
10.77.27.15
10.77.22.14
10.77.23.12
10.77.27.13
10.77.27.13
10.77.22.12
10.77.23.11
10.77.22.11
10.77.22.11
10.77.22.13
10.77.22.15
10.77.23.10
10.77.23.12
10.77.23.11
10.77.22.15
10.77.22.10
10.77.22.13
10.77.27.15
10.77.27.15
10.77.27.14
10.77.22.10
10.77.22.11
10.77.22.13
10.77.22.11
10.77.22.15
10.77.27.15
10.77.22.10
10.77.27.14
10.77.23.12
10.77.23.12
10.77.23.12
10.77.27.15
10.77.23.12
10.77.22.12
10.77.22.11
10.77.22.11
10.77.27.14
10.77.23.10
10.77.22.10
10.77.22.10
10.77.22.10
10.77.23.11
10.77.22.14
10.77.22.15
10.77.22.10
10.77.22.15
10.77.27.14
10.77.27.13
10.77.23.11
10.77.22.10
10.77.22.15
10.77.22.15
10.77.22.15
10.77.22.11
10.77.22.12
10.77.22.14
10.77.23.12
10.77.27.15
10.77.22.10
10.77.22.14
10.77.23.11
10.77.22.14
10.77.22.10
10.77.23.12
10.77.22.14
10.77.22.12
10.77.23.12
10.77.23.10
10.77.27.15
10.77.23.11
10.77.27.15
10.77.22.12
10.77.23.11
10.77.27.15
10.77.22.12
10.77.27.14
10.77.22.12
10.77.22.14
10.77.27.15
10.77.23.12
10.77.27.15
10.77.22.14
10.77.23.12
10.77.22.13
10.77.27.15
10.77.22.13
10.77.23.12
10.77.27.15
10.77.23.11
10.77.22.12
10.77.22.14
10.77.22.10
10.77.22.11
10.77.22.12
10.77.23.12
10.77.23.10
10.77.27.15
10.77.22.12
10.77.22.14
10.77.23.11
10.77.22.11
10.77.27.14
10.77.27.15
10.77.23.11
10.77.22.12
10.77.22.13
10.77.27.15
10.77.23.11
10.77.27.15
10.77.23.12
10.77.27.15
10.77.22.12
10.77.22.12
10.77.22.11
10.77.23.11
10.77.22.15
10.77.27.13
10.77.22.10
10.77.22.14
10.77.27.13
10.77.27.15
10.77.27.14
10.77.23.11
10.77.22.12
10.77.22.10
10.77.22.14
10.77.22.11
10.77.22.15
10.77.23.10
10.77.22.13
10.77.23.11
10.77.23.11
10.77.22.12
10.77.22.10
10.77.23.11
10.77.22.15
10.77.27.13
10.77.22.15
10.77.22.10
10.77.27.14
10.77.22.14
10.77.23.11
10.77.27.15
10.77.23.11
10.77.22.11
10.77.22.13
10.77.22.13
10.77.22.10
10.77.27.15
10.77.22.10
10.77.22.15
10.77.27.14
10.77.23.11
10.77.27.13
10.77.22.13
10.77.22.13
10.77.22.13
10.77.22.13
10.77.22.12
10.77.23.12
10.77.27.15
10.77.22.15
10.77.22.12
10.77.22.15
10.77.22.15
10.77.27.15
10.77.22.15
10.77.23.10
10.77.22.15
10.77.22.11
10.77.22.12
10.77.22.12
10.77.22.10
10.77.22.10
10.77.27.14
10.77.22.12
10.77.22.11
10.77.27.13
10.77.22.14
10.77.22.10
10.77.23.12
10.77.23.10
10.77.22.15
10.77.27.15
10.77.27.15
10.77.27.13
10.77.23.11
10.77.27.14
10.77.22.13
10.77.23.10
10.77.22.12
10.77.22.15
10.77.27.14
10.77.27.14
10.77.27.13
10.77.23.11
10.77.22.13
10.77.27.13
10.77.22.14
10.77.22.12
10.77.23.11
10.77.27.13
10.77.22.15
10.77.22.12
10.77.22.11
10.77.23.10
10.77.22.15
10.77.22.15
10.77.27.14
10.77.27.15
10.77.22.11
10.77.27.13
10.77.27.13
10.77.23.10
10.77.27.13
10.77.27.14
10.77.22.11
10.77.23.10
10.77.22.10
10.77.23.12
10.77.22.11
10.77.22.13
10.77.22.13
10.77.22.10
10.77.22.14
10.77.27.15
10.77.22.12
10.77.23.11
10.77.27.13
10.77.22.15
10.77.22.14
10.77.22.12
10.77.27.14
10.77.22.13
10.77.22.11
10.77.23.11
10.77.22.13
10.77.23.11
10.77.22.15
10.77.22.11
10.77.23.12
10.77.27.13
10.77.23.10
10.77.22.11
10.77.23.10
10.77.23.10
10.77.27.13
10.77.22.11
10.77.27.14
10.77.23.10
10.77.22.11
10.77.22.12
10.77.23.11
10.77.22.13
10.77.23.10
10.77.22.15
10.77.22.13
10.77.22.14
10.77.23.12
10.77.22.13
10.77.27.15
10.77.22.12
10.77.22.14
10.77.22.13
10.77.22.12
10.77.23.12
10.77.22.15
10.77.27.15
10.77.27.15
10.77.27.13
10.77.23.10
10.77.27.13
10.77.22.10
10.77.23.12
10.77.22.15
10.77.23.11
10.77.22.11
10.77.27.15
10.77.27.15
10.77.22.11
10.77.23.10
10.77.27.13
10.77.22.12
10.77.27.14
10.77.22.12
10.77.23.11
10.77.23.11
10.77.22.14
10.77.22.15
10.77.22.10
10.77.23.11
10.77.22.12
10.77.23.11
10.77.22.11
10.77.22.12
10.77.23.12
10.77.22.12
10.77.27.15
10.77.27.14
10.77.22.11
10.77.22.11
10.77.22.15
10.77.22.14
10.77.22.11
10.77.22.14
10.77.23.10
10.77.22.15
10.77.22.15
10.77.27.15
10.77.23.10
10.77.23.11
10.77.27.15
10.77.27.14
10.77.22.11
10.77.23.10
10.77.27.15
10.77.27.14
10.77.23.12
10.77.27.13
10.77.22.11
10.77.23.10
10.77.22.11
10.77.27.14
10.77.22.12
10.77.22.14
10.77.22.12
10.77.22.14
10.77.22.13
10.77.22.14
10.77.23.11
10.77.22.12
10.77.23.11
10.77.23.10
10.77.22.13
10.77.22.15
10.77.22.12
10.77.22.10
10.77.22.10
10.77.22.14
10.77.23.12
10.77.23.11
10.77.27.14
10.77.22.11
10.77.22.13
10.77.23.10
10.77.23.12
10.77.23.12
10.77.23.10
10.77.22.13
10.77.22.10
10.77.22.12
10.77.27.14
10.77.22.13
10.77.23.11
10.77.22.12
10.77.22.12
10.77.23.10
10.77.22.13
10.77.27.13
10.77.23.12
10.77.22.10
10.77.27.13
10.77.22.14
10.77.22.11
10.77.22.13
10.77.22.11
10.77.22.11
10.77.23.12
10.77.22.15
10.77.27.13
10.77.22.15
10.77.23.10
10.77.27.14
10.77.22.10
10.77.23.10
10.77.23.12
10.77.23.12
10.77.27.14
10.77.22.11
10.77.22.10
10.77.22.11
10.77.22.11
10.77.22.14
10.77.23.10
10.77.27.14
10.77.23.12
10.77.22.15
10.77.22.13
10.77.22.14
10.77.22.15
10.77.22.12
10.77.27.13
10.77.22.12
10.77.27.13
10.77.27.15
10.77.27.15
10.77.23.12
10.77.22.14
10.77.22.10
10.77.27.14
10.77.22.12
10.77.22.11
10.77.27.13
10.77.23.10
10.77.23.12
10.77.22.13
10.77.27.15
10.77.27.13
10.77.22.14
10.77.22.14
10.77.23.10
10.77.27.14
10.77.23.11
10.77.27.13
10.77.22.11
10.77.27.14
10.77.22.15
10.77.22.14
10.77.23.11
10.77.22.11
10.77.27.14
10.77.22.11
10.77.23.10
10.77.22.12
10.77.22.12
10.77.27.15
10.77.22.11
10.77.22.10
10.77.27.14
10.77.22.10
10.77.22.15
10.77.22.10
10.77.22.13
10.77.22.14
10.77.27.13
10.77.22.14
10.77.22.15
10.77.22.14
10.77.27.13
10.77.27.13
10.77.27.14
10.77.27.15
10.77.22.13
10.77.22.12
10.77.22.12
10.77.23.12
10.77.22.13
10.77.23.11
10.77.23.12
10.77.22.14
10.77.27.14
10.77.22.10
10.77.22.11
10.77.23.12
10.77.22.12
10.77.22.10
10.77.22.14
10.77.22.14
10.77.23.12
10.77.27.13
10.77.22.15
10.77.23.11
10.77.27.13
10.77.23.10
10.77.27.14
10.77.23.12
10.77.22.14
10.77.23.10
10.77.23.10
10.77.27.15
10.77.23.11
10.77.22.11
10.77.22.11
10.77.23.10
10.77.22.14
10.77.22.11
10.77.22.11
10.77.27.15
10.77.27.13
10.77.23.11
10.77.23.12
10.77.22.14
10.77.22.10
10.77.22.11
10.77.27.15
10.77.23.11
10.77.22.11
10.77.27.14
10.77.22.11
10.77.22.12
10.77.27.14
10.77.22.12
10.77.23.12
10.77.27.13
10.77.22.11
10.77.22.10
10.77.27.13
10.77.22.12
10.77.22.14
10.77.22.14
10.77.22.14
10.77.22.14
10.77.22.15
10.77.27.14
10.77.27.14
10.77.22.15
10.77.23.11
10.77.23.10
10.77.22.10
10.77.27.14
10.77.22.13
10.77.27.14
10.77.22.14
10.77.22.13
10.77.23.11
10.77.22.15
10.77.22.10
10.77.23.11
10.77.22.12
10.77.22.15
10.77.27.13
10.77.23.11
10.77.27.13
10.77.23.10
10.77.22.14
10.77.22.14
10.77.22.11
10.77.27.15
10.77.27.15
10.77.27.14
10.77.22.15
10.77.22.11
10.77.22.11
10.77.27.14
10.77.22.13
10.77.22.10
10.77.27.14
10.77.27.15
10.77.22.15
10.77.22.12
10.77.22.10
10.77.22.14
10.77.22.15
10.77.23.11
10.77.23.10
10.77.23.10
10.77.22.11
10.77.27.14
10.77.23.10
10.77.22.12
10.77.22.13
10.77.22.10
10.77.23.11
10.77.22.14
10.77.23.12
10.77.23.10
10.77.23.10
10.77.22.13
10.77.22.15
10.77.27.15
10.77.23.11
10.77.27.14
10.77.22.14
10.77.27.13
10.77.22.14
10.77.27.15
10.77.23.12
10.77.23.11
10.77.22.10
10.77.23.10
10.77.27.14
10.77.22.14
10.77.27.13
10.77.27.14
10.77.23.12
10.77.22.13
10.77.22.13
10.77.22.15
10.77.22.15
10.77.27.14
10.77.22.13
10.77.23.11
10.77.22.13
10.77.27.15
10.77.27.13
10.77.27.13
10.77.22.11
10.77.22.13
10.77.27.14
10.77.23.12
10.77.23.11
10.77.23.12
10.77.27.13
10.77.23.12
10.77.27.13
10.77.22.12
10.77.22.13
10.77.22.11
10.77.22.15
10.77.22.15
10.77.23.10
10.77.27.14
10.77.22.14
10.77.27.14
10.77.23.12
10.77.22.12
10.77.22.12
10.77.22.15
10.77.22.12
10.77.27.14
10.77.22.15
10.77.22.15
10.77.22.10
10.77.23.10
10.77.22.11
10.77.27.13
10.77.27.15
10.77.23.10
10.77.22.15
10.77.23.11
10.77.22.15
10.77.27.14
10.77.22.14
10.77.27.13
10.77.22.15
10.77.22.10
10.77.22.12
10.77.27.13
10.77.27.15
10.77.22.10
10.77.23.11
10.77.23.10
10.77.22.10
10.77.22.14
10.77.27.14
10.77.22.14
10.77.23.12
10.77.27.14
10.77.23.11
10.77.23.12
10.77.23.12
10.77.27.13
10.77.22.14
10.77.22.15
10.77.27.13
10.77.22.13
10.77.23.12
10.77.27.13
10.77.22.12
10.77.22.14
10.77.27.13
10.77.27.14
10.77.23.11
10.77.22.10
10.77.23.10
10.77.23.11
10.77.27.13
10.77.22.10
10.77.23.12
10.77.27.14
10.77.22.15
10.77.22.15
10.77.22.13
10.77.23.10
10.77.27.13
10.77.22.11
10.77.27.13
10.77.23.11
10.77.22.14
10.77.27.14
10.77.22.10
10.77.27.14
10.77.22.11
10.77.27.14
10.77.27.15
10.77.23.10
10.77.27.14
10.77.23.11
10.77.27.15
10.77.22.10
10.77.22.10
10.77.22.13
10.77.22.14
10.77.22.13
10.77.23.12
10.77.22.14
10.77.23.11
10.77.23.12
10.77.27.14
10.77.22.13
10.77.27.14
10.77.22.12
10.77.22.11
10.77.27.14
10.77.22.11
10.77.22.11
10.77.22.15
10.77.22.11
10.77.22.14
10.77.22.12
10.77.27.14
10.77.27.14
10.77.23.12
10.77.27.13
10.77.27.14
10.77.27.15
10.77.23.11
10.77.22.11
10.77.22.11
10.77.22.10
10.77.22.11
10.77.23.10
10.77.27.14
10.77.22.14
10.77.22.10
10.77.22.13
10.77.22.11
10.77.22.14
10.77.22.14
10.77.22.12
10.77.22.15
10.77.22.12
10.77.22.12
10.77.23.11
10.77.22.15
10.77.22.14
10.77.27.15
10.77.27.14
10.77.22.15
10.77.22.12
10.77.27.15
10.77.23.12
10.77.22.10
10.77.27.14
10.77.27.15
10.77.22.10
10.77.22.10
10.77.23.11
10.77.22.10
10.77.23.11
10.77.22.10
10.77.27.13
10.77.23.12
10.77.23.10
10.77.22.15
10.77.22.12
10.77.23.10
10.77.22.15
10.77.27.13
10.77.23.11
10.77.23.11
10.77.27.15
10.77.22.15
10.77.27.13
10.77.22.10
10.77.22.10
10.77.22.14
10.77.27.13
10.77.27.15
10.77.27.13
10.77.23.12
10.77.22.14
10.77.23.10
10.77.27.13
10.77.23.11
10.77.27.15
10.77.23.12
10.77.22.12
10.77.22.14
10.77.23.11
10.77.23.11
10.77.27.14
10.77.27.14
10.77.22.10
10.77.22.11
10.77.27.15
10.77.23.10
10.77.23.12
10.77.22.11
10.77.22.14
10.77.27.13
10.77.22.10
10.77.23.12
10.77.23.12
10.77.23.11
10.77.23.10
10.77.27.13
10.77.27.15
10.77.23.12
10.77.23.10
10.77.23.10
10.77.27.15
10.77.23.10
10.77.27.13
10.77.23.12
10.77.23.10
10.77.22.11
10.77.22.10
10.77.22.12
10.77.23.10
10.77.27.15
10.77.22.13
10.77.22.10
10.77.22.11
10.77.23.10
10.77.27.15
10.77.23.12
10.77.27.15
10.77.27.15
10.77.22.14
10.77.22.15
10.77.22.11
10.77.22.14
10.77.27.14
10.77.22.11
10.77.22.12
10.77.23.12
10.77.22.15
10.77.22.14
10.77.22.15
10.77.22.14
10.77.22.15
10.77.23.11
10.77.22.14
10.77.22.13
10.77.27.14
10.77.27.14
10.77.22.13
10.77.23.11
10.77.27.13
10.77.23.12
10.77.27.14
10.77.23.12
10.77.23.11
10.77.27.15
10.77.27.15
10.77.22.14
10.77.22.15
10.77.23.10
10.77.22.15
10.77.27.14
10.77.22.11
10.77.22.15
10.77.22.12
10.77.22.13
10.77.22.14
10.77.22.11
10.77.23.10
10.77.22.10
10.77.22.14
10.77.22.11
10.77.22.14
10.77.27.13
10.77.23.12
10.77.22.10
10.77.22.10
10.77.27.13
10.77.22.14
10.77.22.10
10.77.23.10
10.77.27.15
10.77.27.13
10.77.23.10
10.77.23.10
10.77.22.10
10.77.23.10
10.77.22.11
10.77.22.10
10.77.22.11
10.77.27.14
10.77.23.12
10.77.27.13
10.77.23.10
10.77.27.15
10.77.23.10
10.77.23.12
10.77.22.14
10.77.22.15
10.77.22.15
10.77.23.10
10.77.22.14
10.77.22.12
10.77.22.13
10.77.22.14
10.77.27.15
10.77.27.15
10.77.22.12
10.77.22.10
10.77.22.13
10.77.23.11
10.77.22.14
10.77.27.13
10.77.22.14
10.77.27.13
10.77.27.13
10.77.27.15
10.77.27.15
10.77.27.13
10.77.23.11
10.77.23.10
10.77.23.11
10.77.22.11
10.77.23.12
10.77.27.15
10.77.23.12
10.77.27.15
10.77.22.14
10.77.27.15
10.77.27.14
10.77.27.13
10.77.22.10
10.77.27.14
10.77.23.10
10.77.22.15
10.77.22.15
10.77.22.15
10.77.22.11
10.77.22.10
10.77.22.12
10.77.22.11
10.77.22.13
10.77.22.12
10.77.22.11
10.77.22.12
10.77.22.12
10.77.22.10
10.77.22.15
10.77.27.14
10.77.22.10
10.77.27.13
10.77.22.13
10.77.27.14
10.77.23.11
10.77.23.12
10.77.22.14
10.77.22.10
10.77.22.15
10.77.23.12
10.77.27.13
10.77.23.11
10.77.22.14
10.77.22.11
10.77.27.15
10.77.22.15
10.77.22.11
10.77.23.10
10.77.22.10
10.77.23.10
10.77.22.10
10.77.22.10
10.77.27.15
10.77.22.10
10.77.23.10
10.77.23.10
10.77.23.11
10.77.22.11
10.77.22.12
10.77.23.11
10.77.23.10
10.77.27.15
10.77.22.13
10.77.22.14
10.77.23.10
10.77.22.14
10.77.23.12
10.77.22.12
10.77.23.12
10.77.27.13
10.77.23.10
10.77.23.12
10.77.27.15
10.77.27.13
10.77.22.10
10.77.22.15
10.77.22.15
10.77.27.15
10.77.22.12
10.77.22.14
10.77.22.13
10.77.22.12
10.77.22.13
10.77.27.15
10.77.22.15
10.77.27.15
10.77.27.15
10.77.22.13
10.77.22.15
10.77.23.11
10.77.22.14
10.77.23.11
10.77.22.10
10.77.27.14
10.77.27.14
10.77.22.14
10.77.23.12
10.77.22.12
10.77.22.10
10.77.22.15
10.77.27.14
10.77.27.13
10.77.23.11
10.77.22.13
10.77.27.14
10.77.22.11
10.77.22.15
10.77.27.13
10.77.23.12
10.77.22.11
10.77.22.15
10.77.22.11
10.77.22.10
10.77.22.12
10.77.27.14
10.77.27.14
10.77.23.10
10.77.22.15
10.77.27.14
10.77.22.15
10.77.23.10
10.77.22.15
10.77.22.14
10.77.22.13
10.77.22.11
10.77.27.15
10.77.22.12
10.77.23.11
10.77.27.13
10.77.22.15
10.77.22.12
10.77.27.13
10.77.22.12
10.77.23.12
10.77.23.11
10.77.22.12
10.77.27.15
10.77.23.11
10.77.27.14
10.77.27.15
10.77.22.15
10.77.27.13
10.77.22.12
10.77.22.13
10.77.27.15
10.77.22.14
10.77.22.14
10.77.23.10
10.77.23.11
10.77.27.13
10.77.27.15
10.77.27.15
10.77.27.13
10.77.27.14
10.77.22.11
10.77.22.10
10.77.23.10
10.77.22.15
10.77.22.11
10.77.23.11
10.77.27.13
10.77.23.10
10.77.22.10
10.77.27.13
10.77.22.15
10.77.27.13
10.77.23.12
10.77.23.12
10.77.27.14
10.77.23.12
10.77.27.15
10.77.22.11
10.77.23.10
10.77.22.15
10.77.22.13
10.77.22.15
10.77.27.13
10.77.22.10
10.77.22.13
10.77.22.14
10.77.27.13
10.77.22.11
10.77.22.13
10.77.22.14
10.77.23.11
10.77.22.13
10.77.22.11
10.77.22.14
10.77.22.13
10.77.22.11
10.77.22.15
10.77.23.12
10.77.22.14
10.77.22.14
10.77.23.12
10.77.23.10
10.77.27.13
10.77.27.15
10.77.27.15
10.77.23.11
10.77.23.11
10.77.27.13
10.77.27.13
10.77.27.14
10.77.22.13
10.77.27.15
10.77.22.11
10.77.23.10
10.77.22.12
10.77.27.15
10.77.22.10
10.77.23.10
10.77.23.12
10.77.22.13
10.77.22.12
10.77.22.10
10.77.23.11
10.77.22.10
10.77.22.10
10.77.27.15
10.77.23.12
10.77.27.13
10.77.23.10
10.77.22.11
10.77.22.12
10.77.23.10
10.77.22.14
10.77.23.10
10.77.22.11
10.77.22.11
10.77.27.14
10.77.27.13
10.77.22.12
10.77.22.13
10.77.23.10
10.77.22.11
10.77.22.10
10.77.22.11
10.77.22.10
10.77.22.10
10.77.27.15
10.77.22.12
10.77.23.10
10.77.22.13
10.77.22.10
10.77.22.12
10.77.22.10
10.77.22.12
10.77.23.11
10.77.22.10
10.77.22.11
10.77.22.10
10.77.23.11
10.77.27.14
10.77.23.12
10.77.27.13
10.77.27.14
10.77.22.10
10.77.22.15
10.77.22.13
10.77.23.11
10.77.22.11
10.77.27.13
10.77.23.11
10.77.22.11
10.77.22.12
10.77.22.12
10.77.23.10
10.77.22.11
10.77.23.10
10.77.27.14
10.77.23.10
10.77.22.10
10.77.27.15
10.77.27.13
10.77.27.13
10.77.22.12
10.77.23.11
10.77.23.10
10.77.22.14
10.77.22.10
10.77.23.11
10.77.27.15
10.77.22.13
10.77.22.12
10.77.27.13
10.77.23.10
10.77.23.12
10.77.22.13
10.77.23.12
10.77.22.11
10.77.22.12
10.77.23.10
10.77.22.12
10.77.27.14
10.77.23.12
10.77.23.10
10.77.22.15
10.77.22.11
10.77.22.12
10.77.22.15
10.77.22.10
10.77.23.10
10.77.23.12
10.77.23.12
10.77.22.10
10.77.23.10
10.77.22.14
10.77.22.13
10.77.23.10
10.77.23.11
10.77.22.12
10.77.27.14
10.77.27.14
10.77.22.15
10.77.22.13
10.77.27.14
10.77.27.14
10.77.22.15
10.77.22.12
10.77.23.11
10.77.27.14
10.77.23.10
10.77.27.14
10.77.23.12
10.77.23.11
10.77.23.12
10.77.22.12
10.77.23.10
10.77.27.15
10.77.22.15
10.77.22.13
10.77.27.14
10.77.22.14
10.77.22.14
10.77.27.13
10.77.27.13
10.77.27.13
10.77.27.14
10.77.22.14
10.77.27.15
10.77.22.13
10.77.27.13
10.77.27.13
10.77.23.10
10.77.22.15
10.77.27.13
10.77.23.11
10.77.22.10
10.77.27.13
10.77.23.10
10.77.22.14
10.77.27.15
10.77.23.12
10.77.27.14
10.77.23.10
10.77.22.15
10.77.27.14
10.77.22.12
10.77.23.10
10.77.22.14
10.77.22.12
10.77.22.14
10.77.23.11
10.77.27.13
10.77.22.13
10.77.22.10
10.77.22.12
10.77.22.12
10.77.22.10
10.77.22.10
10.77.27.14
10.77.23.10
10.77.22.13
10.77.23.11
10.77.22.11
10.77.22.11
10.77.27.15
10.77.22.15
10.77.27.15
10.77.22.11
10.77.27.13
10.77.23.12
10.77.27.14
10.77.27.14
10.77.22.14
10.77.22.12
10.77.23.11
10.77.22.12
10.77.23.12
10.77.27.13
10.77.27.13
10.77.22.10
10.77.23.11
10.77.22.11
10.77.27.15
10.77.22.14
10.77.27.14
10.77.23.11
10.77.22.14
10.77.23.11
10.77.27.13
10.77.22.13
10.77.22.11
10.77.27.15
10.77.22.10
10.77.27.14
10.77.22.14
10.77.27.14
10.77.23.12
10.77.22.15
10.77.22.14
10.77.22.10
10.77.22.14
10.77.23.10
10.77.23.10
10.77.27.13
10.77.22.15
10.77.22.10
10.77.27.14
10.77.22.10
10.77.22.10
10.77.22.12
10.77.22.14
10.77.22.13
10.77.23.11
10.77.22.11
10.77.22.10
10.77.23.10
10.77.22.11
10.77.23.10
10.77.22.15
10.77.27.13
10.77.27.15
10.77.22.13
10.77.22.11
10.77.27.14
10.77.27.13
10.77.23.11
10.77.22.14
10.77.22.15
10.77.23.12
10.77.27.14
10.77.22.10
10.77.22.12
10.77.27.13
10.77.22.12
10.77.27.13
10.77.23.12
10.77.22.12
10.77.27.15
10.77.22.12
10.77.22.13
10.77.23.11
10.77.22.12
10.77.27.15
10.77.27.15
10.77.22.14
10.77.27.15
10.77.23.12
10.77.22.13
10.77.22.12
10.77.23.10
10.77.22.15
10.77.22.10
10.77.27.14
10.77.22.13
10.77.22.14
10.77.22.11
10.77.22.12
10.77.22.12
10.77.22.12
10.77.22.15
10.77.22.12
10.77.27.15
10.77.27.13
10.77.22.13
10.77.22.14
10.77.22.11
10.77.22.10
10.77.22.13
10.77.22.13
10.77.22.10
10.77.22.10
10.77.22.13
10.77.23.10
10.77.27.13
10.77.27.13
10.77.22.14
10.77.27.15
10.77.22.14
10.77.27.13
10.77.27.15
10.77.22.13
10.77.22.15
10.77.27.14
10.77.27.13
10.77.22.13
10.77.22.10
10.77.22.11
10.77.22.12
10.77.27.14
10.77.22.10
10.77.27.13
10.77.23.11
10.77.22.15
10.77.27.13
10.77.22.15
10.77.22.13
10.77.23.11
10.77.27.15
10.77.23.12
10.77.22.15
10.77.27.14
10.77.22.11
10.77.23.11
10.77.22.12
10.77.23.10
10.77.22.15
10.77.22.14
10.77.27.15
10.77.23.10
10.77.22.15
10.77.22.13
10.77.23.10
10.77.22.15
10.77.22.13
10.77.22.13
10.77.23.11
10.77.22.11
10.77.22.14
10.77.23.12
10.77.27.13
10.77.22.12
10.77.23.10
10.77.23.12
10.77.23.12
10.77.22.10
10.77.22.15
10.77.22.11
10.77.23.11
10.77.23.10
10.77.23.11
10.77.22.12
10.77.23.10
10.77.22.11
10.77.27.13
10.77.22.12
10.77.22.13
10.77.27.13
10.77.23.12
10.77.22.11
10.77.27.15
10.77.22.15
10.77.22.15
10.77.27.15
10.77.22.13
10.77.23.10
10.77.22.10
10.77.23.10
10.77.23.11
10.77.22.13
10.77.27.15
10.77.22.10
10.77.22.15
10.77.23.12
10.77.22.13
10.77.22.10
10.77.27.13
10.77.23.10
10.77.22.13
10.77.27.15
10.77.27.15
10.77.27.15
10.77.23.11
10.77.22.15
10.77.27.14
10.77.22.12
10.77.27.14
10.77.22.12
10.77.22.10
10.77.22.11
10.77.27.14
10.77.23.10
10.77.22.14
10.77.22.13
10.77.22.11
10.77.23.10
10.77.22.10
10.77.22.12
10.77.22.14
10.77.27.14
10.77.23.11
10.77.22.13
10.77.22.13
10.77.23.10
10.77.22.13
10.77.27.13
10.77.23.12
10.77.22.15
10.77.22.10
10.77.22.10
10.77.22.10
10.77.27.14
10.77.23.11
10.77.23.12
10.77.27.14
10.77.27.14
10.77.22.15
10.77.23.10
10.77.23.10
10.77.22.15
10.77.22.13
10.77.27.14
10.77.22.11
10.77.23.10
10.77.27.14
10.77.27.14
10.77.23.11
10.77.22.10
10.77.27.13
10.77.22.10
10.77.22.12
10.77.22.10
10.77.27.14
10.77.22.15
10.77.22.12
10.77.22.11
10.77.27.13
10.77.23.11
10.77.22.15
10.77.22.11
10.77.27.14
10.77.27.14
10.77.22.11
10.77.22.12
10.77.22.13
10.77.22.10
10.77.22.13
10.77.27.15
10.77.22.14
10.77.27.14
10.77.22.14
10.77.23.11
10.77.22.10
10.77.23.10
10.77.22.14
10.77.27.13
10.77.27.15
10.77.22.13
10.77.22.10
10.77.22.12
10.77.27.14
10.77.22.15
10.77.22.12
10.77.27.13
10.77.23.11
10.77.22.14
10.77.23.11
10.77.22.14
10.77.22.13
10.77.22.14
10.77.27.13
10.77.23.11
10.77.22.15
10.77.22.11
10.77.23.11
10.77.22.11
10.77.23.12
10.77.23.12
10.77.22.14
10.77.23.11
10.77.22.14
10.77.22.15
10.77.22.11
10.77.22.14
10.77.22.14
10.77.22.10
10.77.23.12
10.77.27.14
10.77.27.14
10.77.22.12
10.77.23.12
10.77.22.14
10.77.27.13
10.77.23.10
10.77.27.15
10.77.23.10
10.77.22.13
10.77.23.10
10.77.23.11
10.77.23.12
10.77.22.14
10.77.23.12
10.77.27.13
10.77.22.13
10.77.22.14
10.77.22.11
10.77.27.15
10.77.23.10
10.77.22.13
10.77.27.15
10.77.23.11
10.77.22.14
10.77.27.15
10.77.22.10
10.77.27.14
10.77.27.13
10.77.22.11
10.77.23.11
10.77.23.12
10.77.23.11
10.77.27.14
10.77.27.13
10.77.27.15
10.77.22.13
10.77.27.15
10.77.22.11
10.77.27.13
10.77.22.13
10.77.23.10
10.77.23.11
10.77.22.10
10.77.23.10
10.77.22.15
10.77.23.11
10.77.22.13
10.77.22.14
10.77.27.14
10.77.27.14
10.77.22.11
10.77.27.14
10.77.22.11
10.77.22.10
10.77.27.15
10.77.23.12
10.77.22.11
10.77.22.13
10.77.22.14
10.77.23.11
10.77.22.12
10.77.22.14
10.77.22.14
10.77.27.13
10.77.22.11
10.77.23.12
10.77.27.13
10.77.27.13
10.77.22.10
10.77.23.10
10.77.22.11
10.77.27.14
10.77.27.15
10.77.23.12
10.77.22.14
10.77.22.10
10.77.22.10
10.77.22.13
10.77.22.11
10.77.22.15
10.77.22.12
10.77.27.14
10.77.22.15
10.77.22.15
10.77.27.15
10.77.23.11
10.77.22.12
10.77.22.10
10.77.22.14
10.77.22.11
10.77.22.14
10.77.22.11
10.77.23.12
10.77.22.10
10.77.27.14
10.77.27.13
10.77.22.14
10.77.27.15
10.77.27.13
10.77.22.15
10.77.27.14
10.77.22.11
10.77.22.15
10.77.23.11
10.77.22.14
10.77.22.13
10.77.22.10
10.77.23.12
10.77.22.13
10.77.27.14
10.77.22.10
10.77.22.15
10.77.22.10
10.77.27.13
10.77.22.11
10.77.23.12
10.77.27.15
10.77.23.11
10.77.22.14
10.77.22.12
10.77.22.10
10.77.23.10
10.77.23.10
10.77.23.12
10.77.27.13
10.77.22.13
10.77.27.15
10.77.22.15
10.77.27.15
10.77.27.13
10.77.27.15
10.77.27.13
10.77.23.12
10.77.22.15
10.77.22.15
10.77.22.12
10.77.23.11
10.77.27.14
10.77.27.14
10.77.27.15
10.77.23.10
10.77.22.15
10.77.22.15
10.77.22.12
10.77.22.12
10.77.27.14
10.77.22.11
10.77.23.12
10.77.22.10
10.77.22.15
10.77.22.15
10.77.22.12
10.77.23.11
10.77.27.15
10.77.27.15
10.77.22.13
10.77.22.11
10.77.27.15
10.77.23.11
10.77.27.13
10.77.22.15
10.77.22.10
10.77.23.10
10.77.23.11
10.77.23.10
10.77.22.12
10.77.22.14
10.77.23.10
10.77.27.13
10.77.23.11
10.77.27.14
10.77.27.13
10.77.22.10
10.77.22.11
10.77.23.12
10.77.22.10
10.77.22.14
10.77.23.12
10.77.23.12
10.77.27.15
10.77.27.15
10.77.22.11
10.77.23.11
10.77.23.12
10.77.23.11
10.77.22.10
10.77.22.14
10.77.22.14
10.77.22.10
10.77.22.15
10.77.22.14
10.77.22.13
10.77.22.15
10.77.27.13
10.77.22.12
10.77.22.11
10.77.22.13
10.77.27.15
10.77.27.14
10.77.22.10
10.77.22.15
10.77.23.11
10.77.22.15
10.77.23.10
10.77.23.12
10.77.22.10
10.77.27.14
10.77.23.12
10.77.27.13
10.77.22.15
10.77.22.14
10.77.27.15
10.77.22.12
10.77.23.12
10.77.23.10
10.77.23.11
10.77.22.12
10.77.22.11
10.77.23.11
10.77.22.11
10.77.23.10
10.77.22.12
10.77.22.14
10.77.22.10
10.77.22.15
10.77.22.13
10.77.23.12
10.77.23.10
10.77.27.15
10.77.27.13
10.77.22.10
10.77.22.14
10.77.22.14
10.77.27.13
10.77.23.11
10.77.23.12
10.77.22.12
10.77.22.13
10.77.23.10
10.77.23.12
10.77.23.11
10.77.23.11
10.77.27.13
10.77.23.11
10.77.22.12
10.77.22.10
10.77.22.15
10.77.22.13
10.77.22.15
10.77.22.11
10.77.27.13
10.77.23.11
10.77.23.10
10.77.22.14
10.77.23.10
10.77.22.10
10.77.22.13
10.77.23.12
10.77.27.13
10.77.23.11
10.77.27.15
10.77.27.13
10.77.23.12
10.77.22.11
10.77.22.15
10.77.22.14
10.77.22.12
10.77.23.12
10.77.22.11
10.77.22.11
10.77.23.10
10.77.22.13
10.77.23.11
10.77.22.10
10.77.22.15
10.77.27.14
10.77.22.11
10.77.23.11
10.77.22.14
10.77.23.10
10.77.22.12
10.77.22.13
10.77.27.13
10.77.23.12
10.77.22.13
10.77.27.13
10.77.22.11
10.77.27.13
10.77.27.13
10.77.27.15
10.77.27.13
10.77.27.13
10.77.23.10
10.77.22.14
10.77.27.13
10.77.22.12
10.77.27.13
10.77.22.12
10.77.27.15
10.77.22.13
10.77.22.12
10.77.27.13
10.77.22.11
10.77.27.14
10.77.22.11
10.77.22.11
10.77.22.11
10.77.22.14
10.77.22.13
10.77.27.15
10.77.23.12
10.77.23.10
10.77.23.11
10.77.27.13
10.77.23.10
10.77.27.15
10.77.27.15
10.77.27.13
10.77.22.13
10.77.22.14
10.77.22.11
10.77.23.10
10.77.27.15
10.77.22.14
10.77.27.13
10.77.23.11
10.77.27.15
10.77.23.12
10.77.22.12
10.77.22.13
10.77.27.15
10.77.22.14
10.77.23.11
10.77.23.10
10.77.27.15
10.77.22.11
10.77.23.11
10.77.22.10
10.77.22.14
10.77.22.11
10.77.22.15
10.77.23.10
10.77.27.15
10.77.23.12
10.77.23.12
10.77.23.12
10.77.22.11
10.77.22.13
10.77.22.15
10.77.22.13
10.77.22.14
10.77.22.13
10.77.22.14
10.77.22.12
10.77.27.15
10.77.27.15
10.77.27.15
10.77.22.10
10.77.27.15
10.77.22.10
10.77.22.12
10.77.22.14
10.77.22.14
10.77.27.14
10.77.23.12
10.77.22.10
10.77.22.12
10.77.27.13
10.77.27.14
10.77.22.12
10.77.22.15
10.77.23.11
10.77.22.10
10.77.22.14
10.77.23.11
10.77.23.10
10.77.27.13
10.77.22.14
10.77.23.12
10.77.27.14
10.77.22.13
10.77.23.10
10.77.22.14
10.77.27.14
10.77.27.13
10.77.22.14
10.77.27.13
10.77.22.10
10.77.22.12
10.77.23.10
10.77.27.13
10.77.27.13
10.77.22.13
10.77.22.13
10.77.22.14
10.77.22.12
10.77.22.12
10.77.27.13
10.77.22.13
10.77.22.10
10.77.23.12
10.77.23.12
10.77.23.12
10.77.27.15
10.77.27.13
10.77.23.11
10.77.22.13
10.77.27.14
10.77.22.12
10.77.22.12
10.77.22.13
10.77.22.12
10.77.27.14
10.77.22.12
10.77.22.11
10.77.22.11
10.77.22.11
10.77.23.10
10.77.22.11
10.77.23.12
10.77.22.15
10.77.22.15
10.77.22.12
10.77.23.10
10.77.27.15
10.77.22.10
10.77.22.15
10.77.23.11
10.77.27.14
10.77.23.11
10.77.27.14
10.77.22.12
10.77.23.12
10.77.22.14
10.77.22.15
10.77.23.11
10.77.22.13
10.77.22.11
10.77.23.10
10.77.27.13
10.77.22.13
10.77.22.11
10.77.27.13
10.77.27.14
10.77.23.12
10.77.27.15
10.77.27.15
10.77.22.12
10.77.23.12
10.77.27.15
10.77.22.10
10.77.27.15
10.77.23.12
10.77.22.11
10.77.27.15
10.77.22.10
10.77.22.11
10.77.23.12
10.77.27.13
10.77.22.12
10.77.22.11
10.77.22.13
10.77.22.12
10.77.27.15
10.77.22.11
10.77.27.13
10.77.22.11
10.77.22.12
10.77.27.15
10.77.22.11
10.77.27.15
10.77.23.10
10.77.22.12
10.77.23.12
10.77.27.15
10.77.27.15
10.77.22.10
10.77.23.10
10.77.22.13
10.77.22.10
10.77.22.13
10.77.27.14
10.77.23.12
10.77.22.12
10.77.22.12
10.77.22.10
10.77.22.13
10.77.22.12
10.77.23.12
10.77.23.10
10.77.22.13
10.77.23.12
10.77.27.14
10.77.22.12
10.77.27.14
10.77.23.11
10.77.23.12
10.77.23.10
10.77.23.11
10.77.23.10
10.77.27.15
10.77.27.13
10.77.23.11
10.77.22.11
10.77.23.10
10.77.22.12
10.77.23.10
10.77.22.13
10.77.27.15
10.77.22.10
10.77.22.13
10.77.23.10
10.77.23.11
10.77.27.15
10.77.23.11
10.77.23.10
10.77.22.12
10.77.23.11
10.77.27.15
10.77.27.15
10.77.22.14
10.77.23.11
10.77.23.10
10.77.23.12
10.77.27.14
10.77.27.13
10.77.23.10
10.77.22.13
10.77.22.15
10.77.22.14
10.77.22.15
10.77.22.13
10.77.22.10
10.77.22.13
10.77.22.15
10.77.27.14
10.77.22.14
10.77.22.15
10.77.22.15
10.77.27.15
10.77.22.15
10.77.23.12
10.77.23.11
10.77.22.11
10.77.22.14
10.77.27.14
10.77.22.13
10.77.27.14
10.77.27.14
10.77.27.13
10.77.22.14
10.77.27.14
10.77.22.14
10.77.22.13
10.77.22.10
10.77.22.13
10.77.22.14
10.77.23.11
10.77.27.14
10.77.22.12
10.77.22.10
10.77.22.10
10.77.22.15
10.77.27.14
10.77.23.10
10.77.22.15
10.77.27.14
10.77.22.11
10.77.22.10
10.77.22.10
10.77.22.10
10.77.27.13
10.77.27.13
10.77.22.10
10.77.22.15
10.77.22.14
10.77.23.11
10.77.27.15
10.77.27.13
10.77.22.13
10.77.27.13
10.77.27.14
10.77.23.10
10.77.27.15
10.77.27.13
10.77.22.11
10.77.23.11
10.77.22.14
10.77.23.11
10.77.23.11
10.77.22.14
10.77.22.15
10.77.22.10
10.77.22.15
10.77.22.10
10.77.23.11
10.77.22.14
10.77.27.13
10.77.22.15
10.77.22.15
10.77.23.10
10.77.22.10
10.77.22.15
10.77.27.14
10.77.22.13
10.77.22.15
10.77.27.13
10.77.22.13
10.77.22.10
10.77.22.13
10.77.22.14
10.77.22.13
10.77.22.14
10.77.22.13
10.77.22.15
10.77.27.15
10.77.23.12
10.77.22.13
10.77.22.15
10.77.22.15
10.77.22.15
10.77.22.14
10.77.23.10
10.77.27.13
10.77.23.10
10.77.27.14
10.77.22.14
10.77.22.15
10.77.22.11
10.77.27.14
10.77.22.12
10.77.22.10
10.77.22.15
10.77.23.12
10.77.23.11
10.77.27.13
10.77.23.11
10.77.22.11
10.77.22.15
10.77.22.13
10.77.22.15
10.77.22.15
10.77.27.13
10.77.27.15
10.77.22.13
10.77.23.12
10.77.23.11
10.77.22.13
10.77.22.12
10.77.22.11
10.77.22.10
10.77.22.13
10.77.22.14
10.77.22.10
10.77.22.13
10.77.23.11
10.77.22.13
10.77.22.12
10.77.22.15
10.77.27.15
10.77.22.14
10.77.23.12
10.77.27.13
10.77.27.14
10.77.22.11
10.77.22.13
10.77.22.15
10.77.22.12
10.77.27.14
10.77.22.13
10.77.22.15
10.77.22.14
10.77.23.12
10.77.22.14
10.77.22.14
10.77.22.12
10.77.23.11
10.77.23.12
10.77.22.13
10.77.22.13
10.77.27.14
10.77.23.11
10.77.22.15
10.77.27.13
10.77.23.11
10.77.22.12
10.77.27.14
10.77.22.11
10.77.22.14
10.77.27.15
10.77.23.10
10.77.27.15
10.77.27.15
10.77.22.12
10.77.22.11
10.77.22.12
10.77.22.14
10.77.23.11
10.77.22.14
10.77.22.10
10.77.23.12
10.77.27.14
10.77.22.12
10.77.22.10
10.77.27.15
10.77.23.12
10.77.22.11
10.77.22.10
10.77.22.12
10.77.22.12
10.77.22.10
10.77.22.12
10.77.27.14
10.77.23.10
10.77.27.15
10.77.22.11
10.77.22.11
10.77.22.13
10.77.22.12
10.77.22.12
10.77.23.12
10.77.27.15
10.77.23.10
10.77.23.12
10.77.22.13
10.77.22.11
10.77.22.10
10.77.23.12
10.77.23.12
10.77.23.11
10.77.23.10
10.77.22.14
10.77.27.14
10.77.23.11
10.77.23.12
10.77.23.12
10.77.23.10
10.77.27.14
10.77.23.10
10.77.22.10
10.77.22.12
10.77.22.15
10.77.27.15
10.77.23.11
10.77.22.14
10.77.22.15
10.77.23.12
10.77.27.14
10.77.23.10
10.77.23.11
10.77.23.11
10.77.22.10
10.77.22.15
10.77.22.13
10.77.22.10
10.77.27.14
10.77.22.13
10.77.27.14
10.77.27.15
10.77.22.15
10.77.27.15
10.77.27.14
10.77.22.13
10.77.22.12
10.77.22.15
10.77.23.12
10.77.23.12
10.77.22.13
10.77.27.14
10.77.23.10
10.77.27.13
10.77.27.14
10.77.27.15
10.77.22.15
10.77.22.10
10.77.22.15
10.77.22.11
10.77.27.15
10.77.23.12
10.77.22.12
10.77.23.12
10.77.27.14
10.77.22.13
10.77.23.10
10.77.22.14
10.77.27.15
10.77.22.14
10.77.27.15
10.77.22.11
10.77.27.14
10.77.22.13
10.77.27.15
10.77.27.13
10.77.22.10
10.77.23.12
10.77.22.14
10.77.22.11
10.77.23.12
10.77.22.12
10.77.23.10
10.77.22.12
10.77.23.11
10.77.22.11
10.77.23.12
10.77.22.13
10.77.27.13
10.77.22.15
10.77.23.11
10.77.22.12
10.77.23.12
10.77.22.14
10.77.22.10
10.77.23.10
10.77.23.11
10.77.27.15
10.77.22.15
10.77.22.13
10.77.23.11
10.77.22.10
10.77.22.10
10.77.22.13
10.77.22.15
10.77.27.15
10.77.22.12
10.77.27.14
10.77.22.12
10.77.22.11
10.77.22.10
10.77.22.12
10.77.22.10
10.77.23.11
10.77.23.10
10.77.22.11
10.77.22.11
10.77.23.10
10.77.22.15
10.77.22.11
10.77.27.15
10.77.27.14
10.77.27.15
10.77.27.13
10.77.23.11
10.77.22.11
10.77.22.13
10.77.22.10
10.77.23.10
10.77.23.10
10.77.23.12
10.77.22.11
10.77.22.13
10.77.23.12
10.77.27.15
10.77.23.11
10.77.23.10
10.77.27.14
10.77.27.13
10.77.23.10
10.77.22.15
10.77.23.10
10.77.27.14
10.77.22.13
10.77.27.14
10.77.22.14
10.77.22.11
10.77.27.14
10.77.22.12
10.77.27.14
10.77.22.11
10.77.23.10
10.77.27.15
10.77.22.15
10.77.22.11
10.77.22.15
10.77.27.13
10.77.23.10
10.77.22.11
10.77.27.14
10.77.22.11
10.77.22.13
10.77.22.13
10.77.27.14
10.77.22.14
10.77.22.15
10.77.23.11
10.77.22.15
10.77.22.11
10.77.22.15
10.77.23.10
10.77.22.10
10.77.23.12
10.77.22.11
10.77.23.12
10.77.27.15
10.77.27.15
10.77.23.10
10.77.23.12
10.77.22.14
10.77.27.14
10.77.22.11
10.77.27.14
10.77.22.11
10.77.23.10
10.77.23.10
10.77.27.14
10.77.27.14
10.77.22.11
10.77.22.10
10.77.22.12
10.77.22.13
10.77.27.15
10.77.22.10
10.77.27.15
10.77.23.10
10.77.27.13
10.77.23.12
10.77.22.12
10.77.22.15
10.77.27.15
10.77.22.14
10.77.23.10
10.77.22.10
10.77.22.11
10.77.27.14
10.77.27.15
10.77.23.12
10.77.22.13
10.77.22.13
10.77.22.10
10.77.22.14
10.77.27.13
10.77.22.11
10.77.27.14
10.77.27.13
10.77.22.13
10.77.22.10
10.77.27.14
10.77.22.10
10.77.22.15
10.77.22.12
10.77.27.14
10.77.22.10
10.77.23.11
10.77.22.11
10.77.22.10
10.77.22.15
10.77.27.15
10.77.22.10
10.77.22.14
10.77.27.13
10.77.22.13
10.77.22.14
10.77.22.13
10.77.27.14
10.77.27.13
10.77.23.11
10.77.27.13
10.77.22.14
10.77.22.10
10.77.23.12
10.77.22.15
10.77.22.12
10.77.22.11
10.77.22.15
10.77.22.12
10.77.23.10
10.77.22.14
10.77.23.10
10.77.22.10
10.77.22.13
10.77.22.11
10.77.27.15
10.77.22.10
10.77.27.13
10.77.22.12
10.77.22.12
10.77.22.12
10.77.22.11
10.77.22.15
10.77.27.14
10.77.22.11
10.77.27.14
10.77.27.15
10.77.23.12
10.77.22.10
10.77.27.13
10.77.23.11
10.77.22.10
10.77.23.11
10.77.27.13
10.77.22.15
10.77.22.14
10.77.22.12
10.77.22.12
10.77.22.11
10.77.22.10
10.77.22.10
10.77.23.10
10.77.23.11
10.77.27.15
10.77.22.14
10.77.22.15
10.77.22.15
10.77.23.12
10.77.22.11
10.77.27.14
10.77.23.10
10.77.23.12
10.77.27.15
10.77.23.12
10.77.22.13
10.77.22.10
10.77.27.13
10.77.22.12
10.77.23.12
10.77.23.10
10.77.22.12
10.77.22.15
10.77.22.10
10.77.22.15
10.77.22.15
10.77.22.10
10.77.22.12
10.77.22.14
10.77.23.10
10.77.22.14
10.77.27.14
10.77.22.10
10.77.22.10
10.77.27.14
10.77.23.11
10.77.27.13
10.77.23.12
10.77.22.13
10.77.22.10
10.77.22.12
10.77.22.11
10.77.23.12
10.77.22.12
10.77.22.11
10.77.27.15
10.77.23.11
10.77.22.15
10.77.22.12
10.77.27.14
10.77.27.14
10.77.22.12
10.77.22.12
10.77.27.13
10.77.22.14
10.77.27.14
10.77.23.11
10.77.23.11
10.77.27.13
10.77.22.13
10.77.22.15
10.77.22.10
10.77.22.13
10.77.22.15
10.77.27.13
10.77.27.14
10.77.22.14
10.77.22.15
10.77.22.11
10.77.22.10
10.77.22.14
10.77.27.13
10.77.23.10
10.77.23.12
10.77.22.14
10.77.23.12
10.77.22.15
10.77.22.12
10.77.23.12
10.77.27.15
10.77.23.10
10.77.22.11
10.77.23.12
10.77.22.13
10.77.22.11
10.77.27.15
10.77.22.12
10.77.23.12
10.77.27.13
10.77.23.10
10.77.22.12
10.77.22.10
10.77.23.11
10.77.22.15
10.77.27.14
10.77.22.11
10.77.23.10
10.77.27.14
10.77.23.11
10.77.22.15
10.77.22.10
10.77.22.12
10.77.22.10
10.77.22.10
10.77.22.10
10.77.27.15
10.77.23.10
10.77.22.12
10.77.22.10
10.77.22.11
10.77.22.10
10.77.27.14
10.77.22.10
10.77.23.12
10.77.27.13
10.77.22.13
10.77.22.10
10.77.27.13
10.77.22.13
10.77.22.15
10.77.22.11
10.77.22.15
10.77.23.12
10.77.22.15
10.77.23.11
10.77.22.10
10.77.27.13
10.77.23.10
10.77.27.14
10.77.23.11
10.77.22.11
10.77.22.10
10.77.22.13
10.77.27.14
10.77.22.13
10.77.22.13
10.77.27.15
10.77.27.13
10.77.23.11
10.77.22.14
10.77.23.12
10.77.27.13
10.77.22.14
10.77.27.13
10.77.27.15
10.77.22.15
10.77.27.13
10.77.22.13
10.77.22.15
10.77.23.10
10.77.22.13
10.77.23.10
10.77.27.15
10.77.22.15
10.77.22.10
10.77.22.13
10.77.23.10
10.77.22.14
10.77.22.14
10.77.22.11
10.77.23.11
10.77.27.13
10.77.22.13
10.77.27.13
10.77.22.13
10.77.27.14
10.77.22.12
10.77.23.11
10.77.27.13
10.77.22.13
10.77.22.10
10.77.22.10
10.77.22.14
10.77.22.12
10.77.22.14
10.77.22.10
10.77.22.10
10.77.23.12
10.77.23.11
10.77.22.11
10.77.22.14
10.77.27.15
10.77.22.12
10.77.22.10
10.77.22.10
10.77.27.15
10.77.23.12
10.77.27.14
10.77.22.13
10.77.23.12
10.77.22.10
10.77.23.12
10.77.27.15
10.77.23.10
10.77.22.12
10.77.27.14
10.77.22.10
10.77.27.14
10.77.27.13
10.77.27.15
10.77.27.15
10.77.27.15
10.77.23.11
10.77.22.12
10.77.22.10
10.77.22.13
10.77.22.11
10.77.23.12
10.77.22.15
10.77.27.13
10.77.22.12
10.77.22.13
10.77.27.14
10.77.27.14
10.77.22.11
10.77.22.13
10.77.27.13
10.77.22.14
10.77.22.15
10.77.22.12
10.77.22.12
10.77.23.10
10.77.23.11
10.77.22.13
10.77.22.11
10.77.27.15
10.77.27.15
10.77.22.10
10.77.27.14
10.77.23.11
10.77.22.12
10.77.22.11
10.77.22.12
10.77.22.15
10.77.23.12
10.77.22.10
10.77.22.10
10.77.27.13
10.77.23.10
10.77.27.15
10.77.22.15
10.77.22.13
10.77.27.14
10.77.22.10
10.77.27.14
10.77.22.14
10.77.23.11
10.77.22.15
10.77.27.13
10.77.22.12
10.77.27.15
10.77.27.15
10.77.23.12
10.77.27.13
10.77.22.11
10.77.22.14
10.77.22.12
10.77.27.14
10.77.22.15
10.77.27.15
10.77.23.11
10.77.22.15
10.77.22.10
10.77.22.13
10.77.23.10
10.77.22.10
10.77.22.13
10.77.22.14
10.77.27.13
10.77.27.14
10.77.23.12
10.77.22.10
10.77.27.13
10.77.22.11
10.77.22.13
10.77.22.11
10.77.27.13
10.77.22.13
10.77.23.10
10.77.22.15
10.77.22.14
10.77.22.12
10.77.22.12
10.77.22.12
10.77.23.10
10.77.22.11
10.77.27.15
10.77.23.10
10.77.23.12
10.77.23.12
10.77.23.11
10.77.23.11
10.77.27.15
10.77.22.13
10.77.23.10
10.77.22.11
10.77.22.12
10.77.22.11
10.77.23.10
10.77.23.10
10.77.22.12
10.77.22.12
10.77.23.11
10.77.23.12
10.77.23.12
10.77.23.10
10.77.23.10
10.77.23.10
10.77.23.10
10.77.27.15
10.77.27.13
10.77.23.11
10.77.22.13
10.77.22.15
10.77.22.10
10.77.22.10
10.77.23.11
10.77.27.14
10.77.27.13
10.77.22.15
10.77.22.14
10.77.23.11
10.77.22.11
10.77.23.11
10.77.22.15
10.77.27.14
10.77.23.12
10.77.22.15
10.77.22.10
10.77.23.12
10.77.22.10
10.77.22.15
10.77.22.13
10.77.22.14
10.77.22.11
10.77.22.11
10.77.23.11
10.77.27.14
10.77.22.12
10.77.27.14
10.77.22.13
10.77.22.10
10.77.23.11
10.77.27.14
10.77.22.10
10.77.22.15
10.77.22.15
10.77.22.11
10.77.27.15
10.77.22.10
10.77.27.14
10.77.27.14
10.77.27.15
10.77.23.10
10.77.22.12
10.77.22.10
10.77.27.15
10.77.22.15
10.77.27.15
10.77.23.10
10.77.22.12
10.77.23.11
10.77.22.12
10.77.23.10
10.77.23.11
10.77.27.14
10.77.22.12
10.77.23.12
10.77.22.15
10.77.22.15
10.77.22.14
10.77.23.11
10.77.27.14
10.77.22.11
10.77.22.15
10.77.22.10
10.77.27.15
10.77.22.11
10.77.22.14
10.77.27.15
10.77.27.13
10.77.22.10
10.77.23.12
10.77.22.10
10.77.27.13
10.77.22.10
10.77.22.15
10.77.22.10
10.77.27.15
10.77.23.11
10.77.22.10
10.77.23.12
10.77.22.11
10.77.22.15
10.77.22.12
10.77.22.10
10.77.22.11
10.77.22.11
10.77.27.13
10.77.22.14
10.77.27.13
10.77.23.10
10.77.23.11
10.77.22.15
10.77.22.14
10.77.23.11
10.77.23.11
10.77.22.14
10.77.23.10
10.77.22.11
10.77.27.13
10.77.23.11
10.77.23.11
10.77.27.15
10.77.22.10
10.77.27.15
10.77.22.13
10.77.22.14
10.77.27.14
10.77.23.10
10.77.27.13
10.77.22.11
10.77.23.10
10.77.22.12
10.77.22.10
10.77.22.10
10.77.22.15
10.77.23.11
10.77.23.10
10.77.22.13
10.77.22.14
10.77.22.14
10.77.27.14
10.77.23.12
10.77.23.12
10.77.23.10
10.77.22.11
10.77.23.10
10.77.27.14
10.77.22.15
10.77.23.12
10.77.22.15
10.77.27.14
10.77.22.13
10.77.22.13
10.77.23.11
10.77.23.11
10.77.27.15
10.77.23.12
10.77.23.10
10.77.23.12
10.77.27.13
10.77.22.14
10.77.23.12
10.77.27.15
10.77.27.13
10.77.27.14
10.77.22.13
10.77.22.13
10.77.22.13
10.77.23.11
10.77.22.13
10.77.22.14
10.77.27.14
10.77.27.13
10.77.22.13
10.77.22.11
10.77.27.15
10.77.27.15
10.77.27.13
10.77.22.13
10.77.22.14
10.77.27.14
10.77.27.15
10.77.27.13
10.77.27.15
10.77.22.12
10.77.22.15
10.77.22.11
10.77.23.10
10.77.22.10
10.77.23.12
10.77.27.15
10.77.22.12
10.77.23.12
10.77.22.15
10.77.27.15
10.77.22.10
10.77.27.14
10.77.22.12
10.77.27.13
10.77.22.11
10.77.23.11
10.77.22.14
10.77.23.10
10.77.22.12
10.77.27.13
10.77.22.15
10.77.22.13
10.77.22.12
10.77.22.11
10.77.22.14
10.77.22.14
10.77.22.15
10.77.22.14
10.77.22.12
10.77.27.13
10.77.22.14
10.77.22.13
10.77.22.11
10.77.22.12
10.77.22.12
10.77.22.13
10.77.27.15
10.77.22.12
10.77.22.12
10.77.22.10
10.77.22.13
10.77.22.12
10.77.22.15
10.77.27.13
10.77.27.15
10.77.22.11
10.77.27.14
10.77.23.10
10.77.27.15
10.77.22.14
10.77.22.11
10.77.23.10
10.77.22.15
10.77.23.12
10.77.22.11
10.77.22.11
10.77.22.12
10.77.22.12
10.77.22.12
10.77.23.12
10.77.27.14
10.77.23.10
10.77.22.10
10.77.22.13
10.77.22.14
10.77.27.13
10.77.27.15
10.77.22.11
10.77.27.14
10.77.23.12
10.77.27.15
10.77.27.15
10.77.22.11
10.77.22.14
10.77.22.10
10.77.23.11
10.77.23.10
10.77.23.12
10.77.27.15
10.77.23.11
10.77.27.14
10.77.27.13
10.77.22.12
10.77.27.15
10.77.23.12
10.77.22.15
10.77.22.15
10.77.27.15
10.77.23.10
10.77.22.12
10.77.23.10
10.77.22.15
10.77.27.13
10.77.27.15
10.77.27.15
10.77.22.12
10.77.23.12
10.77.23.10
10.77.23.11
10.77.22.11
10.77.22.14
10.77.22.13
10.77.22.13
10.77.22.14
10.77.27.15
10.77.22.11
10.77.27.14
10.77.27.15
10.77.22.14
10.77.22.11
10.77.23.12
10.77.22.11
10.77.22.13
10.77.23.11
10.77.23.12
10.77.23.11
10.77.22.15
10.77.23.11
10.77.22.15
10.77.27.13
10.77.27.13
10.77.27.13
10.77.27.14
10.77.27.15
10.77.22.12
10.77.27.13
10.77.22.14
10.77.23.12
10.77.22.14
10.77.22.11
10.77.23.11
10.77.22.14
10.77.23.11
10.77.23.10
10.77.27.14
10.77.22.11
10.77.22.11
10.77.22.10
10.77.23.10
10.77.27.13
10.77.27.15
10.77.23.10
10.77.27.13
10.77.27.15
10.77.27.13
10.77.22.12
10.77.22.13
10.77.22.11
10.77.23.10
10.77.27.14
10.77.22.10
10.77.22.11
10.77.22.15
10.77.22.12
10.77.23.12
10.77.23.12
10.77.23.12
10.77.22.14
10.77.27.13
10.77.22.10
10.77.27.14
10.77.22.15
10.77.22.15
10.77.22.15
10.77.22.12
10.77.27.14
10.77.22.11
10.77.22.15
10.77.23.10
10.77.22.10
10.77.27.13
10.77.23.11
10.77.22.12
10.77.23.12
10.77.23.12
10.77.23.10
10.77.23.11
10.77.27.15
10.77.23.12
10.77.27.14
10.77.27.15
10.77.22.10
10.77.22.12
10.77.27.14
10.77.23.11
10.77.22.11
10.77.27.14
10.77.27.15
10.77.22.13
10.77.22.11
10.77.22.14
10.77.27.15
10.77.27.14
10.77.23.11
10.77.22.12
10.77.27.15
10.77.22.14
10.77.27.13
10.77.22.13
10.77.27.14
10.77.23.10
10.77.23.12
10.77.22.15
10.77.22.14
10.77.27.13
10.77.27.14
10.77.22.11
10.77.22.13
10.77.22.14
10.77.23.10
10.77.27.13
10.77.27.13
10.77.22.11
10.77.22.10
10.77.23.11
10.77.27.15
10.77.22.14
10.77.22.15
10.77.27.14
10.77.22.11
10.77.27.13
10.77.22.14
10.77.22.11
10.77.27.13
10.77.22.15
10.77.22.13
10.77.22.12
10.77.27.14
10.77.27.14
10.77.23.12
10.77.22.10
10.77.22.11
10.77.27.15
10.77.22.14
10.77.22.10
10.77.22.11
10.77.22.11
10.77.23.10
10.77.27.13
10.77.22.12
10.77.22.13
10.77.22.14
10.77.22.13
10.77.22.10
10.77.23.12
10.77.27.14
10.77.23.11
10.77.27.15
10.77.27.15
10.77.27.15
10.77.22.11
10.77.22.12
10.77.27.13
10.77.22.15
10.77.27.13
10.77.22.12
10.77.22.10
10.77.27.15
10.77.22.13
10.77.22.10
10.77.23.12
10.77.22.13
10.77.22.14
10.77.22.13
10.77.27.15
10.77.22.12
10.77.22.11
10.77.23.11
10.77.27.14
10.77.23.11
10.77.27.15
10.77.22.14
10.77.22.13
10.77.22.14
10.77.22.10
10.77.22.10
10.77.22.15
10.77.22.15
10.77.22.10
10.77.27.13
10.77.22.13
10.77.23.10
10.77.27.15
10.77.22.11
10.77.27.15
10.77.27.15
10.77.22.11
10.77.27.14
10.77.22.14
10.77.23.11
10.77.22.12
10.77.22.11
10.77.22.15
10.77.23.11
10.77.23.12
10.77.22.12
10.77.22.11
10.77.23.10
10.77.27.14
10.77.22.15
10.77.23.10
10.77.23.11
10.77.23.10
10.77.22.15
10.77.23.10
10.77.27.14
10.77.23.10
10.77.22.11
10.77.22.10
10.77.22.11
10.77.22.10
10.77.27.14
10.77.22.15
10.77.23.11
10.77.22.15
10.77.27.14
10.77.27.14
10.77.27.14
10.77.27.14
10.77.27.13
10.77.22.12
10.77.22.15
10.77.22.15
10.77.23.11
10.77.22.11
10.77.27.13
10.77.23.10
10.77.27.14
10.77.23.12
10.77.27.13
10.77.27.13
10.77.22.10
10.77.23.10
10.77.27.14
10.77.22.14
10.77.22.11
10.77.27.14
10.77.22.15
10.77.22.14
10.77.23.10
10.77.23.10
10.77.23.10
10.77.22.11
10.77.23.10
10.77.23.10
10.77.27.15
10.77.22.13
10.77.23.12
10.77.22.13
10.77.27.13
10.77.22.14
10.77.27.15
10.77.22.13
10.77.22.10
10.77.27.13
10.77.23.10
10.77.22.15
10.77.23.10
10.77.22.10
10.77.27.14
10.77.22.15
10.77.22.10
10.77.22.15
10.77.23.11
10.77.27.13
10.77.27.13
10.77.22.15
10.77.22.11
10.77.23.12
10.77.22.15
10.77.22.15
10.77.27.14
10.77.22.15
10.77.27.14
10.77.23.11
10.77.22.14
10.77.27.14
10.77.22.12
10.77.27.13
10.77.22.11
10.77.22.11
10.77.27.15
10.77.23.12
10.77.27.14
10.77.22.14
10.77.22.14
10.77.22.11
10.77.22.10
10.77.27.15
10.77.22.10
10.77.22.12
10.77.27.14
10.77.27.14
10.77.23.12
10.77.22.11
10.77.23.11
10.77.27.14
10.77.22.14
10.77.23.12
10.77.27.13
10.77.22.15
10.77.22.10
10.77.23.10
10.77.23.11
10.77.22.11
10.77.27.15
10.77.23.11
10.77.23.10
10.77.22.12
10.77.27.13
10.77.22.15
10.77.22.13
10.77.27.13
10.77.23.10
10.77.22.12
10.77.23.12
10.77.23.12
10.77.22.12
10.77.23.10
10.77.22.14
10.77.27.13
10.77.23.12
10.77.22.14
10.77.23.10
10.77.22.11
10.77.27.14
10.77.23.11
10.77.27.14
10.77.27.13
10.77.27.14
10.77.27.14
10.77.22.12
10.77.23.10
10.77.27.14
10.77.27.14
10.77.23.10
10.77.27.14
10.77.22.13
10.77.22.14
10.77.22.10
10.77.27.15
10.77.27.13
10.77.22.12
10.77.22.13
10.77.23.11
10.77.23.11
10.77.22.14
10.77.23.12
10.77.22.10
10.77.27.14
10.77.23.10
10.77.22.11
10.77.22.13
10.77.23.11
10.77.23.11
10.77.23.12
10.77.23.12
10.77.27.14
10.77.22.12
10.77.22.15
10.77.22.13
10.77.27.15
10.77.23.12
10.77.22.15
10.77.22.12
10.77.27.15
10.77.22.11
10.77.23.12
10.77.23.12
10.77.22.15
10.77.22.12
10.77.22.14
10.77.22.11
10.77.27.13
10.77.23.11
10.77.23.10
10.77.23.12
10.77.23.12
10.77.27.15
10.77.23.10
10.77.23.12
10.77.22.12
10.77.27.15
10.77.27.14
10.77.22.10
10.77.23.10
10.77.23.11
10.77.27.13
10.77.22.15
10.77.22.10
10.77.27.13
10.77.22.11
10.77.22.12
10.77.23.10
10.77.27.15
10.77.22.12
10.77.27.15
10.77.23.10
10.77.22.15
10.77.22.13
10.77.27.14
10.77.22.14
10.77.22.14
10.77.27.15
10.77.23.12
10.77.22.11
10.77.27.15
10.77.22.14
10.77.27.13
10.77.22.11
10.77.27.14
10.77.22.13
10.77.23.12
10.77.22.10
10.77.22.14
10.77.27.13
10.77.22.14
10.77.22.11
10.77.22.11
10.77.22.12
10.77.27.15
10.77.23.10
10.77.22.13
10.77.22.11
10.77.27.14
10.77.23.11
10.77.22.12
10.77.22.12
10.77.27.13
10.77.23.10
10.77.22.13
10.77.22.12
10.77.23.11
10.77.23.10
10.77.23.12
10.77.23.10
10.77.22.11
10.77.22.15
10.77.22.13
10.77.27.15
10.77.27.13
10.77.22.14
10.77.23.10
10.77.23.12
10.77.22.13
10.77.22.15
10.77.23.12
10.77.22.12
10.77.22.13
10.77.27.14
10.77.27.13
10.77.27.15
10.77.27.14
10.77.27.15
10.77.23.10
10.77.22.10
10.77.22.15
10.77.23.11
10.77.22.15
10.77.27.13
10.77.27.13
10.77.22.10
10.77.23.11
10.77.22.11
10.77.22.14
10.77.27.13
10.77.22.14
10.77.22.14
10.77.22.11
10.77.22.11
10.77.27.15
10.77.23.12
10.77.23.12
10.77.22.13
10.77.22.11
10.77.22.13
10.77.22.12
10.77.23.12
10.77.22.14
10.77.22.15
10.77.22.14
10.77.27.15
10.77.23.11
10.77.22.11
10.77.22.12
10.77.22.15
10.77.27.13
10.77.22.11
10.77.22.11
10.77.22.12
10.77.22.10
10.77.22.10
10.77.27.13
10.77.27.13
10.77.22.14
10.77.22.14
10.77.22.15
10.77.23.12
10.77.22.14
10.77.22.13
10.77.22.11
10.77.22.13
10.77.22.11
10.77.27.13
10.77.22.15
10.77.22.13
10.77.23.10
10.77.22.14
10.77.27.13
10.77.23.12
10.77.22.11
10.77.27.15
10.77.27.13
10.77.23.10
10.77.22.12
10.77.22.11
10.77.22.15
10.77.22.15
10.77.23.12
10.77.22.14
10.77.23.11
10.77.22.10
10.77.22.10
10.77.23.10
10.77.27.15
10.77.23.10
10.77.23.12
10.77.22.12
10.77.22.11
10.77.22.14
10.77.22.13
10.77.22.14
10.77.22.11
10.77.27.15
10.77.22.12
10.77.22.12
10.77.22.15
10.77.27.13
10.77.27.15
10.77.22.14
10.77.22.12
10.77.27.13
10.77.23.11
10.77.23.12
10.77.23.10
10.77.22.13
10.77.27.14
10.77.22.11
10.77.27.14
10.77.27.13
10.77.23.11
10.77.27.13
10.77.22.10
10.77.22.12
10.77.27.14
10.77.23.12
10.77.22.12
10.77.23.10
10.77.22.13
10.77.22.11
10.77.23.10
10.77.23.10
10.77.27.15
10.77.23.12
10.77.23.10
10.77.27.14
10.77.23.11
10.77.22.15
10.77.22.15
10.77.23.12
10.77.22.14
10.77.22.13
10.77.22.12
10.77.23.12
10.77.23.11
10.77.22.13
10.77.22.13
10.77.22.15
10.77.27.14
10.77.27.14
10.77.22.12
10.77.23.10
10.77.23.11
10.77.22.10
10.77.23.10
10.77.27.15
10.77.22.13
10.77.22.15
10.77.22.10
10.77.22.11
10.77.22.13
10.77.22.14
10.77.23.11
10.77.23.10
10.77.23.11
10.77.22.10
10.77.22.11
10.77.23.11
10.77.27.13
10.77.27.15
10.77.23.12
10.77.23.12
10.77.22.15
10.77.22.10
10.77.22.12
10.77.22.11
10.77.22.11
10.77.27.14
10.77.23.10
10.77.22.15
10.77.27.15
10.77.27.13
10.77.22.10
10.77.23.11
10.77.22.12
10.77.27.13
10.77.23.11
10.77.22.10
10.77.23.12
10.77.22.13
10.77.23.11
10.77.22.13
10.77.27.15
10.77.22.15
10.77.27.14
10.77.23.11
10.77.22.11
10.77.23.11
10.77.22.15
10.77.27.15
10.77.22.13
10.77.23.12
10.77.23.11
10.77.22.13
10.77.22.13
10.77.22.14
10.77.27.14
10.77.22.15
10.77.23.10
10.77.22.10
10.77.22.14
10.77.22.12
10.77.27.13
10.77.27.15
10.77.22.11
10.77.23.10
10.77.22.12
10.77.27.14
10.77.23.12
10.77.23.10
10.77.23.10
10.77.27.13
10.77.22.10
10.77.22.12
10.77.23.11
10.77.22.10
10.77.22.10
10.77.22.12
10.77.22.13
10.77.22.14
10.77.22.11
10.77.22.13
10.77.23.12
10.77.22.10
10.77.23.10
10.77.22.11
10.77.22.12
10.77.23.12
10.77.27.13
10.77.22.13
10.77.27.14
10.77.27.14
10.77.22.11
10.77.23.11
10.77.23.12
10.77.22.14
10.77.22.13
10.77.22.12
10.77.23.12
10.77.22.13
10.77.27.15
10.77.23.10
10.77.22.15
10.77.23.12
10.77.23.11
10.77.23.12
10.77.27.15
10.77.22.13
10.77.22.11
10.77.22.14
10.77.22.13
10.77.27.13
10.77.22.10
10.77.22.11
10.77.22.10
10.77.27.14
10.77.27.13
10.77.23.12
10.77.27.15
10.77.22.13
10.77.23.10
10.77.23.12
10.77.22.14
10.77.23.11
10.77.22.10
10.77.22.10
10.77.22.14
10.77.23.12
10.77.27.14
10.77.22.13
10.77.23.11
10.77.27.14
10.77.22.14
10.77.23.11
10.77.22.14
10.77.22.11
10.77.27.15
10.77.22.10
10.77.23.12
10.77.22.10
10.77.27.15
10.77.27.15
10.77.22.12
10.77.22.14
10.77.22.11
10.77.23.12
10.77.22.12
10.77.27.15
10.77.22.14
10.77.22.11
10.77.22.11
10.77.23.11
10.77.23.12
10.77.22.11
10.77.22.15
10.77.23.11
10.77.23.11
10.77.22.12
10.77.23.10
10.77.23.11
10.77.22.10
10.77.23.11
10.77.27.15
10.77.22.13
10.77.22.13
10.77.23.11
10.77.22.13
10.77.22.11
10.77.22.15
10.77.22.10
10.77.22.13
10.77.22.14
10.77.22.14
10.77.22.11
10.77.22.11
10.77.23.10
10.77.27.14
10.77.22.10
10.77.23.10
10.77.23.10
10.77.22.15
10.77.27.14
10.77.22.14
10.77.27.14
10.77.23.11
10.77.22.11
10.77.22.10
10.77.22.14
10.77.27.15
10.77.23.10
10.77.27.14
10.77.22.12
10.77.23.10
10.77.22.14
10.77.23.10
10.77.27.14
10.77.27.14
10.77.22.10
10.77.27.13
10.77.27.15
10.77.22.15
10.77.22.12
10.77.27.15
10.77.22.14
10.77.22.15
10.77.22.14
10.77.22.12
10.77.22.13
10.77.27.14
10.77.22.12
10.77.22.13
10.77.27.14
10.77.22.10
10.77.22.10
10.77.23.11
10.77.22.13
10.77.27.13
10.77.27.13
10.77.23.11
10.77.23.10
10.77.27.13
10.77.27.13
10.77.23.11
10.77.27.15
10.77.23.10
10.77.27.14
10.77.22.13
10.77.23.10
10.77.22.12
10.77.23.11
10.77.22.12
10.77.22.10
10.77.22.15
10.77.22.11
10.77.22.13
10.77.23.12
10.77.23.10
10.77.27.14
10.77.23.10
10.77.22.10
10.77.22.11
10.77.22.15
10.77.27.13
10.77.22.12
10.77.22.15
10.77.27.13
10.77.27.14
10.77.23.10
10.77.27.15
10.77.27.14
10.77.23.11
10.77.23.12
10.77.22.14
10.77.23.11
10.77.22.15
10.77.22.15
10.77.27.14
10.77.22.11
10.77.22.15
10.77.23.12
10.77.27.15
10.77.23.10
10.77.22.12
10.77.22.11
10.77.22.10
10.77.27.14
10.77.22.13
10.77.23.12
10.77.27.13
10.77.22.15
10.77.23.12
10.77.22.10
10.77.27.14
10.77.27.15
10.77.27.15
10.77.22.11
10.77.23.12
10.77.22.14
10.77.22.14
10.77.27.13
10.77.22.15
10.77.22.13
10.77.23.10
10.77.22.12
10.77.23.12
10.77.22.15
10.77.22.13
10.77.23.10
10.77.27.14
10.77.22.11
10.77.22.14
10.77.27.14
10.77.22.15
10.77.22.14
10.77.23.10
10.77.22.10
10.77.22.10
10.77.23.12
10.77.22.13
10.77.22.12
10.77.22.12
10.77.27.15
10.77.27.14
10.77.27.13
10.77.27.13
10.77.27.15
10.77.22.10
10.77.22.14
10.77.27.14
10.77.23.12
10.77.23.12
10.77.27.15
10.77.23.11
10.77.22.11
10.77.23.11
10.77.23.12
10.77.22.14
10.77.23.11
10.77.22.12
10.77.23.12
10.77.23.10
10.77.22.10
10.77.23.12
10.77.22.11
10.77.22.11
10.77.22.12
10.77.22.14
10.77.22.10
10.77.22.11
10.77.23.12
10.77.27.14
10.77.23.12
10.77.22.10
10.77.22.13
10.77.22.10
10.77.23.10
10.77.23.12
10.77.22.14
10.77.27.15
10.77.22.10
10.77.22.10
10.77.27.14
10.77.23.12
10.77.23.12
10.77.22.11
10.77.22.11
10.77.27.15
10.77.22.10
10.77.22.10
10.77.22.15
10.77.23.11
10.77.27.15
10.77.22.13
10.77.22.10
10.77.22.10
10.77.27.13
10.77.23.12
10.77.22.14
10.77.23.12
10.77.22.11
10.77.22.14
10.77.22.12
10.77.27.13
10.77.22.15
10.77.27.15
10.77.23.12
10.77.22.15
10.77.22.10
10.77.23.12
10.77.22.10
10.77.27.15
10.77.27.13
10.77.22.15
10.77.22.11
10.77.27.14
10.77.22.15
10.77.27.15
10.77.23.11
10.77.27.13
10.77.23.11
10.77.22.15
10.77.22.12
10.77.23.12
10.77.22.15
10.77.22.11
10.77.23.10
10.77.23.10
10.77.23.11
10.77.22.15
10.77.27.13
10.77.22.14
10.77.22.13
10.77.22.12
10.77.22.10
10.77.22.11
10.77.22.10
10.77.22.15
10.77.27.15
10.77.22.11
10.77.27.14
10.77.22.15
10.77.23.12
10.77.22.13
10.77.27.14
10.77.22.11
10.77.22.12
10.77.22.12
10.77.27.15
10.77.22.15
10.77.27.15
10.77.22.10
10.77.23.12
10.77.22.10
10.77.23.10
10.77.23.10
10.77.22.15
10.77.23.12
10.77.27.15
10.77.27.15
10.77.27.13
10.77.22.15
10.77.22.14
10.77.27.13
10.77.27.14
10.77.22.11
10.77.22.13
10.77.22.15
10.77.27.14
10.77.23.11
10.77.22.15
10.77.22.13
10.77.22.12
10.77.23.12
10.77.27.13
10.77.22.10
10.77.27.15
10.77.23.11
10.77.27.13
10.77.27.14
10.77.22.13
10.77.22.11
10.77.22.15
10.77.22.10
10.77.27.13
10.77.22.12
10.77.23.10
10.77.23.12
10.77.23.12
10.77.22.15
10.77.27.14
10.77.22.15
10.77.23.10
10.77.22.11
10.77.22.14
10.77.23.10
10.77.22.13
10.77.22.11
10.77.27.14
10.77.23.12
10.77.27.13
10.77.27.14
10.77.22.11
10.77.22.10
10.77.27.15
10.77.27.15
10.77.22.10
10.77.27.13
10.77.27.14
10.77.27.13
10.77.23.12
10.77.23.11
10.77.22.11
10.77.22.14
10.77.22.13
10.77.22.15
10.77.22.12
10.77.23.12
10.77.27.15
10.77.23.12
10.77.23.12
10.77.27.15
10.77.22.12
10.77.22.11
10.77.22.12
10.77.22.15
10.77.22.11
10.77.27.14
10.77.22.11
10.77.22.13
10.77.22.12
10.77.22.15
10.77.22.13
10.77.27.14
10.77.22.11
10.77.22.14
10.77.27.13
10.77.22.14
10.77.22.14
10.77.22.12
10.77.27.15
10.77.22.13
10.77.22.10
10.77.27.14
10.77.22.12
10.77.22.10
10.77.27.15
10.77.27.14
10.77.27.14
10.77.22.12
10.77.23.12
10.77.22.13
10.77.23.12
10.77.27.13
10.77.27.15
10.77.23.10
10.77.22.15
10.77.22.12
10.77.22.12
10.77.22.15
10.77.23.11
10.77.27.15
10.77.22.14
10.77.22.11
10.77.23.10
10.77.27.14
10.77.22.13
10.77.27.13
10.77.27.13
10.77.23.12
10.77.22.14
10.77.27.14
10.77.27.13
10.77.23.10
10.77.22.15
10.77.22.10
10.77.22.15
10.77.23.10
10.77.23.10
10.77.22.12
10.77.22.12
10.77.23.11
10.77.22.15
10.77.22.10
10.77.23.10
10.77.22.10
10.77.27.13
10.77.22.15
10.77.23.11
10.77.22.11
10.77.27.13
10.77.22.13
10.77.22.15
10.77.22.14
10.77.27.14
10.77.23.12
10.77.27.14
10.77.23.10
10.77.23.10
10.77.27.13
10.77.23.11
10.77.22.10
10.77.27.14
10.77.22.15
10.77.22.15
10.77.22.15
10.77.27.15
10.77.27.13
10.77.22.10
10.77.22.15
10.77.23.10
10.77.27.14
10.77.22.13
10.77.22.14
10.77.22.12
10.77.22.10
10.77.27.15
10.77.22.14
10.77.22.11
10.77.22.15
10.77.22.11
10.77.23.10
10.77.22.15
10.77.22.15
10.77.27.15
10.77.27.13
10.77.27.13
10.77.22.15
10.77.27.14
10.77.23.12
10.77.22.14
10.77.27.13
10.77.23.10
10.77.22.12
10.77.23.10
10.77.23.10
10.77.22.12
10.77.22.15
10.77.27.14
10.77.22.12
10.77.22.12
10.77.27.15
10.77.22.13
10.77.27.14
10.77.22.12
10.77.27.13
10.77.22.12
10.77.23.11
10.77.27.15
10.77.27.14
10.77.22.15
10.77.22.13
10.77.22.11
10.77.22.15
10.77.27.13
10.77.22.11
10.77.22.15
10.77.22.13
10.77.23.12
10.77.23.12
10.77.27.15
10.77.27.14
10.77.22.15
10.77.22.14
10.77.22.11
10.77.23.11
10.77.27.13
10.77.22.12
10.77.22.12
10.77.22.11
10.77.22.14
10.77.22.12
10.77.27.15
10.77.27.13
10.77.22.14
10.77.22.11
10.77.22.10
10.77.27.14
10.77.22.12
10.77.23.10
10.77.23.10
10.77.22.13
10.77.22.11
10.77.22.12
10.77.22.10
10.77.22.11
10.77.22.10
10.77.27.13
10.77.23.12
10.77.22.11
10.77.27.15
10.77.23.10
10.77.22.10
10.77.22.15
10.77.22.13
10.77.22.14
10.77.22.15
10.77.27.13
10.77.23.10
10.77.22.15
10.77.22.13
10.77.23.10
10.77.27.14
10.77.22.13
10.77.22.11
10.77.22.10
10.77.22.10
10.77.22.11
10.77.27.13
10.77.27.15
10.77.22.14
10.77.27.15
10.77.22.13
10.77.27.14
10.77.27.13
10.77.22.10
10.77.22.15
10.77.27.13
10.77.22.13
10.77.27.15
10.77.22.14
10.77.23.11
10.77.22.10
10.77.22.11
10.77.23.10
10.77.22.15
10.77.22.13
10.77.27.14
10.77.27.13
10.77.23.11
10.77.22.15
10.77.23.11
10.77.27.13
10.77.23.12
10.77.27.14
10.77.22.13
10.77.27.14
10.77.27.13
10.77.27.15
10.77.23.11
10.77.22.15
10.77.22.13
10.77.22.15
10.77.23.11
10.77.22.13
10.77.22.10
10.77.27.14
10.77.27.14
10.77.27.14
10.77.23.12
10.77.22.10
10.77.23.10
10.77.27.15
10.77.22.12
10.77.23.11
10.77.22.14
10.77.23.10
10.77.22.11
10.77.27.14
10.77.22.15
10.77.27.15
10.77.23.12
10.77.27.15
10.77.22.13
10.77.27.15
10.77.22.13
10.77.23.11
10.77.27.13
10.77.27.14
10.77.22.15
10.77.22.11
10.77.23.12
10.77.23.11
10.77.23.12
10.77.23.12
10.77.23.10
10.77.22.14
10.77.23.10
10.77.22.13
10.77.22.14
10.77.27.15
10.77.22.11
10.77.23.12
10.77.27.13
10.77.27.13
10.77.23.10
10.77.22.15
10.77.22.11
10.77.22.10
10.77.23.11
10.77.23.10
10.77.22.14
10.77.27.14
10.77.23.11
10.77.27.15
10.77.27.14
10.77.22.15
10.77.22.15
10.77.22.10
10.77.27.13
10.77.27.15
10.77.22.10
10.77.27.13
10.77.22.14
10.77.22.12
10.77.22.15
10.77.22.12
10.77.22.13
10.77.27.14
10.77.22.15
10.77.22.12
10.77.22.11
10.77.27.13
10.77.22.13
10.77.23.10
10.77.23.12
10.77.22.13
10.77.22.15
10.77.23.11
10.77.22.15
10.77.22.10
10.77.23.12
10.77.27.14
10.77.23.11
10.77.27.15
10.77.27.14
10.77.22.15
10.77.22.14
10.77.22.11
10.77.22.11
10.77.22.13
10.77.22.13
10.77.23.11
10.77.23.12
10.77.27.15
10.77.27.14
10.77.22.12
10.77.22.15
10.77.22.14
10.77.27.14
10.77.27.14
10.77.22.11
10.77.22.10
10.77.22.10
10.77.22.15
10.77.23.12
10.77.23.12
10.77.27.13
10.77.22.10
10.77.27.14
10.77.23.11
10.77.22.10
10.77.23.11
10.77.23.11
10.77.22.12
10.77.22.14
10.77.22.15
10.77.22.11
10.77.22.15
10.77.27.14
10.77.22.10
10.77.27.15
10.77.22.10
10.77.23.12
10.77.22.11
10.77.22.14
10.77.22.10
10.77.22.12
10.77.23.10
10.77.27.13
10.77.22.13
10.77.23.11
10.77.27.14
10.77.22.14
10.77.27.14
10.77.27.15
10.77.27.13
10.77.22.13
10.77.27.14
10.77.23.12
10.77.23.10
10.77.22.10
10.77.23.12
10.77.22.14
10.77.27.15
10.77.23.12
10.77.23.10
10.77.22.15
10.77.22.12
10.77.22.14
10.77.22.10
10.77.22.12
10.77.22.10
10.77.22.10
10.77.22.10
10.77.27.14
10.77.27.13
10.77.23.12
10.77.27.13
10.77.27.13
10.77.27.15
10.77.22.11
10.77.27.14
10.77.22.10
10.77.22.13
10.77.22.10
10.77.22.15
10.77.22.10
10.77.22.15
10.77.27.13
10.77.22.10
10.77.22.10
10.77.22.14
10.77.22.12
10.77.22.11
10.77.22.12
10.77.23.11
10.77.22.11
10.77.22.15
10.77.22.15
10.77.22.12
10.77.23.11
10.77.27.13
10.77.23.11
10.77.23.12
10.77.22.14
10.77.22.11
10.77.22.14
10.77.22.12
10.77.22.11
10.77.27.13
10.77.27.15
10.77.22.13
10.77.27.15
10.77.23.12
10.77.22.10
10.77.27.14
10.77.22.10
10.77.22.15
10.77.27.14
10.77.27.13
10.77.22.10
10.77.22.10
10.77.27.14
10.77.22.13
10.77.22.15
10.77.27.14
10.77.22.13
10.77.23.11
10.77.22.13
10.77.22.14
10.77.22.12
10.77.23.12
10.77.22.13
10.77.23.11
10.77.23.12
10.77.23.11
10.77.23.10
10.77.22.14
10.77.22.14
10.77.27.15
10.77.22.15
10.77.22.12
10.77.22.11
10.77.22.15
10.77.23.10
10.77.23.11
10.77.22.12
10.77.23.10
10.77.23.11
10.77.22.13
10.77.22.11
10.77.22.11
10.77.22.10
10.77.22.12
10.77.22.13
10.77.22.10
10.77.22.15
10.77.23.11
10.77.23.11
10.77.23.10
10.77.22.14
10.77.22.11
10.77.27.13
10.77.22.11
10.77.22.14
10.77.22.15
10.77.22.11
10.77.22.11
10.77.22.11
10.77.22.13
10.77.22.13
10.77.27.15
10.77.22.13
10.77.22.13
10.77.23.11
10.77.27.15
10.77.23.10
10.77.27.14
10.77.27.13
10.77.22.12
10.77.22.15
10.77.27.15
10.77.22.10
10.77.27.14
10.77.22.12
10.77.23.11
10.77.22.12
10.77.23.10
10.77.23.11
10.77.22.15
10.77.23.11
10.77.22.14
10.77.27.15
10.77.23.10
10.77.22.13
10.77.22.12
10.77.23.10
10.77.22.10
10.77.23.12
10.77.22.14
10.77.27.14
10.77.27.13
10.77.22.11
10.77.23.10
10.77.23.10
10.77.22.11
10.77.22.14
10.77.22.14
10.77.22.11
10.77.22.11
10.77.23.11
10.77.27.14
10.77.23.10
10.77.23.10
10.77.22.11
10.77.22.15
10.77.27.14
10.77.22.15
10.77.22.10
10.77.22.11
10.77.22.11
10.77.27.14
10.77.23.10
10.77.22.11
10.77.22.15
10.77.22.14
10.77.22.14
10.77.23.12
10.77.22.14
10.77.27.14
10.77.23.11
10.77.27.13
10.77.23.11
10.77.22.11
10.77.22.12
10.77.22.12
10.77.23.10
10.77.22.12
10.77.22.10
10.77.27.15
10.77.22.13
10.77.27.14
10.77.22.12
10.77.22.11
10.77.22.15
10.77.23.11
10.77.22.10
10.77.23.12
10.77.22.12
10.77.23.11
10.77.23.10
10.77.27.14
10.77.23.11
10.77.22.15
10.77.22.14
10.77.27.14
10.77.22.14
10.77.22.12
10.77.22.10
10.77.23.12
10.77.27.15
10.77.22.10
10.77.22.13
10.77.22.12
10.77.27.13
10.77.22.13
10.77.27.14
10.77.22.14
10.77.22.15
10.77.22.11
10.77.22.11
10.77.27.13
10.77.22.13
10.77.23.12
10.77.22.12
10.77.22.13
10.77.22.15
10.77.23.12
10.77.22.11
10.77.22.14
10.77.27.15
10.77.23.11
10.77.22.10
10.77.22.12
10.77.27.14
10.77.22.12
10.77.23.12
10.77.27.14
10.77.22.10
10.77.23.12
10.77.22.10
10.77.23.10
10.77.22.12
10.77.22.14
10.77.23.12
10.77.22.11
10.77.27.14
10.77.22.14
10.77.23.10
10.77.23.12
10.77.22.10
10.77.23.12
10.77.23.11
10.77.23.11
10.77.23.11
10.77.22.14
10.77.23.12
10.77.23.10
10.77.23.12
10.77.23.12
10.77.22.12
10.77.22.14
10.77.23.12
10.77.22.15
10.77.22.10
10.77.22.15
10.77.22.11
10.77.22.11
10.77.22.10
10.77.23.10
10.77.23.11
10.77.22.15
10.77.22.12
10.77.22.11
10.77.23.10
10.77.22.11
10.77.22.14
10.77.27.14
10.77.27.13
10.77.23.10
10.77.23.10
10.77.22.14
10.77.23.12
10.77.27.15
10.77.27.13
10.77.22.12
10.77.27.15
10.77.22.14
10.77.22.14
10.77.22.15
10.77.27.15
10.77.22.15
10.77.22.14
10.77.22.13
10.77.22.14
10.77.23.12
10.77.27.14
10.77.23.10
10.77.27.15
10.77.23.12
10.77.22.12
10.77.27.13
10.77.27.13
10.77.22.15
10.77.22.12
10.77.22.10
10.77.27.14
10.77.22.11
10.77.23.11
10.77.22.10
10.77.27.14
10.77.27.14
10.77.27.14
10.77.22.11
10.77.27.15
10.77.23.10
10.77.27.13
10.77.27.13
10.77.22.11
10.77.22.14
10.77.22.11
10.77.22.15
10.77.23.11
10.77.23.12
10.77.27.13
10.77.27.14
10.77.22.12
10.77.22.15
10.77.27.14
10.77.22.13
10.77.22.13
10.77.22.11
10.77.27.13
10.77.22.15
10.77.27.13
10.77.22.15
10.77.27.14
10.77.22.15
10.77.22.10
10.77.22.10
10.77.22.14
10.77.22.10
10.77.27.13
10.77.22.10
10.77.22.10
10.77.23.10
10.77.22.11
10.77.27.14
10.77.23.10
10.77.22.14
10.77.22.11
10.77.23.10
10.77.22.13
10.77.27.14
10.77.22.12
10.77.22.10
10.77.27.15
10.77.22.12
10.77.22.10
10.77.23.10
10.77.22.14
10.77.22.14
10.77.23.11
10.77.23.12
10.77.22.11
10.77.22.15
10.77.22.15
10.77.23.11
10.77.23.12
10.77.23.11
10.77.22.15
10.77.22.14
10.77.22.10
10.77.22.13
10.77.23.12
10.77.22.11
10.77.22.13
10.77.22.15
10.77.23.10
10.77.22.11
10.77.23.10
10.77.22.10
10.77.22.12
10.77.23.11
10.77.23.10
10.77.22.10
10.77.27.15
10.77.23.10
10.77.22.10
10.77.23.11
10.77.23.11
10.77.22.15
10.77.27.14
10.77.22.14
10.77.22.10
10.77.22.11
10.77.23.12
10.77.23.11
10.77.22.12
10.77.23.12
10.77.22.15
10.77.22.10
10.77.23.10
10.77.23.10
10.77.23.12
10.77.22.13
10.77.22.13
10.77.22.11
10.77.23.12
10.77.22.15
10.77.22.13
10.77.23.11
10.77.27.14
10.77.27.13
10.77.23.12
10.77.27.13
10.77.27.13
10.77.23.10
10.77.23.12
10.77.27.14
10.77.27.14
10.77.22.14
10.77.27.15
10.77.27.15
10.77.22.14
10.77.22.12
10.77.22.10
10.77.23.12
10.77.22.15
10.77.23.12
10.77.22.11
10.77.23.10
10.77.23.10
10.77.27.15
10.77.22.11
10.77.22.14
10.77.23.11
10.77.23.10
10.77.22.15
10.77.27.13
10.77.22.11
10.77.23.10
10.77.22.14
10.77.22.11
10.77.27.13
10.77.27.15
10.77.23.10
10.77.27.15
10.77.22.14
10.77.23.10
10.77.22.13
10.77.22.10
10.77.27.14
10.77.22.13
10.77.22.13
10.77.22.11
10.77.23.10
10.77.23.12
10.77.23.11
10.77.22.15
10.77.22.15
10.77.23.11
10.77.22.13
10.77.27.15
10.77.23.11
10.77.27.14
10.77.27.13
10.77.23.10
10.77.27.14
10.77.22.14
10.77.22.13
10.77.22.13
10.77.22.13
10.77.23.12
10.77.22.14
10.77.22.10
10.77.22.13
10.77.22.13
10.77.27.14
10.77.22.10
10.77.22.10
10.77.22.13
10.77.22.15
10.77.27.13
10.77.22.10
10.77.23.11
10.77.22.15
10.77.27.14
10.77.27.13
10.77.22.15
10.77.27.13
10.77.22.15
10.77.22.11
10.77.22.13
10.77.22.10
10.77.22.11
10.77.27.14
10.77.27.13
10.77.27.13
10.77.27.15
10.77.23.12
10.77.22.11
10.77.27.15
10.77.23.11
10.77.27.13
10.77.22.14
10.77.22.15
10.77.23.11
10.77.27.15
10.77.22.12
10.77.23.12
10.77.22.14
10.77.27.13
10.77.27.14
10.77.23.12
10.77.23.11
10.77.23.11
10.77.27.14
10.77.22.13
10.77.22.11
10.77.27.14
10.77.27.13
10.77.27.13
10.77.27.13
10.77.23.12
10.77.22.13
10.77.22.11
10.77.27.15
10.77.27.15
10.77.27.13
10.77.22.13
10.77.23.10
10.77.22.15
10.77.22.11
10.77.22.10
10.77.23.10
10.77.23.11
10.77.23.11
10.77.22.11
10.77.23.12
10.77.22.12
10.77.22.15
10.77.22.12
10.77.22.11
10.77.22.10
10.77.23.10
10.77.27.13
10.77.27.15
10.77.23.10
10.77.27.13
10.77.23.11
10.77.22.10
10.77.22.13
10.77.23.11
10.77.27.13
10.77.23.10
10.77.22.11
10.77.23.12
10.77.22.14
10.77.27.13
10.77.27.15
10.77.23.11
10.77.22.10
10.77.23.10
10.77.27.14
10.77.23.12
10.77.23.10
10.77.22.11
10.77.22.13
10.77.27.14
10.77.22.11
10.77.27.13
10.77.22.10
10.77.22.10
10.77.27.13
10.77.27.14
10.77.27.14
10.77.27.13
10.77.27.13
10.77.22.13
10.77.27.13
10.77.27.15
10.77.22.12
10.77.23.10
10.77.22.14
10.77.27.14
10.77.27.14
10.77.27.13
10.77.22.10
10.77.23.10
10.77.22.14
10.77.23.12
10.77.22.13
10.77.22.12
10.77.23.12
10.77.22.12
10.77.23.10
10.77.27.13
10.77.27.15
10.77.27.15
10.77.22.13
10.77.23.10
10.77.22.11
10.77.22.14
10.77.22.13
10.77.22.13
10.77.27.15
10.77.27.14
10.77.23.12
10.77.22.11
10.77.22.15
10.77.22.12
10.77.23.10
10.77.22.12
10.77.22.15
10.77.23.11
10.77.27.14
10.77.27.13
10.77.23.12
10.77.22.11
10.77.22.11
10.77.23.10
10.77.27.13
10.77.27.13
10.77.27.13
10.77.22.11
10.77.27.15
10.77.22.15
10.77.27.13
10.77.22.11
10.77.27.14
10.77.23.10
10.77.22.11
10.77.23.10
10.77.22.15
10.77.23.12
10.77.23.12
10.77.27.14
10.77.22.13
10.77.27.13
10.77.23.11
10.77.23.10
10.77.23.10
10.77.22.13
10.77.22.14
10.77.22.13
10.77.22.13
10.77.22.15
10.77.22.13
10.77.23.12
10.77.27.14
10.77.22.10
10.77.27.14
10.77.22.12
10.77.22.10
10.77.23.12
10.77.22.13
10.77.23.12
10.77.27.14
10.77.27.15
10.77.22.14
10.77.22.11
10.77.23.10
10.77.27.13
10.77.22.11
10.77.23.12
10.77.22.13
10.77.23.10
10.77.27.14
10.77.23.11
10.77.22.13
10.77.23.12
10.77.22.10
10.77.23.11
10.77.22.15
10.77.22.13
10.77.22.13
10.77.22.12
10.77.23.12
10.77.27.13
10.77.23.11
10.77.22.13
10.77.22.15
10.77.22.12
10.77.27.15
10.77.22.13
10.77.27.14
10.77.22.12
10.77.27.14
10.77.22.13
10.77.22.15
10.77.22.10
10.77.22.12
10.77.22.15
10.77.22.13
10.77.27.14
10.77.22.11
10.77.27.14
10.77.22.11
10.77.27.14
10.77.27.13
10.77.22.14
10.77.22.14
10.77.23.10
10.77.27.14
10.77.22.12
10.77.22.13
10.77.22.11
10.77.23.12
10.77.27.15
10.77.27.13
10.77.22.12
10.77.27.14
10.77.22.12
10.77.23.12
10.77.27.14
10.77.22.11
10.77.23.12
10.77.22.14
10.77.23.12
10.77.27.15
10.77.22.11
10.77.22.13
10.77.22.13
10.77.23.12
10.77.22.15
10.77.27.13
10.77.23.12
10.77.27.15
10.77.22.11
10.77.23.11
10.77.27.13
10.77.22.10
10.77.22.10
10.77.27.13
10.77.22.15
10.77.27.15
10.77.27.15
10.77.27.13
10.77.22.13
10.77.22.14
10.77.23.11
10.77.27.14
10.77.27.13
10.77.27.14
10.77.27.13
10.77.22.13
10.77.23.12
10.77.22.15
10.77.27.14
10.77.22.15
10.77.23.10
10.77.23.12
10.77.22.15
10.77.22.14
10.77.22.12
10.77.22.14
10.77.22.10
10.77.27.14
10.77.27.15
10.77.22.10
10.77.22.11
10.77.27.15
10.77.22.14
10.77.23.12
10.77.27.13
10.77.27.13
10.77.22.12
10.77.23.11
10.77.22.11
10.77.22.11
10.77.22.13
10.77.22.15
10.77.23.10
10.77.23.12
10.77.23.11
10.77.22.15
10.77.22.10
10.77.22.13
10.77.27.15
10.77.27.15
10.77.27.14
10.77.22.10
10.77.22.11
10.77.22.13
10.77.22.11
10.77.22.15
10.77.27.15
10.77.22.10
10.77.27.14
10.77.23.12
10.77.23.12
10.77.23.12
10.77.27.15
10.77.23.12
10.77.22.12
10.77.22.11
10.77.22.11
10.77.27.14
10.77.23.10
10.77.22.10
10.77.22.10
10.77.22.10
10.77.23.11
10.77.22.14
10.77.22.15
10.77.22.10
10.77.22.15
10.77.27.14
10.77.27.13
10.77.23.11
10.77.22.10
10.77.22.15
10.77.22.15
10.77.22.15
10.77.22.11
10.77.22.12
10.77.22.14
10.77.23.12
10.77.27.15
10.77.22.10
10.77.22.14
10.77.23.11
10.77.22.14
10.77.22.10
10.77.23.12
10.77.22.14
10.77.22.12
10.77.23.12
10.77.23.10
10.77.27.15
10.77.23.11
10.77.27.15
10.77.22.12
10.77.23.11
10.77.27.15
10.77.22.12
10.77.27.14
10.77.22.12
10.77.22.14
10.77.27.15
10.77.23.12
10.77.27.15
10.77.22.14
10.77.23.12
10.77.22.13
10.77.27.15
10.77.22.13
10.77.23.12
10.77.27.15
10.77.23.11
10.77.22.12
10.77.22.14
10.77.22.10
10.77.22.11
10.77.22.12
10.77.23.12
10.77.23.10
10.77.27.15
10.77.22.12
10.77.22.14
10.77.23.11
10.77.22.11
10.77.27.14
10.77.27.15
10.77.23.11
10.77.22.12
10.77.22.13
10.77.27.15
10.77.23.11
10.77.27.15
10.77.23.12
10.77.27.15
10.77.22.12
10.77.22.12
10.77.22.11
10.77.23.11
10.77.22.15
10.77.27.13
10.77.22.10
10.77.22.14
10.77.27.13
10.77.27.15
10.77.27.14
10.77.23.11
10.77.22.12
10.77.22.10
10.77.22.14
10.77.22.11
10.77.22.15
10.77.23.10
10.77.22.13
10.77.23.11
10.77.23.11
10.77.22.12
10.77.22.10
10.77.23.11
10.77.22.15
10.77.27.13
10.77.22.15
10.77.22.10
10.77.27.14
10.77.22.14
10.77.23.11
10.77.27.15
10.77.23.11
10.77.22.11
10.77.22.13
10.77.22.13
10.77.22.10
10.77.27.15
10.77.22.10
10.77.22.15
10.77.27.14
10.77.23.11
10.77.27.13
10.77.22.13
10.77.22.13
10.77.22.13
10.77.22.13
10.77.22.12
10.77.23.12
10.77.27.15
10.77.22.15
10.77.22.12
10.77.22.15
10.77.22.15
10.77.27.15
10.77.22.15
10.77.23.10
10.77.22.15
10.77.22.11
10.77.22.12
10.77.22.12
10.77.22.10
10.77.22.10
10.77.27.14
10.77.22.12
10.77.22.11
10.77.27.13
10.77.22.14
10.77.22.10
10.77.23.12
10.77.23.10
10.77.22.15
10.77.27.15
10.77.27.15
10.77.27.13
10.77.23.11
10.77.27.14
10.77.22.13
10.77.23.10
10.77.22.12
10.77.22.15
10.77.27.14
10.77.27.14
10.77.27.13
10.77.23.11
10.77.22.13
10.77.27.13
10.77.22.14
10.77.22.12
10.77.23.11
10.77.27.13
10.77.22.15
10.77.22.12
10.77.22.11
10.77.23.10
10.77.22.15
10.77.22.15
10.77.27.14
10.77.27.15
10.77.22.11
10.77.27.13
10.77.27.13
10.77.23.10
10.77.27.13
10.77.27.14
10.77.22.11
10.77.23.10
10.77.22.10
10.77.23.12
10.77.22.11
10.77.22.13
10.77.22.13
10.77.22.10
10.77.22.14
10.77.27.15
10.77.22.12
10.77.23.11
10.77.27.13
10.77.22.15
10.77.22.14
10.77.22.12
10.77.27.14
10.77.22.13
10.77.22.11
10.77.23.11
10.77.22.13
10.77.23.11
10.77.22.15
10.77.22.11
10.77.23.12
10.77.27.13
10.77.23.10
10.77.22.11
10.77.23.10
10.77.23.10
10.77.27.13
10.77.22.11
10.77.27.14
10.77.23.10
10.77.22.11
10.77.22.12
10.77.23.11
10.77.22.13
10.77.23.10
10.77.22.15
10.77.22.13
10.77.22.14
10.77.23.12
10.77.22.13
10.77.27.15
10.77.22.12
10.77.22.14
10.77.22.13
10.77.22.12
10.77.23.12
10.77.22.15
10.77.27.15
10.77.27.15
10.77.27.13
10.77.23.10
10.77.27.13
10.77.22.10
10.77.23.12
10.77.22.15
10.77.23.11
10.77.22.11
10.77.27.15
10.77.27.15
10.77.22.11
10.77.23.10
10.77.27.13
10.77.22.12
10.77.27.14
10.77.22.12
10.77.23.11
10.77.23.11
10.77.22.14
10.77.22.15
10.77.22.10
10.77.23.11
10.77.22.12
10.77.23.11
10.77.22.11
10.77.22.12
10.77.23.12
10.77.22.12
10.77.27.15
10.77.27.14
10.77.22.11
10.77.22.11
10.77.22.15
10.77.22.14
10.77.22.11
10.77.22.14
10.77.23.10
10.77.22.15
10.77.22.15
10.77.27.15
10.77.23.10
10.77.23.11
10.77.27.15
10.77.27.14
10.77.22.11
10.77.23.10
10.77.27.15
10.77.27.14
10.77.23.12
10.77.27.13
10.77.22.11
10.77.23.10
10.77.22.11
10.77.27.14
10.77.22.12
10.77.22.14
10.77.22.12
10.77.22.14
10.77.22.13
10.77.22.14
10.77.23.11
10.77.22.12
10.77.23.11
10.77.23.10
10.77.22.13
10.77.22.15
10.77.22.12
10.77.22.10
10.77.22.10
10.77.22.14
10.77.23.12
10.77.23.11
10.77.27.14
10.77.22.11
10.77.22.13
10.77.23.10
10.77.23.12
10.77.23.12
10.77.23.10
10.77.22.13
10.77.22.10
10.77.22.12
10.77.27.14
10.77.22.13
10.77.23.11
10.77.22.12
10.77.22.12
10.77.23.10
10.77.22.13
10.77.27.13
10.77.23.12
10.77.22.10
10.77.27.13
10.77.22.14
10.77.22.11
10.77.22.13
10.77.22.11
10.77.22.11
10.77.23.12
10.77.22.15
10.77.27.13
10.77.22.15
10.77.23.10
10.77.27.14
10.77.22.10
10.77.23.10
10.77.23.12
10.77.23.12
10.77.27.14
10.77.22.11
10.77.22.10
10.77.22.11
10.77.22.11
10.77.22.14
10.77.23.10
10.77.27.14
10.77.23.12
10.77.22.15
10.77.22.13
10.77.22.14
10.77.22.15
10.77.22.12
10.77.27.13
10.77.22.12
10.77.27.13
10.77.27.15
10.77.27.15
10.77.23.12
10.77.22.14
10.77.22.10
10.77.27.14
10.77.22.12
10.77.22.11
10.77.27.13
10.77.23.10
10.77.23.12
10.77.22.13
10.77.27.15
10.77.27.13
10.77.22.14
10.77.22.14
10.77.23.10
10.77.27.14
10.77.23.11
10.77.27.13
10.77.22.11
10.77.27.14
10.77.22.15
10.77.22.14
10.77.23.11
10.77.22.11
10.77.27.14
10.77.22.11
10.77.23.10
10.77.22.12
10.77.22.12
10.77.27.15
10.77.22.11
10.77.22.10
10.77.27.14
10.77.22.10
10.77.22.15
10.77.22.10
10.77.22.13
10.77.22.14
10.77.27.13
10.77.22.14
10.77.22.15
10.77.22.14
10.77.27.13
10.77.27.13
10.77.27.14
10.77.27.15
10.77.22.13
10.77.22.12
10.77.22.12
10.77.23.12
10.77.22.13
10.77.23.11
10.77.23.12
10.77.22.14
10.77.27.14
10.77.22.10
10.77.22.11
10.77.23.12
10.77.22.12
10.77.22.10
10.77.22.14
10.77.22.14
10.77.23.12
10.77.27.13
10.77.22.15
10.77.23.11
10.77.27.13
10.77.23.10
10.77.27.14
10.77.23.12
10.77.22.14
10.77.23.10
10.77.23.10
10.77.27.15
10.77.23.11
10.77.22.11
10.77.22.11
10.77.23.10
10.77.22.14
10.77.22.11
10.77.22.11
10.77.27.15
10.77.27.13
10.77.23.11
10.77.23.12
10.77.22.14
10.77.22.10
10.77.22.11
10.77.27.15
10.77.23.11
10.77.22.11
10.77.27.14
10.77.22.11
10.77.22.12
10.77.27.14
10.77.22.12
10.77.23.12
10.77.27.13
10.77.22.11
10.77.22.10
10.77.27.13
10.77.22.12
10.77.22.14
10.77.22.14
10.77.22.14
10.77.22.14
10.77.22.15
10.77.27.14
10.77.27.14
10.77.22.15
10.77.23.11
10.77.23.10
10.77.22.10
10.77.27.14
10.77.22.13
10.77.27.14
10.77.22.14
10.77.22.13
10.77.23.11
10.77.22.15
10.77.22.10
10.77.23.11
10.77.22.12
10.77.22.15
10.77.27.13
10.77.23.11
10.77.27.13
10.77.23.10
10.77.22.14
10.77.22.14
10.77.22.11
10.77.27.15
10.77.27.15
10.77.27.14
10.77.22.15
10.77.22.11
10.77.22.11
10.77.27.14
10.77.22.13
10.77.22.10
10.77.27.14
10.77.27.15
10.77.22.15
10.77.22.12
10.77.22.10
10.77.22.14
10.77.22.15
10.77.23.11
10.77.23.10
10.77.23.10
10.77.22.11
10.77.27.14
10.77.23.10
10.77.22.12
10.77.22.13
10.77.22.10
10.77.23.11
10.77.22.14
10.77.23.12
10.77.23.10
10.77.23.10
10.77.22.13
10.77.22.15
10.77.27.15
10.77.23.11
10.77.27.14
10.77.22.14
10.77.27.13
10.77.22.14
10.77.27.15
10.77.23.12
10.77.23.11
10.77.22.10
10.77.23.10
10.77.27.14
10.77.22.14
10.77.27.13
10.77.27.14
10.77.23.12
10.77.22.13
10.77.22.13
10.77.22.15
10.77.22.15
10.77.27.14
10.77.22.13
10.77.23.11
10.77.22.13
10.77.27.15
10.77.27.13
10.77.27.13
10.77.22.11
10.77.22.13
10.77.27.14
10.77.23.12
10.77.23.11
10.77.23.12
10.77.27.13
10.77.23.12
10.77.27.13
10.77.22.12
10.77.22.13
10.77.22.11
10.77.22.15
10.77.22.15
10.77.23.10
10.77.27.14
10.77.22.14
10.77.27.14
10.77.23.12
10.77.22.12
10.77.22.12
10.77.22.15
10.77.22.12
10.77.27.14
10.77.22.15
10.77.22.15
10.77.22.10
10.77.23.10
10.77.22.11
10.77.27.13
10.77.27.15
10.77.23.10
10.77.22.15
10.77.23.11
10.77.22.15
10.77.27.14
10.77.22.14
10.77.27.13
10.77.22.15
10.77.22.10
10.77.22.12
10.77.27.13
10.77.27.15
10.77.22.10
10.77.23.11
10.77.23.10
10.77.22.10
10.77.22.14
10.77.27.14
10.77.22.14
10.77.23.12
10.77.27.14
10.77.23.11
10.77.23.12
10.77.23.12
10.77.27.13
10.77.22.14
10.77.22.15
10.77.27.13
10.77.22.13
10.77.23.12
10.77.27.13
10.77.22.12
10.77.22.14
10.77.27.13
10.77.27.14
10.77.23.11
10.77.22.10
10.77.23.10
10.77.23.11
10.77.27.13
10.77.22.10
10.77.23.12
10.77.27.14
10.77.22.15
10.77.22.15
10.77.22.13
10.77.23.10
10.77.27.13
10.77.22.11
10.77.27.13
10.77.23.11
10.77.22.14
10.77.27.14
10.77.22.10
10.77.27.14
10.77.22.11
10.77.27.14
10.77.27.15
10.77.23.10
10.77.27.14
10.77.23.11
10.77.27.15
10.77.22.10
10.77.22.10
10.77.22.13
10.77.22.14
10.77.22.13
10.77.23.12
10.77.22.14
10.77.23.11
10.77.23.12
10.77.27.14
10.77.22.13
10.77.27.14
10.77.22.12
10.77.22.11
10.77.27.14
10.77.22.11
10.77.22.11
10.77.22.15
10.77.22.11
10.77.22.14
10.77.22.12
10.77.27.14
10.77.27.14
10.77.23.12
10.77.27.13
10.77.27.14
10.77.27.15
10.77.23.11
10.77.22.11
10.77.22.11
10.77.22.10
10.77.22.11
10.77.23.10
10.77.27.14
10.77.22.14
10.77.22.10
10.77.22.13
10.77.22.11
10.77.22.14
10.77.22.14
10.77.22.12
10.77.22.15
10.77.22.12
10.77.22.12
10.77.23.11
10.77.22.15
10.77.22.14
10.77.27.15
10.77.27.14
10.77.22.15
10.77.22.12
10.77.27.15
10.77.23.12
10.77.22.10
10.77.27.14
10.77.27.15
10.77.22.10
10.77.22.10
10.77.23.11
10.77.22.10
10.77.23.11
10.77.22.10
10.77.27.13
10.77.23.12
10.77.23.10
10.77.22.15
10.77.22.12
10.77.23.10
10.77.22.15
10.77.27.13
10.77.23.11
10.77.23.11
10.77.27.15
10.77.22.15
10.77.27.13
10.77.22.10
10.77.22.10
10.77.22.14
10.77.27.13
10.77.27.15
10.77.27.13
10.77.23.12
10.77.22.14
10.77.23.10
10.77.27.13
10.77.23.11
10.77.27.15
10.77.23.12
10.77.22.12
10.77.22.14
10.77.23.11
10.77.23.11
10.77.27.14
10.77.27.14
10.77.22.10
10.77.22.11
10.77.27.15
10.77.23.10
10.77.23.12
10.77.22.11
10.77.22.14
10.77.27.13
10.77.22.10
10.77.23.12
10.77.23.12
10.77.23.11
10.77.23.10
10.77.27.13
10.77.27.15
10.77.23.12
10.77.23.10
10.77.23.10
10.77.27.15
10.77.23.10
10.77.27.13
10.77.23.12
10.77.23.10
10.77.22.11
10.77.22.10
10.77.22.12
10.77.23.10
10.77.27.15
10.77.22.13
10.77.22.10
10.77.22.11
10.77.23.10
10.77.27.15
10.77.23.12
10.77.27.15
10.77.27.15
10.77.22.14
10.77.22.15
10.77.22.11
10.77.22.14
10.77.27.14
10.77.22.11
10.77.22.12
10.77.23.12
10.77.22.15
10.77.22.14
10.77.22.15
10.77.22.14
10.77.22.15
10.77.23.11
10.77.22.14
10.77.22.13
10.77.27.14
10.77.27.14
10.77.22.13
10.77.23.11
10.77.27.13
10.77.23.12
10.77.27.14
10.77.23.12
10.77.23.11
10.77.27.15
10.77.27.15
10.77.22.14
10.77.22.15
10.77.23.10
10.77.22.15
10.77.27.14
10.77.22.11
10.77.22.15
10.77.22.12
10.77.22.13
10.77.22.14
10.77.22.11
10.77.23.10
10.77.22.10
10.77.22.14
10.77.22.11
10.77.22.14
10.77.27.13
10.77.23.12
10.77.22.10
10.77.22.10
10.77.27.13
10.77.22.14
10.77.22.10
10.77.23.10
10.77.27.15
10.77.27.13
10.77.23.10
10.77.23.10
10.77.22.10
10.77.23.10
10.77.22.11
10.77.22.10
10.77.22.11
10.77.27.14
10.77.23.12
10.77.27.13
10.77.23.10
10.77.27.15
10.77.23.10
10.77.23.12
10.77.22.14
10.77.22.15
10.77.22.15
10.77.23.10
10.77.22.14
10.77.22.12
10.77.22.13
10.77.22.14
10.77.27.15
10.77.27.15
10.77.22.12
10.77.22.10
10.77.22.13
10.77.23.11
10.77.22.14
10.77.27.13
10.77.22.14
10.77.27.13
10.77.27.13
10.77.27.15
10.77.27.15
10.77.27.13
10.77.23.11
10.77.23.10
10.77.23.11
10.77.22.11
10.77.23.12
10.77.27.15
10.77.23.12
10.77.27.15
10.77.22.14
10.77.27.15
10.77.27.14
10.77.27.13
10.77.22.10
10.77.27.14
10.77.23.10
10.77.22.15
10.77.22.15
10.77.22.15
10.77.22.11
10.77.22.10
10.77.22.12
10.77.22.11
10.77.22.13
10.77.22.12
10.77.22.11
10.77.22.12
10.77.22.12
10.77.22.10
10.77.22.15
10.77.27.14
10.77.22.10
10.77.27.13
10.77.22.13
10.77.27.14
10.77.23.11
10.77.23.12
10.77.22.14
10.77.22.10
10.77.22.15
10.77.23.12
10.77.27.13
10.77.23.11
10.77.22.14
10.77.22.11
10.77.27.15
10.77.22.15
10.77.22.11
10.77.23.10
10.77.22.10
10.77.23.10
10.77.22.10
10.77.22.10
10.77.27.15
10.77.22.10
10.77.23.10
10.77.23.10
10.77.23.11
10.77.22.11
10.77.22.12
10.77.23.11
10.77.23.10
10.77.27.15
10.77.22.13
10.77.22.14
10.77.23.10
10.77.22.14
10.77.23.12
10.77.22.12
10.77.23.12
10.77.27.13
10.77.23.10
10.77.23.12
10.77.27.15
10.77.27.13
10.77.22.10
10.77.22.15
10.77.22.15
10.77.27.15
10.77.22.12
10.77.22.14
10.77.22.13
10.77.22.12
10.77.22.13
10.77.27.15
10.77.22.15
10.77.27.15
10.77.27.15
10.77.22.13
10.77.22.15
10.77.23.11
10.77.22.14
10.77.23.11
10.77.22.10
10.77.27.14
10.77.27.14
10.77.22.14
10.77.23.12
10.77.22.12
10.77.22.10
10.77.22.15
10.77.27.14
10.77.27.13
10.77.23.11
10.77.22.13
10.77.27.14
10.77.22.11
10.77.22.15
10.77.27.13
10.77.23.12
10.77.22.11
10.77.22.15
10.77.22.11
10.77.22.10
10.77.22.12
10.77.27.14
10.77.27.14
10.77.23.10
10.77.22.15
10.77.27.14
10.77.22.15
10.77.23.10
10.77.22.15
10.77.22.14
10.77.22.13
10.77.22.11
10.77.27.15
10.77.22.12
10.77.23.11
10.77.27.13
10.77.22.15
10.77.22.12
10.77.27.13
10.77.22.12
10.77.23.12
10.77.23.11
10.77.22.12
10.77.27.15
10.77.23.11
10.77.27.14
10.77.27.15
10.77.22.15
10.77.27.13
10.77.22.12
10.77.22.13
10.77.27.15
10.77.22.14
10.77.22.14
10.77.23.10
10.77.23.11
10.77.27.13
10.77.27.15
10.77.27.15
10.77.27.13
10.77.27.14
10.77.22.11
10.77.22.10
10.77.23.10
10.77.22.15
10.77.22.11
10.77.23.11
10.77.27.13
10.77.23.10
10.77.22.10
10.77.27.13
10.77.22.15
10.77.27.13
10.77.23.12
10.77.23.12
10.77.27.14
10.77.23.12
10.77.27.15
10.77.22.11
10.77.23.10
10.77.22.15
10.77.22.13
10.77.22.15
10.77.27.13
10.77.22.10
10.77.22.13
10.77.22.14
10.77.27.13
10.77.22.11
10.77.22.13
10.77.22.14
10.77.23.11
10.77.22.13
10.77.22.11
10.77.22.14
10.77.22.13
10.77.22.11
10.77.22.15
10.77.23.12
10.77.22.14
10.77.22.14
10.77.23.12
10.77.23.10
10.77.27.13
10.77.27.15
10.77.27.15
10.77.23.11
10.77.23.11
10.77.27.13
10.77.27.13
10.77.27.14
10.77.22.13
10.77.27.15
10.77.22.11
10.77.23.10
10.77.22.12
10.77.27.15
10.77.22.10
10.77.23.10
10.77.23.12
10.77.22.13
10.77.22.12
10.77.22.10
10.77.23.11
10.77.22.10
10.77.22.10
10.77.27.15
10.77.23.12
10.77.27.13
10.77.23.10
10.77.22.11
10.77.22.12
10.77.23.10
10.77.22.14
10.77.23.10
10.77.22.11
10.77.22.11
10.77.27.14
10.77.27.13
10.77.22.12
10.77.22.13
10.77.23.10
10.77.22.11
10.77.22.10
10.77.22.11
10.77.22.10
10.77.22.10
10.77.27.15
10.77.22.12
10.77.23.10
10.77.22.13
10.77.22.10
10.77.22.12
10.77.22.10
10.77.22.12
10.77.23.11
10.77.22.10
10.77.22.11
10.77.22.10
10.77.23.11
10.77.27.14
10.77.23.12
10.77.27.13
10.77.27.14
10.77.22.10
10.77.22.15
10.77.22.13
10.77.23.11
10.77.22.11
10.77.27.13
10.77.23.11
10.77.22.11
10.77.22.12
10.77.22.12
10.77.23.10
10.77.22.11
10.77.23.10
10.77.27.14
10.77.23.10
10.77.22.10
10.77.27.15
10.77.27.13
10.77.27.13
10.77.22.12
10.77.23.11
10.77.23.10
10.77.22.14
10.77.22.10
10.77.23.11
10.77.27.15
10.77.22.13
10.77.22.12
10.77.27.13
10.77.23.10
10.77.23.12
10.77.22.13
10.77.23.12
10.77.22.11
10.77.22.12
10.77.23.10
10.77.22.12
10.77.27.14
10.77.23.12
10.77.23.10
10.77.22.15
10.77.22.11
10.77.22.12
10.77.22.15
10.77.22.10
10.77.23.10
10.77.23.12
10.77.23.12
10.77.22.10
10.77.23.10
10.77.22.14
10.77.22.13
10.77.23.10
10.77.23.11
10.77.22.12
10.77.27.14
10.77.27.14
10.77.22.15
10.77.22.13
10.77.27.14
10.77.27.14
10.77.22.15
10.77.22.12
10.77.23.11
10.77.27.14
10.77.23.10
10.77.27.14
10.77.23.12
10.77.23.11
10.77.23.12
10.77.22.12
10.77.23.10
10.77.27.15
10.77.22.15
10.77.22.13
10.77.27.14
10.77.22.14
10.77.22.14
10.77.27.13
10.77.27.13
10.77.27.13
10.77.27.14
10.77.22.14
10.77.27.15
10.77.22.13
10.77.27.13
10.77.27.13
10.77.23.10
10.77.22.15
10.77.27.13
10.77.23.11
10.77.22.10
10.77.27.13
10.77.23.10
10.77.22.14
10.77.27.15
10.77.23.12
10.77.27.14
10.77.23.10
10.77.22.15
10.77.27.14
10.77.22.12
10.77.23.10
10.77.22.14
10.77.22.12
10.77.22.14
10.77.23.11
10.77.27.13
10.77.22.13
10.77.22.10
10.77.22.12
10.77.22.12
10.77.22.10
10.77.22.10
10.77.27.14
10.77.23.10
10.77.22.13
10.77.23.11
10.77.22.11
10.77.22.11
10.77.27.15
10.77.22.15
10.77.27.15
10.77.22.11
10.77.27.13
10.77.23.12
10.77.27.14
10.77.27.14
10.77.22.14
10.77.22.12
10.77.23.11
10.77.22.12
10.77.23.12
10.77.27.13
10.77.27.13
10.77.22.10
10.77.23.11
10.77.22.11
10.77.27.15
10.77.22.14
10.77.27.14
10.77.23.11
10.77.22.14
10.77.23.11
10.77.27.13
10.77.22.13
10.77.22.11
10.77.27.15
10.77.22.10
10.77.27.14
10.77.22.14
10.77.27.14
10.77.23.12
10.77.22.15
10.77.22.14
10.77.22.10
10.77.22.14
10.77.23.10
10.77.23.10
10.77.27.13
10.77.22.15
10.77.22.10
10.77.27.14
10.77.22.10
10.77.22.10
10.77.22.12
10.77.22.14
10.77.22.13
10.77.23.11
10.77.22.11
10.77.22.10
10.77.23.10
10.77.22.11
10.77.23.10
10.77.22.15
10.77.27.13
10.77.27.15
10.77.22.13
10.77.22.11
10.77.27.14
10.77.27.13
10.77.23.11
10.77.22.14
10.77.22.15
10.77.23.12
10.77.27.14
10.77.22.10
10.77.22.12
10.77.27.13
10.77.22.12
10.77.27.13
10.77.23.12
10.77.22.12
10.77.27.15
10.77.22.12
10.77.22.13
10.77.23.11
10.77.22.12
10.77.27.15
10.77.27.15
10.77.22.14
10.77.27.15
10.77.23.12
10.77.22.13
10.77.22.12
10.77.23.10
10.77.22.15
10.77.22.10
10.77.27.14
10.77.22.13
10.77.22.14
10.77.22.11
10.77.22.12
10.77.22.12
10.77.22.12
10.77.22.15
10.77.22.12
10.77.27.15
10.77.27.13
10.77.22.13
10.77.22.14
10.77.22.11
10.77.22.10
10.77.22.13
10.77.22.13
10.77.22.10
10.77.22.10
10.77.22.13
10.77.23.10
10.77.27.13
10.77.27.13
10.77.22.14
10.77.27.15
10.77.22.14
10.77.27.13
10.77.27.15
10.77.22.13
10.77.22.15
10.77.27.14
10.77.27.13
10.77.22.13
10.77.22.10
10.77.22.11
10.77.22.12
10.77.27.14
10.77.22.10
10.77.27.13
10.77.23.11
10.77.22.15
10.77.27.13
10.77.22.15
10.77.22.13
10.77.23.11
10.77.27.15
10.77.23.12
10.77.22.15
10.77.27.14
10.77.22.11
10.77.23.11
10.77.22.12
10.77.23.10
10.77.22.15
10.77.22.14
10.77.27.15
10.77.23.10
10.77.22.15
10.77.22.13
10.77.23.10
10.77.22.15
10.77.22.13
10.77.22.13
10.77.23.11
10.77.22.11
10.77.22.14
10.77.23.12
10.77.27.13
10.77.22.12
10.77.23.10
10.77.23.12
10.77.23.12
10.77.22.10
10.77.22.15
10.77.22.11
10.77.23.11
10.77.23.10
10.77.23.11
10.77.22.12
10.77.23.10
10.77.22.11
10.77.27.13
10.77.22.12
10.77.22.13
10.77.27.13
10.77.23.12
10.77.22.11
10.77.27.15
10.77.22.15
10.77.22.15
10.77.27.15
10.77.22.13
10.77.23.10
10.77.22.10
10.77.23.10
10.77.23.11
10.77.22.13
10.77.27.15
10.77.22.10
10.77.22.15
10.77.23.12
10.77.22.13
10.77.22.10
10.77.27.13
10.77.23.10
10.77.22.13
10.77.27.15
10.77.27.15
10.77.27.15
10.77.23.11
10.77.22.15
10.77.27.14
10.77.22.12
10.77.27.14
10.77.22.12
10.77.22.10
10.77.22.11
10.77.27.14
10.77.23.10
10.77.22.14
10.77.22.13
10.77.22.11
10.77.23.10
10.77.22.10
10.77.22.12
10.77.22.14
10.77.27.14
10.77.23.11
10.77.22.13
10.77.22.13
10.77.23.10
10.77.22.13
10.77.27.13
10.77.23.12
10.77.22.15
10.77.22.10
10.77.22.10
10.77.22.10
10.77.27.14
10.77.23.11
10.77.23.12
10.77.27.14
10.77.27.14
10.77.22.15
10.77.23.10
10.77.23.10
10.77.22.15
10.77.22.13
10.77.27.14
10.77.22.11
10.77.23.10
10.77.27.14
10.77.27.14
10.77.23.11
10.77.22.10
10.77.27.13
10.77.22.10
10.77.22.12
10.77.22.10
10.77.27.14
10.77.22.15
10.77.22.12
10.77.22.11
10.77.27.13
10.77.23.11
10.77.22.15
10.77.22.11
10.77.27.14
10.77.27.14
10.77.22.11
10.77.22.12
10.77.22.13
10.77.22.10
10.77.22.13
10.77.27.15
10.77.22.14
10.77.27.14
10.77.22.14
10.77.23.11
10.77.22.10
10.77.23.10
10.77.22.14
10.77.27.13
10.77.27.15
10.77.22.13
10.77.22.10
10.77.22.12
10.77.27.14
10.77.22.15
10.77.22.12
10.77.27.13
10.77.23.11
10.77.22.14
10.77.23.11
10.77.22.14
10.77.22.13
10.77.22.14
10.77.27.13
10.77.23.11
10.77.22.15
10.77.22.11
10.77.23.11
10.77.22.11
10.77.23.12
10.77.23.12
10.77.22.14
10.77.23.11
10.77.22.14
10.77.22.15
10.77.22.11
10.77.22.14
10.77.22.14
10.77.22.10
10.77.23.12
10.77.27.14
10.77.27.14
10.77.22.12
10.77.23.12
10.77.22.14
10.77.27.13
10.77.23.10
10.77.27.15
10.77.23.10
10.77.22.13
10.77.23.10
10.77.23.11
10.77.23.12
10.77.22.14
10.77.23.12
10.77.27.13
10.77.22.13
10.77.22.14
10.77.22.11
10.77.27.15
10.77.23.10
10.77.22.13
10.77.27.15
10.77.23.11
10.77.22.14
10.77.27.15
10.77.22.10
10.77.27.14
10.77.27.13
10.77.22.11
10.77.23.11
10.77.23.12
10.77.23.11
10.77.27.14
10.77.27.13
10.77.27.15
10.77.22.13
10.77.27.15
10.77.22.11
10.77.27.13
10.77.22.13
10.77.23.10
10.77.23.11
10.77.22.10
10.77.23.10
10.77.22.15
10.77.23.11
10.77.22.13
10.77.22.14
10.77.27.14
10.77.27.14
10.77.22.11
10.77.27.14
10.77.22.11
10.77.22.10
10.77.27.15
10.77.23.12
10.77.22.11
10.77.22.13
10.77.22.14
10.77.23.11
10.77.22.12
10.77.22.14
10.77.22.14
10.77.27.13
10.77.22.11
10.77.23.12
10.77.27.13
10.77.27.13
10.77.22.10
10.77.23.10
10.77.22.11
10.77.27.14
10.77.27.15
10.77.23.12
10.77.22.14
10.77.22.10
10.77.22.10
10.77.22.13
10.77.22.11
10.77.22.15
10.77.22.12
10.77.27.14
10.77.22.15
10.77.22.15
10.77.27.15
10.77.23.11
10.77.22.12
10.77.22.10
10.77.22.14
10.77.22.11
10.77.22.14
10.77.22.11
10.77.23.12
10.77.22.10
10.77.27.14
10.77.27.13
10.77.22.14
10.77.27.15
10.77.27.13
10.77.22.15
10.77.27.14
10.77.22.11
10.77.22.15
10.77.23.11
10.77.22.14
10.77.22.13
10.77.22.10
10.77.23.12
10.77.22.13
10.77.27.14
10.77.22.10
10.77.22.15
10.77.22.10
10.77.27.13
10.77.22.11
10.77.23.12
10.77.27.15
10.77.23.11
10.77.22.14
10.77.22.12
10.77.22.10
10.77.23.10
10.77.23.10
10.77.23.12
10.77.27.13
10.77.22.13
10.77.27.15
10.77.22.15
10.77.27.15
10.77.27.13
10.77.27.15
10.77.27.13
10.77.23.12
10.77.22.15
10.77.22.15
10.77.22.12
10.77.23.11
10.77.27.14
10.77.27.14
10.77.27.15
10.77.23.10
10.77.22.15
10.77.22.15
10.77.22.12
10.77.22.12
10.77.27.14
10.77.22.11
10.77.23.12
10.77.22.10
10.77.22.15
10.77.22.15
10.77.22.12
10.77.23.11
10.77.27.15
10.77.27.15
10.77.22.13
10.77.22.11
10.77.27.15
10.77.23.11
10.77.27.13
10.77.22.15
10.77.22.10
10.77.23.10
10.77.23.11
10.77.23.10
10.77.22.12
10.77.22.14
10.77.23.10
10.77.27.13
10.77.23.11
10.77.27.14
10.77.27.13
10.77.22.10
10.77.22.11
10.77.23.12
10.77.22.10
10.77.22.14
10.77.23.12
10.77.23.12
10.77.27.15
10.77.27.15
10.77.22.11
10.77.23.11
10.77.23.12
10.77.23.11
10.77.22.10
10.77.22.14
10.77.22.14
10.77.22.10
10.77.22.15
10.77.22.14
10.77.22.13
10.77.22.15
10.77.27.13
10.77.22.12
10.77.22.11
10.77.22.13
10.77.27.15
10.77.27.14
10.77.22.10
10.77.22.15
10.77.23.11
10.77.22.15
10.77.23.10
10.77.23.12
10.77.22.10
10.77.27.14
10.77.23.12
10.77.27.13
10.77.22.15
10.77.22.14
10.77.27.15
10.77.22.12
10.77.23.12
10.77.23.10
10.77.23.11
10.77.22.12
10.77.22.11
10.77.23.11
10.77.22.11
10.77.23.10
10.77.22.12
10.77.22.14
10.77.22.10
10.77.22.15
10.77.22.13
10.77.23.12
10.77.23.10
10.77.27.15
10.77.27.13
10.77.22.10
10.77.22.14
10.77.22.14
10.77.27.13
10.77.23.11
10.77.23.12
10.77.22.12
10.77.22.13
10.77.23.10
10.77.23.12
10.77.23.11
10.77.23.11
10.77.27.13
10.77.23.11
10.77.22.12
10.77.22.10
10.77.22.15
10.77.22.13
10.77.22.15
10.77.22.11
10.77.27.13
10.77.23.11
10.77.23.10
10.77.22.14
10.77.23.10
10.77.22.10
10.77.22.13
10.77.23.12
10.77.27.13
10.77.23.11
10.77.27.15
10.77.27.13
10.77.23.12
10.77.22.11
10.77.22.15
10.77.22.14
10.77.22.12
10.77.23.12
10.77.22.11
10.77.22.11
10.77.23.10
10.77.22.13
10.77.23.11
10.77.22.10
10.77.22.15
10.77.27.14
10.77.22.11
10.77.23.11
10.77.22.14
10.77.23.10
10.77.22.12
10.77.22.13
10.77.27.13
10.77.23.12
10.77.22.13
10.77.27.13
10.77.22.11
10.77.27.13
10.77.27.13
10.77.27.15
10.77.27.13
10.77.27.13
10.77.23.10
10.77.22.14
10.77.27.13
10.77.22.12
10.77.27.13
10.77.22.12
10.77.27.15
10.77.22.13
10.77.22.12
10.77.27.13
10.77.22.11
10.77.27.14
10.77.22.11
10.77.22.11
10.77.22.11
10.77.22.14
10.77.22.13
10.77.27.15
10.77.23.12
10.77.23.10
10.77.23.11
10.77.27.13
10.77.23.10
10.77.27.15
10.77.27.15
10.77.27.13
10.77.22.13
10.77.22.14
10.77.22.11
10.77.23.10
10.77.27.15
10.77.22.14
10.77.27.13
10.77.23.11
10.77.27.15
10.77.23.12
10.77.22.12
10.77.22.13
10.77.27.15
10.77.22.14
10.77.23.11
10.77.23.10
10.77.27.15
10.77.22.11
10.77.23.11
10.77.22.10
10.77.22.14
10.77.22.11
10.77.22.15
10.77.23.10
10.77.27.15
10.77.23.12
10.77.23.12
10.77.23.12
10.77.22.11
10.77.22.13
10.77.22.15
10.77.22.13
10.77.22.14
10.77.22.13
10.77.22.14
10.77.22.12
10.77.27.15
10.77.27.15
10.77.27.15
10.77.22.10
10.77.27.15
10.77.22.10
10.77.22.12
10.77.22.14
10.77.22.14
10.77.27.14
10.77.23.12
10.77.22.10
10.77.22.12
10.77.27.13
10.77.27.14
10.77.22.12
10.77.22.15
10.77.23.11
10.77.22.10
10.77.22.14
10.77.23.11
10.77.23.10
10.77.27.13
10.77.22.14
10.77.23.12
10.77.27.14
10.77.22.13
10.77.23.10
10.77.22.14
10.77.27.14
10.77.27.13
10.77.22.14
10.77.27.13
10.77.22.10
10.77.22.12
10.77.23.10
10.77.27.13
10.77.27.13
10.77.22.13
10.77.22.13
10.77.22.14
10.77.22.12
10.77.22.12
10.77.27.13
10.77.22.13
10.77.22.10
10.77.23.12
10.77.23.12
10.77.23.12
10.77.27.15
10.77.27.13
10.77.23.11
10.77.22.13
10.77.27.14
10.77.22.12
10.77.22.12
10.77.22.13
10.77.22.12
10.77.27.14
10.77.22.12
10.77.22.11
10.77.22.11
10.77.22.11
10.77.23.10
10.77.22.11
10.77.23.12
10.77.22.15
10.77.22.15
10.77.22.12
10.77.23.10
10.77.27.15
10.77.22.10
10.77.22.15
10.77.23.11
10.77.27.14
10.77.23.11
10.77.27.14
10.77.22.12
10.77.23.12
10.77.22.14
10.77.22.15
10.77.23.11
10.77.22.13
10.77.22.11
10.77.23.10
10.77.27.13
10.77.22.13
10.77.22.11
10.77.27.13
10.77.27.14
10.77.23.12
10.77.27.15
10.77.27.15
10.77.22.12
10.77.23.12
10.77.27.15
10.77.22.10
10.77.27.15
10.77.23.12
10.77.22.11
10.77.27.15
10.77.22.10
10.77.22.11
10.77.23.12
10.77.27.13
10.77.22.12
10.77.22.11
10.77.22.13
10.77.22.12
10.77.27.15
10.77.22.11
10.77.27.13
10.77.22.11
10.77.22.12
10.77.27.15
10.77.22.11
10.77.27.15
10.77.23.10
10.77.22.12
10.77.23.12
10.77.27.15
10.77.27.15
10.77.22.10
10.77.23.10
10.77.22.13
10.77.22.10
10.77.22.13
10.77.27.14
10.77.23.12
10.77.22.12
10.77.22.12
10.77.22.10
10.77.22.13
10.77.22.12
10.77.23.12
10.77.23.10
10.77.22.13
10.77.23.12
10.77.27.14
10.77.22.12
10.77.27.14
10.77.23.11
10.77.23.12
10.77.23.10
10.77.23.11
10.77.23.10
10.77.27.15
10.77.27.13
10.77.23.11
10.77.22.11
10.77.23.10
10.77.22.12
10.77.23.10
10.77.22.13
10.77.27.15
10.77.22.10
10.77.22.13
10.77.23.10
10.77.23.11
10.77.27.15
10.77.23.11
10.77.23.10
10.77.22.12
10.77.23.11
10.77.27.15
10.77.27.15
10.77.22.14
10.77.23.11
10.77.23.10
10.77.23.12
10.77.27.14
10.77.27.13
10.77.23.10
10.77.22.13
10.77.22.15
10.77.22.14
10.77.22.15
10.77.22.13
10.77.22.10
10.77.22.13
10.77.22.15
10.77.27.14
10.77.22.14
10.77.22.15
10.77.22.15
10.77.27.15
10.77.22.15
10.77.23.12
10.77.23.11
10.77.22.11
10.77.22.14
10.77.27.14
10.77.22.13
10.77.27.14
10.77.27.14
10.77.27.13
10.77.22.14
10.77.27.14
10.77.22.14
10.77.22.13
10.77.22.10
10.77.22.13
10.77.22.14
10.77.23.11
10.77.27.14
10.77.22.12
10.77.22.10
10.77.22.10
10.77.22.15
10.77.27.14
10.77.23.10
10.77.22.15
10.77.27.14
10.77.22.11
10.77.22.10
10.77.22.10
10.77.22.10
10.77.27.13
10.77.27.13
10.77.22.10
10.77.22.15
10.77.22.14
10.77.23.11
10.77.27.15
10.77.27.13
10.77.22.13
10.77.27.13
10.77.27.14
10.77.23.10
10.77.27.15
10.77.27.13
10.77.22.11
10.77.23.11
10.77.22.14
10.77.23.11
10.77.23.11
10.77.22.14
10.77.22.15
10.77.22.10
10.77.22.15
10.77.22.10
10.77.23.11
10.77.22.14
10.77.27.13
10.77.22.15
10.77.22.15
10.77.23.10
10.77.22.10
10.77.22.15
10.77.27.14
10.77.22.13
10.77.22.15
10.77.27.13
10.77.22.13
10.77.22.10
10.77.22.13
10.77.22.14
10.77.22.13
10.77.22.14
10.77.22.13
10.77.22.15
10.77.27.15
10.77.23.12
10.77.22.13
10.77.22.15
10.77.22.15
10.77.22.15
10.77.22.14
10.77.23.10
10.77.27.13
10.77.23.10
10.77.27.14
10.77.22.14
10.77.22.15
10.77.22.11
10.77.27.14
10.77.22.12
10.77.22.10
10.77.22.15
10.77.23.12
10.77.23.11
10.77.27.13
10.77.23.11
10.77.22.11
10.77.22.15
10.77.22.13
10.77.22.15
10.77.22.15
10.77.27.13
10.77.27.15
10.77.22.13
10.77.23.12
10.77.23.11
10.77.22.13
10.77.22.12
10.77.22.11
10.77.22.10
10.77.22.13
10.77.22.14
10.77.22.10
10.77.22.13
10.77.23.11
10.77.22.13
10.77.22.12
10.77.22.15
10.77.27.15
10.77.22.14
10.77.23.12
10.77.27.13
10.77.27.14
10.77.22.11
10.77.22.13
10.77.22.15
10.77.22.12
10.77.27.14
10.77.22.13
10.77.22.15
10.77.22.14
10.77.23.12
10.77.22.14
10.77.22.14
10.77.22.12
10.77.23.11
10.77.23.12
10.77.22.13
10.77.22.13
10.77.27.14
10.77.23.11
10.77.22.15
10.77.27.13
10.77.23.11
10.77.22.12
10.77.27.14
10.77.22.11
10.77.22.14
10.77.27.15
10.77.23.10
10.77.27.15
10.77.27.15
10.77.22.12
10.77.22.11
10.77.22.12
10.77.22.14
10.77.23.11
10.77.22.14
10.77.22.10
10.77.23.12
10.77.27.14
10.77.22.12
10.77.22.10
10.77.27.15
10.77.23.12
10.77.22.11
10.77.22.10
10.77.22.12
10.77.22.12
10.77.22.10
10.77.22.12
10.77.27.14
10.77.23.10
10.77.27.15
10.77.22.11
10.77.22.11
10.77.22.13
10.77.22.12
10.77.22.12
10.77.23.12
10.77.27.15
10.77.23.10
10.77.23.12
10.77.22.13
10.77.22.11
10.77.22.10
10.77.23.12
10.77.23.12
10.77.23.11
10.77.23.10
10.77.22.14
10.77.27.14
10.77.23.11
10.77.23.12
10.77.23.12
10.77.23.10
10.77.27.14
10.77.23.10
10.77.22.10
10.77.22.12
10.77.22.15
10.77.27.15
10.77.23.11
10.77.22.14
10.77.22.15
10.77.23.12
10.77.27.14
10.77.23.10
10.77.23.11
10.77.23.11
10.77.22.10
10.77.22.15
10.77.22.13
10.77.22.10
10.77.27.14
10.77.22.13
10.77.27.14
10.77.27.15
10.77.22.15
10.77.27.15
10.77.27.14
10.77.22.13
10.77.22.12
10.77.22.15
10.77.23.12
10.77.23.12
10.77.22.13
10.77.27.14
10.77.23.10
10.77.27.13
10.77.27.14
10.77.27.15
10.77.22.15
10.77.22.10
10.77.22.15
10.77.22.11
10.77.27.15
10.77.23.12
10.77.22.12
10.77.23.12
10.77.27.14
10.77.22.13
10.77.23.10
10.77.22.14
10.77.27.15
10.77.22.14
10.77.27.15
10.77.22.11
10.77.27.14
10.77.22.13
10.77.27.15
10.77.27.13
10.77.22.10
10.77.23.12
10.77.22.14
10.77.22.11
10.77.23.12
10.77.22.12
10.77.23.10
10.77.22.12
10.77.23.11
10.77.22.11
10.77.23.12
10.77.22.13
10.77.27.13
10.77.22.15
10.77.23.11
10.77.22.12
10.77.23.12
10.77.22.14
10.77.22.10
10.77.23.10
10.77.23.11
10.77.27.15
10.77.22.15
10.77.22.13
10.77.23.11
10.77.22.10
10.77.22.10
10.77.22.13
10.77.22.15
10.77.27.15
10.77.22.12
10.77.27.14
10.77.22.12
10.77.22.11
10.77.22.10
10.77.22.12
10.77.22.10
10.77.23.11
10.77.23.10
10.77.22.11
10.77.22.11
10.77.23.10
10.77.22.15
10.77.22.11
10.77.27.15
10.77.27.14
10.77.27.15
10.77.27.13
10.77.23.11
10.77.22.11
10.77.22.13
10.77.22.10
10.77.23.10
10.77.23.10
10.77.23.12
10.77.22.11
10.77.22.13
10.77.23.12
10.77.27.15
10.77.23.11
10.77.23.10
10.77.27.14
10.77.27.13
10.77.23.10
10.77.22.15
10.77.23.10
10.77.27.14
10.77.22.13
10.77.27.14
10.77.22.14
10.77.22.11
10.77.27.14
10.77.22.12
10.77.27.14
10.77.22.11
10.77.23.10
10.77.27.15
10.77.22.15
10.77.22.11
10.77.22.15
10.77.27.13
10.77.23.10
10.77.22.11
10.77.27.14
10.77.22.11
10.77.22.13
10.77.22.13
10.77.27.14
10.77.22.14
10.77.22.15
10.77.23.11
10.77.22.15
10.77.22.11
10.77.22.15
10.77.23.10
10.77.22.10
10.77.23.12
10.77.22.11
10.77.23.12
10.77.27.15
10.77.27.15
10.77.23.10
10.77.23.12
10.77.22.14
10.77.27.14
10.77.22.11
10.77.27.14
10.77.22.11
10.77.23.10
10.77.23.10
10.77.27.14
10.77.27.14
10.77.22.11
10.77.22.10
10.77.22.12
10.77.22.13
10.77.27.15
10.77.22.10
10.77.27.15
10.77.23.10
10.77.27.13
10.77.23.12
10.77.22.12
10.77.22.15
10.77.27.15
10.77.22.14
10.77.23.10
10.77.22.10
10.77.22.11
10.77.27.14
10.77.27.15
10.77.23.12
10.77.22.13
10.77.22.13
10.77.22.10
10.77.22.14
10.77.27.13
10.77.22.11
10.77.27.14
10.77.27.13
10.77.22.13
10.77.22.10
10.77.27.14
10.77.22.10
10.77.22.15
10.77.22.12
10.77.27.14
10.77.22.10
10.77.23.11
10.77.22.11
10.77.22.10
10.77.22.15
10.77.27.15
10.77.22.10
10.77.22.14
10.77.27.13
10.77.22.13
10.77.22.14
10.77.22.13
10.77.27.14
10.77.27.13
10.77.23.11
10.77.27.13
10.77.22.14
10.77.22.10
10.77.23.12
10.77.22.15
10.77.22.12
10.77.22.11
10.77.22.15
10.77.22.12
10.77.23.10
10.77.22.14
10.77.23.10
10.77.22.10
10.77.22.13
10.77.22.11
10.77.27.15
10.77.22.10
10.77.27.13
10.77.22.12
10.77.22.12
10.77.22.12
10.77.22.11
10.77.22.15
10.77.27.14
10.77.22.11
10.77.27.14
10.77.27.15
10.77.23.12
10.77.22.10
10.77.27.13
10.77.23.11
10.77.22.10
10.77.23.11
10.77.27.13
10.77.22.15
10.77.22.14
10.77.22.12
10.77.22.12
10.77.22.11
10.77.22.10
10.77.22.10
10.77.23.10
10.77.23.11
10.77.27.15
10.77.22.14
10.77.22.15
10.77.22.15
10.77.23.12
10.77.22.11
10.77.27.14
10.77.23.10
10.77.23.12
10.77.27.15
10.77.23.12
10.77.22.13
10.77.22.10
10.77.27.13
10.77.22.12
10.77.23.12
10.77.23.10
10.77.22.12
10.77.22.15
10.77.22.10
10.77.22.15
10.77.22.15
10.77.22.10
10.77.22.12
10.77.22.14
10.77.23.10
10.77.22.14
10.77.27.14
10.77.22.10
10.77.22.10
10.77.27.14
10.77.23.11
10.77.27.13
10.77.23.12
10.77.22.13
10.77.22.10
10.77.22.12
10.77.22.11
10.77.23.12
10.77.22.12
10.77.22.11
10.77.27.15
10.77.23.11
10.77.22.15
10.77.22.12
10.77.27.14
10.77.27.14
10.77.22.12
10.77.22.12
10.77.27.13
10.77.22.14
10.77.27.14
10.77.23.11
10.77.23.11
10.77.27.13
10.77.22.13
10.77.22.15
10.77.22.10
10.77.22.13
10.77.22.15
10.77.27.13
10.77.27.14
10.77.22.14
10.77.22.15
10.77.22.11
10.77.22.10
10.77.22.14
10.77.27.13
10.77.23.10
10.77.23.12
10.77.22.14
10.77.23.12
10.77.22.15
10.77.22.12
10.77.23.12
10.77.27.15
10.77.23.10
10.77.22.11
10.77.23.12
10.77.22.13
10.77.22.11
10.77.27.15
10.77.22.12
10.77.23.12
10.77.27.13
10.77.23.10
10.77.22.12
10.77.22.10
10.77.23.11
10.77.22.15
10.77.27.14
10.77.22.11
10.77.23.10
10.77.27.14
10.77.23.11
10.77.22.15
10.77.22.10
10.77.22.12
10.77.22.10
10.77.22.10
10.77.22.10
10.77.27.15
10.77.23.10
10.77.22.12
10.77.22.10
10.77.22.11
10.77.22.10
10.77.27.14
10.77.22.10
10.77.23.12
10.77.27.13
10.77.22.13
10.77.22.10
10.77.27.13
10.77.22.13
10.77.22.15
10.77.22.11
10.77.22.15
10.77.23.12
10.77.22.15
10.77.23.11
10.77.22.10
10.77.27.13
10.77.23.10
10.77.27.14
10.77.23.11
10.77.22.11
10.77.22.10
10.77.22.13
10.77.27.14
10.77.22.13
10.77.22.13
10.77.27.15
10.77.27.13
10.77.23.11
10.77.22.14
10.77.23.12
10.77.27.13
10.77.22.14
10.77.27.13
10.77.27.15
10.77.22.15
10.77.27.13
10.77.22.13
10.77.22.15
10.77.23.10
10.77.22.13
10.77.23.10
10.77.27.15
10.77.22.15
10.77.22.10
10.77.22.13
10.77.23.10
10.77.22.14
10.77.22.14
10.77.22.11
10.77.23.11
10.77.27.13
10.77.22.13
10.77.27.13
10.77.22.13
10.77.27.14
10.77.22.12
10.77.23.11
10.77.27.13
10.77.22.13
10.77.22.10
10.77.22.10
10.77.22.14
10.77.22.12
10.77.22.14
10.77.22.10
10.77.22.10
10.77.23.12
10.77.23.11
10.77.22.11
10.77.22.14
10.77.27.15
10.77.22.12
10.77.22.10
10.77.22.10
10.77.27.15
10.77.23.12
10.77.27.14
10.77.22.13
10.77.23.12
10.77.22.10
10.77.23.12
10.77.27.15
10.77.23.10
10.77.22.12
10.77.27.14
10.77.22.10
10.77.27.14
10.77.27.13
10.77.27.15
10.77.27.15
10.77.27.15
10.77.23.11
10.77.22.12
10.77.22.10
10.77.22.13
10.77.22.11
10.77.23.12
10.77.22.15
10.77.27.13
10.77.22.12
10.77.22.13
10.77.27.14
10.77.27.14
10.77.22.11
10.77.22.13
10.77.27.13
10.77.22.14
10.77.22.15
10.77.22.12
10.77.22.12
10.77.23.10
10.77.23.11
10.77.22.13
10.77.22.11
10.77.27.15
10.77.27.15
10.77.22.10
10.77.27.14
10.77.23.11
10.77.22.12
10.77.22.11
10.77.22.12
10.77.22.15
10.77.23.12
10.77.22.10
10.77.22.10
10.77.27.13
10.77.23.10
10.77.27.15
10.77.22.15
10.77.22.13
10.77.27.14
10.77.22.10
10.77.27.14
10.77.22.14
10.77.23.11
10.77.22.15
10.77.27.13
10.77.22.12
10.77.27.15
10.77.27.15
10.77.23.12
10.77.27.13
10.77.22.11
10.77.22.14
10.77.22.12
10.77.27.14
10.77.22.15
10.77.27.15
10.77.23.11
10.77.22.15
10.77.22.10
10.77.22.13
10.77.23.10
10.77.22.10
10.77.22.13
10.77.22.14
10.77.27.13
10.77.27.14
10.77.23.12
10.77.22.10
10.77.27.13
10.77.22.11
10.77.22.13
10.77.22.11
10.77.27.13
10.77.22.13
10.77.23.10
10.77.22.15
10.77.22.14
10.77.22.12
10.77.22.12
10.77.22.12
10.77.23.10
10.77.22.11
10.77.27.15
10.77.23.10
10.77.23.12
10.77.23.12
10.77.23.11
10.77.23.11
10.77.27.15
10.77.22.13
10.77.23.10
10.77.22.11
10.77.22.12
10.77.22.11
10.77.23.10
10.77.23.10
10.77.22.12
10.77.22.12
10.77.23.11
10.77.23.12
10.77.23.12
10.77.23.10
10.77.23.10
10.77.23.10
10.77.23.10
10.77.27.15
10.77.27.13
10.77.23.11
10.77.22.13
10.77.22.15
10.77.22.10
10.77.22.10
10.77.23.11
10.77.27.14
10.77.27.13
10.77.22.15
10.77.22.14
10.77.23.11
10.77.22.11
10.77.23.11
10.77.22.15
10.77.27.14
10.77.23.12
10.77.22.15
10.77.22.10
10.77.23.12
10.77.22.10
10.77.22.15
10.77.22.13
10.77.22.14
10.77.22.11
10.77.22.11
10.77.23.11
10.77.27.14
10.77.22.12
10.77.27.14
10.77.22.13
10.77.22.10
10.77.23.11
10.77.27.14
10.77.22.10
10.77.22.15
10.77.22.15
10.77.22.11
10.77.27.15
10.77.22.10
10.77.27.14
10.77.27.14
10.77.27.15
10.77.23.10
10.77.22.12
10.77.22.10
10.77.27.15
10.77.22.15
10.77.27.15
10.77.23.10
10.77.22.12
10.77.23.11
10.77.22.12
10.77.23.10
10.77.23.11
10.77.27.14
10.77.22.12
10.77.23.12
10.77.22.15
10.77.22.15
10.77.22.14
10.77.23.11
10.77.27.14
10.77.22.11
10.77.22.15
10.77.22.10
10.77.27.15
10.77.22.11
10.77.22.14
10.77.27.15
10.77.27.13
10.77.22.10
10.77.23.12
10.77.22.10
10.77.27.13
10.77.22.10
10.77.22.15
10.77.22.10
10.77.27.15
10.77.23.11
10.77.22.10
10.77.23.12
10.77.22.11
10.77.22.15
10.77.22.12
10.77.22.10
10.77.22.11
10.77.22.11
10.77.27.13
10.77.22.14
10.77.27.13
10.77.23.10
10.77.23.11
10.77.22.15
10.77.22.14
10.77.23.11
10.77.23.11
10.77.22.14
10.77.23.10
10.77.22.11
10.77.27.13
10.77.23.11
10.77.23.11
10.77.27.15
10.77.22.10
10.77.27.15
10.77.22.13
10.77.22.14
10.77.27.14
10.77.23.10
10.77.27.13
10.77.22.11
10.77.23.10
10.77.22.12
10.77.22.10
10.77.22.10
10.77.22.15
10.77.23.11
10.77.23.10
10.77.22.13
10.77.22.14
10.77.22.14
10.77.27.14
10.77.23.12
10.77.23.12
10.77.23.10
10.77.22.11
10.77.23.10
10.77.27.14
10.77.22.15
10.77.23.12
10.77.22.15
10.77.27.14
10.77.22.13
10.77.22.13
10.77.23.11
10.77.23.11
10.77.27.15
10.77.23.12
10.77.23.10
10.77.23.12
10.77.27.13
10.77.22.14
10.77.23.12
10.77.27.15
10.77.27.13
10.77.27.14
10.77.22.13
10.77.22.13
10.77.22.13
10.77.23.11
10.77.22.13
10.77.22.14
10.77.27.14
10.77.27.13
10.77.22.13
10.77.22.11
10.77.27.15
10.77.27.15
10.77.27.13
10.77.22.13
10.77.22.14
10.77.27.14
10.77.27.15
10.77.27.13
10.77.27.15
10.77.22.12
10.77.22.15
10.77.22.11
10.77.23.10
10.77.22.10
10.77.23.12
10.77.27.15
10.77.22.12
10.77.23.12
10.77.22.15
10.77.27.15
10.77.22.10
10.77.27.14
10.77.22.12
10.77.27.13
10.77.22.11
10.77.23.11
10.77.22.14
10.77.23.10
10.77.22.12
10.77.27.13
10.77.22.15
10.77.22.13
10.77.22.12
10.77.22.11
10.77.22.14
10.77.22.14
10.77.22.15
10.77.22.14
10.77.22.12
10.77.27.13
10.77.22.14
10.77.22.13
10.77.22.11
10.77.22.12
10.77.22.12
10.77.22.13
10.77.27.15
10.77.22.12
10.77.22.12
10.77.22.10
10.77.22.13
10.77.22.12
10.77.22.15
10.77.27.13
10.77.27.15
10.77.22.11
10.77.27.14
10.77.23.10
10.77.27.15
10.77.22.14
10.77.22.11
10.77.23.10
10.77.22.15
10.77.23.12
10.77.22.11
10.77.22.11
10.77.22.12
10.77.22.12
10.77.22.12
10.77.23.12
10.77.27.14
10.77.23.10
10.77.22.10
10.77.22.13
10.77.22.14
10.77.27.13
10.77.27.15
10.77.22.11
10.77.27.14
10.77.23.12
10.77.27.15
10.77.27.15
10.77.22.11
10.77.22.14
10.77.22.10
10.77.23.11
10.77.23.10
10.77.23.12
10.77.27.15
10.77.23.11
10.77.27.14
10.77.27.13
10.77.22.12
10.77.27.15
10.77.23.12
10.77.22.15
10.77.22.15
10.77.27.15
10.77.23.10
10.77.22.12
10.77.23.10
10.77.22.15
10.77.27.13
10.77.27.15
10.77.27.15
10.77.22.12
10.77.23.12
10.77.23.10
10.77.23.11
10.77.22.11
10.77.22.14
10.77.22.13
10.77.22.13
10.77.22.14
10.77.27.15
10.77.22.11
10.77.27.14
10.77.27.15
10.77.22.14
10.77.22.11
10.77.23.12
10.77.22.11
10.77.22.13
10.77.23.11
10.77.23.12
10.77.23.11
10.77.22.15
10.77.23.11
10.77.22.15
10.77.27.13
10.77.27.13
10.77.27.13
10.77.27.14
10.77.27.15
10.77.22.12
10.77.27.13
10.77.22.14
10.77.23.12
10.77.22.14
10.77.22.11
10.77.23.11
10.77.22.14
10.77.23.11
10.77.23.10
10.77.27.14
10.77.22.11
10.77.22.11
10.77.22.10
10.77.23.10
10.77.27.13
10.77.27.15
10.77.23.10
10.77.27.13
10.77.27.15
10.77.27.13
10.77.22.12
10.77.22.13
10.77.22.11
10.77.23.10
10.77.27.14
10.77.22.10
10.77.22.11
10.77.22.15
10.77.22.12
10.77.23.12
10.77.23.12
10.77.23.12
10.77.22.14
10.77.27.13
10.77.22.10
10.77.27.14
10.77.22.15
10.77.22.15
10.77.22.15
10.77.22.12
10.77.27.14
10.77.22.11
10.77.22.15
10.77.23.10
10.77.22.10
10.77.27.13
10.77.23.11
10.77.22.12
10.77.23.12
10.77.23.12
10.77.23.10
10.77.23.11
10.77.27.15
10.77.23.12
10.77.27.14
10.77.27.15
10.77.22.10
10.77.22.12
10.77.27.14
10.77.23.11
10.77.22.11
10.77.27.14
10.77.27.15
10.77.22.13
10.77.22.11
10.77.22.14
10.77.27.15
10.77.27.14
10.77.23.11
10.77.22.12
10.77.27.15
10.77.22.14
10.77.27.13
10.77.22.13
10.77.27.14
10.77.23.10
10.77.23.12
10.77.22.15
10.77.22.14
10.77.27.13
10.77.27.14
10.77.22.11
10.77.22.13
10.77.22.14
10.77.23.10
10.77.27.13
10.77.27.13
10.77.22.11
10.77.22.10
10.77.23.11
10.77.27.15
10.77.22.14
10.77.22.15
10.77.27.14
10.77.22.11
10.77.27.13
10.77.22.14
10.77.22.11
10.77.27.13
10.77.22.15
10.77.22.13
10.77.22.12
10.77.27.14
10.77.27.14
10.77.23.12
10.77.22.10
10.77.22.11
10.77.27.15
10.77.22.14
10.77.22.10
10.77.22.11
10.77.22.11
10.77.23.10
10.77.27.13
10.77.22.12
10.77.22.13
10.77.22.14
10.77.22.13
10.77.22.10
10.77.23.12
10.77.27.14
10.77.23.11
10.77.27.15
10.77.27.15
10.77.27.15
10.77.22.11
10.77.22.12
10.77.27.13
10.77.22.15
10.77.27.13
10.77.22.12
10.77.22.10
10.77.27.15
10.77.22.13
10.77.22.10
10.77.23.12
10.77.22.13
10.77.22.14
10.77.22.13
10.77.27.15
10.77.22.12
10.77.22.11
10.77.23.11
10.77.27.14
10.77.23.11
10.77.27.15
10.77.22.14
10.77.22.13
10.77.22.14
10.77.22.10
10.77.22.10
10.77.22.15
10.77.22.15
10.77.22.10
10.77.27.13
10.77.22.13
10.77.23.10
10.77.27.15
10.77.22.11
10.77.27.15
10.77.27.15
10.77.22.11
10.77.27.14
10.77.22.14
10.77.23.11
10.77.22.12
10.77.22.11
10.77.22.15
10.77.23.11
10.77.23.12
10.77.22.12
10.77.22.11
10.77.23.10
10.77.27.14
10.77.22.15
10.77.23.10
10.77.23.11
10.77.23.10
10.77.22.15
10.77.23.10
10.77.27.14
10.77.23.10
10.77.22.11
10.77.22.10
10.77.22.11
10.77.22.10
10.77.27.14
10.77.22.15
10.77.23.11
10.77.22.15
10.77.27.14
10.77.27.14
10.77.27.14
10.77.27.14
10.77.27.13
10.77.22.12
10.77.22.15
10.77.22.15
10.77.23.11
10.77.22.11
10.77.27.13
10.77.23.10
10.77.27.14
10.77.23.12
10.77.27.13
10.77.27.13
10.77.22.10
10.77.23.10
10.77.27.14
10.77.22.14
10.77.22.11
10.77.27.14
10.77.22.15
10.77.22.14
10.77.23.10
10.77.23.10
10.77.23.10
10.77.22.11
10.77.23.10
10.77.23.10
10.77.27.15
10.77.22.13
10.77.23.12
10.77.22.13
10.77.27.13
10.77.22.14
10.77.27.15
10.77.22.13
10.77.22.10
10.77.27.13
10.77.23.10
10.77.22.15
10.77.23.10
10.77.22.10
10.77.27.14
10.77.22.15
10.77.22.10
10.77.22.15
10.77.23.11
10.77.27.13
10.77.27.13
10.77.22.15
10.77.22.11
10.77.23.12
10.77.22.15
10.77.22.15
10.77.27.14
10.77.22.15
10.77.27.14
10.77.23.11
10.77.22.14
10.77.27.14
10.77.22.12
10.77.27.13
10.77.22.11
10.77.22.11
10.77.27.15
10.77.23.12
10.77.27.14
10.77.22.14
10.77.22.14
10.77.22.11
10.77.22.10
10.77.27.15
10.77.22.10
10.77.22.12
10.77.27.14
10.77.27.14
10.77.23.12
10.77.22.11
10.77.23.11
10.77.27.14
10.77.22.14
10.77.23.12
10.77.27.13
10.77.22.15
10.77.22.10
10.77.23.10
10.77.23.11
10.77.22.11
10.77.27.15
10.77.23.11
10.77.23.10
10.77.22.12
10.77.27.13
10.77.22.15
10.77.22.13
10.77.27.13
10.77.23.10
10.77.22.12
10.77.23.12
10.77.23.12
10.77.22.12
10.77.23.10
10.77.22.14
10.77.27.13
10.77.23.12
10.77.22.14
10.77.23.10
10.77.22.11
10.77.27.14
10.77.23.11
10.77.27.14
10.77.27.13
10.77.27.14
10.77.27.14
10.77.22.12
10.77.23.10
10.77.27.14
10.77.27.14
10.77.23.10
10.77.27.14
10.77.22.13
10.77.22.14
10.77.22.10
10.77.27.15
10.77.27.13
10.77.22.12
10.77.22.13
10.77.23.11
10.77.23.11
10.77.22.14
10.77.23.12
10.77.22.10
10.77.27.14
10.77.23.10
10.77.22.11
10.77.22.13
10.77.23.11
10.77.23.11
10.77.23.12
10.77.23.12
10.77.27.14
10.77.22.12
10.77.22.15
10.77.22.13
10.77.27.15
10.77.23.12
10.77.22.15
10.77.22.12
10.77.27.15
10.77.22.11
10.77.23.12
10.77.23.12
10.77.22.15
10.77.22.12
10.77.22.14
10.77.22.11
10.77.27.13
10.77.23.11
10.77.23.10
10.77.23.12
10.77.23.12
10.77.27.15
10.77.23.10
10.77.23.12
10.77.22.12
10.77.27.15
10.77.27.14
10.77.22.10
10.77.23.10
10.77.23.11
10.77.27.13
10.77.22.15
10.77.22.10
10.77.27.13
10.77.22.11
10.77.22.12
10.77.23.10
10.77.27.15
10.77.22.12
10.77.27.15
10.77.23.10
10.77.22.15
10.77.22.13
10.77.27.14
10.77.22.14
10.77.22.14
10.77.27.15
10.77.23.12
10.77.22.11
10.77.27.15
10.77.22.14
10.77.27.13
10.77.22.11
10.77.27.14
10.77.22.13
10.77.23.12
10.77.22.10
10.77.22.14
10.77.27.13
10.77.22.14
10.77.22.11
10.77.22.11
10.77.22.12
10.77.27.15
10.77.23.10
10.77.22.13
10.77.22.11
10.77.27.14
10.77.23.11
10.77.22.12
10.77.22.12
10.77.27.13
10.77.23.10
10.77.22.13
10.77.22.12
10.77.23.11
10.77.23.10
10.77.23.12
10.77.23.10
10.77.22.11
10.77.22.15
10.77.22.13
10.77.27.15
10.77.27.13
10.77.22.14
10.77.23.10
10.77.23.12
10.77.22.13
10.77.22.15
10.77.23.12
10.77.22.12
10.77.22.13
10.77.27.14
10.77.27.13
10.77.27.15
10.77.27.14
10.77.27.15
10.77.23.10
10.77.22.10
10.77.22.15
10.77.23.11
10.77.22.15
10.77.27.13
10.77.27.13
10.77.22.10
10.77.23.11
10.77.22.11
10.77.22.14
10.77.27.13
10.77.22.14
10.77.22.14
10.77.22.11
10.77.22.11
10.77.27.15
10.77.23.12
10.77.23.12
10.77.22.13
10.77.22.11
10.77.22.13
10.77.22.12
10.77.23.12
10.77.22.14
10.77.22.15
10.77.22.14
10.77.27.15
10.77.23.11
10.77.22.11
10.77.22.12
10.77.22.15
10.77.27.13
10.77.22.11
10.77.22.11
10.77.22.12
10.77.22.10
10.77.22.10
10.77.27.13
10.77.27.13
10.77.22.14
10.77.22.14
10.77.22.15
10.77.23.12
10.77.22.14
10.77.22.13
10.77.22.11
10.77.22.13
10.77.22.11
10.77.27.13
10.77.22.15
10.77.22.13
10.77.23.10
10.77.22.14
10.77.27.13
10.77.23.12
10.77.22.11
10.77.27.15
10.77.27.13
10.77.23.10
10.77.22.12
10.77.22.11
10.77.22.15
10.77.22.15
10.77.23.12
10.77.22.14
10.77.23.11
10.77.22.10
10.77.22.10
10.77.23.10
10.77.27.15
10.77.23.10
10.77.23.12
10.77.22.12
10.77.22.11
10.77.22.14
10.77.22.13
10.77.22.14
10.77.22.11
10.77.27.15
10.77.22.12
10.77.22.12
10.77.22.15
10.77.27.13
10.77.27.15
10.77.22.14
10.77.22.12
10.77.27.13
10.77.23.11
10.77.23.12
10.77.23.10
10.77.22.13
10.77.27.14
10.77.22.11
10.77.27.14
10.77.27.13
10.77.23.11
10.77.27.13
10.77.22.10
10.77.22.12
10.77.27.14
10.77.23.12
10.77.22.12
10.77.23.10
10.77.22.13
10.77.22.11
10.77.23.10
10.77.23.10
10.77.27.15
10.77.23.12
10.77.23.10
10.77.27.14
10.77.23.11
10.77.22.15
10.77.22.15
10.77.23.12
10.77.22.14
10.77.22.13
10.77.22.12
10.77.23.12
10.77.23.11
10.77.22.13
10.77.22.13
10.77.22.15
10.77.27.14
10.77.27.14
10.77.22.12
10.77.23.10
10.77.23.11
10.77.22.10
10.77.23.10
10.77.27.15
10.77.22.13
10.77.22.15
10.77.22.10
10.77.22.11
10.77.22.13
10.77.22.14
10.77.23.11
10.77.23.10
10.77.23.11
10.77.22.10
10.77.22.11
10.77.23.11
10.77.27.13
10.77.27.15
10.77.23.12
10.77.23.12
10.77.22.15
10.77.22.10
10.77.22.12
10.77.22.11
10.77.22.11
10.77.27.14
10.77.23.10
10.77.22.15
10.77.27.15
10.77.27.13
10.77.22.10
10.77.23.11
10.77.22.12
10.77.27.13
10.77.23.11
10.77.22.10
10.77.23.12
10.77.22.13
10.77.23.11
10.77.22.13
10.77.27.15
10.77.22.15
10.77.27.14
10.77.23.11
10.77.22.11
10.77.23.11
10.77.22.15
10.77.27.15
10.77.22.13
10.77.23.12
10.77.23.11
10.77.22.13
10.77.22.13
10.77.22.14
10.77.27.14
10.77.22.15
10.77.23.10
10.77.22.10
10.77.22.14
10.77.22.12
10.77.27.13
10.77.27.15
10.77.22.11
10.77.23.10
10.77.22.12
10.77.27.14
10.77.23.12
10.77.23.10
10.77.23.10
10.77.27.13
10.77.22.10
10.77.22.12
10.77.23.11
10.77.22.10
10.77.22.10
10.77.22.12
10.77.22.13
10.77.22.14
10.77.22.11
10.77.22.13
10.77.23.12
10.77.22.10
10.77.23.10
10.77.22.11
10.77.22.12
10.77.23.12
10.77.27.13
10.77.22.13
10.77.27.14
10.77.27.14
10.77.22.11
10.77.23.11
10.77.23.12
10.77.22.14
10.77.22.13
10.77.22.12
10.77.23.12
10.77.22.13
10.77.27.15
10.77.23.10
10.77.22.15
10.77.23.12
10.77.23.11
10.77.23.12
10.77.27.15
10.77.22.13
10.77.22.11
10.77.22.14
10.77.22.13
10.77.27.13
10.77.22.10
10.77.22.11
10.77.22.10
10.77.27.14
10.77.27.13
10.77.23.12
10.77.27.15
10.77.22.13
10.77.23.10
10.77.23.12
10.77.22.14
10.77.23.11
10.77.22.10
10.77.22.10
10.77.22.14
10.77.23.12
10.77.27.14
10.77.22.13
10.77.23.11
10.77.27.14
10.77.22.14
10.77.23.11
10.77.22.14
10.77.22.11
10.77.27.15
10.77.22.10
10.77.23.12
10.77.22.10
10.77.27.15
10.77.27.15
10.77.22.12
10.77.22.14
10.77.22.11
10.77.23.12
10.77.22.12
10.77.27.15
10.77.22.14
10.77.22.11
10.77.22.11
10.77.23.11
10.77.23.12
10.77.22.11
10.77.22.15
10.77.23.11
10.77.23.11
10.77.22.12
10.77.23.10
10.77.23.11
10.77.22.10
10.77.23.11
10.77.27.15
10.77.22.13
10.77.22.13
10.77.23.11
10.77.22.13
10.77.22.11
10.77.22.15
10.77.22.10
10.77.22.13
10.77.22.14
10.77.22.14
10.77.22.11
10.77.22.11
10.77.23.10
10.77.27.14
10.77.22.10
10.77.23.10
10.77.23.10
10.77.22.15
10.77.27.14
10.77.22.14
10.77.27.14
10.77.23.11
10.77.22.11
10.77.22.10
10.77.22.14
10.77.27.15
10.77.23.10
10.77.27.14
10.77.22.12
10.77.23.10
10.77.22.14
10.77.23.10
10.77.27.14
10.77.27.14
10.77.22.10
10.77.27.13
10.77.27.15
10.77.22.15
10.77.22.12
10.77.27.15
10.77.22.14
10.77.22.15
10.77.22.14
10.77.22.12
10.77.22.13
10.77.27.14
10.77.22.12
10.77.22.13
10.77.27.14
10.77.22.10
10.77.22.10
10.77.23.11
10.77.22.13
10.77.27.13
10.77.27.13
10.77.23.11
10.77.23.10
10.77.27.13
10.77.27.13
10.77.23.11
10.77.27.15
10.77.23.10
10.77.27.14
10.77.22.13
10.77.23.10
10.77.22.12
10.77.23.11
10.77.22.12
10.77.22.10
10.77.22.15
10.77.22.11
10.77.22.13
10.77.23.12
10.77.23.10
10.77.27.14
10.77.23.10
10.77.22.10
10.77.22.11
10.77.22.15
10.77.27.13
10.77.22.12
10.77.22.15
10.77.27.13
10.77.27.14
10.77.23.10
10.77.27.15
10.77.27.14
10.77.23.11
10.77.23.12
10.77.22.14
10.77.23.11
10.77.22.15
10.77.22.15
10.77.27.14
10.77.22.11
10.77.22.15
10.77.23.12
10.77.27.15
10.77.23.10
10.77.22.12
10.77.22.11
10.77.22.10
10.77.27.14
10.77.22.13
10.77.23.12
10.77.27.13
10.77.22.15
10.77.23.12
10.77.22.10
10.77.27.14
10.77.27.15
10.77.27.15
10.77.22.11
10.77.23.12
10.77.22.14
10.77.22.14
10.77.27.13
10.77.22.15
10.77.22.13
10.77.23.10
10.77.22.12
10.77.23.12
10.77.22.15
10.77.22.13
10.77.23.10
10.77.27.14
10.77.22.11
10.77.22.14
10.77.27.14
10.77.22.15
10.77.22.14
10.77.23.10
10.77.22.10
10.77.22.10
10.77.23.12
10.77.22.13
10.77.22.12
10.77.22.12
10.77.27.15
10.77.27.14
10.77.27.13
10.77.27.13
10.77.27.15
10.77.22.10
10.77.22.14
10.77.27.14
10.77.23.12
10.77.23.12
10.77.27.15
10.77.23.11
10.77.22.11
10.77.23.11
10.77.23.12
10.77.22.14
10.77.23.11
10.77.22.12
10.77.23.12
10.77.23.10
10.77.22.10
10.77.23.12
10.77.22.11
10.77.22.11
10.77.22.12
10.77.22.14
10.77.22.10
10.77.22.11
10.77.23.12
10.77.27.14
10.77.23.12
10.77.22.10
10.77.22.13
10.77.22.10
10.77.23.10
10.77.23.12
10.77.22.14
10.77.27.15
10.77.22.10
10.77.22.10
10.77.27.14
10.77.23.12
10.77.23.12
10.77.22.11
10.77.22.11
10.77.27.15
10.77.22.10
10.77.22.10
10.77.22.15
10.77.23.11
10.77.27.15
10.77.22.13
10.77.22.10
10.77.22.10
10.77.27.13
10.77.23.12
10.77.22.14
10.77.23.12
10.77.22.11
10.77.22.14
10.77.22.12
10.77.27.13
10.77.22.15
10.77.27.15
10.77.23.12
10.77.22.15
10.77.22.10
10.77.23.12
10.77.22.10
10.77.27.15
10.77.27.13
10.77.22.15
10.77.22.11
10.77.27.14
10.77.22.15
10.77.27.15
10.77.23.11
10.77.27.13
10.77.23.11
10.77.22.15
10.77.22.12
10.77.23.12
10.77.22.15
10.77.22.11
10.77.23.10
10.77.23.10
10.77.23.11
10.77.22.15
10.77.27.13
10.77.22.14
10.77.22.13
10.77.22.12
10.77.22.10
10.77.22.11
10.77.22.10
10.77.22.15
10.77.27.15
10.77.22.11
10.77.27.14
10.77.22.15
10.77.23.12
10.77.22.13
10.77.27.14
10.77.22.11
10.77.22.12
10.77.22.12
10.77.27.15
10.77.22.15
10.77.27.15
10.77.22.10
10.77.23.12
10.77.22.10
10.77.23.10
10.77.23.10
10.77.22.15
10.77.23.12
10.77.27.15
10.77.27.15
10.77.27.13
10.77.22.15
10.77.22.14
10.77.27.13
10.77.27.14
10.77.22.11
10.77.22.13
10.77.22.15
10.77.27.14
10.77.23.11
10.77.22.15
10.77.22.13
10.77.22.12
10.77.23.12
10.77.27.13
10.77.22.10
10.77.27.15
10.77.23.11
10.77.27.13
10.77.27.14
10.77.22.13
10.77.22.11
10.77.22.15
10.77.22.10
10.77.27.13
10.77.22.12
10.77.23.10
10.77.23.12
10.77.23.12
10.77.22.15
10.77.27.14
10.77.22.15
10.77.23.10
10.77.22.11
10.77.22.14
10.77.23.10
10.77.22.13
10.77.22.11
10.77.27.14
10.77.23.12
10.77.27.13
10.77.27.14
10.77.22.11
10.77.22.10
10.77.27.15
10.77.27.15
10.77.22.10
10.77.27.13
10.77.27.14
10.77.27.13
10.77.23.12
10.77.23.11
10.77.22.11
10.77.22.14
10.77.22.13
10.77.22.15
10.77.22.12
10.77.23.12
10.77.27.15
10.77.23.12
10.77.23.12
10.77.27.15
10.77.22.12
10.77.22.11
10.77.22.12
10.77.22.15
10.77.22.11
10.77.27.14
10.77.22.11
10.77.22.13
10.77.22.12
10.77.22.15
10.77.22.13
10.77.27.14
10.77.22.11
10.77.22.14
10.77.27.13
10.77.22.14
10.77.22.14
10.77.22.12
10.77.27.15
10.77.22.13
10.77.22.10
10.77.27.14
10.77.22.12
10.77.22.10
10.77.27.15
10.77.27.14
10.77.27.14
10.77.22.12
10.77.23.12
10.77.22.13
10.77.23.12
10.77.27.13
10.77.27.15
10.77.23.10
10.77.22.15
10.77.22.12
10.77.22.12
10.77.22.15
10.77.23.11
10.77.27.15
10.77.22.14
10.77.22.11
10.77.23.10
10.77.27.14
10.77.22.13
10.77.27.13
10.77.27.13
10.77.23.12
10.77.22.14
10.77.27.14
10.77.27.13
10.77.23.10
10.77.22.15
10.77.22.10
10.77.22.15
10.77.23.10
10.77.23.10
10.77.22.12
10.77.22.12
10.77.23.11
10.77.22.15
10.77.22.10
10.77.23.10
10.77.22.10
10.77.27.13
10.77.22.15
10.77.23.11
10.77.22.11
10.77.27.13
10.77.22.13
10.77.22.15
10.77.22.14
10.77.27.14
10.77.23.12
10.77.27.14
10.77.23.10
10.77.23.10
10.77.27.13
10.77.23.11
10.77.22.10
10.77.27.14
10.77.22.15
10.77.22.15
10.77.22.15
10.77.27.15
10.77.27.13
10.77.22.10
10.77.22.15
10.77.23.10
10.77.27.14
10.77.22.13
10.77.22.14
10.77.22.12
10.77.22.10
10.77.27.15
10.77.22.14
10.77.22.11
10.77.22.15
10.77.22.11
10.77.23.10
10.77.22.15
10.77.22.15
10.77.27.15
10.77.27.13
10.77.27.13
10.77.22.15
10.77.27.14
10.77.23.12
10.77.22.14
10.77.27.13
10.77.23.10
10.77.22.12
10.77.23.10
10.77.23.10
10.77.22.12
10.77.22.15
10.77.27.14
10.77.22.12
10.77.22.12
10.77.27.15
10.77.22.13
10.77.27.14
10.77.22.12
10.77.27.13
10.77.22.12
10.77.23.11
10.77.27.15
10.77.27.14
10.77.22.15
10.77.22.13
10.77.22.11
10.77.22.15
10.77.27.13
10.77.22.11
10.77.22.15
10.77.22.13
10.77.23.12
10.77.23.12
10.77.27.15
10.77.27.14
10.77.22.15
10.77.22.14
10.77.22.11
10.77.23.11
10.77.27.13
10.77.22.12
10.77.22.12
10.77.22.11
10.77.22.14
10.77.22.12
10.77.27.15
10.77.27.13
10.77.22.14
10.77.22.11
10.77.22.10
10.77.27.14
10.77.22.12
10.77.23.10
10.77.23.10
10.77.22.13
10.77.22.11
10.77.22.12
10.77.22.10
10.77.22.11
10.77.22.10
10.77.27.13
10.77.23.12
10.77.22.11
10.77.27.15
10.77.23.10
10.77.22.10
10.77.22.15
10.77.22.13
10.77.22.14
10.77.22.15
10.77.27.13
10.77.23.10
10.77.22.15
10.77.22.13
10.77.23.10
10.77.27.14
10.77.22.13
10.77.22.11
10.77.22.10
10.77.22.10
10.77.22.11
10.77.27.13
10.77.27.15
10.77.22.14
10.77.27.15
10.77.22.13
10.77.27.14
10.77.27.13
10.77.22.10
10.77.22.15
10.77.27.13
10.77.22.13
10.77.27.15
10.77.22.14
10.77.23.11
10.77.22.10
10.77.22.11
10.77.23.10
10.77.22.15
10.77.22.13
10.77.27.14
10.77.27.13
10.77.23.11
10.77.22.15
10.77.23.11
10.77.27.13
10.77.23.12
10.77.27.14
10.77.22.13
10.77.27.14
10.77.27.13
10.77.27.15
10.77.23.11
10.77.22.15
10.77.22.13
10.77.22.15
10.77.23.11
10.77.22.13
10.77.22.10
10.77.27.14
10.77.27.14
10.77.27.14
10.77.23.12
10.77.22.10
10.77.23.10
10.77.27.15
10.77.22.12
10.77.23.11
10.77.22.14
10.77.23.10
10.77.22.11
10.77.27.14
10.77.22.15
10.77.27.15
10.77.23.12
10.77.27.15
10.77.22.13
10.77.27.15
10.77.22.13
10.77.23.11
10.77.27.13
10.77.27.14
10.77.22.15
10.77.22.11
10.77.23.12
10.77.23.11
10.77.23.12
10.77.23.12
10.77.23.10
10.77.22.14
10.77.23.10
10.77.22.13
10.77.22.14
10.77.27.15
10.77.22.11
10.77.23.12
10.77.27.13
10.77.27.13
10.77.23.10
10.77.22.15
10.77.22.11
10.77.22.10
10.77.23.11
10.77.23.10
10.77.22.14
10.77.27.14
10.77.23.11
10.77.27.15
10.77.27.14
10.77.22.15
10.77.22.15
10.77.22.10
10.77.27.13
10.77.27.15
10.77.22.10
10.77.27.13
10.77.22.14
10.77.22.12
10.77.22.15
10.77.22.12
10.77.22.13
10.77.27.14
10.77.22.15
10.77.22.12
10.77.22.11
10.77.27.13
10.77.22.13
10.77.23.10
10.77.23.12
10.77.22.13
10.77.22.15
10.77.23.11
10.77.22.15
10.77.22.10
10.77.23.12
10.77.27.14
10.77.23.11
10.77.27.15
10.77.27.14
10.77.22.15
10.77.22.14
10.77.22.11
10.77.22.11
10.77.22.13
10.77.22.13
10.77.23.11
10.77.23.12
10.77.27.15
10.77.27.14
10.77.22.12
10.77.22.15
10.77.22.14
10.77.27.14
10.77.27.14
10.77.22.11
10.77.22.10
10.77.22.10
10.77.22.15
10.77.23.12
10.77.23.12
10.77.27.13
10.77.22.10
10.77.27.14
10.77.23.11
10.77.22.10
10.77.23.11
10.77.23.11
10.77.22.12
10.77.22.14
10.77.22.15
10.77.22.11
10.77.22.15
10.77.27.14
10.77.22.10
10.77.27.15
10.77.22.10
10.77.23.12
10.77.22.11
10.77.22.14
10.77.22.10
10.77.22.12
10.77.23.10
10.77.27.13
10.77.22.13
10.77.23.11
10.77.27.14
10.77.22.14
10.77.27.14
10.77.27.15
10.77.27.13
10.77.22.13
10.77.27.14
10.77.23.12
10.77.23.10
10.77.22.10
10.77.23.12
10.77.22.14
10.77.27.15
10.77.23.12
10.77.23.10
10.77.22.15
10.77.22.12
10.77.22.14
10.77.22.10
10.77.22.12
10.77.22.10
10.77.22.10
10.77.22.10
10.77.27.14
10.77.27.13
10.77.23.12
10.77.27.13
10.77.27.13
10.77.27.15
10.77.22.11
10.77.27.14
10.77.22.10
10.77.22.13
10.77.22.10
10.77.22.15
10.77.22.10
10.77.22.15
10.77.27.13
10.77.22.10
10.77.22.10
10.77.22.14
10.77.22.12
10.77.22.11
10.77.22.12
10.77.23.11
10.77.22.11
10.77.22.15
10.77.22.15
10.77.22.12
10.77.23.11
10.77.27.13
10.77.23.11
10.77.23.12
10.77.22.14
10.77.22.11
10.77.22.14
10.77.22.12
10.77.22.11
10.77.27.13
10.77.27.15
10.77.22.13
10.77.27.15
10.77.23.12
10.77.22.10
10.77.27.14
10.77.22.10
10.77.22.15
10.77.27.14
10.77.27.13
10.77.22.10
10.77.22.10
10.77.27.14
10.77.22.13
10.77.22.15
10.77.27.14
10.77.22.13
10.77.23.11
10.77.22.13
10.77.22.14
10.77.22.12
10.77.23.12
10.77.22.13
10.77.23.11
10.77.23.12
10.77.23.11
10.77.23.10
10.77.22.14
10.77.22.14
10.77.27.15
10.77.22.15
10.77.22.12
10.77.22.11
10.77.22.15
10.77.23.10
10.77.23.11
10.77.22.12
10.77.23.10
10.77.23.11
10.77.22.13
10.77.22.11
10.77.22.11
10.77.22.10
10.77.22.12
10.77.22.13
10.77.22.10
10.77.22.15
10.77.23.11
10.77.23.11
10.77.23.10
10.77.22.14
10.77.22.11
10.77.27.13
10.77.22.11
10.77.22.14
10.77.22.15
10.77.22.11
10.77.22.11
10.77.22.11
10.77.22.13
10.77.22.13
10.77.27.15
10.77.22.13
10.77.22.13
10.77.23.11
10.77.27.15
10.77.23.10
10.77.27.14
10.77.27.13
10.77.22.12
10.77.22.15
10.77.27.15
10.77.22.10
10.77.27.14
10.77.22.12
10.77.23.11
10.77.22.12
10.77.23.10
10.77.23.11
10.77.22.15
10.77.23.11
10.77.22.14
10.77.27.15
10.77.23.10
10.77.22.13
10.77.22.12
10.77.23.10
10.77.22.10
10.77.23.12
10.77.22.14
10.77.27.14
10.77.27.13
10.77.22.11
10.77.23.10
10.77.23.10
10.77.22.11
10.77.22.14
10.77.22.14
10.77.22.11
10.77.22.11
10.77.23.11
10.77.27.14
10.77.23.10
10.77.23.10
10.77.22.11
10.77.22.15
10.77.27.14
10.77.22.15
10.77.22.10
10.77.22.11
10.77.22.11
10.77.27.14
10.77.23.10
10.77.22.11
10.77.22.15
10.77.22.14
10.77.22.14
10.77.23.12
10.77.22.14
10.77.27.14
10.77.23.11
10.77.27.13
10.77.23.11
10.77.22.11
10.77.22.12
10.77.22.12
10.77.23.10
10.77.22.12
10.77.22.10
10.77.27.15
10.77.22.13
10.77.27.14
10.77.22.12
10.77.22.11
10.77.22.15
10.77.23.11
10.77.22.10
10.77.23.12
10.77.22.12
10.77.23.11
10.77.23.10
10.77.27.14
10.77.23.11
10.77.22.15
10.77.22.14
10.77.27.14
10.77.22.14
10.77.22.12
10.77.22.10
10.77.23.12
10.77.27.15
10.77.22.10
10.77.22.13
10.77.22.12
10.77.27.13
10.77.22.13
10.77.27.14
10.77.22.14
10.77.22.15
10.77.22.11
10.77.22.11
10.77.27.13
10.77.22.13
10.77.23.12
10.77.22.12
10.77.22.13
10.77.22.15
10.77.23.12
10.77.22.11
10.77.22.14
10.77.27.15
10.77.23.11
10.77.22.10
10.77.22.12
10.77.27.14
10.77.22.12
10.77.23.12
10.77.27.14
10.77.22.10
10.77.23.12
10.77.22.10
10.77.23.10
10.77.22.12
10.77.22.14
10.77.23.12
10.77.22.11
10.77.27.14
10.77.22.14
10.77.23.10
10.77.23.12
10.77.22.10
10.77.23.12
10.77.23.11
10.77.23.11
10.77.23.11
10.77.22.14
10.77.23.12
10.77.23.10
10.77.23.12
10.77.23.12
10.77.22.12
10.77.22.14
10.77.23.12
10.77.22.15
10.77.22.10
10.77.22.15
10.77.22.11
10.77.22.11
10.77.22.10
10.77.23.10
10.77.23.11
10.77.22.15
10.77.22.12
10.77.22.11
10.77.23.10
10.77.22.11
10.77.22.14
10.77.27.14
10.77.27.13
10.77.23.10
10.77.23.10
10.77.22.14
10.77.23.12
10.77.27.15
10.77.27.13
10.77.22.12
10.77.27.15
10.77.22.14
10.77.22.14
10.77.22.15
10.77.27.15
10.77.22.15
10.77.22.14
10.77.22.13
10.77.22.14
10.77.23.12
10.77.27.14
10.77.23.10
10.77.27.15
10.77.23.12
10.77.22.12
10.77.27.13
10.77.27.13
10.77.22.15
10.77.22.12
10.77.22.10
10.77.27.14
10.77.22.11
10.77.23.11
10.77.22.10
10.77.27.14
10.77.27.14
10.77.27.14
10.77.22.11
10.77.27.15
10.77.23.10
10.77.27.13
10.77.27.13
10.77.22.11
10.77.22.14
10.77.22.11
10.77.22.15
10.77.23.11
10.77.23.12
10.77.27.13
10.77.27.14
10.77.22.12
10.77.22.15
10.77.27.14
10.77.22.13
10.77.22.13
10.77.22.11
10.77.27.13
10.77.22.15
10.77.27.13
10.77.22.15
10.77.27.14
10.77.22.15
10.77.22.10
10.77.22.10
10.77.22.14
10.77.22.10
10.77.27.13
10.77.22.10
10.77.22.10
10.77.23.10
10.77.22.11
10.77.27.14
10.77.23.10
10.77.22.14
10.77.22.11
10.77.23.10
10.77.22.13
10.77.27.14
10.77.22.12
10.77.22.10
10.77.27.15
10.77.22.12
10.77.22.10
10.77.23.10
10.77.22.14
10.77.22.14
10.77.23.11
10.77.23.12
10.77.22.11
10.77.22.15
10.77.22.15
10.77.23.11
10.77.23.12
10.77.23.11
10.77.22.15
10.77.22.14
10.77.22.10
10.77.22.13
10.77.23.12
10.77.22.11
10.77.22.13
10.77.22.15
10.77.23.10
10.77.22.11
10.77.23.10
10.77.22.10
10.77.22.12
10.77.23.11
10.77.23.10
10.77.22.10
10.77.27.15
10.77.23.10
10.77.22.10
10.77.23.11
10.77.23.11
10.77.22.15
10.77.27.14
10.77.22.14
10.77.22.10
10.77.22.11
10.77.23.12
10.77.23.11
10.77.22.12
10.77.23.12
10.77.22.15
10.77.22.10
10.77.23.10
10.77.23.10
10.77.23.12
10.77.22.13
10.77.22.13
10.77.22.11
10.77.23.12
10.77.22.15
10.77.22.13
10.77.23.11
10.77.27.14
10.77.27.13
10.77.23.12
10.77.27.13
10.77.27.13
10.77.23.10
10.77.23.12
10.77.27.14
10.77.27.14
10.77.22.14
10.77.27.15
10.77.27.15
10.77.22.14
10.77.22.12
10.77.22.10
10.77.23.12
10.77.22.15
10.77.23.12
10.77.22.11
10.77.23.10
10.77.23.10
10.77.27.15
10.77.22.11
10.77.22.14
10.77.23.11
10.77.23.10
10.77.22.15
10.77.27.13
10.77.22.11
10.77.23.10
10.77.22.14
10.77.22.11
10.77.27.13
10.77.27.15
10.77.23.10
10.77.27.15
10.77.22.14
10.77.23.10
10.77.22.13
10.77.22.10
10.77.27.14
10.77.22.13
10.77.22.13
10.77.22.11
10.77.23.10
10.77.23.12
10.77.23.11
10.77.22.15
10.77.22.15
10.77.23.11
10.77.22.13
10.77.27.15
10.77.23.11
10.77.27.14
10.77.27.13
10.77.23.10
10.77.27.14
10.77.22.14
10.77.22.13
10.77.22.13
10.77.22.13
10.77.23.12
10.77.22.14
10.77.22.10
10.77.22.13
10.77.22.13
10.77.27.14
10.77.22.10
10.77.22.10
10.77.22.13
10.77.22.15
10.77.27.13
10.77.22.10
10.77.23.11
10.77.22.15
10.77.27.14
10.77.27.13
10.77.22.15
10.77.27.13
10.77.22.15
10.77.22.11
10.77.22.13
10.77.22.10
10.77.22.11
10.77.27.14
10.77.27.13
10.77.27.13
10.77.27.15
10.77.23.12
10.77.22.11
10.77.27.15
10.77.23.11
10.77.27.13
10.77.22.14
10.77.22.15
10.77.23.11
10.77.27.15
10.77.22.12
10.77.23.12
10.77.22.14
10.77.27.13
10.77.27.14
10.77.23.12
10.77.23.11
10.77.23.11
10.77.27.14
10.77.22.13
10.77.22.11
10.77.27.14
10.77.27.13
10.77.27.13
10.77.27.13
10.77.23.12
10.77.22.13
10.77.22.11
10.77.27.15
10.77.27.15
10.77.27.13
10.77.22.13
10.77.23.10
10.77.22.15
10.77.22.11
10.77.22.10
10.77.23.10
10.77.23.11
10.77.23.11
10.77.22.11
10.77.23.12
10.77.22.12
10.77.22.15
10.77.22.12
10.77.22.11
10.77.22.10
10.77.23.10
10.77.27.13
10.77.27.15
10.77.23.10
10.77.27.13
10.77.23.11
10.77.22.10
10.77.22.13
10.77.23.11
10.77.27.13
10.77.23.10
10.77.22.11
10.77.23.12
10.77.22.14
10.77.27.13
10.77.27.15
10.77.23.11
10.77.22.10
10.77.23.10
10.77.27.14
10.77.23.12
10.77.23.10
10.77.22.11
10.77.22.13
10.77.27.14
10.77.22.11
10.77.27.13
10.77.22.10
10.77.22.10
10.77.27.13
10.77.27.14
10.77.27.14
10.77.27.13
10.77.27.13
10.77.22.13
10.77.27.13
10.77.27.15
10.77.22.12
10.77.23.10
10.77.22.14
10.77.27.14
10.77.27.14
10.77.27.13
10.77.22.10
10.77.23.10
10.77.22.14
10.77.23.12
10.77.22.13
10.77.22.12
10.77.23.12
10.77.22.12
10.77.23.10
10.77.27.13
10.77.27.15
10.77.27.15
10.77.22.13
10.77.23.10
10.77.22.11
10.77.22.14
10.77.22.13
10.77.22.13
10.77.27.15
10.77.27.14
10.77.23.12
10.77.22.11
10.77.22.15
10.77.22.12
10.77.23.10
10.77.22.12
10.77.22.15
10.77.23.11
10.77.27.14
10.77.27.13
10.77.23.12
10.77.22.11
10.77.22.11
10.77.23.10
10.77.27.13
10.77.27.13
10.77.27.13
10.77.22.11
10.77.27.15
10.77.22.15
10.77.27.13
10.77.22.11
10.77.27.14
10.77.23.10
10.77.22.11
10.77.23.10
10.77.22.15
10.77.23.12
10.77.23.12
10.77.27.14
10.77.22.13
10.77.27.13
10.77.23.11
10.77.23.10
10.77.23.10
10.77.22.13
10.77.22.14
10.77.22.13
10.77.22.13
10.77.22.15
10.77.22.13
10.77.23.12
10.77.27.14
10.77.22.10
10.77.27.14
10.77.22.12
10.77.22.10
10.77.23.12
10.77.22.13
10.77.23.12
10.77.27.14
10.77.27.15
10.77.22.14
10.77.22.11
10.77.23.10
10.77.27.13
10.77.22.11
10.77.23.12
10.77.22.13
10.77.23.10
10.77.27.14
10.77.23.11
10.77.22.13
10.77.23.12
10.77.22.10
10.77.23.11
10.77.22.15
10.77.22.13
10.77.22.13
10.77.22.12
10.77.23.12
10.77.27.13
10.77.23.11
10.77.22.13
10.77.22.15
10.77.22.12
10.77.27.15
10.77.22.13
10.77.27.14
10.77.22.12
10.77.27.14
10.77.22.13
10.77.22.15
10.77.22.10
10.77.22.12
10.77.22.15
10.77.22.13
10.77.27.14
10.77.22.11
10.77.27.14
10.77.22.11
10.77.27.14
10.77.27.13
10.77.22.14
10.77.22.14
10.77.23.10
10.77.27.14
10.77.22.12
10.77.22.13
10.77.22.11
10.77.23.12
10.77.27.15
10.77.27.13
10.77.22.12
10.77.27.14
10.77.22.12
10.77.23.12
10.77.27.14
10.77.22.11
10.77.23.12
10.77.22.14
10.77.23.12
10.77.27.15
10.77.22.11
10.77.22.13
10.77.22.13
10.77.23.12
10.77.22.15
10.77.27.13
10.77.23.12
10.77.27.15
10.77.22.11
10.77.23.11
10.77.27.13
10.77.22.10
10.77.22.10
10.77.27.13
10.77.22.15
10.77.27.15
10.77.27.15
10.77.27.13
10.77.22.13
10.77.22.14
10.77.23.11
10.77.27.14
10.77.27.13
10.77.27.14
10.77.27.13
10.77.22.13
10.77.23.12
10.77.22.15
10.77.27.14
10.77.22.15
10.77.23.10
10.77.23.12
10.77.22.15
10.77.22.14
10.77.22.12
10.77.22.14
10.77.22.10
10.77.27.14
10.77.27.15
10.77.22.10
10.77.22.11
10.77.27.15
10.77.22.14
10.77.23.12
10.77.27.13
10.77.27.13
10.77.22.12
10.77.23.11
10.77.22.11
10.77.22.11
10.77.22.13
10.77.22.15
10.77.23.10
10.77.23.12
10.77.23.11
10.77.22.15
10.77.22.10
10.77.22.13
10.77.27.15
10.77.27.15
10.77.27.14
10.77.22.10
10.77.22.11
10.77.22.13
10.77.22.11
10.77.22.15
10.77.27.15
10.77.22.10
10.77.27.14
10.77.23.12
10.77.23.12
10.77.23.12
10.77.27.15
10.77.23.12
10.77.22.12
10.77.22.11
10.77.22.11
10.77.27.14
10.77.23.10
10.77.22.10
10.77.22.10
10.77.22.10
10.77.23.11
10.77.22.14
10.77.22.15
10.77.22.10
10.77.22.15
10.77.27.14
10.77.27.13
10.77.23.11
10.77.22.10
10.77.22.15
10.77.22.15
10.77.22.15
10.77.22.11
10.77.22.12
10.77.22.14
10.77.23.12
10.77.27.15
10.77.22.10
10.77.22.14
10.77.23.11
10.77.22.14
10.77.22.10
10.77.23.12
10.77.22.14
10.77.22.12
10.77.23.12
10.77.23.10
10.77.27.15
10.77.23.11
10.77.27.15
10.77.22.12
10.77.23.11
10.77.27.15
10.77.22.12
10.77.27.14
10.77.22.12
10.77.22.14
10.77.27.15
10.77.23.12
10.77.27.15
10.77.22.14
10.77.23.12
10.77.22.13
10.77.27.15
10.77.22.13
10.77.23.12
10.77.27.15
10.77.23.11
10.77.22.12
10.77.22.14
10.77.22.10
10.77.22.11
10.77.22.12
10.77.23.12
10.77.23.10
10.77.27.15
10.77.22.12
10.77.22.14
10.77.23.11
10.77.22.11
10.77.27.14
10.77.27.15
10.77.23.11
10.77.22.12
10.77.22.13
10.77.27.15
10.77.23.11
10.77.27.15
10.77.23.12
10.77.27.15
10.77.22.12
10.77.22.12
10.77.22.11
10.77.23.11
10.77.22.15
10.77.27.13
10.77.22.10
10.77.22.14
10.77.27.13
10.77.27.15
10.77.27.14
10.77.23.11
10.77.22.12
10.77.22.10
10.77.22.14
10.77.22.11
10.77.22.15
10.77.23.10
10.77.22.13
10.77.23.11
10.77.23.11
10.77.22.12
10.77.22.10
10.77.23.11
10.77.22.15
10.77.27.13
10.77.22.15
10.77.22.10
10.77.27.14
10.77.22.14
10.77.23.11
10.77.27.15
10.77.23.11
10.77.22.11
10.77.22.13
10.77.22.13
10.77.22.10
10.77.27.15
10.77.22.10
10.77.22.15
10.77.27.14
10.77.23.11
10.77.27.13
10.77.22.13
10.77.22.13
10.77.22.13
10.77.22.13
10.77.22.12
10.77.23.12
10.77.27.15
10.77.22.15
10.77.22.12
10.77.22.15
10.77.22.15
10.77.27.15
10.77.22.15
10.77.23.10
10.77.22.15
10.77.22.11
10.77.22.12
10.77.22.12
10.77.22.10
10.77.22.10
10.77.27.14
10.77.22.12
10.77.22.11
10.77.27.13
10.77.22.14
10.77.22.10
10.77.23.12
10.77.23.10
10.77.22.15
10.77.27.15
10.77.27.15
10.77.27.13
10.77.23.11
10.77.27.14
10.77.22.13
10.77.23.10
10.77.22.12
10.77.22.15
10.77.27.14
10.77.27.14
10.77.27.13
10.77.23.11
10.77.22.13
10.77.27.13
10.77.22.14
10.77.22.12
10.77.23.11
10.77.27.13
10.77.22.15
10.77.22.12
10.77.22.11
10.77.23.10
10.77.22.15
10.77.22.15
10.77.27.14
10.77.27.15
10.77.22.11
10.77.27.13
10.77.27.13
10.77.23.10
10.77.27.13
10.77.27.14
10.77.22.11
10.77.23.10
10.77.22.10
10.77.23.12
10.77.22.11
10.77.22.13
10.77.22.13
10.77.22.10
10.77.22.14
10.77.27.15
10.77.22.12
10.77.23.11
10.77.27.13
10.77.22.15
10.77.22.14
10.77.22.12
10.77.27.14
10.77.22.13
10.77.22.11
10.77.23.11
10.77.22.13
10.77.23.11
10.77.22.15
10.77.22.11
10.77.23.12
10.77.27.13
10.77.23.10
10.77.22.11
10.77.23.10
10.77.23.10
10.77.27.13
10.77.22.11
10.77.27.14
10.77.23.10
10.77.22.11
10.77.22.12
10.77.23.11
10.77.22.13
10.77.23.10
10.77.22.15
10.77.22.13
10.77.22.14
10.77.23.12
10.77.22.13
10.77.27.15
10.77.22.12
10.77.22.14
10.77.22.13
10.77.22.12
10.77.23.12
10.77.22.15
10.77.27.15
10.77.27.15
10.77.27.13
10.77.23.10
10.77.27.13
10.77.22.10
10.77.23.12
10.77.22.15
10.77.23.11
10.77.22.11
10.77.27.15
10.77.27.15
10.77.22.11
10.77.23.10
10.77.27.13
10.77.22.12
10.77.27.14
10.77.22.12
10.77.23.11
10.77.23.11
10.77.22.14
10.77.22.15
10.77.22.10
10.77.23.11
10.77.22.12
10.77.23.11
10.77.22.11
10.77.22.12
10.77.23.12
10.77.22.12
10.77.27.15
10.77.27.14
10.77.22.11
10.77.22.11
10.77.22.15
10.77.22.14
10.77.22.11
10.77.22.14
10.77.23.10
10.77.22.15
10.77.22.15
10.77.27.15
10.77.23.10
10.77.23.11
10.77.27.15
10.77.27.14
10.77.22.11
10.77.23.10
10.77.27.15
10.77.27.14
10.77.23.12
10.77.27.13
10.77.22.11
10.77.23.10
10.77.22.11
10.77.27.14
10.77.22.12
10.77.22.14
10.77.22.12
10.77.22.14
10.77.22.13
10.77.22.14
10.77.23.11
10.77.22.12
10.77.23.11
10.77.23.10
10.77.22.13
10.77.22.15
10.77.22.12
10.77.22.10
10.77.22.10
10.77.22.14
10.77.23.12
10.77.23.11
10.77.27.14
10.77.22.11
10.77.22.13
10.77.23.10
10.77.23.12
10.77.23.12
10.77.23.10
10.77.22.13
10.77.22.10
10.77.22.12
10.77.27.14
10.77.22.13
10.77.23.11
10.77.22.12
10.77.22.12
10.77.23.10
10.77.22.13
10.77.27.13
10.77.23.12
10.77.22.10
10.77.27.13
10.77.22.14
10.77.22.11
10.77.22.13
10.77.22.11
10.77.22.11
10.77.23.12
10.77.22.15
10.77.27.13
10.77.22.15
10.77.23.10
10.77.27.14
10.77.22.10
10.77.23.10
10.77.23.12
10.77.23.12
10.77.27.14
10.77.22.11
10.77.22.10
10.77.22.11
10.77.22.11
10.77.22.14
10.77.23.10
10.77.27.14
10.77.23.12
10.77.22.15
10.77.22.13
10.77.22.14
10.77.22.15
10.77.22.12
10.77.27.13
10.77.22.12
10.77.27.13
10.77.27.15
10.77.27.15
10.77.23.12
10.77.22.14
10.77.22.10
10.77.27.14
10.77.22.12
10.77.22.11
10.77.27.13
10.77.23.10
10.77.23.12
10.77.22.13
10.77.27.15
10.77.27.13
10.77.22.14
10.77.22.14
10.77.23.10
10.77.27.14
10.77.23.11
10.77.27.13
10.77.22.11
10.77.27.14
10.77.22.15
10.77.22.14
10.77.23.11
10.77.22.11
10.77.27.14
10.77.22.11
10.77.23.10
10.77.22.12
10.77.22.12
10.77.27.15
10.77.22.11
10.77.22.10
10.77.27.14
10.77.22.10
10.77.22.15
10.77.22.10
10.77.22.13
10.77.22.14
10.77.27.13
10.77.22.14
10.77.22.15
10.77.22.14
10.77.27.13
10.77.27.13
10.77.27.14
10.77.27.15
10.77.22.13
10.77.22.12
10.77.22.12
10.77.23.12
10.77.22.13
10.77.23.11
10.77.23.12
10.77.22.14
10.77.27.14
10.77.22.10
10.77.22.11
10.77.23.12
10.77.22.12
10.77.22.10
10.77.22.14
10.77.22.14
10.77.23.12
10.77.27.13
10.77.22.15
10.77.23.11
10.77.27.13
10.77.23.10
10.77.27.14
10.77.23.12
10.77.22.14
10.77.23.10
10.77.23.10
10.77.27.15
10.77.23.11
10.77.22.11
10.77.22.11
10.77.23.10
10.77.22.14
10.77.22.11
10.77.22.11
10.77.27.15
10.77.27.13
10.77.23.11
10.77.23.12
10.77.22.14
10.77.22.10
10.77.22.11
10.77.27.15
10.77.23.11
10.77.22.11
10.77.27.14
10.77.22.11
10.77.22.12
10.77.27.14
10.77.22.12
10.77.23.12
10.77.27.13
10.77.22.11
10.77.22.10
10.77.27.13
10.77.22.12
10.77.22.14
10.77.22.14
10.77.22.14
10.77.22.14
10.77.22.15
10.77.27.14
10.77.27.14
10.77.22.15
10.77.23.11
10.77.23.10
10.77.22.10
10.77.27.14
10.77.22.13
10.77.27.14
10.77.22.14
10.77.22.13
10.77.23.11
10.77.22.15
10.77.22.10
10.77.23.11
10.77.22.12
10.77.22.15
10.77.27.13
10.77.23.11
10.77.27.13
10.77.23.10
10.77.22.14
10.77.22.14
10.77.22.11
10.77.27.15
10.77.27.15
10.77.27.14
10.77.22.15
10.77.22.11
10.77.22.11
10.77.27.14
10.77.22.13
10.77.22.10
10.77.27.14
10.77.27.15
10.77.22.15
10.77.22.12
10.77.22.10
10.77.22.14
10.77.22.15
10.77.23.11
10.77.23.10
10.77.23.10
10.77.22.11
10.77.27.14
10.77.23.10
10.77.22.12
10.77.22.13
10.77.22.10
10.77.23.11
10.77.22.14
10.77.23.12
10.77.23.10
10.77.23.10
10.77.22.13
10.77.22.15
10.77.27.15
10.77.23.11
10.77.27.14
10.77.22.14
10.77.27.13
10.77.22.14
10.77.27.15
10.77.23.12
10.77.23.11
10.77.22.10
10.77.23.10
10.77.27.14
10.77.22.14
10.77.27.13
10.77.27.14
10.77.23.12
10.77.22.13
10.77.22.13
10.77.22.15
10.77.22.15
10.77.27.14
10.77.22.13
10.77.23.11
10.77.22.13
10.77.27.15
10.77.27.13
10.77.27.13
10.77.22.11
10.77.22.13
10.77.27.14
10.77.23.12
10.77.23.11
10.77.23.12
10.77.27.13
10.77.23.12
10.77.27.13
10.77.22.12
10.77.22.13
10.77.22.11
10.77.22.15
10.77.22.15
10.77.23.10
10.77.27.14
10.77.22.14
10.77.27.14
10.77.23.12
10.77.22.12
10.77.22.12
10.77.22.15
10.77.22.12
10.77.27.14
10.77.22.15
10.77.22.15
10.77.22.10
10.77.23.10
10.77.22.11
10.77.27.13
10.77.27.15
10.77.23.10
10.77.22.15
10.77.23.11
10.77.22.15
10.77.27.14
10.77.22.14
10.77.27.13
10.77.22.15
10.77.22.10
10.77.22.12
10.77.27.13
10.77.27.15
10.77.22.10
10.77.23.11
10.77.23.10
10.77.22.10
10.77.22.14
10.77.27.14
10.77.22.14
10.77.23.12
10.77.27.14
10.77.23.11
10.77.23.12
10.77.23.12
10.77.27.13
10.77.22.14
10.77.22.15
10.77.27.13
10.77.22.13
10.77.23.12
10.77.27.13
10.77.22.12
10.77.22.14
10.77.27.13
10.77.27.14
10.77.23.11
10.77.22.10
10.77.23.10
10.77.23.11
10.77.27.13
10.77.22.10
10.77.23.12
10.77.27.14
10.77.22.15
10.77.22.15
10.77.22.13
10.77.23.10
10.77.27.13
10.77.22.11
10.77.27.13
10.77.23.11
10.77.22.14
10.77.27.14
10.77.22.10
10.77.27.14
10.77.22.11
10.77.27.14
10.77.27.15
10.77.23.10
10.77.27.14
10.77.23.11
10.77.27.15
10.77.22.10
10.77.22.10
10.77.22.13
10.77.22.14
10.77.22.13
10.77.23.12
10.77.22.14
10.77.23.11
10.77.23.12
10.77.27.14
10.77.22.13
10.77.27.14
10.77.22.12
10.77.22.11
10.77.27.14
10.77.22.11
10.77.22.11
10.77.22.15
10.77.22.11
10.77.22.14
10.77.22.12
10.77.27.14
10.77.27.14
10.77.23.12
10.77.27.13
10.77.27.14
10.77.27.15
10.77.23.11
10.77.22.11
10.77.22.11
10.77.22.10
10.77.22.11
10.77.23.10
10.77.27.14
10.77.22.14
10.77.22.10
10.77.22.13
10.77.22.11
10.77.22.14
10.77.22.14
10.77.22.12
10.77.22.15
10.77.22.12
10.77.22.12
10.77.23.11
10.77.22.15
10.77.22.14
10.77.27.15
10.77.27.14
10.77.22.15
10.77.22.12
10.77.27.15
10.77.23.12
10.77.22.10
10.77.27.14
10.77.27.15
10.77.22.10
10.77.22.10
10.77.23.11
10.77.22.10
10.77.23.11
10.77.22.10
10.77.27.13
10.77.23.12
10.77.23.10
10.77.22.15
10.77.22.12
10.77.23.10
10.77.22.15
10.77.27.13
10.77.23.11
10.77.23.11
10.77.27.15
10.77.22.15
10.77.27.13
10.77.22.10
10.77.22.10
10.77.22.14
10.77.27.13
10.77.27.15
10.77.27.13
10.77.23.12
10.77.22.14
10.77.23.10
10.77.27.13
10.77.23.11
10.77.27.15
10.77.23.12
10.77.22.12
10.77.22.14
10.77.23.11
10.77.23.11
10.77.27.14
10.77.27.14
10.77.22.10
10.77.22.11
10.77.27.15
10.77.23.10
10.77.23.12
10.77.22.11
10.77.22.14
10.77.27.13
10.77.22.10
10.77.23.12
10.77.23.12
10.77.23.11
10.77.23.10
10.77.27.13
10.77.27.15
10.77.23.12
10.77.23.10
10.77.23.10
10.77.27.15
10.77.23.10
10.77.27.13
10.77.23.12
10.77.23.10
10.77.22.11
10.77.22.10
10.77.22.12
10.77.23.10
10.77.27.15
10.77.22.13
10.77.22.10
10.77.22.11
10.77.23.10
10.77.27.15
10.77.23.12
10.77.27.15
10.77.27.15
10.77.22.14
10.77.22.15
10.77.22.11
10.77.22.14
10.77.27.14
10.77.22.11
10.77.22.12
10.77.23.12
10.77.22.15
10.77.22.14
10.77.22.15
10.77.22.14
10.77.22.15
10.77.23.11
10.77.22.14
10.77.22.13
10.77.27.14
10.77.27.14
10.77.22.13
10.77.23.11
10.77.27.13
10.77.23.12
10.77.27.14
10.77.23.12
10.77.23.11
10.77.27.15
10.77.27.15
10.77.22.14
10.77.22.15
10.77.23.10
10.77.22.15
10.77.27.14
10.77.22.11
10.77.22.15
10.77.22.12
10.77.22.13
10.77.22.14
10.77.22.11
10.77.23.10
10.77.22.10
10.77.22.14
10.77.22.11
10.77.22.14
10.77.27.13
10.77.23.12
10.77.22.10
10.77.22.10
10.77.27.13
10.77.22.14
10.77.22.10
10.77.23.10
10.77.27.15
10.77.27.13
10.77.23.10
10.77.23.10
10.77.22.10
10.77.23.10
10.77.22.11
10.77.22.10
10.77.22.11
10.77.27.14
10.77.23.12
10.77.27.13
10.77.23.10
10.77.27.15
10.77.23.10
10.77.23.12
10.77.22.14
10.77.22.15
10.77.22.15
10.77.23.10
10.77.22.14
10.77.22.12
10.77.22.13
10.77.22.14
10.77.27.15
10.77.27.15
10.77.22.12
10.77.22.10
10.77.22.13
10.77.23.11
10.77.22.14
10.77.27.13
10.77.22.14
10.77.27.13
10.77.27.13
10.77.27.15
10.77.27.15
10.77.27.13
10.77.23.11
10.77.23.10
10.77.23.11
10.77.22.11
10.77.23.12
10.77.27.15
10.77.23.12
10.77.27.15
10.77.22.14
10.77.27.15
10.77.27.14
10.77.27.13
10.77.22.10
10.77.27.14
10.77.23.10
10.77.22.15
10.77.22.15
10.77.22.15
10.77.22.11
10.77.22.10
10.77.22.12
10.77.22.11
10.77.22.13
10.77.22.12
10.77.22.11
10.77.22.12
10.77.22.12
10.77.22.10
10.77.22.15
10.77.27.14
10.77.22.10
10.77.27.13
10.77.22.13
10.77.27.14
10.77.23.11
10.77.23.12
10.77.22.14
10.77.22.10
10.77.22.15
10.77.23.12
10.77.27.13
10.77.23.11
10.77.22.14
10.77.22.11
10.77.27.15
10.77.22.15
10.77.22.11
10.77.23.10
10.77.22.10
10.77.23.10
10.77.22.10
10.77.22.10
10.77.27.15
10.77.22.10
10.77.23.10
10.77.23.10
10.77.23.11
10.77.22.11
10.77.22.12
10.77.23.11
10.77.23.10
10.77.27.15
10.77.22.13
10.77.22.14
10.77.23.10
10.77.22.14
10.77.23.12
10.77.22.12
10.77.23.12
10.77.27.13
10.77.23.10
10.77.23.12
10.77.27.15
10.77.27.13
10.77.22.10
10.77.22.15
10.77.22.15
10.77.27.15
10.77.22.12
10.77.22.14
10.77.22.13
10.77.22.12
10.77.22.13
10.77.27.15
10.77.22.15
10.77.27.15
10.77.27.15
10.77.22.13
10.77.22.15
10.77.23.11
10.77.22.14
10.77.23.11
10.77.22.10
10.77.27.14
10.77.27.14
10.77.22.14
10.77.23.12
10.77.22.12
10.77.22.10
10.77.22.15
10.77.27.14
10.77.27.13
10.77.23.11
10.77.22.13
10.77.27.14
10.77.22.11
10.77.22.15
10.77.27.13
10.77.23.12
10.77.22.11
10.77.22.15
10.77.22.11
10.77.22.10
10.77.22.12
10.77.27.14
10.77.27.14
10.77.23.10
10.77.22.15
10.77.27.14
10.77.22.15
10.77.23.10
10.77.22.15
10.77.22.14
10.77.22.13
10.77.22.11
10.77.27.15
10.77.22.12
10.77.23.11
10.77.27.13
10.77.22.15
10.77.22.12
10.77.27.13
10.77.22.12
10.77.23.12
10.77.23.11
10.77.22.12
10.77.27.15
10.77.23.11
10.77.27.14
10.77.27.15
10.77.22.15
10.77.27.13
10.77.22.12
10.77.22.13
10.77.27.15
10.77.22.14
10.77.22.14
10.77.23.10
10.77.23.11
10.77.27.13
10.77.27.15
10.77.27.15
10.77.27.13
10.77.27.14
10.77.22.11
10.77.22.10
10.77.23.10
10.77.22.15
10.77.22.11
10.77.23.11
10.77.27.13
10.77.23.10
10.77.22.10
10.77.27.13
10.77.22.15
10.77.27.13
10.77.23.12
10.77.23.12
10.77.27.14
10.77.23.12
10.77.27.15
10.77.22.11
10.77.23.10
10.77.22.15
10.77.22.13
10.77.22.15
10.77.27.13
10.77.22.10
10.77.22.13
10.77.22.14
10.77.27.13
10.77.22.11
10.77.22.13
10.77.22.14
10.77.23.11
10.77.22.13
10.77.22.11
10.77.22.14
10.77.22.13
10.77.22.11
10.77.22.15
10.77.23.12
10.77.22.14
10.77.22.14
10.77.23.12
10.77.23.10
10.77.27.13
10.77.27.15
10.77.27.15
10.77.23.11
10.77.23.11
10.77.27.13
10.77.27.13
10.77.27.14
10.77.22.13
10.77.27.15
10.77.22.11
10.77.23.10
10.77.22.12
10.77.27.15
10.77.22.10
10.77.23.10
10.77.23.12
10.77.22.13
10.77.22.12
10.77.22.10
10.77.23.11
10.77.22.10
10.77.22.10
10.77.27.15
10.77.23.12
10.77.27.13
10.77.23.10
10.77.22.11
10.77.22.12
10.77.23.10
10.77.22.14
10.77.23.10
10.77.22.11
10.77.22.11
10.77.27.14
10.77.27.13
10.77.22.12
10.77.22.13
10.77.23.10
10.77.22.11
10.77.22.10
10.77.22.11
10.77.22.10
10.77.22.10
10.77.27.15
10.77.22.12
10.77.23.10
10.77.22.13
10.77.22.10
10.77.22.12
10.77.22.10
10.77.22.12
10.77.23.11
10.77.22.10
10.77.22.11
10.77.22.10
10.77.23.11
10.77.27.14
10.77.23.12
10.77.27.13
10.77.27.14
10.77.22.10
10.77.22.15
10.77.22.13
10.77.23.11
10.77.22.11
10.77.27.13
10.77.23.11
10.77.22.11
10.77.22.12
10.77.22.12
10.77.23.10
10.77.22.11
10.77.23.10
10.77.27.14
10.77.23.10
10.77.22.10
10.77.27.15
10.77.27.13
10.77.27.13
10.77.22.12
10.77.23.11
10.77.23.10
10.77.22.14
10.77.22.10
10.77.23.11
10.77.27.15
10.77.22.13
10.77.22.12
10.77.27.13
10.77.23.10
10.77.23.12
10.77.22.13
10.77.23.12
10.77.22.11
10.77.22.12
10.77.23.10
10.77.22.12
10.77.27.14
10.77.23.12
10.77.23.10
10.77.22.15
10.77.22.11
10.77.22.12
10.77.22.15
10.77.22.10
10.77.23.10
10.77.23.12
10.77.23.12
10.77.22.10
10.77.23.10
10.77.22.14
10.77.22.13
10.77.23.10
10.77.23.11
10.77.22.12
10.77.27.14
10.77.27.14
10.77.22.15
10.77.22.13
10.77.27.14
10.77.27.14
10.77.22.15
10.77.22.12
10.77.23.11
10.77.27.14
10.77.23.10
10.77.27.14
10.77.23.12
10.77.23.11
10.77.23.12
10.77.22.12
10.77.23.10
10.77.27.15
10.77.22.15
10.77.22.13
10.77.27.14
10.77.22.14
10.77.22.14
10.77.27.13
10.77.27.13
10.77.27.13
10.77.27.14
10.77.22.14
10.77.27.15
10.77.22.13
10.77.27.13
10.77.27.13
10.77.23.10
10.77.22.15
10.77.27.13
10.77.23.11
10.77.22.10
10.77.27.13
10.77.23.10
10.77.22.14
10.77.27.15
10.77.23.12
10.77.27.14
10.77.23.10
10.77.22.15
10.77.27.14
10.77.22.12
10.77.23.10
10.77.22.14
10.77.22.12
10.77.22.14
10.77.23.11
10.77.27.13
10.77.22.13
10.77.22.10
10.77.22.12
10.77.22.12
10.77.22.10
10.77.22.10
10.77.27.14
10.77.23.10
10.77.22.13
10.77.23.11
10.77.22.11
10.77.22.11
10.77.27.15
10.77.22.15
10.77.27.15
10.77.22.11
10.77.27.13
10.77.23.12
10.77.27.14
10.77.27.14
10.77.22.14
10.77.22.12
10.77.23.11
10.77.22.12
10.77.23.12
10.77.27.13
10.77.27.13
10.77.22.10
10.77.23.11
10.77.22.11
10.77.27.15
10.77.22.14
10.77.27.14
10.77.23.11
10.77.22.14
10.77.23.11
10.77.27.13
10.77.22.13
10.77.22.11
10.77.27.15
10.77.22.10
10.77.27.14
10.77.22.14
10.77.27.14
10.77.23.12
10.77.22.15
10.77.22.14
10.77.22.10
10.77.22.14
10.77.23.10
10.77.23.10
10.77.27.13
10.77.22.15
10.77.22.10
10.77.27.14
10.77.22.10
10.77.22.10
10.77.22.12
10.77.22.14
10.77.22.13
10.77.23.11
10.77.22.11
10.77.22.10
10.77.23.10
10.77.22.11
10.77.23.10
10.77.22.15
10.77.27.13
10.77.27.15
10.77.22.13
10.77.22.11
10.77.27.14
10.77.27.13
10.77.23.11
10.77.22.14
10.77.22.15
10.77.23.12
10.77.27.14
10.77.22.10
10.77.22.12
10.77.27.13
10.77.22.12
10.77.27.13
10.77.23.12
10.77.22.12
10.77.27.15
10.77.22.12
10.77.22.13
10.77.23.11
10.77.22.12
10.77.27.15
10.77.27.15
10.77.22.14
10.77.27.15
10.77.23.12
10.77.22.13
10.77.22.12
10.77.23.10
10.77.22.15
10.77.22.10
10.77.27.14
10.77.22.13
10.77.22.14
10.77.22.11
10.77.22.12
10.77.22.12
10.77.22.12
10.77.22.15
10.77.22.12
10.77.27.15
10.77.27.13
10.77.22.13
10.77.22.14
10.77.22.11
10.77.22.10
10.77.22.13
10.77.22.13
10.77.22.10
10.77.22.10
10.77.22.13
10.77.23.10
10.77.27.13
10.77.27.13
10.77.22.14
10.77.27.15
10.77.22.14
10.77.27.13
10.77.27.15
10.77.22.13
10.77.22.15
10.77.27.14
10.77.27.13
10.77.22.13
10.77.22.10
10.77.22.11
10.77.22.12
10.77.27.14
10.77.22.10
10.77.27.13
10.77.23.11
10.77.22.15
10.77.27.13
10.77.22.15
10.77.22.13
10.77.23.11
10.77.27.15
10.77.23.12
10.77.22.15
10.77.27.14
10.77.22.11
10.77.23.11
10.77.22.12
10.77.23.10
10.77.22.15
10.77.22.14
10.77.27.15
10.77.23.10
10.77.22.15
10.77.22.13
10.77.23.10
10.77.22.15
10.77.22.13
10.77.22.13
10.77.23.11
10.77.22.11
10.77.22.14
10.77.23.12
10.77.27.13
10.77.22.12
10.77.23.10
10.77.23.12
10.77.23.12
10.77.22.10
10.77.22.15
10.77.22.11
10.77.23.11
10.77.23.10
10.77.23.11
10.77.22.12
10.77.23.10
10.77.22.11
10.77.27.13
10.77.22.12
10.77.22.13
10.77.27.13
10.77.23.12
10.77.22.11
10.77.27.15
10.77.22.15
10.77.22.15
10.77.27.15
10.77.22.13
10.77.23.10
10.77.22.10
10.77.23.10
10.77.23.11
10.77.22.13
10.77.27.15
10.77.22.10
10.77.22.15
10.77.23.12
10.77.22.13
10.77.22.10
10.77.27.13
10.77.23.10
10.77.22.13
10.77.27.15
10.77.27.15
10.77.27.15
10.77.23.11
10.77.22.15
10.77.27.14
10.77.22.12
10.77.27.14
10.77.22.12
10.77.22.10
10.77.22.11
10.77.27.14
10.77.23.10
10.77.22.14
10.77.22.13
10.77.22.11
10.77.23.10
10.77.22.10
10.77.22.12
10.77.22.14
10.77.27.14
10.77.23.11
10.77.22.13
10.77.22.13
10.77.23.10
10.77.22.13
10.77.27.13
10.77.23.12
10.77.22.15
10.77.22.10
10.77.22.10
10.77.22.10
10.77.27.14
10.77.23.11
10.77.23.12
10.77.27.14
10.77.27.14
10.77.22.15
10.77.23.10
10.77.23.10
10.77.22.15
10.77.22.13
10.77.27.14
10.77.22.11
10.77.23.10
10.77.27.14
10.77.27.14
10.77.23.11
10.77.22.10
10.77.27.13
10.77.22.10
10.77.22.12
10.77.22.10
10.77.27.14
10.77.22.15
10.77.22.12
10.77.22.11
10.77.27.13
10.77.23.11
10.77.22.15
10.77.22.11
10.77.27.14
10.77.27.14
10.77.22.11
10.77.22.12
10.77.22.13
10.77.22.10
10.77.22.13
10.77.27.15
10.77.22.14
10.77.27.14
10.77.22.14
10.77.23.11
10.77.22.10
10.77.23.10
10.77.22.14
10.77.27.13
10.77.27.15
10.77.22.13
10.77.22.10
10.77.22.12
10.77.27.14
10.77.22.15
10.77.22.12
10.77.27.13
10.77.23.11
10.77.22.14
10.77.23.11
10.77.22.14
10.77.22.13
10.77.22.14
10.77.27.13
10.77.23.11
10.77.22.15
10.77.22.11
10.77.23.11
10.77.22.11
10.77.23.12
10.77.23.12
10.77.22.14
10.77.23.11
10.77.22.14
10.77.22.15
10.77.22.11
10.77.22.14
10.77.22.14
10.77.22.10
10.77.23.12
10.77.27.14
10.77.27.14
10.77.22.12
10.77.23.12
10.77.22.14
10.77.27.13
10.77.23.10
10.77.27.15
10.77.23.10
10.77.22.13
10.77.23.10
10.77.23.11
10.77.23.12
10.77.22.14
10.77.23.12
10.77.27.13
10.77.22.13
10.77.22.14
10.77.22.11
10.77.27.15
10.77.23.10
10.77.22.13
10.77.27.15
10.77.23.11
10.77.22.14
10.77.27.15
10.77.22.10
10.77.27.14
10.77.27.13
10.77.22.11
10.77.23.11
10.77.23.12
10.77.23.11
10.77.27.14
10.77.27.13
10.77.27.15
10.77.22.13
10.77.27.15
10.77.22.11
10.77.27.13
10.77.22.13
10.77.23.10
10.77.23.11
10.77.22.10
10.77.23.10
10.77.22.15
10.77.23.11
10.77.22.13
10.77.22.14
10.77.27.14
10.77.27.14
10.77.22.11
10.77.27.14
10.77.22.11
10.77.22.10
10.77.27.15
10.77.23.12
10.77.22.11
10.77.22.13
10.77.22.14
10.77.23.11
10.77.22.12
10.77.22.14
10.77.22.14
10.77.27.13
10.77.22.11
10.77.23.12
10.77.27.13
10.77.27.13
10.77.22.10
10.77.23.10
10.77.22.11
10.77.27.14
10.77.27.15
10.77.23.12
10.77.22.14
10.77.22.10
10.77.22.10
10.77.22.13
10.77.22.11
10.77.22.15
10.77.22.12
10.77.27.14
10.77.22.15
10.77.22.15
10.77.27.15
10.77.23.11
10.77.22.12
10.77.22.10
10.77.22.14
10.77.22.11
10.77.22.14
10.77.22.11
10.77.23.12
10.77.22.10
10.77.27.14
10.77.27.13
10.77.22.14
10.77.27.15
10.77.27.13
10.77.22.15
10.77.27.14
10.77.22.11
10.77.22.15
10.77.23.11
10.77.22.14
10.77.22.13
10.77.22.10
10.77.23.12
10.77.22.13
10.77.27.14
10.77.22.10
10.77.22.15
10.77.22.10
10.77.27.13
10.77.22.11
10.77.23.12
10.77.27.15
10.77.23.11
10.77.22.14
10.77.22.12
10.77.22.10
10.77.23.10
10.77.23.10
10.77.23.12
10.77.27.13
10.77.22.13
10.77.27.15
10.77.22.15
10.77.27.15
10.77.27.13
10.77.27.15
10.77.27.13
10.77.23.12
10.77.22.15
10.77.22.15
10.77.22.12
10.77.23.11
10.77.27.14
10.77.27.14
10.77.27.15
10.77.23.10
10.77.22.15
10.77.22.15
10.77.22.12
10.77.22.12
10.77.27.14
10.77.22.11
10.77.23.12
10.77.22.10
10.77.22.15
10.77.22.15
10.77.22.12
10.77.23.11
10.77.27.15
10.77.27.15
10.77.22.13
10.77.22.11
10.77.27.15
10.77.23.11
10.77.27.13
10.77.22.15
10.77.22.10
10.77.23.10
10.77.23.11
10.77.23.10
10.77.22.12
10.77.22.14
10.77.23.10
10.77.27.13
10.77.23.11
10.77.27.14
10.77.27.13
10.77.22.10
10.77.22.11
10.77.23.12
10.77.22.10
10.77.22.14
10.77.23.12
10.77.23.12
10.77.27.15
10.77.27.15
10.77.22.11
10.77.23.11
10.77.23.12
10.77.23.11
10.77.22.10
10.77.22.14
10.77.22.14
10.77.22.10
10.77.22.15
10.77.22.14
10.77.22.13
10.77.22.15
10.77.27.13
10.77.22.12
10.77.22.11
10.77.22.13
10.77.27.15
10.77.27.14
10.77.22.10
10.77.22.15
10.77.23.11
10.77.22.15
10.77.23.10
10.77.23.12
10.77.22.10
10.77.27.14
10.77.23.12
10.77.27.13
10.77.22.15
10.77.22.14
10.77.27.15
10.77.22.12
10.77.23.12
10.77.23.10
10.77.23.11
10.77.22.12
10.77.22.11
10.77.23.11
10.77.22.11
10.77.23.10
10.77.22.12
10.77.22.14
10.77.22.10
10.77.22.15
10.77.22.13
10.77.23.12
10.77.23.10
10.77.27.15
10.77.27.13
10.77.22.10
10.77.22.14
10.77.22.14
10.77.27.13
10.77.23.11
10.77.23.12
10.77.22.12
10.77.22.13
10.77.23.10
10.77.23.12
10.77.23.11
10.77.23.11
10.77.27.13
10.77.23.11
10.77.22.12
10.77.22.10
10.77.22.15
10.77.22.13
10.77.22.15
10.77.22.11
10.77.27.13
10.77.23.11
10.77.23.10
10.77.22.14
10.77.23.10
10.77.22.10
10.77.22.13
10.77.23.12
10.77.27.13
10.77.23.11
10.77.27.15
10.77.27.13
10.77.23.12
10.77.22.11
10.77.22.15
10.77.22.14
10.77.22.12
10.77.23.12
10.77.22.11
10.77.22.11
10.77.23.10
10.77.22.13
10.77.23.11
10.77.22.10
10.77.22.15
10.77.27.14
10.77.22.11
10.77.23.11
10.77.22.14
10.77.23.10
10.77.22.12
10.77.22.13
10.77.27.13
10.77.23.12
10.77.22.13
10.77.27.13
10.77.22.11
10.77.27.13
10.77.27.13
10.77.27.15
10.77.27.13
10.77.27.13
10.77.23.10
10.77.22.14
10.77.27.13
10.77.22.12
10.77.27.13
10.77.22.12
10.77.27.15
10.77.22.13
10.77.22.12
10.77.27.13
10.77.22.11
10.77.27.14
10.77.22.11
10.77.22.11
10.77.22.11
10.77.22.14
10.77.22.13
10.77.27.15
10.77.23.12
10.77.23.10
10.77.23.11
10.77.27.13
10.77.23.10
10.77.27.15
10.77.27.15
10.77.27.13
10.77.22.13
10.77.22.14
10.77.22.11
10.77.23.10
10.77.27.15
10.77.22.14
10.77.27.13
10.77.23.11
10.77.27.15
10.77.23.12
10.77.22.12
10.77.22.13
10.77.27.15
10.77.22.14
10.77.23.11
10.77.23.10
10.77.27.15
10.77.22.11
10.77.23.11
10.77.22.10
10.77.22.14
10.77.22.11
10.77.22.15
10.77.23.10
10.77.27.15
10.77.23.12
10.77.23.12
10.77.23.12
10.77.22.11
10.77.22.13
10.77.22.15
10.77.22.13
10.77.22.14
10.77.22.13
10.77.22.14
10.77.22.12
10.77.27.15
10.77.27.15
10.77.27.15
10.77.22.10
10.77.27.15
10.77.22.10
10.77.22.12
10.77.22.14
10.77.22.14
10.77.27.14
10.77.23.12
10.77.22.10
10.77.22.12
10.77.27.13
10.77.27.14
10.77.22.12
10.77.22.15
10.77.23.11
10.77.22.10
10.77.22.14
10.77.23.11
10.77.23.10
10.77.27.13
10.77.22.14
10.77.23.12
10.77.27.14
10.77.22.13
10.77.23.10
10.77.22.14
10.77.27.14
10.77.27.13
10.77.22.14
10.77.27.13
10.77.22.10
10.77.22.12
10.77.23.10
10.77.27.13
10.77.27.13
10.77.22.13
10.77.22.13
10.77.22.14
10.77.22.12
10.77.22.12
10.77.27.13
10.77.22.13
10.77.22.10
10.77.23.12
10.77.23.12
10.77.23.12
10.77.27.15
10.77.27.13
10.77.23.11
10.77.22.13
10.77.27.14
10.77.22.12
10.77.22.12
10.77.22.13
10.77.22.12
10.77.27.14
10.77.22.12
10.77.22.11
10.77.22.11
10.77.22.11
10.77.23.10
10.77.22.11
10.77.23.12
10.77.22.15
10.77.22.15
10.77.22.12
10.77.23.10
10.77.27.15
10.77.22.10
10.77.22.15
10.77.23.11
10.77.27.14
10.77.23.11
10.77.27.14
10.77.22.12
10.77.23.12
10.77.22.14
10.77.22.15
10.77.23.11
10.77.22.13
10.77.22.11
10.77.23.10
10.77.27.13
10.77.22.13
10.77.22.11
10.77.27.13
10.77.27.14
10.77.23.12
10.77.27.15
10.77.27.15
10.77.22.12
10.77.23.12
10.77.27.15
10.77.22.10
10.77.27.15
10.77.23.12
10.77.22.11
10.77.27.15
10.77.22.10
10.77.22.11
10.77.23.12
10.77.27.13
10.77.22.12
10.77.22.11
10.77.22.13
10.77.22.12
10.77.27.15
10.77.22.11
10.77.27.13
10.77.22.11
10.77.22.12
10.77.27.15
10.77.22.11
10.77.27.15
10.77.23.10
10.77.22.12
10.77.23.12
10.77.27.15
10.77.27.15
10.77.22.10
10.77.23.10
10.77.22.13
10.77.22.10
10.77.22.13
10.77.27.14
10.77.23.12
10.77.22.12
10.77.22.12
10.77.22.10
10.77.22.13
10.77.22.12
10.77.23.12
10.77.23.10
10.77.22.13
10.77.23.12
10.77.27.14
10.77.22.12
10.77.27.14
10.77.23.11
10.77.23.12
10.77.23.10
10.77.23.11
10.77.23.10
10.77.27.15
10.77.27.13
10.77.23.11
10.77.22.11
10.77.23.10
10.77.22.12
10.77.23.10
10.77.22.13
10.77.27.15
10.77.22.10
10.77.22.13
10.77.23.10
10.77.23.11
10.77.27.15
10.77.23.11
10.77.23.10
10.77.22.12
10.77.23.11
10.77.27.15
10.77.27.15
10.77.22.14
10.77.23.11
10.77.23.10
10.77.23.12
10.77.27.14
10.77.27.13
10.77.23.10
10.77.22.13
10.77.22.15
10.77.22.14
10.77.22.15
10.77.22.13
10.77.22.10
10.77.22.13
10.77.22.15
10.77.27.14
10.77.22.14
10.77.22.15
10.77.22.15
10.77.27.15
10.77.22.15
10.77.23.12
10.77.23.11
10.77.22.11
10.77.22.14
10.77.27.14
10.77.22.13
10.77.27.14
10.77.27.14
10.77.27.13
10.77.22.14
10.77.27.14
10.77.22.14
10.77.22.13
10.77.22.10
10.77.22.13
10.77.22.14
10.77.23.11
10.77.27.14
10.77.22.12
10.77.22.10
10.77.22.10
10.77.22.15
10.77.27.14
10.77.23.10
10.77.22.15
10.77.27.14
10.77.22.11
10.77.22.10
10.77.22.10
10.77.22.10
10.77.27.13
10.77.27.13
10.77.22.10
10.77.22.15
10.77.22.14
10.77.23.11
10.77.27.15
10.77.27.13
10.77.22.13
10.77.27.13
10.77.27.14
10.77.23.10
10.77.27.15
10.77.27.13
10.77.22.11
10.77.23.11
10.77.22.14
10.77.23.11
10.77.23.11
10.77.22.14
10.77.22.15
10.77.22.10
10.77.22.15
10.77.22.10
10.77.23.11
10.77.22.14
10.77.27.13
10.77.22.15
10.77.22.15
10.77.23.10
10.77.22.10
10.77.22.15
10.77.27.14
10.77.22.13
10.77.22.15
10.77.27.13
10.77.22.13
10.77.22.10
10.77.22.13
10.77.22.14
10.77.22.13
10.77.22.14
10.77.22.13
10.77.22.15
10.77.27.15
10.77.23.12
10.77.22.13
10.77.22.15
10.77.22.15
10.77.22.15
10.77.22.14
10.77.23.10
10.77.27.13
10.77.23.10
10.77.27.14
10.77.22.14
10.77.22.15
10.77.22.11
10.77.27.14
10.77.22.12
10.77.22.10
10.77.22.15
10.77.23.12
10.77.23.11
10.77.27.13
10.77.23.11
10.77.22.11
10.77.22.15
10.77.22.13
10.77.22.15
10.77.22.15
10.77.27.13
10.77.27.15
10.77.22.13
10.77.23.12
10.77.23.11
10.77.22.13
10.77.22.12
10.77.22.11
10.77.22.10
10.77.22.13
10.77.22.14
10.77.22.10
10.77.22.13
10.77.23.11
10.77.22.13
10.77.22.12
10.77.22.15
10.77.27.15
10.77.22.14
10.77.23.12
10.77.27.13
10.77.27.14
10.77.22.11
10.77.22.13
10.77.22.15
10.77.22.12
10.77.27.14
10.77.22.13
10.77.22.15
10.77.22.14
10.77.23.12
10.77.22.14
10.77.22.14
10.77.22.12
10.77.23.11
10.77.23.12
10.77.22.13
10.77.22.13
10.77.27.14
10.77.23.11
10.77.22.15
10.77.27.13
10.77.23.11
10.77.22.12
10.77.27.14
10.77.22.11
10.77.22.14
10.77.27.15
10.77.23.10
10.77.27.15
10.77.27.15
10.77.22.12
10.77.22.11
10.77.22.12
10.77.22.14
10.77.23.11
10.77.22.14
10.77.22.10
10.77.23.12
10.77.27.14
10.77.22.12
10.77.22.10
10.77.27.15
10.77.23.12
10.77.22.11
10.77.22.10
10.77.22.12
10.77.22.12
10.77.22.10
10.77.22.12
10.77.27.14
10.77.23.10
10.77.27.15
10.77.22.11
10.77.22.11
10.77.22.13
10.77.22.12
10.77.22.12
10.77.23.12
10.77.27.15
10.77.23.10
10.77.23.12
10.77.22.13
10.77.22.11
10.77.22.10
10.77.23.12
10.77.23.12
10.77.23.11
10.77.23.10
10.77.22.14
10.77.27.14
10.77.23.11
10.77.23.12
10.77.23.12
10.77.23.10
10.77.27.14
10.77.23.10
10.77.22.10
10.77.22.12
10.77.22.15
10.77.27.15
10.77.23.11
10.77.22.14
10.77.22.15
10.77.23.12
10.77.27.14
10.77.23.10
10.77.23.11
10.77.23.11
10.77.22.10
10.77.22.15
10.77.22.13
10.77.22.10
10.77.27.14
10.77.22.13
10.77.27.14
10.77.27.15
10.77.22.15
10.77.27.15
10.77.27.14
10.77.22.13
10.77.22.12
10.77.22.15
10.77.23.12
10.77.23.12
10.77.22.13
10.77.27.14
10.77.23.10
10.77.27.13
10.77.27.14
10.77.27.15
10.77.22.15
10.77.22.10
10.77.22.15
10.77.22.11
10.77.27.15
10.77.23.12
10.77.22.12
10.77.23.12
10.77.27.14
10.77.22.13
10.77.23.10
10.77.22.14
10.77.27.15
10.77.22.14
10.77.27.15
10.77.22.11
10.77.27.14
10.77.22.13
10.77.27.15
10.77.27.13
10.77.22.10
10.77.23.12
10.77.22.14
10.77.22.11
10.77.23.12
10.77.22.12
10.77.23.10
10.77.22.12
10.77.23.11
10.77.22.11
10.77.23.12
10.77.22.13
10.77.27.13
10.77.22.15
10.77.23.11
10.77.22.12
10.77.23.12
10.77.22.14
10.77.22.10
10.77.23.10
10.77.23.11
10.77.27.15
10.77.22.15
10.77.22.13
10.77.23.11
10.77.22.10
10.77.22.10
10.77.22.13
10.77.22.15
10.77.27.15
10.77.22.12
10.77.27.14
10.77.22.12
10.77.22.11
10.77.22.10
10.77.22.12
10.77.22.10
10.77.23.11
10.77.23.10
10.77.22.11
10.77.22.11
10.77.23.10
10.77.22.15
10.77.22.11
10.77.27.15
10.77.27.14
10.77.27.15
10.77.27.13
10.77.23.11
10.77.22.11
10.77.22.13
10.77.22.10
10.77.23.10
10.77.23.10
10.77.23.12
10.77.22.11
10.77.22.13
10.77.23.12
10.77.27.15
10.77.23.11
10.77.23.10
10.77.27.14
10.77.27.13
10.77.23.10
10.77.22.15
10.77.23.10
10.77.27.14
10.77.22.13
10.77.27.14
10.77.22.14
10.77.22.11
10.77.27.14
10.77.22.12
10.77.27.14
10.77.22.11
10.77.23.10
10.77.27.15
10.77.22.15
10.77.22.11
10.77.22.15
10.77.27.13
10.77.23.10
10.77.22.11
10.77.27.14
10.77.22.11
10.77.22.13
10.77.22.13
10.77.27.14
10.77.22.14
10.77.22.15
10.77.23.11
10.77.22.15
10.77.22.11
10.77.22.15
10.77.23.10
10.77.22.10
10.77.23.12
10.77.22.11
10.77.23.12
10.77.27.15
10.77.27.15
10.77.23.10
10.77.23.12
10.77.22.14
10.77.27.14
10.77.22.11
10.77.27.14
10.77.22.11
10.77.23.10
10.77.23.10
10.77.27.14
10.77.27.14
10.77.22.11
10.77.22.10
10.77.22.12
10.77.22.13
10.77.27.15
10.77.22.10
10.77.27.15
10.77.23.10
10.77.27.13
10.77.23.12
10.77.22.12
10.77.22.15
10.77.27.15
10.77.22.14
10.77.23.10
10.77.22.10
10.77.22.11
10.77.27.14
10.77.27.15
10.77.23.12
10.77.22.13
10.77.22.13
10.77.22.10
10.77.22.14
10.77.27.13
10.77.22.11
10.77.27.14
10.77.27.13
10.77.22.13
10.77.22.10
10.77.27.14
10.77.22.10
10.77.22.15
10.77.22.12
10.77.27.14
10.77.22.10
10.77.23.11
10.77.22.11
10.77.22.10
10.77.22.15
10.77.27.15
10.77.22.10
10.77.22.14
10.77.27.13
10.77.22.13
10.77.22.14
10.77.22.13
10.77.27.14
10.77.27.13
10.77.23.11
10.77.27.13
10.77.22.14
10.77.22.10
10.77.23.12
10.77.22.15
10.77.22.12
10.77.22.11
10.77.22.15
10.77.22.12
10.77.23.10
10.77.22.14
10.77.23.10
10.77.22.10
10.77.22.13
10.77.22.11
10.77.27.15
10.77.22.10
10.77.27.13
10.77.22.12
10.77.22.12
10.77.22.12
10.77.22.11
10.77.22.15
10.77.27.14
10.77.22.11
10.77.27.14
10.77.27.15
10.77.23.12
10.77.22.10
10.77.27.13
10.77.23.11
10.77.22.10
10.77.23.11
10.77.27.13
10.77.22.15
10.77.22.14
10.77.22.12
10.77.22.12
10.77.22.11
10.77.22.10
10.77.22.10
10.77.23.10
10.77.23.11
10.77.27.15
10.77.22.14
10.77.22.15
10.77.22.15
10.77.23.12
10.77.22.11
10.77.27.14
10.77.23.10
10.77.23.12
10.77.27.15
10.77.23.12
10.77.22.13
10.77.22.10
10.77.27.13
10.77.22.12
10.77.23.12
10.77.23.10
10.77.22.12
10.77.22.15
10.77.22.10
10.77.22.15
10.77.22.15
10.77.22.10
10.77.22.12
10.77.22.14
10.77.23.10
10.77.22.14
10.77.27.14
10.77.22.10
10.77.22.10
10.77.27.14
10.77.23.11
10.77.27.13
10.77.23.12
10.77.22.13
10.77.22.10
10.77.22.12
10.77.22.11
10.77.23.12
10.77.22.12
10.77.22.11
10.77.27.15
10.77.23.11
10.77.22.15
10.77.22.12
10.77.27.14
10.77.27.14
10.77.22.12
10.77.22.12
10.77.27.13
10.77.22.14
10.77.27.14
10.77.23.11
10.77.23.11
10.77.27.13
10.77.22.13
10.77.22.15
10.77.22.10
10.77.22.13
10.77.22.15
10.77.27.13
10.77.27.14
10.77.22.14
10.77.22.15
10.77.22.11
10.77.22.10
10.77.22.14
10.77.27.13
10.77.23.10
10.77.23.12
10.77.22.14
10.77.23.12
10.77.22.15
10.77.22.12
10.77.23.12
10.77.27.15
10.77.23.10
10.77.22.11
10.77.23.12
10.77.22.13
10.77.22.11
10.77.27.15
10.77.22.12
10.77.23.12
10.77.27.13
10.77.23.10
10.77.22.12
10.77.22.10
10.77.23.11
10.77.22.15
10.77.27.14
10.77.22.11
10.77.23.10
10.77.27.14
10.77.23.11
10.77.22.15
10.77.22.10
10.77.22.12
10.77.22.10
10.77.22.10
10.77.22.10
10.77.27.15
10.77.23.10
10.77.22.12
10.77.22.10
10.77.22.11
10.77.22.10
10.77.27.14
10.77.22.10
10.77.23.12
10.77.27.13
10.77.22.13
10.77.22.10
10.77.27.13
10.77.22.13
10.77.22.15
10.77.22.11
10.77.22.15
10.77.23.12
10.77.22.15
10.77.23.11
10.77.22.10
10.77.27.13
10.77.23.10
10.77.27.14
10.77.23.11
10.77.22.11
10.77.22.10
10.77.22.13
10.77.27.14
10.77.22.13
10.77.22.13
10.77.27.15
10.77.27.13
10.77.23.11
10.77.22.14
10.77.23.12
10.77.27.13
10.77.22.14
10.77.27.13
10.77.27.15
10.77.22.15
10.77.27.13
10.77.22.13
10.77.22.15
10.77.23.10
10.77.22.13
10.77.23.10
10.77.27.15
10.77.22.15
10.77.22.10
10.77.22.13
10.77.23.10
10.77.22.14
10.77.22.14
10.77.22.11
10.77.23.11
10.77.27.13
10.77.22.13
10.77.27.13
10.77.22.13
10.77.27.14
10.77.22.12
10.77.23.11
10.77.27.13
10.77.22.13
10.77.22.10
10.77.22.10
10.77.22.14
10.77.22.12
10.77.22.14
10.77.22.10
10.77.22.10
10.77.23.12
10.77.23.11
10.77.22.11
10.77.22.14
10.77.27.15
10.77.22.12
10.77.22.10
10.77.22.10
10.77.27.15
10.77.23.12
10.77.27.14
10.77.22.13
10.77.23.12
10.77.22.10
10.77.23.12
10.77.27.15
10.77.23.10
10.77.22.12
10.77.27.14
10.77.22.10
10.77.27.14
10.77.27.13
10.77.27.15
10.77.27.15
10.77.27.15
10.77.23.11
10.77.22.12
10.77.22.10
10.77.22.13
10.77.22.11
10.77.23.12
10.77.22.15
10.77.27.13
10.77.22.12
10.77.22.13
10.77.27.14
10.77.27.14
10.77.22.11
10.77.22.13
10.77.27.13
10.77.22.14
10.77.22.15
10.77.22.12
10.77.22.12
10.77.23.10
10.77.23.11
10.77.22.13
10.77.22.11
10.77.27.15
10.77.27.15
10.77.22.10
10.77.27.14
10.77.23.11
10.77.22.12
10.77.22.11
10.77.22.12
10.77.22.15
10.77.23.12
10.77.22.10
10.77.22.10
10.77.27.13
10.77.23.10
10.77.27.15
10.77.22.15
10.77.22.13
10.77.27.14
10.77.22.10
10.77.27.14
10.77.22.14
10.77.23.11
10.77.22.15
10.77.27.13
10.77.22.12
10.77.27.15
10.77.27.15
10.77.23.12
10.77.27.13
10.77.22.11
10.77.22.14
10.77.22.12
10.77.27.14
10.77.22.15
10.77.27.15
10.77.23.11
10.77.22.15
10.77.22.10
10.77.22.13
10.77.23.10
10.77.22.10
10.77.22.13
10.77.22.14
10.77.27.13
10.77.27.14
10.77.23.12
10.77.22.10
10.77.27.13
10.77.22.11
10.77.22.13
10.77.22.11
10.77.27.13
10.77.22.13
10.77.23.10
10.77.22.15
10.77.22.14
10.77.22.12
10.77.22.12
10.77.22.12
10.77.23.10
10.77.22.11
10.77.27.15
10.77.23.10
10.77.23.12
10.77.23.12
10.77.23.11
10.77.23.11
10.77.27.15
10.77.22.13
10.77.23.10
10.77.22.11
10.77.22.12
10.77.22.11
10.77.23.10
10.77.23.10
10.77.22.12
10.77.22.12
10.77.23.11
10.77.23.12
10.77.23.12
10.77.23.10
10.77.23.10
10.77.23.10
10.77.23.10
10.77.27.15
10.77.27.13
10.77.23.11
10.77.22.13
10.77.22.15
10.77.22.10
10.77.22.10
10.77.23.11
10.77.27.14
10.77.27.13
10.77.22.15
10.77.22.14
10.77.23.11
10.77.22.11
10.77.23.11
10.77.22.15
10.77.27.14
10.77.23.12
10.77.22.15
10.77.22.10
10.77.23.12
10.77.22.10
10.77.22.15
10.77.22.13
10.77.22.14
10.77.22.11
10.77.22.11
10.77.23.11
10.77.27.14
10.77.22.12
10.77.27.14
10.77.22.13
10.77.22.10
10.77.23.11
10.77.27.14
10.77.22.10
10.77.22.15
10.77.22.15
10.77.22.11
10.77.27.15
10.77.22.10
10.77.27.14
10.77.27.14
10.77.27.15
10.77.23.10
10.77.22.12
10.77.22.10
10.77.27.15
10.77.22.15
10.77.27.15
10.77.23.10
10.77.22.12
10.77.23.11
10.77.22.12
10.77.23.10
10.77.23.11
10.77.27.14
10.77.22.12
10.77.23.12
10.77.22.15
10.77.22.15
10.77.22.14
10.77.23.11
10.77.27.14
10.77.22.11
10.77.22.15
10.77.22.10
10.77.27.15
10.77.22.11
10.77.22.14
10.77.27.15
10.77.27.13
10.77.22.10
10.77.23.12
10.77.22.10
10.77.27.13
10.77.22.10
10.77.22.15
10.77.22.10
10.77.27.15
10.77.23.11
10.77.22.10
10.77.23.12
10.77.22.11
10.77.22.15
10.77.22.12
10.77.22.10
10.77.22.11
10.77.22.11
10.77.27.13
10.77.22.14
10.77.27.13
10.77.23.10
10.77.23.11
10.77.22.15
10.77.22.14
10.77.23.11
10.77.23.11
10.77.22.14
10.77.23.10
10.77.22.11
10.77.27.13
10.77.23.11
10.77.23.11
10.77.27.15
10.77.22.10
10.77.27.15
10.77.22.13
10.77.22.14
10.77.27.14
10.77.23.10
10.77.27.13
10.77.22.11
10.77.23.10
10.77.22.12
10.77.22.10
10.77.22.10
10.77.22.15
10.77.23.11
10.77.23.10
10.77.22.13
10.77.22.14
10.77.22.14
10.77.27.14
10.77.23.12
10.77.23.12
10.77.23.10
10.77.22.11
10.77.23.10
10.77.27.14
10.77.22.15
10.77.23.12
10.77.22.15
10.77.27.14
10.77.22.13
10.77.22.13
10.77.23.11
10.77.23.11
10.77.27.15
10.77.23.12
10.77.23.10
10.77.23.12
10.77.27.13
10.77.22.14
10.77.23.12
10.77.27.15
10.77.27.13
10.77.27.14
10.77.22.13
10.77.22.13
10.77.22.13
10.77.23.11
10.77.22.13
10.77.22.14
10.77.27.14
10.77.27.13
10.77.22.13
10.77.22.11
10.77.27.15
10.77.27.15
10.77.27.13
10.77.22.13
10.77.22.14
10.77.27.14
10.77.27.15
10.77.27.13
10.77.27.15
10.77.22.12
10.77.22.15
10.77.22.11
10.77.23.10
10.77.22.10
10.77.23.12
10.77.27.15
10.77.22.12
10.77.23.12
10.77.22.15
10.77.27.15
10.77.22.10
10.77.27.14
10.77.22.12
10.77.27.13
10.77.22.11
10.77.23.11
10.77.22.14
10.77.23.10
10.77.22.12
10.77.27.13
10.77.22.15
10.77.22.13
10.77.22.12
10.77.22.11
10.77.22.14
10.77.22.14
10.77.22.15
10.77.22.14
10.77.22.12
10.77.27.13
10.77.22.14
10.77.22.13
10.77.22.11
10.77.22.12
10.77.22.12
10.77.22.13
10.77.27.15
10.77.22.12
10.77.22.12
10.77.22.10
10.77.22.13
10.77.22.12
10.77.22.15
10.77.27.13
10.77.27.15
10.77.22.11
10.77.27.14
10.77.23.10
10.77.27.15
10.77.22.14
10.77.22.11
10.77.23.10
10.77.22.15
10.77.23.12
10.77.22.11
10.77.22.11
10.77.22.12
10.77.22.12
10.77.22.12
10.77.23.12
10.77.27.14
10.77.23.10
10.77.22.10
10.77.22.13
10.77.22.14
10.77.27.13
10.77.27.15
10.77.22.11
10.77.27.14
10.77.23.12
10.77.27.15
10.77.27.15
10.77.22.11
10.77.22.14
10.77.22.10
10.77.23.11
10.77.23.10
10.77.23.12
10.77.27.15
10.77.23.11
10.77.27.14
10.77.27.13
10.77.22.12
10.77.27.15
10.77.23.12
10.77.22.15
10.77.22.15
10.77.27.15
10.77.23.10
10.77.22.12
10.77.23.10
10.77.22.15
10.77.27.13
10.77.27.15
10.77.27.15
10.77.22.12
10.77.23.12
10.77.23.10
10.77.23.11
10.77.22.11
10.77.22.14
10.77.22.13
10.77.22.13
10.77.22.14
10.77.27.15
10.77.22.11
10.77.27.14
10.77.27.15
10.77.22.14
10.77.22.11
10.77.23.12
10.77.22.11
10.77.22.13
10.77.23.11
10.77.23.12
10.77.23.11
10.77.22.15
10.77.23.11
10.77.22.15
10.77.27.13
10.77.27.13
10.77.27.13
10.77.27.14
10.77.27.15
10.77.22.12
10.77.27.13
10.77.22.14
10.77.23.12
10.77.22.14
10.77.22.11
10.77.23.11
10.77.22.14
10.77.23.11
10.77.23.10
10.77.27.14
10.77.22.11
10.77.22.11
10.77.22.10
10.77.23.10
10.77.27.13
10.77.27.15
10.77.23.10
10.77.27.13
10.77.27.15
10.77.27.13
10.77.22.12
10.77.22.13
10.77.22.11
10.77.23.10
10.77.27.14
10.77.22.10
10.77.22.11
10.77.22.15
10.77.22.12
10.77.23.12
10.77.23.12
10.77.23.12
10.77.22.14
10.77.27.13
10.77.22.10
10.77.27.14
10.77.22.15
10.77.22.15
10.77.22.15
10.77.22.12
10.77.27.14
10.77.22.11
10.77.22.15
10.77.23.10
10.77.22.10
10.77.27.13
10.77.23.11
10.77.22.12
10.77.23.12
10.77.23.12
10.77.23.10
10.77.23.11
10.77.27.15
10.77.23.12
10.77.27.14
10.77.27.15
10.77.22.10
10.77.22.12
10.77.27.14
10.77.23.11
10.77.22.11
10.77.27.14
10.77.27.15
10.77.22.13
10.77.22.11
10.77.22.14
10.77.27.15
10.77.27.14
10.77.23.11
10.77.22.12
10.77.27.15
10.77.22.14
10.77.27.13
10.77.22.13
10.77.27.14
10.77.23.10
10.77.23.12
10.77.22.15
10.77.22.14
10.77.27.13
10.77.27.14
10.77.22.11
10.77.22.13
10.77.22.14
10.77.23.10
10.77.27.13
10.77.27.13
10.77.22.11
10.77.22.10
10.77.23.11
10.77.27.15
10.77.22.14
10.77.22.15
10.77.27.14
10.77.22.11
10.77.27.13
10.77.22.14
10.77.22.11
10.77.27.13
10.77.22.15
10.77.22.13
10.77.22.12
10.77.27.14
10.77.27.14
10.77.23.12
10.77.22.10
10.77.22.11
10.77.27.15
10.77.22.14
10.77.22.10
10.77.22.11
10.77.22.11
10.77.23.10
10.77.27.13
10.77.22.12
10.77.22.13
10.77.22.14
10.77.22.13
10.77.22.10
10.77.23.12
10.77.27.14
10.77.23.11
10.77.27.15
10.77.27.15
10.77.27.15
10.77.22.11
10.77.22.12
10.77.27.13
10.77.22.15
10.77.27.13
10.77.22.12
10.77.22.10
10.77.27.15
10.77.22.13
10.77.22.10
10.77.23.12
10.77.22.13
10.77.22.14
10.77.22.13
10.77.27.15
10.77.22.12
10.77.22.11
10.77.23.11
10.77.27.14
10.77.23.11
10.77.27.15
10.77.22.14
10.77.22.13
10.77.22.14
10.77.22.10
10.77.22.10
10.77.22.15
10.77.22.15
10.77.22.10
10.77.27.13
10.77.22.13
10.77.23.10
10.77.27.15
10.77.22.11
10.77.27.15
10.77.27.15
10.77.22.11
10.77.27.14
10.77.22.14
10.77.23.11
10.77.22.12
10.77.22.11
10.77.22.15
10.77.23.11
10.77.23.12
10.77.22.12
10.77.22.11
10.77.23.10
10.77.27.14
10.77.22.15
10.77.23.10
10.77.23.11
10.77.23.10
10.77.22.15
10.77.23.10
10.77.27.14
10.77.23.10
10.77.22.11
10.77.22.10
10.77.22.11
10.77.22.10
10.77.27.14
10.77.22.15
10.77.23.11
10.77.22.15
10.77.27.14
10.77.27.14
10.77.27.14
10.77.27.14
10.77.27.13
10.77.22.12
10.77.22.15
10.77.22.15
10.77.23.11
10.77.22.11
10.77.27.13
10.77.23.10
10.77.27.14
10.77.23.12
10.77.27.13
10.77.27.13
10.77.22.10
10.77.23.10
10.77.27.14
10.77.22.14
10.77.22.11
10.77.27.14
10.77.22.15
10.77.22.14
10.77.23.10
10.77.23.10
10.77.23.10
10.77.22.11
10.77.23.10
10.77.23.10
10.77.27.15
10.77.22.13
10.77.23.12
10.77.22.13
10.77.27.13
10.77.22.14
10.77.27.15
10.77.22.13
10.77.22.10
10.77.27.13
10.77.23.10
10.77.22.15
10.77.23.10
10.77.22.10
10.77.27.14
10.77.22.15
10.77.22.10
10.77.22.15
10.77.23.11
10.77.27.13
10.77.27.13
10.77.22.15
10.77.22.11
10.77.23.12
10.77.22.15
10.77.22.15
10.77.27.14
10.77.22.15
10.77.27.14
10.77.23.11
10.77.22.14
10.77.27.14
10.77.22.12
10.77.27.13
10.77.22.11
10.77.22.11
10.77.27.15
10.77.23.12
10.77.27.14
10.77.22.14
10.77.22.14
10.77.22.11
10.77.22.10
10.77.27.15
10.77.22.10
10.77.22.12
10.77.27.14
10.77.27.14
10.77.23.12
10.77.22.11
10.77.23.11
10.77.27.14
10.77.22.14
10.77.23.12
10.77.27.13
10.77.22.15
10.77.22.10
10.77.23.10
10.77.23.11
10.77.22.11
10.77.27.15
10.77.23.11
10.77.23.10
10.77.22.12
10.77.27.13
10.77.22.15
10.77.22.13
10.77.27.13
10.77.23.10
10.77.22.12
10.77.23.12
10.77.23.12
10.77.22.12
10.77.23.10
10.77.22.14
10.77.27.13
10.77.23.12
10.77.22.14
10.77.23.10
10.77.22.11
10.77.27.14
10.77.23.11
10.77.27.14
10.77.27.13
10.77.27.14
10.77.27.14
10.77.22.12
10.77.23.10
10.77.27.14
10.77.27.14
10.77.23.10
10.77.27.14
10.77.22.13
10.77.22.14
10.77.22.10
10.77.27.15
10.77.27.13
10.77.22.12
10.77.22.13
10.77.23.11
10.77.23.11
10.77.22.14
10.77.23.12
10.77.22.10
10.77.27.14
10.77.23.10
10.77.22.11
10.77.22.13
10.77.23.11
10.77.23.11
10.77.23.12
10.77.23.12
10.77.27.14
10.77.22.12
10.77.22.15
10.77.22.13
10.77.27.15
10.77.23.12
10.77.22.15
10.77.22.12
10.77.27.15
10.77.22.11
10.77.23.12
10.77.23.12
10.77.22.15
10.77.22.12
10.77.22.14
10.77.22.11
10.77.27.13
10.77.23.11
10.77.23.10
10.77.23.12
10.77.23.12
10.77.27.15
10.77.23.10
10.77.23.12
10.77.22.12
10.77.27.15
10.77.27.14
10.77.22.10
10.77.23.10
10.77.23.11
10.77.27.13
10.77.22.15
10.77.22.10
10.77.27.13
10.77.22.11
10.77.22.12
10.77.23.10
10.77.27.15
10.77.22.12
10.77.27.15
10.77.23.10
10.77.22.15
10.77.22.13
10.77.27.14
10.77.22.14
10.77.22.14
10.77.27.15
10.77.23.12
10.77.22.11
10.77.27.15
10.77.22.14
10.77.27.13
10.77.22.11
10.77.27.14
10.77.22.13
10.77.23.12
10.77.22.10
10.77.22.14
10.77.27.13
10.77.22.14
10.77.22.11
10.77.22.11
10.77.22.12
10.77.27.15
10.77.23.10
10.77.22.13
10.77.22.11
10.77.27.14
10.77.23.11
10.77.22.12
10.77.22.12
10.77.27.13
10.77.23.10
10.77.22.13
10.77.22.12
10.77.23.11
10.77.23.10
10.77.23.12
10.77.23.10
10.77.22.11
10.77.22.15
10.77.22.13
10.77.27.15
10.77.27.13
10.77.22.14
10.77.23.10
10.77.23.12
10.77.22.13
10.77.22.15
10.77.23.12
10.77.22.12
10.77.22.13
10.77.27.14
10.77.27.13
10.77.27.15
10.77.27.14
10.77.27.15
10.77.23.10
10.77.22.10
10.77.22.15
10.77.23.11
10.77.22.15
10.77.27.13
10.77.27.13
10.77.22.10
10.77.23.11
10.77.22.11
10.77.22.14
10.77.27.13
10.77.22.14
10.77.22.14
10.77.22.11
10.77.22.11
10.77.27.15
10.77.23.12
10.77.23.12
10.77.22.13
10.77.22.11
10.77.22.13
10.77.22.12
10.77.23.12
10.77.22.14
10.77.22.15
10.77.22.14
10.77.27.15
10.77.23.11
10.77.22.11
10.77.22.12
10.77.22.15
10.77.27.13
10.77.22.11
10.77.22.11
10.77.22.12
10.77.22.10
10.77.22.10
10.77.27.13
10.77.27.13
10.77.22.14
10.77.22.14
10.77.22.15
10.77.23.12
10.77.22.14
10.77.22.13
10.77.22.11
10.77.22.13
10.77.22.11
10.77.27.13
10.77.22.15
10.77.22.13
10.77.23.10
10.77.22.14
10.77.27.13
10.77.23.12
10.77.22.11
10.77.27.15
10.77.27.13
10.77.23.10
10.77.22.12
10.77.22.11
10.77.22.15
10.77.22.15
10.77.23.12
10.77.22.14
10.77.23.11
10.77.22.10
10.77.22.10
10.77.23.10
10.77.27.15
10.77.23.10
10.77.23.12
10.77.22.12
10.77.22.11
10.77.22.14
10.77.22.13
10.77.22.14
10.77.22.11
10.77.27.15
10.77.22.12
10.77.22.12
10.77.22.15
10.77.27.13
10.77.27.15
10.77.22.14
10.77.22.12
10.77.27.13
10.77.23.11
10.77.23.12
10.77.23.10
10.77.22.13
10.77.27.14
10.77.22.11
10.77.27.14
10.77.27.13
10.77.23.11
10.77.27.13
10.77.22.10
10.77.22.12
10.77.27.14
10.77.23.12
10.77.22.12
10.77.23.10
10.77.22.13
10.77.22.11
10.77.23.10
10.77.23.10
10.77.27.15
10.77.23.12
10.77.23.10
10.77.27.14
10.77.23.11
10.77.22.15
10.77.22.15
10.77.23.12
10.77.22.14
10.77.22.13
10.77.22.12
10.77.23.12
10.77.23.11
10.77.22.13
10.77.22.13
10.77.22.15
10.77.27.14
10.77.27.14
10.77.22.12
10.77.23.10
10.77.23.11
10.77.22.10
10.77.23.10
10.77.27.15
10.77.22.13
10.77.22.15
10.77.22.10
10.77.22.11
10.77.22.13
10.77.22.14
10.77.23.11
10.77.23.10
10.77.23.11
10.77.22.10
10.77.22.11
10.77.23.11
10.77.27.13
10.77.27.15
10.77.23.12
10.77.23.12
10.77.22.15
10.77.22.10
10.77.22.12
10.77.22.11
10.77.22.11
10.77.27.14
10.77.23.10
10.77.22.15
10.77.27.15
10.77.27.13
10.77.22.10
10.77.23.11
10.77.22.12
10.77.27.13
10.77.23.11
10.77.22.10
10.77.23.12
10.77.22.13
10.77.23.11
10.77.22.13
10.77.27.15
10.77.22.15
10.77.27.14
10.77.23.11
10.77.22.11
10.77.23.11
10.77.22.15
10.77.27.15
10.77.22.13
10.77.23.12
10.77.23.11
10.77.22.13
10.77.22.13
10.77.22.14
10.77.27.14
10.77.22.15
10.77.23.10
10.77.22.10
10.77.22.14
10.77.22.12
10.77.27.13
10.77.27.15
10.77.22.11
10.77.23.10
10.77.22.12
10.77.27.14
10.77.23.12
10.77.23.10
10.77.23.10
10.77.27.13
10.77.22.10
10.77.22.12
10.77.23.11
10.77.22.10
10.77.22.10
10.77.22.12
10.77.22.13
10.77.22.14
10.77.22.11
10.77.22.13
10.77.23.12
10.77.22.10
10.77.23.10
10.77.22.11
10.77.22.12
10.77.23.12
10.77.27.13
10.77.22.13
10.77.27.14
10.77.27.14
10.77.22.11
10.77.23.11
10.77.23.12
10.77.22.14
10.77.22.13
10.77.22.12
10.77.23.12
10.77.22.13
10.77.27.15
10.77.23.10
10.77.22.15
10.77.23.12
10.77.23.11
10.77.23.12
10.77.27.15
10.77.22.13
10.77.22.11
10.77.22.14
10.77.22.13
10.77.27.13
10.77.22.10
10.77.22.11
10.77.22.10
10.77.27.14
10.77.27.13
10.77.23.12
10.77.27.15
10.77.22.13
10.77.23.10
10.77.23.12
10.77.22.14
10.77.23.11
10.77.22.10
10.77.22.10
10.77.22.14
10.77.23.12
10.77.27.14
10.77.22.13
10.77.23.11
10.77.27.14
10.77.22.14
10.77.23.11
10.77.22.14
10.77.22.11
10.77.27.15
10.77.22.10
10.77.23.12
10.77.22.10
10.77.27.15
10.77.27.15
10.77.22.12
10.77.22.14
10.77.22.11
10.77.23.12
10.77.22.12
10.77.27.15
10.77.22.14
10.77.22.11
10.77.22.11
10.77.23.11
10.77.23.12
10.77.22.11
10.77.22.15
10.77.23.11
10.77.23.11
10.77.22.12
10.77.23.10
10.77.23.11
10.77.22.10
10.77.23.11
10.77.27.15
10.77.22.13
10.77.22.13
10.77.23.11
10.77.22.13
10.77.22.11
10.77.22.15
10.77.22.10
10.77.22.13
10.77.22.14
10.77.22.14
10.77.22.11
10.77.22.11
10.77.23.10
10.77.27.14
10.77.22.10
10.77.23.10
10.77.23.10
10.77.22.15
10.77.27.14
10.77.22.14
10.77.27.14
10.77.23.11
10.77.22.11
10.77.22.10
10.77.22.14
10.77.27.15
10.77.23.10
10.77.27.14
10.77.22.12
10.77.23.10
10.77.22.14
10.77.23.10
10.77.27.14
10.77.27.14
10.77.22.10
10.77.27.13
10.77.27.15
10.77.22.15
10.77.22.12
10.77.27.15
10.77.22.14
10.77.22.15
10.77.22.14
10.77.22.12
10.77.22.13
10.77.27.14
10.77.22.12
10.77.22.13
10.77.27.14
10.77.22.10
10.77.22.10
10.77.23.11
10.77.22.13
10.77.27.13
10.77.27.13
10.77.23.11
10.77.23.10
10.77.27.13
10.77.27.13
10.77.23.11
10.77.27.15
10.77.23.10
10.77.27.14
10.77.22.13
10.77.23.10
10.77.22.12
10.77.23.11
10.77.22.12
10.77.22.10
10.77.22.15
10.77.22.11
10.77.22.13
10.77.23.12
10.77.23.10
10.77.27.14
10.77.23.10
10.77.22.10
10.77.22.11
10.77.22.15
10.77.27.13
10.77.22.12
10.77.22.15
10.77.27.13
10.77.27.14
10.77.23.10
10.77.27.15
10.77.27.14
10.77.23.11
10.77.23.12
10.77.22.14
10.77.23.11
10.77.22.15
10.77.22.15
10.77.27.14
10.77.22.11
10.77.22.15
10.77.23.12
10.77.27.15
10.77.23.10
10.77.22.12
10.77.22.11
10.77.22.10
10.77.27.14
10.77.22.13
10.77.23.12
10.77.27.13
10.77.22.15
10.77.23.12
10.77.22.10
10.77.27.14
10.77.27.15
10.77.27.15
10.77.22.11
10.77.23.12
10.77.22.14
10.77.22.14
10.77.27.13
10.77.22.15
10.77.22.13
10.77.23.10
10.77.22.12
10.77.23.12
10.77.22.15
10.77.22.13
10.77.23.10
10.77.27.14
10.77.22.11
10.77.22.14
10.77.27.14
10.77.22.15
10.77.22.14
10.77.23.10
10.77.22.10
10.77.22.10
10.77.23.12
10.77.22.13
10.77.22.12
10.77.22.12
10.77.27.15
10.77.27.14
10.77.27.13
10.77.27.13
10.77.27.15
10.77.22.10
10.77.22.14
10.77.27.14
10.77.23.12
10.77.23.12
10.77.27.15
10.77.23.11
10.77.22.11
10.77.23.11
10.77.23.12
10.77.22.14
10.77.23.11
10.77.22.12
10.77.23.12
10.77.23.10
10.77.22.10
10.77.23.12
10.77.22.11
10.77.22.11
10.77.22.12
10.77.22.14
10.77.22.10
10.77.22.11
10.77.23.12
10.77.27.14
10.77.23.12
10.77.22.10
10.77.22.13
10.77.22.10
10.77.23.10
10.77.23.12
10.77.22.14
10.77.27.15
10.77.22.10
10.77.22.10
10.77.27.14
10.77.23.12
10.77.23.12
10.77.22.11
10.77.22.11
10.77.27.15
10.77.22.10
10.77.22.10
10.77.22.15
10.77.23.11
10.77.27.15
10.77.22.13
10.77.22.10
10.77.22.10
10.77.27.13
10.77.23.12
10.77.22.14
10.77.23.12
10.77.22.11
10.77.22.14
10.77.22.12
10.77.27.13
10.77.22.15
10.77.27.15
10.77.23.12
10.77.22.15
10.77.22.10
10.77.23.12
10.77.22.10
10.77.27.15
10.77.27.13
10.77.22.15
10.77.22.11
10.77.27.14
10.77.22.15
10.77.27.15
10.77.23.11
10.77.27.13
10.77.23.11
10.77.22.15
10.77.22.12
10.77.23.12
10.77.22.15
10.77.22.11
10.77.23.10
10.77.23.10
10.77.23.11
10.77.22.15
10.77.27.13
10.77.22.14
10.77.22.13
10.77.22.12
10.77.22.10
10.77.22.11
10.77.22.10
10.77.22.15
10.77.27.15
10.77.22.11
10.77.27.14
10.77.22.15
10.77.23.12
10.77.22.13
10.77.27.14
10.77.22.11
10.77.22.12
10.77.22.12
10.77.27.15
10.77.22.15
10.77.27.15
10.77.22.10
10.77.23.12
10.77.22.10
10.77.23.10
10.77.23.10
10.77.22.15
10.77.23.12
10.77.27.15
10.77.27.15
10.77.27.13
10.77.22.15
10.77.22.14
10.77.27.13
10.77.27.14
10.77.22.11
10.77.22.13
10.77.22.15
10.77.27.14
10.77.23.11
10.77.22.15
10.77.22.13
10.77.22.12
10.77.23.12
10.77.27.13
10.77.22.10
10.77.27.15
10.77.23.11
10.77.27.13
10.77.27.14
10.77.22.13
10.77.22.11
10.77.22.15
10.77.22.10
10.77.27.13
10.77.22.12
10.77.23.10
10.77.23.12
10.77.23.12
10.77.22.15
10.77.27.14
10.77.22.15
10.77.23.10
10.77.22.11
10.77.22.14
10.77.23.10
10.77.22.13
10.77.22.11
10.77.27.14
10.77.23.12
10.77.27.13
10.77.27.14
10.77.22.11
10.77.22.10
10.77.27.15
10.77.27.15
10.77.22.10
10.77.27.13
10.77.27.14
10.77.27.13
10.77.23.12
10.77.23.11
10.77.22.11
10.77.22.14
10.77.22.13
10.77.22.15
10.77.22.12
10.77.23.12
10.77.27.15
10.77.23.12
10.77.23.12
10.77.27.15
10.77.22.12
10.77.22.11
10.77.22.12
10.77.22.15
10.77.22.11
10.77.27.14
10.77.22.11
10.77.22.13
10.77.22.12
10.77.22.15
10.77.22.13
10.77.27.14
10.77.22.11
10.77.22.14
10.77.27.13
10.77.22.14
10.77.22.14
10.77.22.12
10.77.27.15
10.77.22.13
10.77.22.10
10.77.27.14
10.77.22.12
10.77.22.10
10.77.27.15
10.77.27.14
10.77.27.14
10.77.22.12
10.77.23.12
10.77.22.13
10.77.23.12
10.77.27.13
10.77.27.15
10.77.23.10
10.77.22.15
10.77.22.12
10.77.22.12
10.77.22.15
10.77.23.11
10.77.27.15
10.77.22.14
10.77.22.11
10.77.23.10
10.77.27.14
10.77.22.13
10.77.27.13
10.77.27.13
10.77.23.12
10.77.22.14
10.77.27.14
10.77.27.13
10.77.23.10
10.77.22.15
10.77.22.10
10.77.22.15
10.77.23.10
10.77.23.10
10.77.22.12
10.77.22.12
10.77.23.11
10.77.22.15
10.77.22.10
10.77.23.10
10.77.22.10
10.77.27.13
10.77.22.15
10.77.23.11
10.77.22.11
10.77.27.13
10.77.22.13
10.77.22.15
10.77.22.14
10.77.27.14
10.77.23.12
10.77.27.14
10.77.23.10
10.77.23.10
10.77.27.13
10.77.23.11
10.77.22.10
10.77.27.14
10.77.22.15
10.77.22.15
10.77.22.15
10.77.27.15
10.77.27.13
10.77.22.10
10.77.22.15
10.77.23.10
10.77.27.14
10.77.22.13
10.77.22.14
10.77.22.12
10.77.22.10
10.77.27.15
10.77.22.14
10.77.22.11
10.77.22.15
10.77.22.11
10.77.23.10
10.77.22.15
10.77.22.15
10.77.27.15
10.77.27.13
10.77.27.13
10.77.22.15
10.77.27.14
10.77.23.12
10.77.22.14
10.77.27.13
10.77.23.10
10.77.22.12
10.77.23.10
10.77.23.10
10.77.22.12
10.77.22.15
10.77.27.14
10.77.22.12
10.77.22.12
10.77.27.15
10.77.22.13
10.77.27.14
10.77.22.12
10.77.27.13
10.77.22.12
10.77.23.11
10.77.27.15
10.77.27.14
10.77.22.15
10.77.22.13
10.77.22.11
10.77.22.15
10.77.27.13
10.77.22.11
10.77.22.15
10.77.22.13
10.77.23.12
10.77.23.12
10.77.27.15
10.77.27.14
10.77.22.15
10.77.22.14
10.77.22.11
10.77.23.11
10.77.27.13
10.77.22.12
10.77.22.12
10.77.22.11
10.77.22.14
10.77.22.12
10.77.27.15
10.77.27.13
10.77.22.14
10.77.22.11
10.77.22.10
10.77.27.14
10.77.22.12
10.77.23.10
10.77.23.10
10.77.22.13
10.77.22.11
10.77.22.12
10.77.22.10
10.77.22.11
10.77.22.10
10.77.27.13
10.77.23.12
10.77.22.11
10.77.27.15
10.77.23.10
10.77.22.10
10.77.22.15
10.77.22.13
10.77.22.14
10.77.22.15
10.77.27.13
10.77.23.10
10.77.22.15
10.77.22.13
10.77.23.10
10.77.27.14
10.77.22.13
10.77.22.11
10.77.22.10
10.77.22.10
10.77.22.11
10.77.27.13
10.77.27.15
10.77.22.14
10.77.27.15
10.77.22.13
10.77.27.14
10.77.27.13
10.77.22.10
10.77.22.15
10.77.27.13
10.77.22.13
10.77.27.15
10.77.22.14
10.77.23.11
10.77.22.10
10.77.22.11
10.77.23.10
10.77.22.15
10.77.22.13
10.77.27.14
10.77.27.13
10.77.23.11
10.77.22.15
10.77.23.11
10.77.27.13
10.77.23.12
10.77.27.14
10.77.22.13
10.77.27.14
10.77.27.13
10.77.27.15
10.77.23.11
10.77.22.15
10.77.22.13
10.77.22.15
10.77.23.11
10.77.22.13
10.77.22.10
10.77.27.14
10.77.27.14
10.77.27.14
10.77.23.12
10.77.22.10
10.77.23.10
10.77.27.15
10.77.22.12
10.77.23.11
10.77.22.14
10.77.23.10
10.77.22.11
10.77.27.14
10.77.22.15
10.77.27.15
10.77.23.12
10.77.27.15
10.77.22.13
10.77.27.15
10.77.22.13
10.77.23.11
10.77.27.13
10.77.27.14
10.77.22.15
10.77.22.11
10.77.23.12
10.77.23.11
10.77.23.12
10.77.23.12
10.77.23.10
10.77.22.14
10.77.23.10
10.77.22.13
10.77.22.14
10.77.27.15
10.77.22.11
10.77.23.12
10.77.27.13
10.77.27.13
10.77.23.10
10.77.22.15
10.77.22.11
10.77.22.10
10.77.23.11
10.77.23.10
10.77.22.14
10.77.27.14
10.77.23.11
10.77.27.15
10.77.27.14
10.77.22.15
10.77.22.15
10.77.22.10
10.77.27.13
10.77.27.15
10.77.22.10
10.77.27.13
10.77.22.14
10.77.22.12
10.77.22.15
10.77.22.12
10.77.22.13
10.77.27.14
10.77.22.15
10.77.22.12
10.77.22.11
10.77.27.13
10.77.22.13
10.77.23.10
10.77.23.12
10.77.22.13
10.77.22.15
10.77.23.11
10.77.22.15
10.77.22.10
10.77.23.12
10.77.27.14
10.77.23.11
10.77.27.15
10.77.27.14
10.77.22.15
10.77.22.14
10.77.22.11
10.77.22.11
10.77.22.13
10.77.22.13
10.77.23.11
10.77.23.12
10.77.27.15
10.77.27.14
10.77.22.12
10.77.22.15
10.77.22.14
10.77.27.14
10.77.27.14
10.77.22.11
10.77.22.10
10.77.22.10
10.77.22.15
10.77.23.12
10.77.23.12
10.77.27.13
10.77.22.10
10.77.27.14
10.77.23.11
10.77.22.10
10.77.23.11
10.77.23.11
10.77.22.12
10.77.22.14
10.77.22.15
10.77.22.11
10.77.22.15
10.77.27.14
10.77.22.10
10.77.27.15
10.77.22.10
10.77.23.12
10.77.22.11
10.77.22.14
10.77.22.10
10.77.22.12
10.77.23.10
10.77.27.13
10.77.22.13
10.77.23.11
10.77.27.14
10.77.22.14
10.77.27.14
10.77.27.15
10.77.27.13
10.77.22.13
10.77.27.14
10.77.23.12
10.77.23.10
10.77.22.10
10.77.23.12
10.77.22.14
10.77.27.15
10.77.23.12
10.77.23.10
10.77.22.15
10.77.22.12
10.77.22.14
10.77.22.10
10.77.22.12
10.77.22.10
10.77.22.10
10.77.22.10
10.77.27.14
10.77.27.13
10.77.23.12
10.77.27.13
10.77.27.13
10.77.27.15
10.77.22.11
10.77.27.14
10.77.22.10
10.77.22.13
10.77.22.10
10.77.22.15
10.77.22.10
10.77.22.15
10.77.27.13
10.77.22.10
10.77.22.10
10.77.22.14
10.77.22.12
10.77.22.11
10.77.22.12
10.77.23.11
10.77.22.11
10.77.22.15
10.77.22.15
10.77.22.12
10.77.23.11
10.77.27.13
10.77.23.11
10.77.23.12
10.77.22.14
10.77.22.11
10.77.22.14
10.77.22.12
10.77.22.11
10.77.27.13
10.77.27.15
10.77.22.13
10.77.27.15
10.77.23.12
10.77.22.10
10.77.27.14
10.77.22.10
10.77.22.15
10.77.27.14
10.77.27.13
10.77.22.10
10.77.22.10
10.77.27.14
10.77.22.13
10.77.22.15
10.77.27.14
10.77.22.13
10.77.23.11
10.77.22.13
10.77.22.14
10.77.22.12
10.77.23.12
10.77.22.13
10.77.23.11
10.77.23.12
10.77.23.11
10.77.23.10
10.77.22.14
10.77.22.14
10.77.27.15
10.77.22.15
10.77.22.12
10.77.22.11
10.77.22.15
10.77.23.10
10.77.23.11
10.77.22.12
10.77.23.10
10.77.23.11
10.77.22.13
10.77.22.11
10.77.22.11
10.77.22.10
10.77.22.12
10.77.22.13
10.77.22.10
10.77.22.15
10.77.23.11
10.77.23.11
10.77.23.10
10.77.22.14
10.77.22.11
10.77.27.13
10.77.22.11
10.77.22.14
10.77.22.15
10.77.22.11
10.77.22.11
10.77.22.11
10.77.22.13
10.77.22.13
10.77.27.15
10.77.22.13
10.77.22.13
10.77.23.11
10.77.27.15
10.77.23.10
10.77.27.14
10.77.27.13
10.77.22.12
10.77.22.15
10.77.27.15
10.77.22.10
10.77.27.14
10.77.22.12
10.77.23.11
10.77.22.12
10.77.23.10
10.77.23.11
10.77.22.15
10.77.23.11
10.77.22.14
10.77.27.15
10.77.23.10
10.77.22.13
10.77.22.12
10.77.23.10
10.77.22.10
10.77.23.12
10.77.22.14
10.77.27.14
10.77.27.13
10.77.22.11
10.77.23.10
10.77.23.10
10.77.22.11
10.77.22.14
10.77.22.14
10.77.22.11
10.77.22.11
10.77.23.11
10.77.27.14
10.77.23.10
10.77.23.10
10.77.22.11
10.77.22.15
10.77.27.14
10.77.22.15
10.77.22.10
10.77.22.11
10.77.22.11
10.77.27.14
10.77.23.10
10.77.22.11
10.77.22.15
10.77.22.14
10.77.22.14
10.77.23.12
10.77.22.14
10.77.27.14
10.77.23.11
10.77.27.13
10.77.23.11
10.77.22.11
10.77.22.12
10.77.22.12
10.77.23.10
10.77.22.12
10.77.22.10
10.77.27.15
10.77.22.13
10.77.27.14
10.77.22.12
10.77.22.11
10.77.22.15
10.77.23.11
10.77.22.10
10.77.23.12
10.77.22.12
10.77.23.11
10.77.23.10
10.77.27.14
10.77.23.11
10.77.22.15
10.77.22.14
10.77.27.14
10.77.22.14
10.77.22.12
10.77.22.10
10.77.23.12
10.77.27.15
10.77.22.10
10.77.22.13
10.77.22.12
10.77.27.13
10.77.22.13
10.77.27.14
10.77.22.14
10.77.22.15
10.77.22.11
10.77.22.11
10.77.27.13
10.77.22.13
10.77.23.12
10.77.22.12
10.77.22.13
10.77.22.15
10.77.23.12
10.77.22.11
10.77.22.14
10.77.27.15
10.77.23.11
10.77.22.10
10.77.22.12
10.77.27.14
10.77.22.12
10.77.23.12
10.77.27.14
10.77.22.10
10.77.23.12
10.77.22.10
10.77.23.10
10.77.22.12
10.77.22.14
10.77.23.12
10.77.22.11
10.77.27.14
10.77.22.14
10.77.23.10
10.77.23.12
10.77.22.10
10.77.23.12
10.77.23.11
10.77.23.11
10.77.23.11
10.77.22.14
10.77.23.12
10.77.23.10
10.77.23.12
10.77.23.12
10.77.22.12
10.77.22.14
10.77.23.12
10.77.22.15
10.77.22.10
10.77.22.15
10.77.22.11
10.77.22.11
10.77.22.10
10.77.23.10
10.77.23.11
10.77.22.15
10.77.22.12
10.77.22.11
10.77.23.10
10.77.22.11
10.77.22.14
10.77.27.14
10.77.27.13
10.77.23.10
10.77.23.10
10.77.22.14
10.77.23.12
10.77.27.15
10.77.27.13
10.77.22.12
10.77.27.15
10.77.22.14
10.77.22.14
10.77.22.15
10.77.27.15
10.77.22.15
10.77.22.14
10.77.22.13
10.77.22.14
10.77.23.12
10.77.27.14
10.77.23.10
10.77.27.15
10.77.23.12
10.77.22.12
10.77.27.13
10.77.27.13
10.77.22.15
10.77.22.12
10.77.22.10
10.77.27.14
10.77.22.11
10.77.23.11
10.77.22.10
10.77.27.14
10.77.27.14
10.77.27.14
10.77.22.11
10.77.27.15
10.77.23.10
10.77.27.13
10.77.27.13
10.77.22.11
10.77.22.14
10.77.22.11
10.77.22.15
10.77.23.11
10.77.23.12
10.77.27.13
10.77.27.14
10.77.22.12
10.77.22.15
10.77.27.14
10.77.22.13
10.77.22.13
10.77.22.11
10.77.27.13
10.77.22.15
10.77.27.13
10.77.22.15
10.77.27.14
10.77.22.15
10.77.22.10
10.77.22.10
10.77.22.14
10.77.22.10
10.77.27.13
10.77.22.10
10.77.22.10
10.77.23.10
10.77.22.11
10.77.27.14
10.77.23.10
10.77.22.14
10.77.22.11
10.77.23.10
10.77.22.13
10.77.27.14
10.77.22.12
10.77.22.10
10.77.27.15
10.77.22.12
10.77.22.10
10.77.23.10
10.77.22.14
10.77.22.14
10.77.23.11
10.77.23.12
10.77.22.11
10.77.22.15
10.77.22.15
10.77.23.11
10.77.23.12
10.77.23.11
10.77.22.15
10.77.22.14
10.77.22.10
10.77.22.13
10.77.23.12
10.77.22.11
10.77.22.13
10.77.22.15
10.77.23.10
10.77.22.11
10.77.23.10
10.77.22.10
10.77.22.12
10.77.23.11
10.77.23.10
10.77.22.10
10.77.27.15
10.77.23.10
10.77.22.10
10.77.23.11
10.77.23.11
10.77.22.15
10.77.27.14
10.77.22.14
10.77.22.10
10.77.22.11
10.77.23.12
10.77.23.11
10.77.22.12
10.77.23.12
10.77.22.15
10.77.22.10
10.77.23.10
10.77.23.10
10.77.23.12
10.77.22.13
10.77.22.13
10.77.22.11
10.77.23.12
10.77.22.15
10.77.22.13
10.77.23.11
10.77.27.14
10.77.27.13
10.77.23.12
10.77.27.13
10.77.27.13
10.77.23.10
10.77.23.12
10.77.27.14
10.77.27.14
10.77.22.14
10.77.27.15
10.77.27.15
10.77.22.14
10.77.22.12
10.77.22.10
10.77.23.12
10.77.22.15
10.77.23.12
10.77.22.11
10.77.23.10
10.77.23.10
10.77.27.15
10.77.22.11
10.77.22.14
10.77.23.11
10.77.23.10
10.77.22.15
10.77.27.13
10.77.22.11
10.77.23.10
10.77.22.14
10.77.22.11
10.77.27.13
10.77.27.15
10.77.23.10
10.77.27.15
10.77.22.14
10.77.23.10
10.77.22.13
10.77.22.10
10.77.27.14
10.77.22.13
10.77.22.13
10.77.22.11
10.77.23.10
10.77.23.12
10.77.23.11
10.77.22.15
10.77.22.15
10.77.23.11
10.77.22.13
10.77.27.15
10.77.23.11
10.77.27.14
10.77.27.13
10.77.23.10
10.77.27.14
10.77.22.14
10.77.22.13
10.77.22.13
10.77.22.13
10.77.23.12
10.77.22.14
10.77.22.10
10.77.22.13
10.77.22.13
10.77.27.14
10.77.22.10
10.77.22.10
10.77.22.13
10.77.22.15
10.77.27.13
10.77.22.10
10.77.23.11
10.77.22.15
10.77.27.14
10.77.27.13
10.77.22.15
10.77.27.13
10.77.22.15
10.77.22.11
10.77.22.13
10.77.22.10
10.77.22.11
10.77.27.14
10.77.27.13
10.77.27.13
10.77.27.15
10.77.23.12
10.77.22.11
10.77.27.15
10.77.23.11
10.77.27.13
10.77.22.14
10.77.22.15
10.77.23.11
10.77.27.15
10.77.22.12
10.77.23.12
10.77.22.14
10.77.27.13
10.77.27.14
10.77.23.12
10.77.23.11
10.77.23.11
10.77.27.14
10.77.22.13
10.77.22.11
10.77.27.14
10.77.27.13
10.77.27.13
10.77.27.13
10.77.23.12
10.77.22.13
10.77.22.11
10.77.27.15
10.77.27.15
10.77.27.13
10.77.22.13
10.77.23.10
10.77.22.15
10.77.22.11
10.77.22.10
10.77.23.10
10.77.23.11
10.77.23.11
10.77.22.11
10.77.23.12
10.77.22.12
10.77.22.15
10.77.22.12
10.77.22.11
10.77.22.10
10.77.23.10
10.77.27.13
10.77.27.15
10.77.23.10
10.77.27.13
10.77.23.11
10.77.22.10
10.77.22.13
10.77.23.11
10.77.27.13
10.77.23.10
10.77.22.11
10.77.23.12
10.77.22.14
10.77.27.13
10.77.27.15
10.77.23.11
10.77.22.10
10.77.23.10
10.77.27.14
10.77.23.12
10.77.23.10
10.77.22.11
10.77.22.13
10.77.27.14
10.77.22.11
10.77.27.13
10.77.22.10
10.77.22.10
10.77.27.13
10.77.27.14
10.77.27.14
10.77.27.13
10.77.27.13
10.77.22.13
10.77.27.13
10.77.27.15
10.77.22.12
10.77.23.10
10.77.22.14
10.77.27.14
10.77.27.14
10.77.27.13
10.77.22.10
10.77.23.10
10.77.22.14
10.77.23.12
10.77.22.13
10.77.22.12
10.77.23.12
10.77.22.12
10.77.23.10
10.77.27.13
10.77.27.15
10.77.27.15
10.77.22.13
10.77.23.10
10.77.22.11
10.77.22.14
10.77.22.13
10.77.22.13
10.77.27.15
10.77.27.14
10.77.23.12
10.77.22.11
10.77.22.15
10.77.22.12
10.77.23.10
10.77.22.12
10.77.22.15
10.77.23.11
10.77.27.14
10.77.27.13
10.77.23.12
10.77.22.11
10.77.22.11
10.77.23.10
10.77.27.13
10.77.27.13
10.77.27.13
10.77.22.11
10.77.27.15
10.77.22.15
10.77.27.13
10.77.22.11
10.77.27.14
10.77.23.10
10.77.22.11
10.77.23.10
10.77.22.15
10.77.23.12
10.77.23.12
10.77.27.14
10.77.22.13
10.77.27.13
10.77.23.11
10.77.23.10
10.77.23.10
10.77.22.13
10.77.22.14
10.77.22.13
10.77.22.13
10.77.22.15
10.77.22.13
10.77.23.12
10.77.27.14
10.77.22.10
10.77.27.14
10.77.22.12
10.77.22.10
10.77.23.12
10.77.22.13
10.77.23.12
10.77.27.14
10.77.27.15
10.77.22.14
10.77.22.11
10.77.23.10
10.77.27.13
10.77.22.11
10.77.23.12
10.77.22.13
10.77.23.10
10.77.27.14
10.77.23.11
10.77.22.13
10.77.23.12
10.77.22.10
10.77.23.11
10.77.22.15
10.77.22.13
10.77.22.13
10.77.22.12
10.77.23.12
10.77.27.13
10.77.23.11
10.77.22.13
10.77.22.15
10.77.22.12
10.77.27.15
10.77.22.13
10.77.27.14
10.77.22.12
10.77.27.14
10.77.22.13
10.77.22.15
10.77.22.10
10.77.22.12
10.77.22.15
10.77.22.13
10.77.27.14
10.77.22.11
10.77.27.14
10.77.22.11
10.77.27.14
10.77.27.13
10.77.22.14
10.77.22.14
10.77.23.10
10.77.27.14
10.77.22.12
10.77.22.13
10.77.22.11
10.77.23.12
10.77.27.15
10.77.27.13
10.77.22.12
10.77.27.14
10.77.22.12
10.77.23.12
10.77.27.14
10.77.22.11
10.77.23.12
10.77.22.14
10.77.23.12
10.77.27.15
10.77.22.11
10.77.22.13
10.77.22.13
10.77.23.12
10.77.22.15
10.77.27.13
10.77.23.12
10.77.27.15
10.77.22.11
10.77.23.11
10.77.27.13
10.77.22.10
10.77.22.10
10.77.27.13
10.77.22.15
10.77.27.15
10.77.27.15
10.77.27.13
10.77.22.13
10.77.22.14
10.77.23.11
10.77.27.14
10.77.27.13
10.77.27.14
10.77.27.13
10.77.22.13
10.77.23.12
10.77.22.15
10.77.27.14
10.77.22.15
10.77.23.10
10.77.23.12
10.77.22.15
10.77.22.14
10.77.22.12
10.77.22.14
10.77.22.10
10.77.27.14
10.77.27.15
10.77.22.10
10.77.22.11
10.77.27.15
10.77.22.14
10.77.23.12
10.77.27.13
10.77.27.13
10.77.22.12
10.77.23.11
10.77.22.11
10.77.22.11
10.77.22.13
10.77.22.15
10.77.23.10
10.77.23.12
10.77.23.11
10.77.22.15
10.77.22.10
10.77.22.13
10.77.27.15
10.77.27.15
10.77.27.14
10.77.22.10
10.77.22.11
10.77.22.13
10.77.22.11
10.77.22.15
10.77.27.15
10.77.22.10
10.77.27.14
10.77.23.12
10.77.23.12
10.77.23.12
10.77.27.15
10.77.23.12
10.77.22.12
10.77.22.11
10.77.22.11
10.77.27.14
10.77.23.10
10.77.22.10
10.77.22.10
10.77.22.10
10.77.23.11
10.77.22.14
10.77.22.15
10.77.22.10
10.77.22.15
10.77.27.14
10.77.27.13
10.77.23.11
10.77.22.10
10.77.22.15
10.77.22.15
10.77.22.15
10.77.22.11
10.77.22.12
10.77.22.14
10.77.23.12
10.77.27.15
10.77.22.10
10.77.22.14
10.77.23.11
10.77.22.14
10.77.22.10
10.77.23.12
10.77.22.14
10.77.22.12
10.77.23.12
10.77.23.10
10.77.27.15
10.77.23.11
10.77.27.15
10.77.22.12
10.77.23.11
10.77.27.15
10.77.22.12
10.77.27.14
10.77.22.12
10.77.22.14
10.77.27.15
10.77.23.12
10.77.27.15
10.77.22.14
10.77.23.12
10.77.22.13
10.77.27.15
10.77.22.13
10.77.23.12
10.77.27.15
10.77.23.11
10.77.22.12
10.77.22.14
10.77.22.10
10.77.22.11
10.77.22.12
10.77.23.12
10.77.23.10
10.77.27.15
10.77.22.12
10.77.22.14
10.77.23.11
10.77.22.11
10.77.27.14
10.77.27.15
10.77.23.11
10.77.22.12
10.77.22.13
10.77.27.15
10.77.23.11
10.77.27.15
10.77.23.12
10.77.27.15
10.77.22.12
10.77.22.12
10.77.22.11
10.77.23.11
10.77.22.15
10.77.27.13
10.77.22.10
10.77.22.14
10.77.27.13
10.77.27.15
10.77.27.14
10.77.23.11
10.77.22.12
10.77.22.10
10.77.22.14
10.77.22.11
10.77.22.15
10.77.23.10
10.77.22.13
10.77.23.11
10.77.23.11
10.77.22.12
10.77.22.10
10.77.23.11
10.77.22.15
10.77.27.13
10.77.22.15
10.77.22.10
10.77.27.14
10.77.22.14
10.77.23.11
10.77.27.15
10.77.23.11
10.77.22.11
10.77.22.13
10.77.22.13
10.77.22.10
10.77.27.15
10.77.22.10
10.77.22.15
10.77.27.14
10.77.23.11
10.77.27.13
10.77.22.13
10.77.22.13
10.77.22.13
10.77.22.13
10.77.22.12
10.77.23.12
10.77.27.15
10.77.22.15
10.77.22.12
10.77.22.15
10.77.22.15
10.77.27.15
10.77.22.15
10.77.23.10
10.77.22.15
10.77.22.11
10.77.22.12
10.77.22.12
10.77.22.10
10.77.22.10
10.77.27.14
10.77.22.12
10.77.22.11
10.77.27.13
10.77.22.14
10.77.22.10
10.77.23.12
10.77.23.10
10.77.22.15
10.77.27.15
10.77.27.15
10.77.27.13
10.77.23.11
10.77.27.14
10.77.22.13
10.77.23.10
10.77.22.12
10.77.22.15
10.77.27.14
10.77.27.14
10.77.27.13
10.77.23.11
10.77.22.13
10.77.27.13
10.77.22.14
10.77.22.12
10.77.23.11
10.77.27.13
10.77.22.15
10.77.22.12
10.77.22.11
10.77.23.10
10.77.22.15
10.77.22.15
10.77.27.14
10.77.27.15
10.77.22.11
10.77.27.13
10.77.27.13
10.77.23.10
10.77.27.13
10.77.27.14
10.77.22.11
10.77.23.10
10.77.22.10
10.77.23.12
10.77.22.11
10.77.22.13
10.77.22.13
10.77.22.10
10.77.22.14
10.77.27.15
10.77.22.12
10.77.23.11
10.77.27.13
10.77.22.15
10.77.22.14
10.77.22.12
10.77.27.14
10.77.22.13
10.77.22.11
10.77.23.11
10.77.22.13
10.77.23.11
10.77.22.15
10.77.22.11
10.77.23.12
10.77.27.13
10.77.23.10
10.77.22.11
10.77.23.10
10.77.23.10
10.77.27.13
10.77.22.11
10.77.27.14
10.77.23.10
10.77.22.11
10.77.22.12
10.77.23.11
10.77.22.13
10.77.23.10
10.77.22.15
10.77.22.13
10.77.22.14
10.77.23.12
10.77.22.13
10.77.27.15
10.77.22.12
10.77.22.14
10.77.22.13
10.77.22.12
10.77.23.12
10.77.22.15
10.77.27.15
10.77.27.15
10.77.27.13
10.77.23.10
10.77.27.13
10.77.22.10
10.77.23.12
10.77.22.15
10.77.23.11
10.77.22.11
10.77.27.15
10.77.27.15
10.77.22.11
10.77.23.10
10.77.27.13
10.77.22.12
10.77.27.14
10.77.22.12
10.77.23.11
10.77.23.11
10.77.22.14
10.77.22.15
10.77.22.10
10.77.23.11
10.77.22.12
10.77.23.11
10.77.22.11
10.77.22.12
10.77.23.12
10.77.22.12
10.77.27.15
10.77.27.14
10.77.22.11
10.77.22.11
10.77.22.15
10.77.22.14
10.77.22.11
10.77.22.14
10.77.23.10
10.77.22.15
10.77.22.15
10.77.27.15
10.77.23.10
10.77.23.11
10.77.27.15
10.77.27.14
10.77.22.11
10.77.23.10
10.77.27.15
10.77.27.14
10.77.23.12
10.77.27.13
10.77.22.11
10.77.23.10
10.77.22.11
10.77.27.14
10.77.22.12
10.77.22.14
10.77.22.12
10.77.22.14
10.77.22.13
10.77.22.14
10.77.23.11
10.77.22.12
10.77.23.11
10.77.23.10
10.77.22.13
10.77.22.15
10.77.22.12
10.77.22.10
10.77.22.10
10.77.22.14
10.77.23.12
10.77.23.11
10.77.27.14
10.77.22.11
10.77.22.13
10.77.23.10
10.77.23.12
10.77.23.12
10.77.23.10
10.77.22.13
10.77.22.10
10.77.22.12
10.77.27.14
10.77.22.13
10.77.23.11
10.77.22.12
10.77.22.12
10.77.23.10
10.77.22.13
10.77.27.13
10.77.23.12
10.77.22.10
10.77.27.13
10.77.22.14
10.77.22.11
10.77.22.13
10.77.22.11
10.77.22.11
10.77.23.12
10.77.22.15
10.77.27.13
10.77.22.15
10.77.23.10
10.77.27.14
10.77.22.10
10.77.23.10
10.77.23.12
10.77.23.12
10.77.27.14
10.77.22.11
10.77.22.10
10.77.22.11
10.77.22.11
10.77.22.14
10.77.23.10
10.77.27.14
10.77.23.12
10.77.22.15
10.77.22.13
10.77.22.14
10.77.22.15
10.77.22.12
10.77.27.13
10.77.22.12
10.77.27.13
10.77.27.15
10.77.27.15
10.77.23.12
10.77.22.14
10.77.22.10
10.77.27.14
10.77.22.12
10.77.22.11
10.77.27.13
10.77.23.10
10.77.23.12
10.77.22.13
10.77.27.15
10.77.27.13
10.77.22.14
10.77.22.14
10.77.23.10
10.77.27.14
10.77.23.11
10.77.27.13
10.77.22.11
10.77.27.14
10.77.22.15
10.77.22.14
10.77.23.11
10.77.22.11
10.77.27.14
10.77.22.11
10.77.23.10
10.77.22.12
10.77.22.12
10.77.27.15
10.77.22.11
10.77.22.10
10.77.27.14
10.77.22.10
10.77.22.15
10.77.22.10
10.77.22.13
10.77.22.14
10.77.27.13
10.77.22.14
10.77.22.15
10.77.22.14
10.77.27.13
10.77.27.13
10.77.27.14
10.77.27.15
10.77.22.13
10.77.22.12
10.77.22.12
10.77.23.12
10.77.22.13
10.77.23.11
10.77.23.12
10.77.22.14
10.77.27.14
10.77.22.10
10.77.22.11
10.77.23.12
10.77.22.12
10.77.22.10
10.77.22.14
10.77.22.14
10.77.23.12
10.77.27.13
10.77.22.15
10.77.23.11
10.77.27.13
10.77.23.10
10.77.27.14
10.77.23.12
10.77.22.14
10.77.23.10
10.77.23.10
10.77.27.15
10.77.23.11
10.77.22.11
10.77.22.11
10.77.23.10
10.77.22.14
10.77.22.11
10.77.22.11
10.77.27.15
10.77.27.13
10.77.23.11
10.77.23.12
10.77.22.14
10.77.22.10
10.77.22.11
10.77.27.15
10.77.23.11
10.77.22.11
10.77.27.14
10.77.22.11
10.77.22.12
10.77.27.14
10.77.22.12
10.77.23.12
10.77.27.13
10.77.22.11
10.77.22.10
10.77.27.13
10.77.22.12
10.77.22.14
10.77.22.14
10.77.22.14
10.77.22.14
10.77.22.15
10.77.27.14
10.77.27.14
10.77.22.15
10.77.23.11
10.77.23.10
10.77.22.10
10.77.27.14
10.77.22.13
10.77.27.14
10.77.22.14
10.77.22.13
10.77.23.11
10.77.22.15
10.77.22.10
10.77.23.11
10.77.22.12
10.77.22.15
10.77.27.13
10.77.23.11
10.77.27.13
10.77.23.10
10.77.22.14
10.77.22.14
10.77.22.11
10.77.27.15
10.77.27.15
10.77.27.14
10.77.22.15
10.77.22.11
10.77.22.11
10.77.27.14
10.77.22.13
10.77.22.10
10.77.27.14
10.77.27.15
10.77.22.15
10.77.22.12
10.77.22.10
10.77.22.14
10.77.22.15
10.77.23.11
10.77.23.10
10.77.23.10
10.77.22.11
10.77.27.14
10.77.23.10
10.77.22.12
10.77.22.13
10.77.22.10
10.77.23.11
10.77.22.14
10.77.23.12
10.77.23.10
10.77.23.10
10.77.22.13
10.77.22.15
10.77.27.15
10.77.23.11
10.77.27.14
10.77.22.14
10.77.27.13
10.77.22.14
10.77.27.15
10.77.23.12
10.77.23.11
10.77.22.10
10.77.23.10
10.77.27.14
10.77.22.14
10.77.27.13
10.77.27.14
10.77.23.12
10.77.22.13
10.77.22.13
10.77.22.15
10.77.22.15
10.77.27.14
10.77.22.13
10.77.23.11
10.77.22.13
10.77.27.15
10.77.27.13
10.77.27.13
10.77.22.11
10.77.22.13
10.77.27.14
10.77.23.12
10.77.23.11
10.77.23.12
10.77.27.13
10.77.23.12
10.77.27.13
10.77.22.12
10.77.22.13
10.77.22.11
10.77.22.15
10.77.22.15
10.77.23.10
10.77.27.14
10.77.22.14
10.77.27.14
10.77.23.12
10.77.22.12
10.77.22.12
10.77.22.15
10.77.22.12
10.77.27.14
10.77.22.15
10.77.22.15
10.77.22.10
10.77.23.10
10.77.22.11
10.77.27.13
10.77.27.15
10.77.23.10
10.77.22.15
10.77.23.11
10.77.22.15
10.77.27.14
10.77.22.14
10.77.27.13
10.77.22.15
10.77.22.10
10.77.22.12
10.77.27.13
10.77.27.15
10.77.22.10
10.77.23.11
10.77.23.10
10.77.22.10
10.77.22.14
10.77.27.14
10.77.22.14
10.77.23.12
10.77.27.14
10.77.23.11
10.77.23.12
10.77.23.12
10.77.27.13
10.77.22.14
10.77.22.15
10.77.27.13
10.77.22.13
10.77.23.12
10.77.27.13
10.77.22.12
10.77.22.14
10.77.27.13
10.77.27.14
10.77.23.11
10.77.22.10
10.77.23.10
10.77.23.11
10.77.27.13
10.77.22.10
10.77.23.12
10.77.27.14
10.77.22.15
10.77.22.15
10.77.22.13
10.77.23.10
10.77.27.13
10.77.22.11
10.77.27.13
10.77.23.11
10.77.22.14
10.77.27.14
10.77.22.10
10.77.27.14
10.77.22.11
10.77.27.14
10.77.27.15
10.77.23.10
10.77.27.14
10.77.23.11
10.77.27.15
10.77.22.10
10.77.22.10
10.77.22.13
10.77.22.14
10.77.22.13
10.77.23.12
10.77.22.14
10.77.23.11
10.77.23.12
10.77.27.14
10.77.22.13
10.77.27.14
10.77.22.12
10.77.22.11
10.77.27.14
10.77.22.11
10.77.22.11
10.77.22.15
10.77.22.11
10.77.22.14
10.77.22.12
10.77.27.14
10.77.27.14
10.77.23.12
10.77.27.13
10.77.27.14
10.77.27.15
10.77.23.11
10.77.22.11
10.77.22.11
10.77.22.10
10.77.22.11
10.77.23.10
10.77.27.14
10.77.22.14
10.77.22.10
10.77.22.13
10.77.22.11
10.77.22.14
10.77.22.14
10.77.22.12
10.77.22.15
10.77.22.12
10.77.22.12
10.77.23.11
10.77.22.15
10.77.22.14
10.77.27.15
10.77.27.14
10.77.22.15
10.77.22.12
10.77.27.15
10.77.23.12
10.77.22.10
10.77.27.14
10.77.27.15
10.77.22.10
10.77.22.10
10.77.23.11
10.77.22.10
10.77.23.11
10.77.22.10
10.77.27.13
10.77.23.12
10.77.23.10
10.77.22.15
10.77.22.12
10.77.23.10
10.77.22.15
10.77.27.13
10.77.23.11
10.77.23.11
10.77.27.15
10.77.22.15
10.77.27.13
10.77.22.10
10.77.22.10
10.77.22.14
10.77.27.13
10.77.27.15
10.77.27.13
10.77.23.12
10.77.22.14
10.77.23.10
10.77.27.13
10.77.23.11
10.77.27.15
10.77.23.12
10.77.22.12
10.77.22.14
10.77.23.11
10.77.23.11
10.77.27.14
10.77.27.14
10.77.22.10
10.77.22.11
10.77.27.15
10.77.23.10
10.77.23.12
10.77.22.11
10.77.22.14
10.77.27.13
10.77.22.10
10.77.23.12
10.77.23.12
10.77.23.11
10.77.23.10
10.77.27.13
10.77.27.15
10.77.23.12
10.77.23.10
10.77.23.10
10.77.27.15
10.77.23.10
10.77.27.13
10.77.23.12
10.77.23.10
10.77.22.11
10.77.22.10
10.77.22.12
10.77.23.10
10.77.27.15
10.77.22.13
10.77.22.10
10.77.22.11
10.77.23.10
10.77.27.15
10.77.23.12
10.77.27.15
10.77.27.15
10.77.22.14
10.77.22.15
10.77.22.11
10.77.22.14
10.77.27.14
10.77.22.11
10.77.22.12
10.77.23.12
10.77.22.15
10.77.22.14
10.77.22.15
10.77.22.14
10.77.22.15
10.77.23.11
10.77.22.14
10.77.22.13
10.77.27.14
10.77.27.14
10.77.22.13
10.77.23.11
10.77.27.13
10.77.23.12
10.77.27.14
10.77.23.12
10.77.23.11
10.77.27.15
10.77.27.15
10.77.22.14
10.77.22.15
10.77.23.10
10.77.22.15
10.77.27.14
10.77.22.11
10.77.22.15
10.77.22.12
10.77.22.13
10.77.22.14
10.77.22.11
10.77.23.10
10.77.22.10
10.77.22.14
10.77.22.11
10.77.22.14
10.77.27.13
10.77.23.12
10.77.22.10
10.77.22.10
10.77.27.13
10.77.22.14
10.77.22.10
10.77.23.10
10.77.27.15
10.77.27.13
10.77.23.10
10.77.23.10
10.77.22.10
10.77.23.10
10.77.22.11
10.77.22.10
10.77.22.11
10.77.27.14
10.77.23.12
10.77.27.13
10.77.23.10
10.77.27.15
10.77.23.10
10.77.23.12
10.77.22.14
10.77.22.15
10.77.22.15
10.77.23.10
10.77.22.14
10.77.22.12
10.77.22.13
10.77.22.14
10.77.27.15
10.77.27.15
10.77.22.12
10.77.22.10
10.77.22.13
10.77.23.11
10.77.22.14
10.77.27.13
10.77.22.14
10.77.27.13
10.77.27.13
10.77.27.15
10.77.27.15
10.77.27.13
10.77.23.11
10.77.23.10
10.77.23.11
10.77.22.11
10.77.23.12
10.77.27.15
10.77.23.12
10.77.27.15
10.77.22.14
10.77.27.15
10.77.27.14
10.77.27.13
10.77.22.10
10.77.27.14
10.77.23.10
10.77.22.15
10.77.22.15
10.77.22.15
10.77.22.11
10.77.22.10
10.77.22.12
10.77.22.11
10.77.22.13
10.77.22.12
10.77.22.11
10.77.22.12
10.77.22.12
10.77.22.10
10.77.22.15
10.77.27.14
10.77.22.10
10.77.27.13
10.77.22.13
10.77.27.14
10.77.23.11
10.77.23.12
10.77.22.14
10.77.22.10
10.77.22.15
10.77.23.12
10.77.27.13
10.77.23.11
10.77.22.14
10.77.22.11
10.77.27.15
10.77.22.15
10.77.22.11
10.77.23.10
10.77.22.10
10.77.23.10
10.77.22.10
10.77.22.10
10.77.27.15
10.77.22.10
10.77.23.10
10.77.23.10
10.77.23.11
10.77.22.11
10.77.22.12
10.77.23.11
10.77.23.10
10.77.27.15
10.77.22.13
10.77.22.14
10.77.23.10
10.77.22.14
10.77.23.12
10.77.22.12
10.77.23.12
10.77.27.13
10.77.23.10
10.77.23.12
10.77.27.15
10.77.27.13
10.77.22.10
10.77.22.15
10.77.22.15
10.77.27.15
10.77.22.12
10.77.22.14
10.77.22.13
10.77.22.12
10.77.22.13
10.77.27.15
10.77.22.15
10.77.27.15
10.77.27.15
10.77.22.13
10.77.22.15
10.77.23.11
10.77.22.14
10.77.23.11
10.77.22.10
10.77.27.14
10.77.27.14
10.77.22.14
10.77.23.12
10.77.22.12
10.77.22.10
10.77.22.15
10.77.27.14
10.77.27.13
10.77.23.11
10.77.22.13
10.77.27.14
10.77.22.11
10.77.22.15
10.77.27.13
10.77.23.12
10.77.22.11
10.77.22.15
10.77.22.11
10.77.22.10
10.77.22.12
10.77.27.14
10.77.27.14
10.77.23.10
10.77.22.15
10.77.27.14
10.77.22.15
10.77.23.10
10.77.22.15
10.77.22.14
10.77.22.13
10.77.22.11
10.77.27.15
10.77.22.12
10.77.23.11
10.77.27.13
10.77.22.15
10.77.22.12
10.77.27.13
10.77.22.12
10.77.23.12
10.77.23.11
10.77.22.12
10.77.27.15
10.77.23.11
10.77.27.14
10.77.27.15
10.77.22.15
10.77.27.13
10.77.22.12
10.77.22.13
10.77.27.15
10.77.22.14
10.77.22.14
10.77.23.10
10.77.23.11
10.77.27.13
10.77.27.15
10.77.27.15
10.77.27.13
10.77.27.14
10.77.22.11
10.77.22.10
10.77.23.10
10.77.22.15
10.77.22.11
10.77.23.11
10.77.27.13
10.77.23.10
10.77.22.10
10.77.27.13
10.77.22.15
10.77.27.13
10.77.23.12
10.77.23.12
10.77.27.14
10.77.23.12
10.77.27.15
10.77.22.11
10.77.23.10
10.77.22.15
10.77.22.13
10.77.22.15
10.77.27.13
10.77.22.10
10.77.22.13
10.77.22.14
10.77.27.13
10.77.22.11
10.77.22.13
10.77.22.14
10.77.23.11
10.77.22.13
10.77.22.11
10.77.22.14
10.77.22.13
10.77.22.11
10.77.22.15
10.77.23.12
10.77.22.14
10.77.22.14
10.77.23.12
10.77.23.10
10.77.27.13
10.77.27.15
10.77.27.15
10.77.23.11
10.77.23.11
10.77.27.13
10.77.27.13
10.77.27.14
10.77.22.13
10.77.27.15
10.77.22.11
10.77.23.10
10.77.22.12
10.77.27.15
10.77.22.10
10.77.23.10
10.77.23.12
10.77.22.13
10.77.22.12
10.77.22.10
10.77.23.11
10.77.22.10
10.77.22.10
10.77.27.15
10.77.23.12
10.77.27.13
10.77.23.10
10.77.22.11
10.77.22.12
10.77.23.10
10.77.22.14
10.77.23.10
10.77.22.11
10.77.22.11
10.77.27.14
10.77.27.13
10.77.22.12
10.77.22.13
10.77.23.10
10.77.22.11
10.77.22.10
10.77.22.11
10.77.22.10
10.77.22.10
10.77.27.15
10.77.22.12
10.77.23.10
10.77.22.13
10.77.22.10
10.77.22.12
10.77.22.10
10.77.22.12
10.77.23.11
10.77.22.10
10.77.22.11
10.77.22.10
10.77.23.11
10.77.27.14
10.77.23.12
10.77.27.13
10.77.27.14
10.77.22.10
10.77.22.15
10.77.22.13
10.77.23.11
10.77.22.11
10.77.27.13
10.77.23.11
10.77.22.11
10.77.22.12
10.77.22.12
10.77.23.10
10.77.22.11
10.77.23.10
10.77.27.14
10.77.23.10
10.77.22.10
10.77.27.15
10.77.27.13
10.77.27.13
10.77.22.12
10.77.23.11
10.77.23.10
10.77.22.14
10.77.22.10
10.77.23.11
10.77.27.15
10.77.22.13
10.77.22.12
10.77.27.13
10.77.23.10
10.77.23.12
10.77.22.13
10.77.23.12
10.77.22.11
10.77.22.12
10.77.23.10
10.77.22.12
10.77.27.14
10.77.23.12
10.77.23.10
10.77.22.15
10.77.22.11
10.77.22.12
10.77.22.15
10.77.22.10
10.77.23.10
10.77.23.12
10.77.23.12
10.77.22.10
10.77.23.10
10.77.22.14
10.77.22.13
10.77.23.10
10.77.23.11
10.77.22.12
10.77.27.14
10.77.27.14
10.77.22.15
10.77.22.13
10.77.27.14
10.77.27.14
10.77.22.15
10.77.22.12
10.77.23.11
10.77.27.14
10.77.23.10
10.77.27.14
10.77.23.12
10.77.23.11
10.77.23.12
10.77.22.12
10.77.23.10
10.77.27.15
10.77.22.15
10.77.22.13
10.77.27.14
10.77.22.14
10.77.22.14
10.77.27.13
10.77.27.13
10.77.27.13
10.77.27.14
10.77.22.14
10.77.27.15
10.77.22.13
10.77.27.13
10.77.27.13
10.77.23.10
10.77.22.15
10.77.27.13
10.77.23.11
10.77.22.10
10.77.27.13
10.77.23.10
10.77.22.14
10.77.27.15
10.77.23.12
10.77.27.14
10.77.23.10
10.77.22.15
10.77.27.14
10.77.22.12
10.77.23.10
10.77.22.14
10.77.22.12
10.77.22.14
10.77.23.11
10.77.27.13
10.77.22.13
10.77.22.10
10.77.22.12
10.77.22.12
10.77.22.10
10.77.22.10
10.77.27.14
10.77.23.10
10.77.22.13
10.77.23.11
10.77.22.11
10.77.22.11
10.77.27.15
10.77.22.15
10.77.27.15
10.77.22.11
10.77.27.13
10.77.23.12
10.77.27.14
10.77.27.14
10.77.22.14
10.77.22.12
10.77.23.11
10.77.22.12
10.77.23.12
10.77.27.13
10.77.27.13
10.77.22.10
10.77.23.11
10.77.22.11
10.77.27.15
10.77.22.14
10.77.27.14
10.77.23.11
10.77.22.14
10.77.23.11
10.77.27.13
10.77.22.13
10.77.22.11
10.77.27.15
10.77.22.10
10.77.27.14
10.77.22.14
10.77.27.14
10.77.23.12
10.77.22.15
10.77.22.14
10.77.22.10
10.77.22.14
10.77.23.10
10.77.23.10
10.77.27.13
10.77.22.15
10.77.22.10
10.77.27.14
10.77.22.10
10.77.22.10
10.77.22.12
10.77.22.14
10.77.22.13
10.77.23.11
10.77.22.11
10.77.22.10
10.77.23.10
10.77.22.11
10.77.23.10
10.77.22.15
10.77.27.13
10.77.27.15
10.77.22.13
10.77.22.11
10.77.27.14
10.77.27.13
10.77.23.11
10.77.22.14
10.77.22.15
10.77.23.12
10.77.27.14
10.77.22.10
10.77.22.12
10.77.27.13
10.77.22.12
10.77.27.13
10.77.23.12
10.77.22.12
10.77.27.15
10.77.22.12
10.77.22.13
10.77.23.11
10.77.22.12
10.77.27.15
10.77.27.15
10.77.22.14
10.77.27.15
10.77.23.12
10.77.22.13
10.77.22.12
10.77.23.10
10.77.22.15
10.77.22.10
10.77.27.14
10.77.22.13
10.77.22.14
10.77.22.11
10.77.22.12
10.77.22.12
10.77.22.12
10.77.22.15
10.77.22.12
10.77.27.15
10.77.27.13
10.77.22.13
10.77.22.14
10.77.22.11
10.77.22.10
10.77.22.13
10.77.22.13
10.77.22.10
10.77.22.10
10.77.22.13
10.77.23.10
10.77.27.13
10.77.27.13
10.77.22.14
10.77.27.15
10.77.22.14
10.77.27.13
10.77.27.15
10.77.22.13
10.77.22.15
10.77.27.14
10.77.27.13
10.77.22.13
10.77.22.10
10.77.22.11
10.77.22.12
10.77.27.14
10.77.22.10
10.77.27.13
10.77.23.11
10.77.22.15
10.77.27.13
10.77.22.15
10.77.22.13
10.77.23.11
10.77.27.15
10.77.23.12
10.77.22.15
10.77.27.14
10.77.22.11
10.77.23.11
10.77.22.12
10.77.23.10
10.77.22.15
10.77.22.14
10.77.27.15
10.77.23.10
10.77.22.15
10.77.22.13
10.77.23.10
10.77.22.15
10.77.22.13
10.77.22.13
10.77.23.11
10.77.22.11
10.77.22.14
10.77.23.12
10.77.27.13
10.77.22.12
10.77.23.10
10.77.23.12
10.77.23.12
10.77.22.10
10.77.22.15
10.77.22.11
10.77.23.11
10.77.23.10
10.77.23.11
10.77.22.12
10.77.23.10
10.77.22.11
10.77.27.13
10.77.22.12
10.77.22.13
10.77.27.13
10.77.23.12
10.77.22.11
10.77.27.15
10.77.22.15
10.77.22.15
10.77.27.15
10.77.22.13
10.77.23.10
10.77.22.10
10.77.23.10
10.77.23.11
10.77.22.13
10.77.27.15
10.77.22.10
10.77.22.15
10.77.23.12
10.77.22.13
10.77.22.10
10.77.27.13
10.77.23.10
10.77.22.13
10.77.27.15
10.77.27.15
10.77.27.15
10.77.23.11
10.77.22.15
10.77.27.14
10.77.22.12
10.77.27.14
10.77.22.12
10.77.22.10
10.77.22.11
10.77.27.14
10.77.23.10
10.77.22.14
10.77.22.13
10.77.22.11
10.77.23.10
10.77.22.10
10.77.22.12
10.77.22.14
10.77.27.14
10.77.23.11
10.77.22.13
10.77.22.13
10.77.23.10
10.77.22.13
10.77.27.13
10.77.23.12
10.77.22.15
10.77.22.10
10.77.22.10
10.77.22.10
10.77.27.14
10.77.23.11
10.77.23.12
10.77.27.14
10.77.27.14
10.77.22.15
10.77.23.10
10.77.23.10
10.77.22.15
10.77.22.13
10.77.27.14
10.77.22.11
10.77.23.10
10.77.27.14
10.77.27.14
10.77.23.11
10.77.22.10
10.77.27.13
10.77.22.10
10.77.22.12
10.77.22.10
10.77.27.14
10.77.22.15
10.77.22.12
10.77.22.11
10.77.27.13
10.77.23.11
10.77.22.15
10.77.22.11
10.77.27.14
10.77.27.14
10.77.22.11
10.77.22.12
10.77.22.13
10.77.22.10
10.77.22.13
10.77.27.15
10.77.22.14
10.77.27.14
10.77.22.14
10.77.23.11
10.77.22.10
10.77.23.10
10.77.22.14
10.77.27.13
10.77.27.15
10.77.22.13
10.77.22.10
10.77.22.12
10.77.27.14
10.77.22.15
10.77.22.12
10.77.27.13
10.77.23.11
10.77.22.14
10.77.23.11
10.77.22.14
10.77.22.13
10.77.22.14
10.77.27.13
10.77.23.11
10.77.22.15
10.77.22.11
10.77.23.11
10.77.22.11
10.77.23.12
10.77.23.12
10.77.22.14
10.77.23.11
10.77.22.14
10.77.22.15
10.77.22.11
10.77.22.14
10.77.22.14
10.77.22.10
10.77.23.12
10.77.27.14
10.77.27.14
10.77.22.12
10.77.23.12
10.77.22.14
10.77.27.13
10.77.23.10
10.77.27.15
10.77.23.10
10.77.22.13
10.77.23.10
10.77.23.11
10.77.23.12
10.77.22.14
10.77.23.12
10.77.27.13
10.77.22.13
10.77.22.14
10.77.22.11
10.77.27.15
10.77.23.10
10.77.22.13
10.77.27.15
10.77.23.11
10.77.22.14
10.77.27.15
10.77.22.10
10.77.27.14
10.77.27.13
10.77.22.11
10.77.23.11
10.77.23.12
10.77.23.11
10.77.27.14
10.77.27.13
10.77.27.15
10.77.22.13
10.77.27.15
10.77.22.11
10.77.27.13
10.77.22.13
10.77.23.10
10.77.23.11
10.77.22.10
10.77.23.10
10.77.22.15
10.77.23.11
10.77.22.13
10.77.22.14
10.77.27.14
10.77.27.14
10.77.22.11
10.77.27.14
10.77.22.11
10.77.22.10
10.77.27.15
10.77.23.12
10.77.22.11
10.77.22.13
10.77.22.14
10.77.23.11
10.77.22.12
10.77.22.14
10.77.22.14
10.77.27.13
10.77.22.11
10.77.23.12
10.77.27.13
10.77.27.13
10.77.22.10
10.77.23.10
10.77.22.11
10.77.27.14
10.77.27.15
10.77.23.12
10.77.22.14
10.77.22.10
10.77.22.10
10.77.22.13
10.77.22.11
10.77.22.15
10.77.22.12
10.77.27.14
10.77.22.15
10.77.22.15
10.77.27.15
10.77.23.11
10.77.22.12
10.77.22.10
10.77.22.14
10.77.22.11
10.77.22.14
10.77.22.11
10.77.23.12
10.77.22.10
10.77.27.14
10.77.27.13
10.77.22.14
10.77.27.15
10.77.27.13
10.77.22.15
10.77.27.14
10.77.22.11
10.77.22.15
10.77.23.11
10.77.22.14
10.77.22.13
10.77.22.10
10.77.23.12
10.77.22.13
10.77.27.14
10.77.22.10
10.77.22.15
10.77.22.10
10.77.27.13
10.77.22.11
10.77.23.12
10.77.27.15
10.77.23.11
10.77.22.14
10.77.22.12
10.77.22.10
10.77.23.10
10.77.23.10
10.77.23.12
10.77.27.13
10.77.22.13
10.77.27.15
10.77.22.15
10.77.27.15
10.77.27.13
10.77.27.15
10.77.27.13
10.77.23.12
10.77.22.15
10.77.22.15
10.77.22.12
10.77.23.11
10.77.27.14
10.77.27.14
10.77.27.15
10.77.23.10
10.77.22.15
10.77.22.15
10.77.22.12
10.77.22.12
10.77.27.14
10.77.22.11
10.77.23.12
10.77.22.10
10.77.22.15
10.77.22.15
10.77.22.12
10.77.23.11
10.77.27.15
10.77.27.15
10.77.22.13
10.77.22.11
10.77.27.15
10.77.23.11
10.77.27.13
10.77.22.15
10.77.22.10
10.77.23.10
10.77.23.11
10.77.23.10
10.77.22.12
10.77.22.14
10.77.23.10
10.77.27.13
10.77.23.11
10.77.27.14
10.77.27.13
10.77.22.10
10.77.22.11
10.77.23.12
10.77.22.10
10.77.22.14
10.77.23.12
10.77.23.12
10.77.27.15
10.77.27.15
10.77.22.11
10.77.23.11
10.77.23.12
10.77.23.11
10.77.22.10
10.77.22.14
10.77.22.14
10.77.22.10
10.77.22.15
10.77.22.14
10.77.22.13
10.77.22.15
10.77.27.13
10.77.22.12
10.77.22.11
10.77.22.13
10.77.27.15
10.77.27.14
10.77.22.10
10.77.22.15
10.77.23.11
10.77.22.15
10.77.23.10
10.77.23.12
10.77.22.10
10.77.27.14
10.77.23.12
10.77.27.13
10.77.22.15
10.77.22.14
10.77.27.15
10.77.22.12
10.77.23.12
10.77.23.10
10.77.23.11
10.77.22.12
10.77.22.11
10.77.23.11
10.77.22.11
10.77.23.10
10.77.22.12
10.77.22.14
10.77.22.10
10.77.22.15
10.77.22.13
10.77.23.12
10.77.23.10
10.77.27.15
10.77.27.13
10.77.22.10
10.77.22.14
10.77.22.14
10.77.27.13
10.77.23.11
10.77.23.12
10.77.22.12
10.77.22.13
10.77.23.10
10.77.23.12
10.77.23.11
10.77.23.11
10.77.27.13
10.77.23.11
10.77.22.12
10.77.22.10
10.77.22.15
10.77.22.13
10.77.22.15
10.77.22.11
10.77.27.13
10.77.23.11
10.77.23.10
10.77.22.14
10.77.23.10
10.77.22.10
10.77.22.13
10.77.23.12
10.77.27.13
10.77.23.11
10.77.27.15
10.77.27.13
10.77.23.12
10.77.22.11
10.77.22.15
10.77.22.14
10.77.22.12
10.77.23.12
10.77.22.11
10.77.22.11
10.77.23.10
10.77.22.13
10.77.23.11
10.77.22.10
10.77.22.15
10.77.27.14
10.77.22.11
10.77.23.11
10.77.22.14
10.77.23.10
10.77.22.12
10.77.22.13
10.77.27.13
10.77.23.12
10.77.22.13
10.77.27.13
10.77.22.11
10.77.27.13
10.77.27.13
10.77.27.15
10.77.27.13
10.77.27.13
10.77.23.10
10.77.22.14
10.77.27.13
10.77.22.12
10.77.27.13
10.77.22.12
10.77.27.15
10.77.22.13
10.77.22.12
10.77.27.13
10.77.22.11
10.77.27.14
10.77.22.11
10.77.22.11
10.77.22.11
10.77.22.14
10.77.22.13
10.77.27.15
10.77.23.12
10.77.23.10
10.77.23.11
10.77.27.13
10.77.23.10
10.77.27.15
10.77.27.15
10.77.27.13
10.77.22.13
10.77.22.14
10.77.22.11
10.77.23.10
10.77.27.15
10.77.22.14
10.77.27.13
10.77.23.11
10.77.27.15
10.77.23.12
10.77.22.12
10.77.22.13
10.77.27.15
10.77.22.14
10.77.23.11
10.77.23.10
10.77.27.15
10.77.22.11
10.77.23.11
10.77.22.10
10.77.22.14
10.77.22.11
10.77.22.15
10.77.23.10
10.77.27.15
10.77.23.12
10.77.23.12
10.77.23.12
10.77.22.11
10.77.22.13
10.77.22.15
10.77.22.13
10.77.22.14
10.77.22.13
10.77.22.14
10.77.22.12
10.77.27.15
10.77.27.15
10.77.27.15
10.77.22.10
10.77.27.15
10.77.22.10
10.77.22.12
10.77.22.14
10.77.22.14
10.77.27.14
10.77.23.12
10.77.22.10
10.77.22.12
10.77.27.13
10.77.27.14
10.77.22.12
10.77.22.15
10.77.23.11
10.77.22.10
10.77.22.14
10.77.23.11
10.77.23.10
10.77.27.13
10.77.22.14
10.77.23.12
10.77.27.14
10.77.22.13
10.77.23.10
10.77.22.14
10.77.27.14
10.77.27.13
10.77.22.14
10.77.27.13
10.77.22.10
10.77.22.12
10.77.23.10
10.77.27.13
10.77.27.13
10.77.22.13
10.77.22.13
10.77.22.14
10.77.22.12
10.77.22.12
10.77.27.13
10.77.22.13
10.77.22.10
10.77.23.12
10.77.23.12
10.77.23.12
10.77.27.15
10.77.27.13
10.77.23.11
10.77.22.13
10.77.27.14
10.77.22.12
10.77.22.12
10.77.22.13
10.77.22.12
10.77.27.14
10.77.22.12
10.77.22.11
10.77.22.11
10.77.22.11
10.77.23.10
10.77.22.11
10.77.23.12
10.77.22.15
10.77.22.15
10.77.22.12
10.77.23.10
10.77.27.15
10.77.22.10
10.77.22.15
10.77.23.11
10.77.27.14
10.77.23.11
10.77.27.14
10.77.22.12
10.77.23.12
10.77.22.14
10.77.22.15
10.77.23.11
10.77.22.13
10.77.22.11
10.77.23.10
10.77.27.13
10.77.22.15
10.77.27.14
10.77.22.10
10.77.27.14
10.77.23.12
10.77.22.11
10.77.22.15
10.77.27.14
10.77.22.12
10.77.22.13
10.77.23.12
10.77.22.12
10.77.23.10
10.77.22.15
10.77.22.13
10.77.22.13
10.77.27.15
10.77.27.15
10.77.22.13
10.77.23.12
10.77.22.14
10.77.23.11
10.77.22.14
10.77.23.12
10.77.22.10
10.77.27.15
10.77.22.13
10.77.23.12
10.77.27.14
10.77.23.10
10.77.23.12
10.77.27.15
10.77.22.10
10.77.22.12
10.77.23.11
10.77.27.15
10.77.22.13
10.77.27.14
10.77.23.10
10.77.27.15
10.77.27.15
10.77.22.10
10.77.23.11
10.77.23.11
10.77.22.12
10.77.27.13
10.77.23.11
10.77.22.14
10.77.27.13
10.77.27.13
10.77.22.11
10.77.22.14
10.77.27.14
10.77.22.14
10.77.23.12
10.77.27.15
10.77.23.10
10.77.23.11
10.77.27.15
10.77.22.13
10.77.23.11
10.77.22.14
10.77.27.15
10.77.22.10
10.77.23.12
10.77.27.15
10.77.22.15
10.77.23.12
10.77.27.14
10.77.23.11
10.77.27.14
10.77.22.12
10.77.22.12
10.77.23.10
10.77.23.10
10.77.22.14
10.77.27.15
10.77.22.12
10.77.22.14
10.77.23.11
10.77.23.10
10.77.23.10
10.77.23.11
10.77.27.15
10.77.23.10
10.77.22.14
10.77.22.11
10.77.22.10
10.77.27.13
10.77.22.10
10.77.22.10
10.77.22.12
10.77.27.14
10.77.22.15
10.77.27.15
10.77.22.13
10.77.22.14
10.77.27.13
10.77.22.15
10.77.22.15
10.77.23.12
10.77.27.13
10.77.23.11
10.77.22.10
10.77.23.10
10.77.22.15
10.77.27.14
10.77.22.13
10.77.23.10
10.77.27.13
10.77.27.15
10.77.23.10
10.77.22.15
10.77.23.10
10.77.22.12
10.77.27.14
10.77.23.11
10.77.23.12
10.77.27.13
10.77.27.15
10.77.22.12
10.77.22.12
10.77.27.15
10.77.22.11
10.77.27.15
10.77.27.14
10.77.23.10
10.77.22.10
10.77.23.10
10.77.22.11
10.77.27.15
10.77.22.11
10.77.27.15
10.77.27.13
10.77.22.13
10.77.23.12
10.77.27.15
10.77.22.11
10.77.23.10
10.77.22.15
10.77.27.15
10.77.22.14
10.77.22.10
10.77.27.13
10.77.27.15
10.77.23.11
10.77.27.14
10.77.22.15
10.77.23.11
10.77.27.13
10.77.22.11
10.77.27.14
10.77.27.14
10.77.22.13
10.77.23.11
10.77.23.10
10.77.22.12
10.77.27.15
10.77.23.10
10.77.22.11
10.77.22.10
10.77.27.14
10.77.27.13
10.77.27.14
10.77.23.12
10.77.23.11
10.77.22.11
10.77.23.10
10.77.22.13
10.77.22.10
10.77.22.12
10.77.22.15
10.77.22.14
10.77.23.12
10.77.27.14
10.77.27.14
10.77.22.11
10.77.27.13
10.77.27.13
10.77.22.13
10.77.22.10
10.77.22.15
10.77.22.13
10.77.23.12
10.77.22.14
10.77.22.15
10.77.22.10
10.77.23.10
10.77.23.11
10.77.22.11
10.77.22.14
10.77.22.13
10.77.23.11
10.77.22.13
10.77.27.15
10.77.22.11
10.77.22.14
10.77.27.13
10.77.23.11
10.77.23.10
10.77.23.11
10.77.22.13
10.77.22.11
10.77.22.15
10.77.23.10
10.77.22.15
10.77.22.15
10.77.27.14
10.77.23.11
10.77.23.10
10.77.22.10
10.77.22.12
10.77.27.15
10.77.27.14
10.77.22.11
10.77.27.15
10.77.23.10
10.77.27.14
10.77.23.10
10.77.27.14
10.77.23.12
10.77.23.12
10.77.23.10
10.77.23.10
10.77.23.12
10.77.22.13
10.77.27.15
10.77.22.11
10.77.22.15
10.77.27.13
10.77.27.14
10.77.27.13
10.77.27.14
10.77.22.12
10.77.23.10
10.77.27.15
10.77.23.10
10.77.27.13
10.77.22.10
10.77.23.11
10.77.22.14
10.77.22.12
10.77.22.12
10.77.22.13
10.77.22.12
10.77.23.10
10.77.27.15
10.77.27.13
10.77.23.12
10.77.22.12
10.77.22.13
10.77.27.15
10.77.27.15
10.77.27.14
10.77.23.10
10.77.22.11
10.77.22.10
10.77.22.10
10.77.23.11
10.77.22.13
10.77.27.13
10.77.22.14
10.77.23.10
10.77.22.14
10.77.22.10
10.77.22.15
10.77.22.13
10.77.22.13
10.77.22.14
10.77.27.14
10.77.23.10
10.77.22.14
10.77.23.11
10.77.23.12
10.77.22.10
10.77.22.10
10.77.27.15
10.77.23.10
10.77.27.14
10.77.22.15
10.77.23.12
10.77.22.12
10.77.22.15
10.77.27.13
10.77.23.11
10.77.27.15
10.77.22.11
10.77.22.14
10.77.23.12
10.77.27.14
10.77.23.10
10.77.23.10
10.77.27.13
10.77.22.14
10.77.22.13
10.77.23.11
10.77.22.12
10.77.22.13
10.77.22.11
10.77.23.10
10.77.22.12
10.77.22.15
10.77.27.15
10.77.22.15
10.77.22.13
10.77.22.14
10.77.23.11
10.77.22.14
10.77.22.13
10.77.22.11
10.77.22.14
10.77.22.11
10.77.27.13
10.77.22.12
10.77.23.12
10.77.23.10
10.77.22.14
10.77.22.13
10.77.22.13
10.77.22.13
10.77.27.14
10.77.22.14
10.77.22.15
10.77.27.15
10.77.22.15
10.77.23.10
10.77.22.13
10.77.22.12
10.77.22.15
10.77.23.10
10.77.23.10
10.77.22.13
10.77.27.15
10.77.22.15
10.77.22.12
10.77.23.10
10.77.22.10
10.77.22.10
10.77.22.15
10.77.27.15
10.77.22.10
10.77.22.14
10.77.22.12
10.77.22.13
10.77.27.13
10.77.23.11
10.77.23.12
10.77.22.14
10.77.23.11
10.77.22.14
10.77.22.11
10.77.22.12
10.77.22.15
10.77.27.14
10.77.22.11
10.77.22.15
10.77.22.12
10.77.22.11
10.77.27.14
10.77.27.15
10.77.22.14
10.77.23.12
10.77.23.10
10.77.27.15
10.77.22.13
10.77.22.12
10.77.27.15
10.77.22.15
10.77.23.10
10.77.22.12
10.77.22.11
10.77.27.14
10.77.23.12
10.77.27.15
10.77.27.13
10.77.23.11
10.77.22.12
10.77.27.15
10.77.22.12
10.77.23.12
10.77.22.15
10.77.22.14
10.77.22.15
10.77.27.13
10.77.22.13
10.77.23.10
10.77.27.13
10.77.23.10
10.77.22.11
10.77.27.13
10.77.23.11
10.77.23.11
10.77.23.12
10.77.23.12
10.77.22.13
10.77.22.14
10.77.22.10
10.77.22.10
10.77.23.11
10.77.23.12
10.77.27.15
10.77.27.14
10.77.22.13
10.77.23.12
10.77.22.11
10.77.22.14
10.77.22.15
10.77.23.12
10.77.22.11
10.77.23.10
10.77.22.12
10.77.23.12
10.77.22.10
10.77.22.13
10.77.27.13
10.77.27.15
10.77.27.15
10.77.22.10
10.77.27.14
10.77.23.10
10.77.23.12
10.77.22.13
10.77.22.11
10.77.22.14
10.77.23.11
10.77.23.10
10.77.22.15
10.77.23.12
10.77.23.11
10.77.22.14
10.77.27.15
10.77.27.14
10.77.22.11
10.77.23.12
10.77.27.14
10.77.22.13
10.77.23.12
10.77.27.15
10.77.27.14
10.77.27.15
10.77.23.11
10.77.22.12
10.77.22.14
10.77.27.14
10.77.27.15
10.77.27.15
10.77.22.13
10.77.22.11
10.77.22.12
10.77.22.12
10.77.23.11
10.77.22.15
10.77.23.12
10.77.22.14
10.77.22.14
10.77.27.14
10.77.22.12
10.77.22.15
10.77.22.15
10.77.23.12
10.77.22.14
10.77.23.11
10.77.22.11
10.77.22.12
10.77.23.11
10.77.22.15
10.77.22.12
10.77.23.11
10.77.27.14
10.77.23.11
10.77.22.15
10.77.22.11
10.77.23.12
10.77.22.15
10.77.22.10
10.77.27.14
10.77.27.13
10.77.22.10
10.77.27.15
10.77.22.15
10.77.27.13
10.77.27.13
10.77.27.15
10.77.27.13
10.77.27.13
10.77.22.14
10.77.23.11
10.77.23.12
10.77.23.11
10.77.27.14
10.77.27.15
10.77.23.10
10.77.23.10
10.77.23.11
10.77.22.10
10.77.22.12
10.77.23.11
10.77.22.14
10.77.22.12
10.77.23.10
10.77.22.13
10.77.22.11
10.77.22.10
10.77.22.13
10.77.22.11
10.77.23.10
10.77.27.14
10.77.22.11
10.77.27.13
10.77.27.14
10.77.22.14
10.77.27.15
10.77.22.10
10.77.22.15
10.77.22.12
10.77.22.14
10.77.23.11
10.77.23.10
10.77.27.14
10.77.22.15
10.77.23.10
10.77.27.15
10.77.22.10
10.77.27.13
10.77.27.13
10.77.22.13
10.77.22.11
10.77.22.10
10.77.27.13
10.77.22.15
10.77.22.13
10.77.27.15
10.77.22.15
10.77.22.13
10.77.23.10
10.77.23.11
10.77.22.14
10.77.23.10
10.77.27.15
10.77.22.10
10.77.22.11
10.77.23.10
10.77.23.10
10.77.23.11
10.77.22.11
10.77.22.12
10.77.22.12
10.77.22.15
10.77.22.15
10.77.27.15
10.77.22.13
10.77.22.11
10.77.27.13
10.77.22.15
10.77.22.12
10.77.23.10
10.77.22.15
10.77.22.15
10.77.23.10
10.77.23.12
10.77.23.12
10.77.23.12
10.77.27.14
10.77.22.10
10.77.22.10
10.77.22.14
10.77.23.11
10.77.23.10
10.77.27.13
10.77.27.15
10.77.22.10
10.77.22.10
10.77.22.12
10.77.22.11
10.77.23.12
10.77.22.15
10.77.27.14
10.77.22.15
10.77.22.15
10.77.22.15
10.77.23.11
10.77.22.15
10.77.22.11
10.77.22.12
10.77.27.14
10.77.27.13
10.77.23.12
10.77.22.15
10.77.27.14
10.77.23.12
10.77.23.12
10.77.22.12
10.77.27.14
10.77.27.14
10.77.22.15
10.77.23.12
10.77.22.12
10.77.23.11
10.77.22.13
10.77.27.14
10.77.27.13
10.77.22.10
10.77.22.11
10.77.22.13
10.77.23.10
10.77.22.10
10.77.22.10
10.77.22.10
10.77.27.14
10.77.22.12
10.77.22.11
10.77.27.15
10.77.23.12
10.77.22.10
10.77.27.14
10.77.22.10
10.77.23.12
10.77.27.13
10.77.27.15
10.77.22.14
10.77.27.13
10.77.22.11
10.77.23.10
10.77.27.13
10.77.22.11
10.77.23.10
10.77.27.13
10.77.22.12
10.77.22.15
10.77.22.14
10.77.27.15
10.77.23.10
10.77.22.13
10.77.27.14
10.77.22.15
10.77.22.12
10.77.23.11
10.77.22.13
10.77.22.14
10.77.23.10
10.77.27.14
10.77.22.12
10.77.22.12
10.77.23.12
10.77.22.10
10.77.22.13
10.77.22.10
10.77.23.10
10.77.27.14
10.77.27.13
10.77.27.14
10.77.22.15
10.77.23.11
10.77.22.15
10.77.23.12
10.77.23.12
10.77.27.13
10.77.23.12
10.77.22.10
10.77.27.15
10.77.22.10
10.77.22.11
10.77.22.14
10.77.23.12
10.77.23.11
10.77.27.13
10.77.23.12
10.77.22.13
10.77.22.14
10.77.23.12
10.77.23.11
10.77.22.14
10.77.22.11
10.77.23.10
10.77.27.13
10.77.22.12
10.77.22.12
10.77.27.13
10.77.22.13
10.77.22.10
10.77.22.13
10.77.23.11
10.77.22.12
10.77.23.10
10.77.22.11
10.77.27.14
10.77.23.10
10.77.22.12
10.77.22.13
10.77.23.11
10.77.22.14
10.77.22.14
10.77.27.15
10.77.23.10
10.77.22.10
10.77.27.15
10.77.22.15
10.77.23.12
10.77.22.13
10.77.27.13
10.77.23.12
10.77.27.14
10.77.22.10
10.77.22.11
10.77.22.15
10.77.22.11
10.77.22.13
10.77.23.10
10.77.23.10
10.77.23.11
10.77.27.14
10.77.22.14
10.77.22.13
10.77.23.12
10.77.22.10
10.77.22.14
10.77.23.11
10.77.27.13
10.77.22.10
10.77.22.12
10.77.27.14
10.77.22.10
10.77.22.14
10.77.27.13
10.77.27.14
10.77.22.15
10.77.27.15
10.77.22.14
10.77.22.13
10.77.22.10
10.77.23.11
10.77.23.10
10.77.22.10
10.77.22.14
10.77.23.11
10.77.22.14
10.77.23.10
10.77.22.12
10.77.23.10
10.77.22.12
10.77.22.12
10.77.23.12
10.77.27.14
10.77.23.11
10.77.27.15
10.77.22.11
10.77.23.11
10.77.22.14
10.77.22.12
10.77.23.11
10.77.22.13
10.77.22.13
10.77.22.14
10.77.22.14
10.77.22.15
10.77.27.13
10.77.23.11
10.77.22.13
10.77.22.14
10.77.22.12
10.77.23.10
10.77.23.10
10.77.23.11
10.77.22.15
10.77.22.10
10.77.22.11
10.77.22.10
10.77.22.13
10.77.22.15
10.77.22.12
10.77.27.13
10.77.22.13
10.77.22.14
10.77.27.15
10.77.22.10
10.77.22.15
10.77.22.12
10.77.22.12
10.77.22.13
10.77.27.14
10.77.23.10
10.77.22.11
10.77.23.10
10.77.27.14
10.77.27.14
10.77.22.11
10.77.27.15
10.77.23.10
10.77.23.10
10.77.22.14
10.77.27.15
10.77.27.13
10.77.23.10
10.77.23.12
10.77.22.14
10.77.22.13
10.77.23.11
10.77.22.11
10.77.22.15
10.77.23.11
10.77.22.12
10.77.22.10
10.77.22.13
10.77.23.11
10.77.27.15
10.77.23.11
10.77.22.11
10.77.22.14
10.77.22.13
10.77.23.12
10.77.22.13
10.77.27.14
10.77.22.14
10.77.23.11
10.77.27.15
10.77.22.13
10.77.22.11
10.77.27.15
10.77.22.11
10.77.27.15
10.77.22.14
10.77.23.11
10.77.22.15
10.77.23.11
10.77.23.11
10.77.22.14
10.77.22.10
10.77.27.15
10.77.22.11
10.77.27.14
10.77.22.13
10.77.22.12
10.77.23.11
10.77.23.12
10.77.22.10
10.77.27.15
10.77.23.11
10.77.23.10
10.77.22.13
10.77.22.10
10.77.27.15
10.77.22.14
10.77.27.14
10.77.22.13
10.77.23.12
10.77.23.11
10.77.22.14
10.77.22.13
10.77.22.13
10.77.27.13
10.77.22.13
10.77.27.14
10.77.23.10
10.77.23.12
10.77.22.12
10.77.27.13
10.77.27.13
10.77.27.15
10.77.22.12
10.77.27.15
10.77.22.11
10.77.27.13
10.77.22.12
10.77.23.10
10.77.27.15
10.77.22.10
10.77.22.10
10.77.22.12
10.77.27.15
10.77.27.13
10.77.23.10
10.77.22.13
10.77.23.11
10.77.22.12
10.77.22.13
10.77.22.15
10.77.23.11
10.77.23.11
10.77.22.13
10.77.27.14
10.77.23.12
10.77.22.12
10.77.22.11
10.77.22.11
10.77.22.13
10.77.22.14
10.77.22.10
10.77.22.14
10.77.22.10
10.77.22.15
10.77.27.13
10.77.22.14
10.77.22.15
10.77.27.14
10.77.23.11
10.77.23.10
10.77.22.11
10.77.27.13
10.77.22.14
10.77.22.14
10.77.27.14
10.77.27.14
10.77.22.14
10.77.27.15
10.77.22.12
10.77.23.11
10.77.27.15
10.77.27.14
10.77.23.12
10.77.22.14
10.77.22.11
10.77.22.12
10.77.27.15
10.77.22.10
10.77.22.10
10.77.23.10
10.77.22.14
10.77.22.14
10.77.22.13
10.77.22.10
10.77.23.12
10.77.27.13
10.77.27.14
10.77.22.14
10.77.22.11
10.77.27.15
10.77.23.11
10.77.27.14
10.77.22.11
10.77.27.15
10.77.22.12
10.77.27.13
10.77.27.13
10.77.22.11
10.77.27.15
10.77.27.13
10.77.27.14
10.77.22.14
10.77.22.14
10.77.23.10
10.77.22.14
10.77.23.11
10.77.23.10
10.77.22.10
10.77.22.11
10.77.22.10
10.77.23.11
10.77.23.12
10.77.22.10
10.77.27.13
10.77.22.10
10.77.23.12
10.77.22.15
10.77.23.11
10.77.23.11
10.77.22.15
10.77.27.13
10.77.23.12
10.77.27.15
10.77.23.12
10.77.23.10
10.77.27.13
10.77.22.15
10.77.22.12
10.77.23.11
10.77.22.14
10.77.27.15
10.77.27.14
10.77.27.13
10.77.22.11
10.77.22.10
10.77.22.12
10.77.23.11
10.77.22.13
10.77.23.12
10.77.23.11
10.77.23.12
10.77.22.13
10.77.23.10
10.77.23.10
10.77.22.10
10.77.23.11
10.77.23.12
10.77.22.15
10.77.22.15
10.77.23.10
10.77.23.10
10.77.22.11
10.77.27.14
10.77.22.12
10.77.23.12
10.77.22.13
10.77.22.10
10.77.22.14
10.77.23.10
10.77.22.15
10.77.23.11
10.77.27.13
10.77.23.10
10.77.27.13
10.77.22.11
10.77.22.13
10.77.23.12
10.77.27.13
10.77.23.10
10.77.23.11
10.77.22.14
10.77.22.12
10.77.22.11
10.77.22.14
10.77.22.15
10.77.27.14
10.77.27.13
10.77.23.11
10.77.23.11
10.77.22.15
10.77.27.14
10.77.22.10
10.77.27.14
10.77.22.12
10.77.22.12
10.77.22.13
10.77.22.11
10.77.22.13
10.77.23.10
10.77.22.14
10.77.23.12
10.77.27.15
10.77.22.11
10.77.22.12
10.77.23.12
10.77.23.12
10.77.22.10
10.77.27.15
10.77.22.11
10.77.22.10
10.77.22.10
10.77.27.14
10.77.22.14
10.77.22.15
10.77.22.12
10.77.23.10
10.77.22.13
10.77.27.15
10.77.27.15
10.77.27.15
10.77.27.14
10.77.22.15
10.77.23.11
10.77.23.10
10.77.22.15
10.77.27.14
10.77.27.14
10.77.23.12
10.77.23.10
10.77.22.11
10.77.23.12
10.77.22.12
10.77.27.13
10.77.22.12
10.77.22.11
10.77.27.15
10.77.22.13
10.77.22.13
10.77.22.15
10.77.23.12
10.77.23.10
10.77.23.12
10.77.23.12
10.77.27.13
10.77.23.11
10.77.22.12
10.77.23.11
10.77.23.10
10.77.22.10
10.77.23.12
10.77.27.13
10.77.22.14
10.77.22.12
10.77.27.14
10.77.27.13
10.77.22.10
10.77.22.10
10.77.22.11
10.77.27.15
10.77.22.12
10.77.23.10
10.77.23.12
10.77.27.14
10.77.22.12
10.77.23.12
10.77.23.12
10.77.27.14
10.77.22.14
10.77.22.11
10.77.22.11
10.77.23.12
10.77.22.11
10.77.27.15
10.77.23.12
10.77.22.14
10.77.22.11
10.77.27.13
10.77.22.10
10.77.27.14
10.77.23.12
10.77.23.11
10.77.27.13
10.77.22.15
10.77.22.15
10.77.23.11
10.77.22.12
10.77.22.15
10.77.22.12
10.77.22.12
10.77.27.15
10.77.22.12
10.77.22.14
10.77.22.11
10.77.27.13
10.77.23.11
10.77.23.12
10.77.22.15
10.77.23.10
10.77.27.14
10.77.22.15
10.77.23.10
10.77.23.10
10.77.22.14
10.77.22.10
10.77.22.13
10.77.22.15
10.77.22.10
10.77.23.12
10.77.22.11
10.77.22.13
10.77.22.10
10.77.22.10
10.77.27.13
10.77.22.14
10.77.23.12
10.77.22.13
10.77.23.12
10.77.22.10
10.77.27.15
10.77.22.10
10.77.27.13
10.77.22.13
10.77.27.13
10.77.22.12
10.77.23.12
10.77.22.13
10.77.22.15
10.77.23.11
10.77.23.12
10.77.23.11
10.77.27.13
10.77.27.13
10.77.23.10
10.77.23.11
10.77.27.14
10.77.27.15
10.77.27.14
10.77.22.14
10.77.22.15
10.77.22.10
10.77.22.10
10.77.23.10
10.77.22.11
10.77.27.14
10.77.22.10
10.77.27.13
10.77.23.11
10.77.22.14
10.77.22.10
10.77.22.10
10.77.22.13
10.77.23.11
10.77.22.11
10.77.22.11
10.77.22.14
10.77.23.12
10.77.27.13
10.77.27.14
10.77.22.15
10.77.22.12
10.77.23.11
10.77.22.13
10.77.23.10
10.77.22.13
10.77.22.11
10.77.22.10
10.77.22.12
10.77.22.14
10.77.23.11
10.77.22.15
10.77.22.14
10.77.23.11
10.77.22.13
10.77.22.12
10.77.22.11
10.77.22.13
10.77.22.10
10.77.23.10
10.77.22.15
10.77.22.12
10.77.23.11
10.77.22.15
10.77.23.10
10.77.22.14
10.77.27.15
10.77.22.13
10.77.23.12
10.77.22.13
10.77.22.13
10.77.23.10
10.77.22.13
10.77.27.13
10.77.22.11
10.77.23.11
10.77.22.14
10.77.27.14
10.77.22.13
10.77.22.12
10.77.23.12
10.77.27.15
10.77.22.14
10.77.23.12
10.77.22.13
10.77.22.11
10.77.22.10
10.77.23.12
10.77.23.11
10.77.23.12
10.77.22.10
10.77.23.11
10.77.23.12
10.77.22.15
10.77.27.14
10.77.22.15
10.77.22.13
10.77.22.14
10.77.27.15
10.77.22.10
10.77.22.14
10.77.27.15
10.77.27.15
10.77.22.11
10.77.22.12
10.77.23.10
10.77.22.12
10.77.22.11
10.77.22.14
10.77.22.13
10.77.22.11
10.77.23.12
10.77.22.10
10.77.23.11
10.77.22.15
10.77.22.11
10.77.23.12
10.77.27.15
10.77.22.13
10.77.22.12
10.77.22.12
10.77.27.14
10.77.27.13
10.77.22.14
10.77.22.13
10.77.22.10
10.77.22.15
10.77.23.10
10.77.27.13
10.77.22.13
10.77.27.13
10.77.27.15
10.77.23.11
10.77.22.10
10.77.22.14
10.77.22.10
10.77.23.10
10.77.22.13
10.77.22.13
10.77.27.14
10.77.22.12
10.77.23.12
10.77.23.12
10.77.22.15
10.77.22.13
10.77.22.10
10.77.22.14
10.77.27.15
10.77.23.11
10.77.22.13
10.77.27.15
10.77.23.12
10.77.23.10
10.77.22.10
10.77.27.13
10.77.23.10
10.77.22.14
10.77.22.12
10.77.27.13
10.77.23.12
10.77.27.14
10.77.22.14
10.77.22.10
10.77.27.13
10.77.22.11
10.77.22.11
10.77.22.14
10.77.23.11
10.77.22.13
10.77.22.10
10.77.22.13
10.77.22.11
10.77.23.11
10.77.22.15
10.77.22.10
10.77.22.15
10.77.22.15
10.77.27.15
10.77.22.14
10.77.23.12
10.77.22.15
10.77.22.14
10.77.23.11
10.77.27.15
10.77.27.15
10.77.23.11
10.77.22.15
10.77.22.12
10.77.23.12
10.77.23.10
10.77.22.15
10.77.22.10
10.77.22.11
10.77.27.14
10.77.23.12
10.77.23.10
10.77.23.12
10.77.22.12
10.77.27.15
10.77.27.15
10.77.22.14
10.77.22.13
10.77.22.15
10.77.27.14
10.77.23.11
10.77.27.13
10.77.22.13
10.77.23.10
10.77.27.13
10.77.27.13
10.77.22.11
10.77.22.12
10.77.22.15
10.77.22.11
10.77.27.14
10.77.27.15
10.77.23.11
10.77.27.15
10.77.22.12
10.77.23.10
10.77.22.15
10.77.22.11
10.77.23.10
10.77.22.12
10.77.22.15
10.77.23.11
10.77.23.10
10.77.23.12
10.77.22.14
10.77.23.12
10.77.23.11
10.77.22.13
10.77.22.11
10.77.22.10
10.77.22.11
10.77.22.12
10.77.27.14
10.77.22.14
10.77.27.15
10.77.27.14
10.77.22.12
10.77.27.14
10.77.23.10
10.77.22.14
10.77.22.15
10.77.23.11
10.77.27.15
10.77.22.12
10.77.22.10
10.77.27.15
10.77.23.10
10.77.22.12
10.77.27.14
10.77.23.12
10.77.23.10
10.77.23.12
10.77.27.14
10.77.22.11
10.77.27.14
10.77.22.13
10.77.22.10
10.77.23.12
10.77.22.13
10.77.22.15
10.77.27.15
10.77.22.12
10.77.22.14
10.77.22.14
10.77.22.12
10.77.22.14
10.77.23.11
10.77.22.11
10.77.27.15
10.77.22.11
10.77.22.12
10.77.22.13
10.77.27.14
10.77.22.11
10.77.22.12
10.77.27.13
10.77.22.13
10.77.22.13
10.77.22.10
10.77.27.14
10.77.27.15
10.77.23.10
10.77.22.15
10.77.23.12
10.77.22.14
10.77.23.12
10.77.27.13
10.77.22.10
10.77.22.10
10.77.23.11
10.77.23.10
10.77.23.10
10.77.27.14
10.77.27.15
10.77.22.14
10.77.22.12
10.77.23.12
10.77.27.13
10.77.22.15
10.77.22.12
10.77.22.15
10.77.23.11
10.77.23.12
10.77.22.12
10.77.22.13
10.77.22.13
10.77.23.11
10.77.23.11
10.77.22.14
10.77.23.12
10.77.23.10
10.77.22.13
10.77.23.10
10.77.23.10
10.77.23.10
10.77.23.12
10.77.23.12
10.77.23.12
10.77.22.13
10.77.22.15
10.77.23.12
10.77.27.15
10.77.22.14
10.77.22.10
10.77.23.12
10.77.22.15
10.77.27.15
10.77.23.12
10.77.22.12
10.77.22.13
10.77.22.10
10.77.27.13
10.77.23.12
10.77.27.15
10.77.23.11
10.77.23.12
10.77.22.11
10.77.22.13
10.77.22.14
10.77.23.11
10.77.22.11
10.77.22.12
10.77.22.14
10.77.22.14
10.77.22.13
10.77.22.10
10.77.27.14
10.77.22.14
10.77.27.13
10.77.22.12
10.77.27.15
10.77.22.11
10.77.27.13
10.77.22.11
10.77.22.13
10.77.22.13
10.77.22.13
10.77.27.14
10.77.22.14
10.77.23.12
10.77.22.15
10.77.22.10
10.77.27.14
10.77.23.12
10.77.27.15
10.77.27.15
10.77.23.12
10.77.22.13
10.77.22.11
10.77.23.10
10.77.23.10
10.77.22.11
10.77.22.13
10.77.22.12
10.77.27.13
10.77.22.12
10.77.22.14
10.77.22.14
10.77.27.15
10.77.22.10
10.77.22.11
10.77.27.15
10.77.27.15
10.77.27.15
10.77.27.15
10.77.23.10
10.77.23.11
10.77.27.15
10.77.22.13
10.77.22.10
10.77.27.14
10.77.22.13
10.77.22.14
10.77.22.14
10.77.22.14
10.77.22.10
10.77.23.12
10.77.27.15
10.77.27.13
10.77.23.10
10.77.27.13
10.77.27.15
10.77.22.10
10.77.22.12
10.77.22.15
10.77.27.15
10.77.27.13
10.77.22.14
10.77.23.10
10.77.22.14
10.77.22.14
10.77.22.15
10.77.27.13
10.77.22.10
10.77.22.10
10.77.22.13
10.77.23.12
10.77.22.10
10.77.22.13
10.77.22.14
10.77.22.14
10.77.23.10
10.77.22.12
10.77.23.12
10.77.23.11
10.77.22.14
10.77.23.11
10.77.22.13
10.77.22.11
10.77.22.12
10.77.27.14
10.77.27.15
10.77.23.12
10.77.22.10
10.77.23.11
10.77.23.12
10.77.22.13
10.77.27.15
10.77.22.11
10.77.22.12
10.77.23.11
10.77.22.10
10.77.22.12
10.77.27.15
10.77.27.14
10.77.27.14
10.77.23.11
10.77.27.13
10.77.22.14
10.77.22.11
10.77.27.14
10.77.23.12
10.77.22.11
10.77.22.15
10.77.23.10
10.77.22.10
10.77.22.10
10.77.23.12
10.77.23.11
10.77.22.12
10.77.22.12
10.77.23.11
10.77.22.13
10.77.23.11
10.77.22.14
10.77.22.12
10.77.23.11
10.77.22.13
10.77.22.15
10.77.23.10
10.77.22.10
10.77.22.12
10.77.27.15
10.77.23.11
10.77.22.11
10.77.22.12
10.77.22.10
10.77.22.10
10.77.23.10
10.77.22.13
10.77.22.14
10.77.22.15
10.77.22.13
10.77.22.12
10.77.22.14
10.77.22.15
10.77.23.10
10.77.22.12
10.77.22.13
10.77.22.11
10.77.27.15
10.77.22.10
10.77.22.15
10.77.22.15
10.77.27.13
10.77.22.14
10.77.27.14
10.77.23.11
10.77.22.14
10.77.22.10
10.77.22.10
10.77.22.12
10.77.27.15
10.77.22.12
10.77.27.14
10.77.27.13
10.77.22.11
10.77.22.15
10.77.22.11
10.77.27.15
10.77.22.14
10.77.22.14
10.77.22.11
10.77.23.10
10.77.22.10
10.77.27.14
10.77.22.10
10.77.23.12
10.77.23.11
10.77.22.14
10.77.22.14
10.77.22.10
10.77.22.13
10.77.22.12
10.77.27.15
10.77.27.14
10.77.22.15
10.77.22.13
10.77.22.12
10.77.22.14
10.77.27.14
10.77.23.11
10.77.22.12
10.77.27.13
10.77.22.14
10.77.27.15
10.77.22.13
10.77.22.15
10.77.23.10
10.77.27.14
10.77.22.15
10.77.27.13
10.77.22.14
10.77.23.11
10.77.23.12
10.77.22.13
10.77.22.10
10.77.23.10
10.77.22.11
10.77.27.13
10.77.22.15
10.77.27.13
10.77.22.14
10.77.22.11
10.77.27.15
10.77.22.11
10.77.23.10
10.77.27.14
10.77.22.10
10.77.27.14
10.77.27.13
10.77.22.11
10.77.27.15
10.77.22.11
10.77.27.14
10.77.27.15
10.77.23.12
10.77.22.13
10.77.27.15
10.77.23.11
10.77.22.13
10.77.23.11
10.77.22.10
10.77.27.14
10.77.22.15
10.77.22.11
10.77.22.10
10.77.22.15
10.77.27.14
10.77.23.12
10.77.22.12
10.77.23.12
10.77.22.13
10.77.22.14
10.77.22.11
10.77.22.14
10.77.22.10
10.77.22.13
10.77.22.11
10.77.23.11
10.77.23.10
10.77.22.14
10.77.23.12
10.77.23.11
10.77.22.15
10.77.22.15
10.77.22.12
10.77.22.15
10.77.22.15
10.77.22.15
10.77.22.12
10.77.23.10
10.77.27.13
10.77.22.12
10.77.22.13
10.77.22.14
10.77.22.15
10.77.22.12
10.77.22.14
10.77.22.12
10.77.22.15
10.77.22.15
10.77.22.11
10.77.22.10
10.77.22.10
10.77.22.11
10.77.27.15
10.77.22.14
10.77.23.12
10.77.22.11
10.77.22.11
10.77.23.10
10.77.22.11
10.77.27.14
10.77.22.11
10.77.27.15
10.77.23.11
10.77.23.12
10.77.22.12
10.77.27.13
10.77.22.14
10.77.23.12
10.77.27.14
10.77.22.11
10.77.22.14
10.77.22.15
10.77.22.10
10.77.27.14
10.77.27.13
10.77.22.14
10.77.23.11
10.77.23.10
10.77.22.13
10.77.23.12
10.77.22.13
10.77.22.13
10.77.27.13
10.77.27.14
10.77.22.14
10.77.27.15
10.77.27.14
10.77.27.15
10.77.23.11
10.77.22.15
10.77.22.14
10.77.22.12
10.77.22.14
10.77.23.12
10.77.27.15
10.77.22.13
10.77.22.13
10.77.22.12
10.77.22.13
10.77.22.15
10.77.27.15
10.77.27.14
10.77.23.11
10.77.22.10
10.77.22.10
10.77.27.14
10.77.22.14
10.77.27.13
10.77.22.15
10.77.22.10
10.77.22.11
10.77.23.11
10.77.22.12
10.77.27.14
10.77.27.14
10.77.22.11
10.77.22.15
10.77.27.14
10.77.27.15
10.77.22.12
10.77.23.11
10.77.22.13
10.77.22.14
10.77.22.11
10.77.22.12
10.77.27.14
10.77.22.12
10.77.23.10
10.77.22.15
10.77.27.13
10.77.23.10
10.77.22.12
10.77.27.15
10.77.22.14
10.77.22.11
10.77.22.12
10.77.23.12
10.77.23.10
10.77.23.12
10.77.22.13
10.77.22.11
10.77.22.10
10.77.27.14
10.77.23.11
10.77.22.14
10.77.22.15
10.77.22.12
10.77.23.12
10.77.22.15
10.77.22.14
10.77.27.14
10.77.22.12
10.77.23.12
10.77.22.13
10.77.27.13
10.77.23.12
10.77.27.15
10.77.22.10
10.77.22.15
10.77.22.10
10.77.22.13
10.77.22.14
10.77.23.12
10.77.27.13
10.77.27.15
10.77.27.15
10.77.22.13
10.77.22.15
10.77.22.11
10.77.22.13
10.77.22.13
10.77.23.11
10.77.22.10
10.77.27.15
10.77.27.13
10.77.23.12
10.77.27.13
10.77.23.12
10.77.23.12
10.77.27.13
10.77.27.14
10.77.22.11
10.77.22.11
10.77.22.14
10.77.22.15
10.77.22.13
10.77.27.13
10.77.27.15
10.77.27.15
10.77.23.12
10.77.27.13
10.77.22.11
10.77.22.12
10.77.22.14
10.77.22.13
10.77.23.10
10.77.22.10
10.77.27.15
10.77.22.15
10.77.23.11
10.77.22.14
10.77.27.15
10.77.23.10
10.77.23.12
10.77.22.10
10.77.22.14
10.77.27.13
10.77.22.14
10.77.27.14
10.77.27.15
10.77.22.11
10.77.22.10
10.77.22.10
10.77.22.11
10.77.22.13
10.77.23.11
10.77.22.10
10.77.22.12
10.77.22.15
10.77.27.13
10.77.22.13
10.77.23.12
10.77.27.13
10.77.27.15
10.77.22.10
10.77.22.15
10.77.22.12
10.77.27.15
10.77.23.12
10.77.22.14
10.77.22.14
10.77.22.11
10.77.27.14
10.77.22.12
10.77.22.12
10.77.23.10
10.77.22.11
10.77.22.10
10.77.22.13
10.77.23.11
10.77.23.12
10.77.22.13
10.77.22.14
10.77.22.11
10.77.22.15
10.77.22.12
10.77.22.12
10.77.27.13
10.77.22.13
10.77.22.10
10.77.27.13
10.77.23.10
10.77.27.13
10.77.27.13
10.77.23.12
10.77.22.15
10.77.23.10
10.77.22.12
10.77.22.13
10.77.22.12
10.77.23.12
10.77.22.12
10.77.23.11
10.77.27.15
10.77.22.13
10.77.27.14
10.77.22.15
10.77.27.13
10.77.27.15
10.77.22.13
10.77.27.13
10.77.22.15
10.77.22.15
10.77.23.12
10.77.23.11
10.77.23.12
10.77.23.11
10.77.27.15
10.77.22.11
10.77.23.10
10.77.22.14
10.77.27.15
10.77.27.15
10.77.22.14
10.77.27.15
10.77.23.12
10.77.22.12
10.77.22.10
10.77.23.12
10.77.22.15
10.77.23.12
10.77.23.10
10.77.22.14
10.77.23.12
10.77.22.11
10.77.22.11
10.77.22.11
10.77.22.14
10.77.23.11
10.77.23.11
10.77.23.12
10.77.27.15
10.77.23.12
10.77.23.11
10.77.22.10
10.77.22.11
10.77.22.15
10.77.22.13
10.77.22.11
10.77.22.14
10.77.23.12
10.77.27.15
10.77.22.13
10.77.22.13
10.77.27.13
10.77.23.12
10.77.23.12
10.77.22.14
10.77.27.15
10.77.23.12
10.77.22.11
10.77.22.15
10.77.22.13
10.77.22.12
10.77.23.10
10.77.27.14
10.77.23.12
10.77.27.15
10.77.27.14
10.77.27.14
10.77.23.10
10.77.22.13
10.77.27.15
10.77.23.11
10.77.23.10
10.77.23.12
10.77.27.15
10.77.22.10
10.77.22.14
10.77.23.12
10.77.27.13
10.77.23.11
10.77.22.15
10.77.22.10
10.77.22.11
10.77.23.11
10.77.27.15
10.77.27.15
10.77.23.11
10.77.22.11
10.77.27.15
10.77.22.10
10.77.22.11
10.77.27.14
10.77.22.11
10.77.22.13
10.77.22.13
10.77.22.14
10.77.23.12
10.77.22.12
10.77.23.10
10.77.27.14
10.77.22.10
10.77.23.12
10.77.22.10
10.77.23.11
10.77.22.13
10.77.27.15
10.77.22.15
10.77.27.15
10.77.22.14
10.77.22.13
10.77.27.15
10.77.23.11
10.77.27.14
10.77.22.11
10.77.22.10
10.77.22.11
10.77.23.10
10.77.27.13
10.77.22.12
10.77.22.11
10.77.22.14
10.77.22.13
10.77.27.13
10.77.22.14
10.77.22.14
10.77.27.15
10.77.27.15
10.77.27.13
10.77.22.12
10.77.23.10
10.77.22.14
10.77.27.14
10.77.22.15
10.77.23.11
10.77.22.11
10.77.27.14
10.77.22.14
10.77.22.15
10.77.23.10
10.77.27.14
10.77.27.14
10.77.27.14
10.77.22.14
10.77.23.10
10.77.22.15
10.77.23.10
10.77.27.14
10.77.23.10
10.77.23.11
10.77.22.13
10.77.27.14
10.77.22.11
10.77.23.11
10.77.22.13
10.77.27.13
10.77.22.10
10.77.27.14
10.77.23.12
10.77.22.15
10.77.22.10
10.77.22.13
10.77.22.10
10.77.22.14
10.77.22.10
10.77.22.10
10.77.22.13
10.77.22.10
10.77.22.12
10.77.27.15
10.77.27.13
10.77.27.13
10.77.22.14
10.77.22.14
10.77.23.11
10.77.22.13
10.77.27.15
10.77.27.15
10.77.27.13
10.77.23.12
10.77.22.14
10.77.23.12
10.77.22.12
10.77.22.11
10.77.23.11
10.77.23.10
10.77.27.14
10.77.23.11
10.77.22.12
10.77.22.10
10.77.22.10
10.77.22.10
10.77.22.10
10.77.27.15
10.77.22.15
10.77.22.14
10.77.27.14
10.77.22.15
10.77.23.10
10.77.23.12
10.77.27.14
10.77.23.10
10.77.27.15
10.77.23.10
10.77.22.14
10.77.22.11
10.77.22.10
10.77.22.10
10.77.27.14
10.77.22.10
10.77.23.10
10.77.22.11
10.77.23.11
10.77.22.11
10.77.22.14
10.77.22.11
10.77.23.11
10.77.22.13
10.77.22.14
10.77.22.14
10.77.22.12
10.77.27.15
10.77.27.15
10.77.22.13
10.77.22.15
10.77.22.15
10.77.22.14
10.77.27.13
10.77.23.11
10.77.27.15
10.77.23.11
10.77.22.10
10.77.23.10
10.77.22.14
10.77.22.12
10.77.22.12
10.77.22.10
10.77.23.12
10.77.22.11
10.77.23.10
10.77.22.11
10.77.27.14
10.77.27.15
10.77.22.11
10.77.27.15
10.77.22.10
10.77.23.12
10.77.27.14
10.77.23.10
10.77.22.11
10.77.23.11
10.77.22.14
10.77.22.14
10.77.23.11
10.77.22.10
10.77.22.13
10.77.22.12
10.77.23.12
10.77.22.10
10.77.27.14
10.77.23.12
10.77.23.10
10.77.22.11
10.77.22.14
10.77.23.12
10.77.22.15
10.77.22.14
10.77.22.13
10.77.22.14
10.77.22.13
10.77.22.14
10.77.27.14
10.77.23.10
10.77.27.13
10.77.22.12
10.77.22.15
10.77.22.13
10.77.27.14
10.77.22.14
10.77.22.11
10.77.27.15
10.77.22.10
10.77.22.10
10.77.22.15
10.77.27.14
10.77.27.15
10.77.23.10
10.77.27.13
10.77.23.10
10.77.22.15
10.77.22.15
10.77.22.10
10.77.23.12
10.77.22.10
10.77.23.10
10.77.22.10
10.77.23.11
10.77.27.15
10.77.23.11
10.77.27.14
10.77.22.11
10.77.22.11
10.77.27.15
10.77.27.13
10.77.22.10
10.77.27.13
10.77.23.10
10.77.22.15
10.77.27.14
10.77.22.10
10.77.27.14
10.77.23.12
10.77.22.11
10.77.22.15
10.77.27.14
10.77.22.12
10.77.22.13
10.77.23.12
10.77.22.12
10.77.23.10
10.77.22.15
10.77.22.13
10.77.22.13
10.77.27.15
10.77.27.15
10.77.22.13
10.77.23.12
10.77.22.14
10.77.23.11
10.77.22.14
10.77.23.12
10.77.22.10
10.77.27.15
10.77.22.13
10.77.23.12
10.77.27.14
10.77.23.10
10.77.23.12
10.77.27.15
10.77.22.10
10.77.22.12
10.77.23.11
10.77.27.15
10.77.22.13
10.77.27.14
10.77.23.10
10.77.27.15
10.77.27.15
10.77.22.10
10.77.23.11
10.77.23.11
10.77.22.12
10.77.27.13
10.77.23.11
10.77.22.14
10.77.27.13
10.77.27.13
10.77.22.11
10.77.22.14
10.77.27.14
10.77.22.14
10.77.23.12
10.77.27.15
10.77.23.10
10.77.23.11
10.77.27.15
10.77.22.13
10.77.23.11
10.77.22.14
10.77.27.15
10.77.22.10
10.77.23.12
10.77.27.15
10.77.22.15
10.77.23.12
10.77.27.14
10.77.23.11
10.77.27.14
10.77.22.12
10.77.22.12
10.77.23.10
10.77.23.10
10.77.22.14
10.77.27.15
10.77.22.12
10.77.22.14
10.77.23.11
10.77.23.10
10.77.23.10
10.77.23.11
10.77.27.15
10.77.23.10
10.77.22.14
10.77.22.11
10.77.22.10
10.77.27.13
10.77.22.10
10.77.22.10
10.77.22.12
10.77.27.14
10.77.22.15
10.77.27.15
10.77.22.13
10.77.22.14
10.77.27.13
10.77.22.15
10.77.22.15
10.77.23.12
10.77.27.13
10.77.23.11
10.77.22.10
10.77.23.10
10.77.22.15
10.77.27.14
10.77.22.13
10.77.23.10
10.77.27.13
10.77.27.15
10.77.23.10
10.77.22.15
10.77.23.10
10.77.22.12
10.77.27.14
10.77.23.11
10.77.23.12
10.77.27.13
10.77.27.15
10.77.22.12
10.77.22.12
10.77.27.15
10.77.22.11
10.77.27.15
10.77.27.14
10.77.23.10
10.77.22.10
10.77.23.10
10.77.22.11
10.77.27.15
10.77.22.11
10.77.27.15
10.77.27.13
10.77.22.13
10.77.23.12
10.77.27.15
10.77.22.11
10.77.23.10
10.77.22.15
10.77.27.15
10.77.22.14
10.77.22.10
10.77.27.13
10.77.27.15
10.77.23.11
10.77.27.14
10.77.22.15
10.77.23.11
10.77.27.13
10.77.22.11
10.77.27.14
10.77.27.14
10.77.22.13
10.77.23.11
10.77.23.10
10.77.22.12
10.77.27.15
10.77.23.10
10.77.22.11
10.77.22.10
10.77.27.14
10.77.27.13
10.77.27.14
10.77.23.12
10.77.23.11
10.77.22.11
10.77.23.10
10.77.22.13
10.77.22.10
10.77.22.12
10.77.22.15
10.77.22.14
10.77.23.12
10.77.27.14
10.77.27.14
10.77.22.11
10.77.27.13
10.77.27.13
10.77.22.13
10.77.22.10
10.77.22.15
10.77.22.13
10.77.23.12
10.77.22.14
10.77.22.15
10.77.22.10
10.77.23.10
10.77.23.11
10.77.22.11
10.77.22.14
10.77.22.13
10.77.23.11
10.77.22.13
10.77.27.15
10.77.22.11
10.77.22.14
10.77.27.13
10.77.23.11
10.77.23.10
10.77.23.11
10.77.22.13
10.77.22.11
10.77.22.15
10.77.23.10
10.77.22.15
10.77.22.15
10.77.27.14
10.77.23.11
10.77.23.10
10.77.22.10
10.77.22.12
10.77.27.15
10.77.27.14
10.77.22.11
10.77.27.15
10.77.23.10
10.77.27.14
10.77.23.10
10.77.27.14
10.77.23.12
10.77.23.12
10.77.23.10
10.77.23.10
10.77.23.12
10.77.22.13
10.77.27.15
10.77.22.11
10.77.22.15
10.77.27.13
10.77.27.14
10.77.27.13
10.77.27.14
10.77.22.12
10.77.23.10
10.77.27.15
10.77.23.10
10.77.27.13
10.77.22.10
10.77.23.11
10.77.22.14
10.77.22.12
10.77.22.12
10.77.22.13
10.77.22.12
10.77.23.10
10.77.27.15
10.77.27.13
10.77.23.12
10.77.22.12
10.77.22.13
10.77.27.15
10.77.27.15
10.77.27.14
10.77.23.10
10.77.22.11
10.77.22.10
10.77.22.10
10.77.23.11
10.77.22.13
10.77.27.13
10.77.22.14
10.77.23.10
10.77.22.14
10.77.22.10
10.77.22.15
10.77.22.13
10.77.22.13
10.77.22.14
10.77.27.14
10.77.23.10
10.77.22.14
10.77.23.11
10.77.23.12
10.77.22.10
10.77.22.10
10.77.27.15
10.77.23.10
10.77.27.14
10.77.22.15
10.77.23.12
10.77.22.12
10.77.22.15
10.77.27.13
10.77.23.11
10.77.27.15
10.77.22.11
10.77.22.14
10.77.23.12
10.77.27.14
10.77.23.10
10.77.23.10
10.77.27.13
10.77.22.14
10.77.22.13
10.77.23.11
10.77.22.12
10.77.22.13
10.77.22.11
10.77.23.10
10.77.22.12
10.77.22.15
10.77.27.15
10.77.22.15
10.77.22.13
10.77.22.14
10.77.23.11
10.77.22.14
10.77.22.13
10.77.22.11
10.77.22.14
10.77.22.11
10.77.27.13
10.77.22.12
10.77.23.12
10.77.23.10
10.77.22.14
10.77.22.13
10.77.22.13
10.77.22.13
10.77.27.14
10.77.22.14
10.77.22.15
10.77.27.15
10.77.22.15
10.77.23.10
10.77.22.13
10.77.22.12
10.77.22.15
10.77.23.10
10.77.23.10
10.77.22.13
10.77.27.15
10.77.22.15
10.77.22.12
10.77.23.10
10.77.22.10
10.77.22.10
10.77.22.15
10.77.27.15
10.77.22.10
10.77.22.14
10.77.22.12
10.77.22.13
10.77.27.13
10.77.23.11
10.77.23.12
10.77.22.14
10.77.23.11
10.77.22.14
10.77.22.11
10.77.22.12
10.77.22.15
10.77.27.14
10.77.22.11
10.77.22.15
10.77.22.12
10.77.22.11
10.77.27.14
10.77.27.15
10.77.22.14
10.77.23.12
10.77.23.10
10.77.27.15
10.77.22.13
10.77.22.12
10.77.27.15
10.77.22.15
10.77.23.10
10.77.22.12
10.77.22.11
10.77.27.14
10.77.23.12
10.77.27.15
10.77.27.13
10.77.23.11
10.77.22.12
10.77.27.15
10.77.22.12
10.77.23.12
10.77.22.15
10.77.22.14
10.77.22.15
10.77.27.13
10.77.22.13
10.77.23.10
10.77.27.13
10.77.23.10
10.77.22.11
10.77.27.13
10.77.23.11
10.77.23.11
10.77.23.12
10.77.23.12
10.77.22.13
10.77.22.14
10.77.22.10
10.77.22.10
10.77.23.11
10.77.23.12
10.77.27.15
10.77.27.14
10.77.22.13
10.77.23.12
10.77.22.11
10.77.22.14
10.77.22.15
10.77.23.12
10.77.22.11
10.77.23.10
10.77.22.12
10.77.23.12
10.77.22.10
10.77.22.13
10.77.27.13
10.77.27.15
10.77.27.15
10.77.22.10
10.77.27.14
10.77.23.10
10.77.23.12
10.77.22.13
10.77.22.11
10.77.22.14
10.77.23.11
10.77.23.10
10.77.22.15
10.77.23.12
10.77.23.11
10.77.22.14
10.77.27.15
10.77.27.14
10.77.22.11
10.77.23.12
10.77.27.14
10.77.22.13
10.77.23.12
10.77.27.15
10.77.27.14
10.77.27.15
10.77.23.11
10.77.22.12
10.77.22.14
10.77.27.14
10.77.27.15
10.77.27.15
10.77.22.13
10.77.22.11
10.77.22.12
10.77.22.12
10.77.23.11
10.77.22.15
10.77.23.12
10.77.22.14
10.77.22.14
10.77.27.14
10.77.22.12
10.77.22.15
10.77.22.15
10.77.23.12
10.77.22.14
10.77.23.11
10.77.22.11
10.77.22.12
10.77.23.11
10.77.22.15
10.77.22.12
10.77.23.11
10.77.27.14
10.77.23.11
10.77.22.15
10.77.22.11
10.77.23.12
10.77.22.15
10.77.22.10
10.77.27.14
10.77.27.13
10.77.22.10
10.77.27.15
10.77.22.15
10.77.27.13
10.77.27.13
10.77.27.15
10.77.27.13
10.77.27.13
10.77.22.14
10.77.23.11
10.77.23.12
10.77.23.11
10.77.27.14
10.77.27.15
10.77.23.10
10.77.23.10
10.77.23.11
10.77.22.10
10.77.22.12
10.77.23.11
10.77.22.14
10.77.22.12
10.77.23.10
10.77.22.13
10.77.22.11
10.77.22.10
10.77.22.13
10.77.22.11
10.77.23.10
10.77.27.14
10.77.22.11
10.77.27.13
10.77.27.14
10.77.22.14
10.77.27.15
10.77.22.10
10.77.22.15
10.77.22.12
10.77.22.14
10.77.23.11
10.77.23.10
10.77.27.14
10.77.22.15
10.77.23.10
10.77.27.15
10.77.22.10
10.77.27.13
10.77.27.13
10.77.22.13
10.77.22.11
10.77.22.10
10.77.27.13
10.77.22.15
10.77.22.13
10.77.27.15
10.77.22.15
10.77.22.13
10.77.23.10
10.77.23.11
10.77.22.14
10.77.23.10
10.77.27.15
10.77.22.10
10.77.22.11
10.77.23.10
10.77.23.10
10.77.23.11
10.77.22.11
10.77.22.12
10.77.22.12
10.77.22.15
10.77.22.15
10.77.27.15
10.77.22.13
10.77.22.11
10.77.27.13
10.77.22.15
10.77.22.12
10.77.23.10
10.77.22.15
10.77.22.15
10.77.23.10
10.77.23.12
10.77.23.12
10.77.23.12
10.77.27.14
10.77.22.10
10.77.22.10
10.77.22.14
10.77.23.11
10.77.23.10
10.77.27.13
10.77.27.15
10.77.22.10
10.77.22.10
10.77.22.12
10.77.22.11
10.77.23.12
10.77.22.15
10.77.27.14
10.77.22.15
10.77.22.15
10.77.22.15
10.77.23.11
10.77.22.15
10.77.22.11
10.77.22.12
10.77.27.14
10.77.27.13
10.77.23.12
10.77.22.15
10.77.27.14
10.77.23.12
10.77.23.12
10.77.22.12
10.77.27.14
10.77.27.14
10.77.22.15
10.77.23.12
10.77.22.12
10.77.23.11
10.77.22.13
10.77.27.14
10.77.27.13
10.77.22.10
10.77.22.11
10.77.22.13
10.77.23.10
10.77.22.10
10.77.22.10
10.77.22.10
10.77.27.14
10.77.22.12
10.77.22.11
10.77.27.15
10.77.23.12
10.77.22.10
10.77.27.14
10.77.22.10
10.77.23.12
10.77.27.13
10.77.27.15
10.77.22.14
10.77.27.13
10.77.22.11
10.77.23.10
10.77.27.13
10.77.22.11
10.77.23.10
10.77.27.13
10.77.22.12
10.77.22.15
10.77.22.14
10.77.27.15
10.77.23.10
10.77.22.13
10.77.27.14
10.77.22.15
10.77.22.12
10.77.23.11
10.77.22.13
10.77.22.14
10.77.23.10
10.77.27.14
10.77.22.12
10.77.22.12
10.77.23.12
10.77.22.10
10.77.22.13
10.77.22.10
10.77.23.10
10.77.27.14
10.77.27.13
10.77.27.14
10.77.22.15
10.77.23.11
10.77.22.15
10.77.23.12
10.77.23.12
10.77.27.13
10.77.23.12
10.77.22.10
10.77.27.15
10.77.22.10
10.77.22.11
10.77.22.14
10.77.23.12
10.77.23.11
10.77.27.13
10.77.23.12
10.77.22.13
10.77.22.14
10.77.23.12
10.77.23.11
10.77.22.14
10.77.22.11
10.77.23.10
10.77.27.13
10.77.22.12
10.77.22.12
10.77.27.13
10.77.22.13
10.77.22.10
10.77.22.13
10.77.23.11
10.77.22.12
10.77.23.10
10.77.22.11
10.77.27.14
10.77.23.10
10.77.22.12
10.77.22.13
10.77.23.11
10.77.22.14
10.77.22.14
10.77.27.15
10.77.23.10
10.77.22.10
10.77.27.15
10.77.22.15
10.77.23.12
10.77.22.13
10.77.27.13
10.77.23.12
10.77.27.14
10.77.22.10
10.77.22.11
10.77.22.15
10.77.22.11
10.77.22.13
10.77.23.10
10.77.23.10
10.77.23.11
10.77.27.14
10.77.22.14
10.77.22.13
10.77.23.12
10.77.22.10
10.77.22.14
10.77.23.11
10.77.27.13
10.77.22.10
10.77.22.12
10.77.27.14
10.77.22.10
10.77.22.14
10.77.27.13
10.77.27.14
10.77.22.15
10.77.27.15
10.77.22.14
10.77.22.13
10.77.22.10
10.77.23.11
10.77.23.10
10.77.22.10
10.77.22.14
10.77.23.11
10.77.22.14
10.77.23.10
10.77.22.12
10.77.23.10
10.77.22.12
10.77.22.12
10.77.23.12
10.77.27.14
10.77.23.11
10.77.27.15
10.77.22.11
10.77.23.11
10.77.22.14
10.77.22.12
10.77.23.11
10.77.22.13
10.77.22.13
10.77.22.14
10.77.22.14
10.77.22.15
10.77.27.13
10.77.23.11
10.77.22.13
10.77.22.14
10.77.22.12
10.77.23.10
10.77.23.10
10.77.23.11
10.77.22.15
10.77.22.10
10.77.22.11
10.77.22.10
10.77.22.13
10.77.22.15
10.77.22.12
10.77.27.13
10.77.22.13
10.77.22.14
10.77.27.15
10.77.22.10
10.77.22.15
10.77.22.12
10.77.22.12
10.77.22.13
10.77.27.14
10.77.23.10
10.77.22.11
10.77.23.10
10.77.27.14
10.77.27.14
10.77.22.11
10.77.27.15
10.77.23.10
10.77.23.10
10.77.22.14
10.77.27.15
10.77.27.13
10.77.23.10
10.77.23.12
10.77.22.14
10.77.22.13
10.77.23.11
10.77.22.11
10.77.22.15
10.77.23.11
10.77.22.12
10.77.22.10
10.77.22.13
10.77.23.11
10.77.27.15
10.77.23.11
10.77.22.11
10.77.22.14
10.77.22.13
10.77.23.12
10.77.22.13
10.77.27.14
10.77.22.14
10.77.23.11
10.77.27.15
10.77.22.13
10.77.22.11
10.77.27.15
10.77.22.11
10.77.27.15
10.77.22.14
10.77.23.11
10.77.22.15
10.77.23.11
10.77.23.11
10.77.22.14
10.77.22.10
10.77.27.15
10.77.22.11
10.77.27.14
10.77.22.13
10.77.22.12
10.77.23.11
10.77.23.12
10.77.22.10
10.77.27.15
10.77.23.11
10.77.23.10
10.77.22.13
10.77.22.10
10.77.27.15
10.77.22.14
10.77.27.14
10.77.22.13
10.77.23.12
10.77.23.11
10.77.22.14
10.77.22.13
10.77.22.13
10.77.27.13
10.77.22.13
10.77.27.14
10.77.23.10
10.77.23.12
10.77.22.12
10.77.27.13
10.77.27.13
10.77.27.15
10.77.22.12
10.77.27.15
10.77.22.11
10.77.27.13
10.77.22.12
10.77.23.10
10.77.27.15
10.77.22.10
10.77.22.10
10.77.22.12
10.77.27.15
10.77.27.13
10.77.23.10
10.77.22.13
10.77.23.11
10.77.22.12
10.77.22.13
10.77.22.15
10.77.23.11
10.77.23.11
10.77.22.13
10.77.27.14
10.77.23.12
10.77.22.12
10.77.22.11
10.77.22.11
10.77.22.13
10.77.22.14
10.77.22.10
10.77.22.14
10.77.22.10
10.77.22.15
10.77.27.13
10.77.22.14
10.77.22.15
10.77.27.14
10.77.23.11
10.77.23.10
10.77.22.11
10.77.27.13
10.77.22.14
10.77.22.14
10.77.27.14
10.77.27.14
10.77.22.14
10.77.27.15
10.77.22.12
10.77.23.11
10.77.27.15
10.77.27.14
10.77.23.12
10.77.22.14
10.77.22.11
10.77.22.12
10.77.27.15
10.77.22.10
10.77.22.10
10.77.23.10
10.77.22.14
10.77.22.14
10.77.22.13
10.77.22.10
10.77.23.12
10.77.27.13
10.77.27.14
10.77.22.14
10.77.22.11
10.77.27.15
10.77.23.11
10.77.27.14
10.77.22.11
10.77.27.15
10.77.22.12
10.77.27.13
10.77.27.13
10.77.22.11
10.77.27.15
10.77.27.13
10.77.27.14
10.77.22.14
10.77.22.14
10.77.23.10
10.77.22.14
10.77.23.11
10.77.23.10
10.77.22.10
10.77.22.11
10.77.22.10
10.77.23.11
10.77.23.12
10.77.22.10
10.77.27.13
10.77.22.10
10.77.23.12
10.77.22.15
10.77.23.11
10.77.23.11
10.77.22.15
10.77.27.13
10.77.23.12
10.77.27.15
10.77.23.12
10.77.23.10
10.77.27.13
10.77.22.15
10.77.22.12
10.77.23.11
10.77.22.14
10.77.27.15
10.77.27.14
10.77.27.13
10.77.22.11
10.77.22.10
10.77.22.12
10.77.23.11
10.77.22.13
10.77.23.12
10.77.23.11
10.77.23.12
10.77.22.13
10.77.23.10
10.77.23.10
10.77.22.10
10.77.23.11
10.77.23.12
10.77.22.15
10.77.22.15
10.77.23.10
10.77.23.10
10.77.22.11
10.77.27.14
10.77.22.12
10.77.23.12
10.77.22.13
10.77.22.10
10.77.22.14
10.77.23.10
10.77.22.15
10.77.23.11
10.77.27.13
10.77.23.10
10.77.27.13
10.77.22.11
10.77.22.13
10.77.23.12
10.77.27.13
10.77.23.10
10.77.23.11
10.77.22.14
10.77.22.12
10.77.22.11
10.77.22.14
10.77.22.15
10.77.27.14
10.77.27.13
10.77.23.11
10.77.23.11
10.77.22.15
10.77.27.14
10.77.22.10
10.77.27.14
10.77.22.12
10.77.22.12
10.77.22.13
10.77.22.11
10.77.22.13
10.77.23.10
10.77.22.14
10.77.23.12
10.77.27.15
10.77.22.11
10.77.22.12
10.77.23.12
10.77.23.12
10.77.22.10
10.77.27.15
10.77.22.11
10.77.22.10
10.77.22.10
10.77.27.14
10.77.22.14
10.77.22.15
10.77.22.12
10.77.23.10
10.77.22.13
10.77.27.15
10.77.27.15
10.77.27.15
10.77.27.14
10.77.22.15
10.77.23.11
10.77.23.10
10.77.22.15
10.77.27.14
10.77.27.14
10.77.23.12
10.77.23.10
10.77.22.11
10.77.23.12
10.77.22.12
10.77.27.13
10.77.22.12
10.77.22.11
10.77.27.15
10.77.22.13
10.77.22.13
10.77.22.15
10.77.23.12
10.77.23.10
10.77.23.12
10.77.23.12
10.77.27.13
10.77.23.11
10.77.22.12
10.77.23.11
10.77.23.10
10.77.22.10
10.77.23.12
10.77.27.13
10.77.22.14
10.77.22.12
10.77.27.14
10.77.27.13
10.77.22.10
10.77.22.10
10.77.22.11
10.77.27.15
10.77.22.12
10.77.23.10
10.77.23.12
10.77.27.14
10.77.22.12
10.77.23.12
10.77.23.12
10.77.27.14
10.77.22.14
10.77.22.11
10.77.22.11
10.77.23.12
10.77.22.11
10.77.27.15
10.77.23.12
10.77.22.14
10.77.22.11
10.77.27.13
10.77.22.10
10.77.27.14
10.77.23.12
10.77.23.11
10.77.27.13
10.77.22.15
10.77.22.15
10.77.23.11
10.77.22.12
10.77.22.15
10.77.22.12
10.77.22.12
10.77.27.15
10.77.22.12
10.77.22.14
10.77.22.11
10.77.27.13
10.77.23.11
10.77.23.12
10.77.22.15
10.77.23.10
10.77.27.14
10.77.22.15
10.77.23.10
10.77.23.10
10.77.22.14
10.77.22.10
10.77.22.13
10.77.22.15
10.77.22.10
10.77.23.12
10.77.22.11
10.77.22.13
10.77.22.10
10.77.22.10
10.77.27.13
10.77.22.14
10.77.23.12
10.77.22.13
10.77.23.12
10.77.22.10
10.77.27.15
10.77.22.10
10.77.27.13
10.77.22.13
10.77.27.13
10.77.22.12
10.77.23.12
10.77.22.13
10.77.22.15
10.77.23.11
10.77.23.12
10.77.23.11
10.77.27.13
10.77.27.13
10.77.23.10
10.77.23.11
10.77.27.14
10.77.27.15
10.77.27.14
10.77.22.14
10.77.22.15
10.77.22.10
10.77.22.10
10.77.23.10
10.77.22.11
10.77.27.14
10.77.22.10
10.77.27.13
10.77.23.11
10.77.22.14
10.77.22.10
10.77.22.10
10.77.22.13
10.77.23.11
10.77.22.11
10.77.22.11
10.77.22.14
10.77.23.12
10.77.27.13
10.77.27.14
10.77.22.15
10.77.22.12
10.77.23.11
10.77.22.13
10.77.23.10
10.77.22.13
10.77.22.11
10.77.22.10
10.77.22.12
10.77.22.14
10.77.23.11
10.77.22.15
10.77.22.14
10.77.23.11
10.77.22.13
10.77.22.12
10.77.22.11
10.77.22.13
10.77.22.10
10.77.23.10
10.77.22.15
10.77.22.12
10.77.23.11
10.77.22.15
10.77.23.10
10.77.22.14
10.77.27.15
10.77.22.13
10.77.23.12
10.77.22.13
10.77.22.13
10.77.23.10
10.77.22.13
10.77.27.13
10.77.22.11
10.77.23.11
10.77.22.14
10.77.27.14
10.77.22.13
10.77.22.12
10.77.23.12
10.77.27.15
10.77.22.14
10.77.23.12
10.77.22.13
10.77.22.11
10.77.22.10
10.77.23.12
10.77.23.11
10.77.23.12
10.77.22.10
10.77.23.11
10.77.23.12
10.77.22.15
10.77.27.14
10.77.22.15
10.77.22.13
10.77.22.14
10.77.27.15
10.77.22.10
10.77.22.14
10.77.27.15
10.77.27.15
10.77.22.11
10.77.22.12
10.77.23.10
10.77.22.12
10.77.22.11
10.77.22.14
10.77.22.13
10.77.22.11
10.77.23.12
10.77.22.10
10.77.23.11
10.77.22.15
10.77.22.11
10.77.23.12
10.77.27.15
10.77.22.13
10.77.22.12
10.77.22.12
10.77.27.14
10.77.27.13
10.77.22.14
10.77.22.13
10.77.22.10
10.77.22.15
10.77.23.10
10.77.27.13
10.77.22.13
10.77.27.13
10.77.27.15
10.77.23.11
10.77.22.10
10.77.22.14
10.77.22.10
10.77.23.10
10.77.22.13
10.77.22.13
10.77.27.14
10.77.22.12
10.77.23.12
10.77.23.12
10.77.22.15
10.77.22.13
10.77.22.10
10.77.22.14
10.77.27.15
10.77.23.11
10.77.22.13
10.77.27.15
10.77.23.12
10.77.23.10
10.77.22.10
10.77.27.13
10.77.23.10
10.77.22.14
10.77.22.12
10.77.27.13
10.77.23.12
10.77.27.14
10.77.22.14
10.77.22.10
10.77.27.13
10.77.22.11
10.77.22.11
10.77.22.14
10.77.23.11
10.77.22.13
10.77.22.10
10.77.22.13
10.77.22.11
10.77.23.11
10.77.22.15
10.77.22.10
10.77.22.15
10.77.22.15
10.77.27.15
10.77.22.14
10.77.23.12
10.77.22.15
10.77.22.14
10.77.23.11
10.77.27.15
10.77.27.15
10.77.23.11
10.77.22.15
10.77.22.12
10.77.23.12
10.77.23.10
10.77.22.15
10.77.22.10
10.77.22.11
10.77.27.14
10.77.23.12
10.77.23.10
10.77.23.12
10.77.22.12
10.77.27.15
10.77.27.15
10.77.22.14
10.77.22.13
10.77.22.15
10.77.27.14
10.77.23.11
10.77.27.13
10.77.22.13
10.77.23.10
10.77.27.13
10.77.27.13
10.77.22.11
10.77.22.12
10.77.22.15
10.77.22.11
10.77.27.14
10.77.27.15
10.77.23.11
10.77.27.15
10.77.22.12
10.77.23.10
10.77.22.15
10.77.22.11
10.77.23.10
10.77.22.12
10.77.22.15
10.77.23.11
10.77.23.10
10.77.23.12
10.77.22.14
10.77.23.12
10.77.23.11
10.77.22.13
10.77.22.11
10.77.22.10
10.77.22.11
10.77.22.12
10.77.27.14
10.77.22.14
10.77.27.15
10.77.27.14
10.77.22.12
10.77.27.14
10.77.23.10
10.77.22.14
10.77.22.15
10.77.23.11
10.77.27.15
10.77.22.12
10.77.22.10
10.77.27.15
10.77.23.10
10.77.22.12
10.77.27.14
10.77.23.12
10.77.23.10
10.77.23.12
10.77.27.14
10.77.22.11
10.77.27.14
10.77.22.13
10.77.22.10
10.77.23.12
10.77.22.13
10.77.22.15
10.77.27.15
10.77.22.12
10.77.22.14
10.77.22.14
10.77.22.12
10.77.22.14
10.77.23.11
10.77.22.11
10.77.27.15
10.77.22.11
10.77.22.12
10.77.22.13
10.77.27.14
10.77.22.11
10.77.22.12
10.77.27.13
10.77.22.13
10.77.22.13
10.77.22.10
10.77.27.14
10.77.27.15
10.77.23.10
10.77.22.15
10.77.23.12
10.77.22.14
10.77.23.12
10.77.27.13
10.77.22.10
10.77.22.10
10.77.23.11
10.77.23.10
10.77.23.10
10.77.27.14
10.77.27.15
10.77.22.14
10.77.22.12
10.77.23.12
10.77.27.13
10.77.22.15
10.77.22.12
10.77.22.15
10.77.23.11
10.77.23.12
10.77.22.12
10.77.22.13
10.77.22.13
10.77.23.11
10.77.23.11
10.77.22.14
10.77.23.12
10.77.23.10
10.77.22.13
10.77.23.10
10.77.23.10
10.77.23.10
10.77.23.12
10.77.23.12
10.77.23.12
10.77.22.13
10.77.22.15
10.77.23.12
10.77.27.15
10.77.22.14
10.77.22.10
10.77.23.12
10.77.22.15
10.77.27.15
10.77.23.12
10.77.22.12
10.77.22.13
10.77.22.10
10.77.27.13
10.77.23.12
10.77.27.15
10.77.23.11
10.77.23.12
10.77.22.11
10.77.22.13
10.77.22.14
10.77.23.11
10.77.22.11
10.77.22.12
10.77.22.14
10.77.22.14
10.77.22.13
10.77.22.10
10.77.27.14
10.77.22.14
10.77.27.13
10.77.22.12
10.77.27.15
10.77.22.11
10.77.27.13
10.77.22.11
10.77.22.13
10.77.22.13
10.77.22.13
10.77.27.14
10.77.22.14
10.77.23.12
10.77.22.15
10.77.22.10
10.77.27.14
10.77.23.12
10.77.27.15
10.77.27.15
10.77.23.12
10.77.22.13
10.77.22.11
10.77.23.10
10.77.23.10
10.77.22.11
10.77.22.13
10.77.22.12
10.77.27.13
10.77.22.12
10.77.22.14
10.77.22.14
10.77.27.15
10.77.22.10
10.77.22.11
10.77.27.15
10.77.27.15
10.77.27.15
10.77.27.15
10.77.23.10
10.77.23.11
10.77.27.15
10.77.22.13
10.77.22.10
10.77.27.14
10.77.22.13
10.77.22.14
10.77.22.14
10.77.22.14
10.77.22.10
10.77.23.12
10.77.27.15
10.77.27.13
10.77.23.10
10.77.27.13
10.77.27.15
10.77.22.10
10.77.22.12
10.77.22.15
10.77.27.15
10.77.27.13
10.77.22.14
10.77.23.10
10.77.22.14
10.77.22.14
10.77.22.15
10.77.27.13
10.77.22.10
10.77.22.10
10.77.22.13
10.77.23.12
10.77.22.10
10.77.22.13
10.77.22.14
10.77.22.14
10.77.23.10
10.77.22.12
10.77.23.12
10.77.23.11
10.77.22.14
10.77.23.11
10.77.22.13
10.77.22.11
10.77.22.12
10.77.27.14
10.77.27.15
10.77.23.12
10.77.22.10
10.77.23.11
10.77.23.12
10.77.22.13
10.77.27.15
10.77.22.11
10.77.22.12
10.77.23.11
10.77.22.10
10.77.22.12
10.77.27.15
10.77.27.14
10.77.27.14
10.77.23.11
10.77.27.13
10.77.22.14
10.77.22.11
10.77.27.14
10.77.23.12
10.77.22.11
10.77.22.15
10.77.23.10
10.77.22.10
10.77.22.10
10.77.23.12
10.77.23.11
10.77.22.12
10.77.22.12
10.77.23.11
10.77.22.13
10.77.23.11
10.77.22.14
10.77.22.12
10.77.23.11
10.77.22.13
10.77.22.15
10.77.23.10
10.77.22.10
10.77.22.12
10.77.27.15
10.77.23.11
10.77.22.11
10.77.22.12
10.77.22.10
10.77.22.10
10.77.23.10
10.77.22.13
10.77.22.14
10.77.22.15
10.77.22.13
10.77.22.12
10.77.22.14
10.77.22.15
10.77.23.10
10.77.22.12
10.77.22.13
10.77.22.11
10.77.27.15
10.77.22.10
10.77.22.15
10.77.22.15
10.77.27.13
10.77.22.14
10.77.27.14
10.77.23.11
10.77.22.14
10.77.22.10
10.77.22.10
10.77.22.12
10.77.27.15
10.77.22.12
10.77.27.14
10.77.27.13
10.77.22.11
10.77.22.15
10.77.22.11
10.77.27.15
10.77.22.14
10.77.22.14
10.77.22.11
10.77.23.10
10.77.22.10
10.77.27.14
10.77.22.10
10.77.23.12
10.77.23.11
10.77.22.14
10.77.22.14
10.77.22.10
10.77.22.13
10.77.22.12
10.77.27.15
10.77.27.14
10.77.22.15
10.77.22.13
10.77.22.12
10.77.22.14
10.77.27.14
10.77.23.11
10.77.22.12
10.77.27.13
10.77.22.14
10.77.27.15
10.77.22.13
10.77.22.15
10.77.23.10
10.77.27.14
10.77.22.15
10.77.27.13
10.77.22.14
10.77.23.11
10.77.23.12
10.77.22.13
10.77.22.10
10.77.23.10
10.77.22.11
10.77.27.13
10.77.22.15
10.77.27.13
10.77.22.14
10.77.22.11
10.77.27.15
10.77.22.11
10.77.23.10
10.77.27.14
10.77.22.10
10.77.27.14
10.77.27.13
10.77.22.11
10.77.27.15
10.77.22.11
10.77.27.14
10.77.27.15
10.77.23.12
10.77.22.13
10.77.27.15
10.77.23.11
10.77.22.13
10.77.23.11
10.77.22.10
10.77.27.14
10.77.22.15
10.77.22.11
10.77.22.10
10.77.22.15
10.77.27.14
10.77.23.12
10.77.22.12
10.77.23.12
10.77.22.13
10.77.22.14
10.77.22.11
10.77.22.14
10.77.22.10
10.77.22.13
10.77.22.11
10.77.23.11
10.77.23.10
10.77.22.14
10.77.23.12
10.77.23.11
10.77.22.15
10.77.22.15
10.77.22.12
10.77.22.15
10.77.22.15
10.77.22.15
10.77.22.12
10.77.23.10
10.77.27.13
10.77.22.12
10.77.22.13
10.77.22.14
10.77.22.15
10.77.22.12
10.77.22.14
10.77.22.12
10.77.22.15
10.77.22.15
10.77.22.11
10.77.22.10
10.77.22.10
10.77.22.11
10.77.27.15
10.77.22.14
10.77.23.12
10.77.22.11
10.77.22.11
10.77.23.10
10.77.22.11
10.77.27.14
10.77.22.11
10.77.27.15
10.77.23.11
10.77.23.12
10.77.22.12
10.77.27.13
10.77.22.14
10.77.23.12
10.77.27.14
10.77.22.11
10.77.22.14
10.77.22.15
10.77.22.10
10.77.27.14
10.77.27.13
10.77.22.14
10.77.23.11
10.77.23.10
10.77.22.13
10.77.23.12
10.77.22.13
10.77.22.13
10.77.27.13
10.77.27.14
10.77.22.14
10.77.27.15
10.77.27.14
10.77.27.15
10.77.23.11
10.77.22.15
10.77.22.14
10.77.22.12
10.77.22.14
10.77.23.12
10.77.27.15
10.77.22.13
10.77.22.13
10.77.22.12
10.77.22.13
10.77.22.15
10.77.27.15
10.77.27.14
10.77.23.11
10.77.22.10
10.77.22.10
10.77.27.14
10.77.22.14
10.77.27.13
10.77.22.15
10.77.22.10
10.77.22.11
10.77.23.11
10.77.22.12
10.77.27.14
10.77.27.14
10.77.22.11
10.77.22.15
10.77.27.14
10.77.27.15
10.77.22.12
10.77.23.11
10.77.22.13
10.77.22.14
10.77.22.11
10.77.22.12
10.77.27.14
10.77.22.12
10.77.23.10
10.77.22.15
10.77.27.13
10.77.23.10
10.77.22.12
10.77.27.15
10.77.22.14
10.77.22.11
10.77.22.12
10.77.23.12
10.77.23.10
10.77.23.12
10.77.22.13
10.77.22.11
10.77.22.10
10.77.27.14
10.77.23.11
10.77.22.14
10.77.22.15
10.77.22.12
10.77.23.12
10.77.22.15
10.77.22.14
10.77.27.14
10.77.22.12
10.77.23.12
10.77.22.13
10.77.27.13
10.77.23.12
10.77.27.15
10.77.22.10
10.77.22.15
10.77.22.10
10.77.22.13
10.77.22.14
10.77.23.12
10.77.27.13
10.77.27.15
10.77.27.15
10.77.22.13
10.77.22.15
10.77.22.11
10.77.22.13
10.77.22.13
10.77.23.11
10.77.22.10
10.77.27.15
10.77.27.13
10.77.23.12
10.77.27.13
10.77.23.12
10.77.23.12
10.77.27.13
10.77.27.14
10.77.22.11
10.77.22.11
10.77.22.14
10.77.22.15
10.77.22.13
10.77.27.13
10.77.27.15
10.77.27.15
10.77.23.12
10.77.27.13
10.77.22.11
10.77.22.12
10.77.22.14
10.77.22.13
10.77.23.10
10.77.22.10
10.77.27.15
10.77.22.15
10.77.23.11
10.77.22.14
10.77.27.15
10.77.23.10
10.77.23.12
10.77.22.10
10.77.22.14
10.77.27.13
10.77.22.14
10.77.27.14
10.77.27.15
10.77.22.11
10.77.22.10
10.77.22.10
10.77.22.11
10.77.22.13
10.77.23.11
10.77.22.10
10.77.22.12
10.77.22.15
10.77.27.13
10.77.22.13
10.77.23.12
10.77.27.13
10.77.27.15
10.77.22.10
10.77.22.15
10.77.22.12
10.77.27.15
10.77.23.12
10.77.22.14
10.77.22.14
10.77.22.11
10.77.27.14
10.77.22.12
10.77.22.12
10.77.23.10
10.77.22.11
10.77.22.10
10.77.22.13
10.77.23.11
10.77.23.12
10.77.22.13
10.77.22.14
10.77.22.11
10.77.22.15
10.77.22.12
10.77.22.12
10.77.27.13
10.77.22.13
10.77.22.10
10.77.27.13
10.77.23.10
10.77.27.13
10.77.27.13
10.77.23.12
10.77.22.15
10.77.23.10
10.77.22.12
10.77.22.13
10.77.22.12
10.77.23.12
10.77.22.12
10.77.23.11
10.77.27.15
10.77.22.13
10.77.27.14
10.77.22.15
10.77.27.13
10.77.27.15
10.77.22.13
10.77.27.13
10.77.22.15
10.77.22.15
10.77.23.12
10.77.23.11
10.77.23.12
10.77.23.11
10.77.27.15
10.77.22.11
10.77.23.10
10.77.22.14
10.77.27.15
10.77.27.15
10.77.22.14
10.77.27.15
10.77.23.12
10.77.22.12
10.77.22.10
10.77.23.12
10.77.22.15
10.77.23.12
10.77.23.10
10.77.22.14
10.77.23.12
10.77.22.11
10.77.22.11
10.77.22.11
10.77.22.14
10.77.23.11
10.77.23.11
10.77.23.12
10.77.27.15
10.77.23.12
10.77.23.11
10.77.22.10
10.77.22.11
10.77.22.15
10.77.22.13
10.77.22.11
10.77.22.14
10.77.23.12
10.77.27.15
10.77.22.13
10.77.22.13
10.77.27.13
10.77.23.12
10.77.23.12
10.77.22.14
10.77.27.15
10.77.23.12
10.77.22.11
10.77.22.15
10.77.22.13
10.77.22.12
10.77.23.10
10.77.27.14
10.77.23.12
10.77.27.15
10.77.27.14
10.77.27.14
10.77.23.10
10.77.22.13
10.77.27.15
10.77.23.11
10.77.23.10
10.77.23.12
10.77.27.15
10.77.22.10
10.77.22.14
10.77.23.12
10.77.27.13
10.77.23.11
10.77.22.15
10.77.22.10
10.77.22.11
10.77.23.11
10.77.27.15
10.77.27.15
10.77.23.11
10.77.22.11
10.77.27.15
10.77.22.10
10.77.22.11
10.77.27.14
10.77.22.11
10.77.22.13
10.77.22.13
10.77.22.14
10.77.23.12
10.77.22.12
10.77.23.10
10.77.27.14
10.77.22.10
10.77.23.12
10.77.22.10
10.77.23.11
10.77.22.13
10.77.27.15
10.77.22.15
10.77.27.15
10.77.22.14
10.77.22.13
10.77.27.15
10.77.23.11
10.77.27.14
10.77.22.11
10.77.22.10
10.77.22.11
10.77.23.10
10.77.27.13
10.77.22.12
10.77.22.11
10.77.22.14
10.77.22.13
10.77.27.13
10.77.22.14
10.77.22.14
10.77.27.15
10.77.27.15
10.77.27.13
10.77.22.12
10.77.23.10
10.77.22.14
10.77.27.14
10.77.22.15
10.77.23.11
10.77.22.11
10.77.27.14
10.77.22.14
10.77.22.15
10.77.23.10
10.77.27.14
10.77.27.14
10.77.27.14
10.77.22.14
10.77.23.10
10.77.22.15
10.77.23.10
10.77.27.14
10.77.23.10
10.77.23.11
10.77.22.13
10.77.27.14
10.77.22.11
10.77.23.11
10.77.22.13
10.77.27.13
10.77.22.10
10.77.27.14
10.77.23.12
10.77.22.15
10.77.22.10
10.77.22.13
10.77.22.10
10.77.22.14
10.77.22.10
10.77.22.10
10.77.22.13
10.77.22.10
10.77.22.12
10.77.27.15
10.77.27.13
10.77.27.13
10.77.22.14
10.77.22.14
10.77.23.11
10.77.22.13
10.77.27.15
10.77.27.15
10.77.27.13
10.77.23.12
10.77.22.14
10.77.23.12
10.77.22.12
10.77.22.11
10.77.23.11
10.77.23.10
10.77.27.14
10.77.23.11
10.77.22.12
10.77.22.10
10.77.22.10
10.77.22.10
10.77.22.10
10.77.27.15
10.77.22.15
10.77.22.14
10.77.27.14
10.77.22.15
10.77.23.10
10.77.23.12
10.77.27.14
10.77.23.10
10.77.27.15
10.77.23.10
10.77.22.14
10.77.22.11
10.77.22.10
10.77.22.10
10.77.27.14
10.77.22.10
10.77.23.10
10.77.22.11
10.77.23.11
10.77.22.11
10.77.22.14
10.77.22.11
10.77.23.11
10.77.22.13
10.77.22.14
10.77.22.14
10.77.22.12
10.77.27.15
10.77.27.15
10.77.22.13
10.77.22.15
10.77.22.15
10.77.22.14
10.77.27.13
10.77.23.11
10.77.27.15
10.77.23.11
10.77.22.10
10.77.23.10
10.77.22.14
10.77.22.12
10.77.22.12
10.77.22.10
10.77.23.12
10.77.22.11
10.77.23.10
10.77.22.11
10.77.27.14
10.77.27.15
10.77.22.11
10.77.27.15
10.77.22.10
10.77.23.12
10.77.27.14
10.77.23.10
10.77.22.11
10.77.23.11
10.77.22.14
10.77.22.14
10.77.23.11
10.77.22.10
10.77.22.13
10.77.22.12
10.77.23.12
10.77.22.10
10.77.27.14
10.77.23.12
10.77.23.10
10.77.22.11
10.77.22.14
10.77.23.12
10.77.22.15
10.77.22.14
10.77.22.13
10.77.22.14
10.77.22.13
10.77.22.14
10.77.27.14
10.77.23.10
10.77.27.13
10.77.22.12
10.77.22.15
10.77.22.13
10.77.27.14
10.77.22.14
10.77.22.11
10.77.27.15
10.77.22.10
10.77.22.10
10.77.22.15
10.77.27.14
10.77.27.15
10.77.23.10
10.77.27.13
10.77.23.10
10.77.22.15
10.77.22.15
10.77.22.10
10.77.23.12
10.77.22.10
10.77.23.10
10.77.22.10
10.77.23.11
10.77.27.15
10.77.23.11
10.77.27.14
10.77.22.11
10.77.22.11
10.77.27.15
10.77.27.13
10.77.22.10
10.77.27.13
10.77.23.10
10.77.23.10
10.77.23.12
10.77.23.10
10.77.27.15
10.77.22.11
10.77.27.13
10.77.23.10
10.77.22.15
10.77.27.14
10.77.22.12
10.77.22.13
10.77.23.12
10.77.27.15
10.77.22.14
10.77.23.11
10.77.22.13
10.77.23.11
10.77.27.13
10.77.22.12
10.77.23.11
10.77.22.11
10.77.22.11
10.77.22.13
10.77.22.15
10.77.22.15
10.77.23.10
10.77.27.15
10.77.27.13
10.77.22.14
10.77.27.14
10.77.22.14
10.77.22.10
10.77.23.10
10.77.27.14
10.77.27.15
10.77.23.12
10.77.22.12
10.77.22.12
10.77.22.12
10.77.23.11
10.77.22.11
10.77.23.12
10.77.22.11
10.77.22.15
10.77.27.14
10.77.27.15
10.77.22.15
10.77.27.15
10.77.22.13
10.77.23.12
10.77.22.11
10.77.27.14
10.77.22.12
10.77.22.14
10.77.23.12
10.77.27.13
10.77.22.15
10.77.22.13
10.77.22.13
10.77.27.14
10.77.22.10
10.77.22.11
10.77.22.14
10.77.22.14
10.77.22.13
10.77.27.13
10.77.27.13
10.77.22.12
10.77.23.12
10.77.27.15
10.77.27.13
10.77.22.15
10.77.22.10
10.77.23.12
10.77.22.10
10.77.22.12
10.77.22.12
10.77.22.14
10.77.22.11
10.77.23.12
10.77.23.10
10.77.23.11
10.77.22.10
10.77.27.13
10.77.22.13
10.77.27.15
10.77.27.13
10.77.23.10
10.77.22.13
10.77.22.15
10.77.22.15
10.77.22.12
10.77.22.11
10.77.27.13
10.77.27.15
10.77.22.10
10.77.27.15
10.77.27.14
10.77.23.12
10.77.22.15
10.77.22.10
10.77.22.10
10.77.27.14
10.77.23.11
10.77.27.15
10.77.27.15
10.77.27.15
10.77.22.15
10.77.22.12
10.77.22.13
10.77.22.11
10.77.22.14
10.77.22.10
10.77.23.11
10.77.22.10
10.77.22.11
10.77.22.11
10.77.23.11
10.77.27.14
10.77.27.13
10.77.27.14
10.77.27.14
10.77.22.10
10.77.27.14
10.77.22.13
10.77.27.15
10.77.27.15
10.77.27.15
10.77.22.10
10.77.27.14
10.77.22.14
10.77.23.12
10.77.22.15
10.77.27.13
10.77.22.15
10.77.22.13
10.77.22.13
10.77.22.13
10.77.27.14
10.77.27.14
10.77.23.12
10.77.22.14
10.77.22.15
10.77.22.13
10.77.22.13
10.77.22.12
10.77.22.12
10.77.23.10
10.77.23.11
10.77.27.14
10.77.22.11
10.77.23.11
10.77.23.12
10.77.22.13
10.77.22.12
10.77.23.12
10.77.22.12
10.77.23.12
10.77.27.15
10.77.27.14
10.77.23.11
10.77.23.10
10.77.22.15
10.77.23.11
10.77.23.12
10.77.27.15
10.77.23.12
10.77.23.10
10.77.22.12
10.77.27.14
10.77.23.11
10.77.27.15
10.77.27.13
10.77.23.10
10.77.22.10
10.77.23.12
10.77.23.10
10.77.23.10
10.77.23.10
10.77.22.15
10.77.23.12
10.77.27.14
10.77.22.14
10.77.22.13
10.77.22.13
10.77.27.13
10.77.23.11
10.77.27.15
10.77.27.14
10.77.23.10
10.77.22.15
10.77.23.11
10.77.23.10
10.77.22.14
10.77.23.10
10.77.22.13
10.77.22.14
10.77.27.15
10.77.27.15
10.77.23.10
10.77.22.14
10.77.23.11
10.77.27.14
10.77.27.14
10.77.22.14
10.77.22.12
10.77.22.15
10.77.22.10
10.77.27.14
10.77.22.12
10.77.27.14
10.77.22.15
10.77.27.15
10.77.22.11
10.77.22.15
10.77.22.13
10.77.27.13
10.77.22.15
10.77.22.13
10.77.22.10
10.77.22.13
10.77.22.10
10.77.22.12
10.77.22.12
10.77.23.12
10.77.27.15
10.77.23.10
10.77.22.11
10.77.22.10
10.77.27.14
10.77.27.15
10.77.27.15
10.77.27.15
10.77.23.12
10.77.22.11
10.77.23.11
10.77.23.11
10.77.22.12
10.77.22.12
10.77.23.12
10.77.23.12
10.77.22.15
10.77.23.11
10.77.23.11
10.77.22.14
10.77.23.12
10.77.27.14
10.77.22.15
10.77.22.10
10.77.22.14
10.77.27.14
10.77.22.11
10.77.27.13
10.77.22.13
10.77.22.15
10.77.22.14
10.77.27.13
10.77.27.13
10.77.22.14
10.77.22.13
10.77.22.11
10.77.22.14
10.77.22.15
10.77.27.15
10.77.22.12
10.77.27.14
10.77.22.11
10.77.27.15
10.77.22.14
10.77.22.15
10.77.22.11
10.77.27.15
10.77.22.10
10.77.23.12
10.77.22.15
10.77.22.15
10.77.22.10
10.77.27.13
10.77.27.14
10.77.23.10
10.77.23.10
10.77.22.13
10.77.27.14
10.77.22.15
10.77.22.10
10.77.22.15
10.77.22.15
10.77.22.15
10.77.23.10
10.77.22.14
10.77.27.14
10.77.22.12
10.77.23.10
10.77.27.15
10.77.22.13
10.77.27.13
10.77.27.15
10.77.23.11
10.77.23.11
10.77.23.10
10.77.22.11
10.77.22.12
10.77.22.15
10.77.22.14
10.77.22.12
10.77.22.12
10.77.22.12
10.77.22.10
10.77.22.11
10.77.22.11
10.77.22.11
10.77.27.15
10.77.22.11
10.77.22.12
10.77.22.13
10.77.27.15
10.77.22.14
10.77.27.15
10.77.27.14
10.77.27.15
10.77.22.15
10.77.23.11
10.77.23.12
10.77.22.10
10.77.22.13
10.77.22.15
10.77.27.14
10.77.22.11
10.77.27.15
10.77.23.12
10.77.27.15
10.77.23.10
10.77.22.15
10.77.27.13
10.77.27.15
10.77.22.15
10.77.23.10
10.77.22.12
10.77.27.15
10.77.27.13
10.77.22.11
10.77.22.13
10.77.27.15
10.77.27.13
10.77.27.13
10.77.22.11
10.77.23.10
10.77.22.14
10.77.22.15
10.77.22.14
10.77.23.10
10.77.23.12
10.77.23.12
10.77.23.12
10.77.22.11
10.77.22.15
10.77.23.11
10.77.27.15
10.77.23.11
10.77.27.14
10.77.22.15
10.77.23.11
10.77.22.14
10.77.22.14
10.77.22.12
10.77.22.13
10.77.22.15
10.77.23.10
10.77.23.10
10.77.23.12
10.77.23.11
10.77.22.11
10.77.27.13
10.77.27.15
10.77.22.11
10.77.22.12
10.77.22.12
10.77.22.13
10.77.22.10
10.77.27.14
10.77.27.15
10.77.23.12
10.77.23.10
10.77.27.15
10.77.27.14
10.77.22.11
10.77.23.10
10.77.23.10
10.77.22.11
10.77.22.10
10.77.27.15
10.77.22.10
10.77.27.14
10.77.27.13
10.77.22.11
10.77.27.15
10.77.22.11
10.77.27.15
10.77.22.13
10.77.23.10
10.77.27.13
10.77.27.15
10.77.23.12
10.77.22.11
10.77.27.14
10.77.27.14
10.77.22.10
10.77.23.10
10.77.27.13
10.77.22.11
10.77.27.13
10.77.23.12
10.77.27.15
10.77.23.11
10.77.23.11
10.77.27.14
10.77.27.14
10.77.27.14
10.77.23.10
10.77.22.12
10.77.22.12
10.77.27.13
10.77.23.12
10.77.22.11
10.77.23.11
10.77.27.15
10.77.22.15
10.77.23.12
10.77.22.12
10.77.22.12
10.77.22.12
10.77.23.11
10.77.22.15
10.77.27.13
10.77.23.10
10.77.23.12
10.77.22.10
10.77.22.12
10.77.27.15
10.77.27.14
10.77.22.11
10.77.22.10
10.77.22.14
10.77.22.15
10.77.27.15
10.77.22.11
10.77.23.10
10.77.23.11
10.77.22.15
10.77.23.12
10.77.27.15
10.77.22.11
10.77.27.13
10.77.22.15
10.77.23.12
10.77.23.12
10.77.22.13
10.77.27.14
10.77.27.13
10.77.23.12
10.77.23.10
10.77.22.14
10.77.27.15
10.77.22.11
10.77.22.12
10.77.27.15
10.77.27.13
10.77.27.13
10.77.22.11
10.77.22.15
10.77.27.14
10.77.22.14
10.77.22.14
10.77.23.11
10.77.23.11
10.77.22.10
10.77.27.15
10.77.23.12
10.77.27.13
10.77.22.15
10.77.23.10
10.77.22.14
10.77.27.15
10.77.22.15
10.77.22.11
10.77.27.13
10.77.22.11
10.77.22.13
10.77.22.10
10.77.27.13
10.77.22.13
10.77.23.11
10.77.23.10
10.77.22.12
10.77.22.14
10.77.23.12
10.77.22.12
10.77.22.10
10.77.23.11
10.77.23.11
10.77.22.12
10.77.27.15
10.77.27.15
10.77.23.10
10.77.22.13
10.77.27.14
10.77.22.13
10.77.22.10
10.77.27.14
10.77.22.13
10.77.27.14
10.77.22.12
10.77.22.12
10.77.27.14
10.77.22.10
10.77.22.13
10.77.22.13
10.77.22.11
10.77.22.13
10.77.22.12
10.77.22.10
10.77.22.15
10.77.27.15
10.77.22.13
10.77.22.11
10.77.23.12
10.77.22.12
10.77.27.14
10.77.22.10
10.77.22.11
10.77.22.14
10.77.23.11
10.77.22.10
10.77.22.14
10.77.22.15
10.77.22.12
10.77.22.10
10.77.22.14
10.77.22.10
10.77.22.13
10.77.22.13
10.77.22.11
10.77.23.11
10.77.27.14
10.77.27.13
10.77.23.10
10.77.27.13
10.77.22.14
10.77.22.13
10.77.23.11
10.77.23.10
10.77.23.10
10.77.22.14
10.77.23.11
10.77.27.14
10.77.23.11
10.77.27.13
10.77.27.15
10.77.22.14
10.77.22.13
10.77.22.11
10.77.22.12
10.77.23.11
10.77.22.14
10.77.22.13
10.77.27.13
10.77.27.14
10.77.23.11
10.77.22.15
10.77.27.13
10.77.22.11
10.77.27.15
10.77.22.13
10.77.23.10
10.77.22.11
10.77.27.14
10.77.27.13
10.77.23.12
10.77.27.13
10.77.22.12
10.77.23.12
10.77.22.15
10.77.27.15
10.77.22.14
10.77.27.15
10.77.22.12
10.77.22.11
10.77.27.15
10.77.27.13
10.77.22.11
10.77.22.12
10.77.22.13
10.77.27.14
10.77.27.14
10.77.23.10
10.77.22.14
10.77.23.11
10.77.22.12
10.77.22.13
10.77.22.12
10.77.27.13
10.77.22.14
10.77.22.10
10.77.23.12
10.77.22.15
10.77.27.14
10.77.22.14
10.77.23.12
10.77.23.12
10.77.27.14
10.77.23.12
10.77.27.15
10.77.22.11
10.77.22.10
10.77.22.13
10.77.22.12
10.77.23.11
10.77.22.11
10.77.22.15
10.77.23.12
10.77.22.11
10.77.27.13
10.77.22.10
10.77.27.13
10.77.27.15
10.77.22.13
10.77.23.11
10.77.22.13
10.77.22.13
10.77.23.10
10.77.22.15
10.77.23.11
10.77.27.13
10.77.22.15
10.77.27.14
10.77.22.13
10.77.23.11
10.77.23.12
10.77.22.11
10.77.27.14
10.77.22.13
10.77.23.11
10.77.23.10
10.77.22.13
10.77.27.13
10.77.22.13
10.77.22.14
10.77.23.12
10.77.23.11
10.77.27.14
10.77.22.11
10.77.22.11
10.77.22.15
10.77.23.10
10.77.27.15
10.77.22.11
10.77.22.13
10.77.22.15
10.77.27.14
10.77.23.12
10.77.22.15
10.77.27.14
10.77.22.13
10.77.22.10
10.77.27.14
10.77.23.11
10.77.22.12
10.77.22.14
10.77.23.10
10.77.23.11
10.77.22.14
10.77.23.12
10.77.22.12
10.77.27.13
10.77.27.15
10.77.22.10
10.77.22.14
10.77.27.15
10.77.22.15
10.77.23.10
10.77.23.11
10.77.22.13
10.77.27.13
10.77.23.11
10.77.27.13
10.77.22.14
10.77.22.12
10.77.23.10
10.77.22.12
10.77.23.12
10.77.23.12
10.77.27.15
10.77.22.12
10.77.27.14
10.77.22.10
10.77.22.13
10.77.22.11
10.77.22.12
10.77.23.10
10.77.23.10
10.77.23.11
10.77.22.15
10.77.22.11
10.77.23.11
10.77.23.10
10.77.27.14
10.77.22.11
10.77.22.14
10.77.22.15
10.77.27.13
10.77.23.10
10.77.23.10
10.77.22.10
10.77.22.14
10.77.22.12
10.77.27.15
10.77.23.10
10.77.22.15
10.77.23.11
10.77.22.14
10.77.27.13
10.77.27.14
10.77.27.13
10.77.23.11
10.77.27.15
10.77.23.11
10.77.22.15
10.77.23.12
10.77.27.15
10.77.22.11
10.77.23.10
10.77.27.13
10.77.27.13
10.77.27.14
10.77.22.11
10.77.27.14
10.77.27.15
10.77.22.14
10.77.22.14
10.77.22.14
10.77.22.14
10.77.22.10
10.77.27.14
10.77.22.14
10.77.22.12
10.77.22.13
10.77.22.14
10.77.22.11
10.77.22.14
10.77.22.13
10.77.27.13
10.77.27.13
10.77.22.12
10.77.22.13
10.77.22.10
10.77.23.10
10.77.27.13
10.77.27.14
10.77.22.10
10.77.22.14
10.77.22.12
10.77.22.15
10.77.22.10
10.77.27.13
10.77.23.10
10.77.22.10
10.77.23.11
10.77.22.10
10.77.22.14
10.77.27.14
10.77.22.10
10.77.22.10
10.77.22.11
10.77.22.13
10.77.22.12
10.77.23.11
10.77.27.15
10.77.27.13
10.77.22.14
10.77.22.15
10.77.22.15
10.77.23.11
10.77.23.12
10.77.22.12
10.77.22.12
10.77.22.14
10.77.22.10
10.77.22.13
10.77.27.15
10.77.23.10
10.77.23.10
10.77.23.10
10.77.27.14
10.77.22.13
10.77.22.12
10.77.22.11
10.77.23.12
10.77.22.11
10.77.23.12
10.77.23.12
10.77.23.10
10.77.23.10
10.77.22.13
10.77.22.15
10.77.22.15
10.77.22.10
10.77.22.12
10.77.23.10
10.77.23.12
10.77.23.12
10.77.23.11
10.77.22.11
10.77.23.10
10.77.22.14
10.77.23.12
10.77.27.13
10.77.23.11
10.77.22.15
10.77.22.11
10.77.22.11
10.77.27.13
10.77.23.11
10.77.22.10
10.77.22.15
10.77.27.15
10.77.23.10
10.77.22.13
10.77.22.11
10.77.22.10
10.77.27.15
10.77.22.12
10.77.22.15
10.77.22.11
10.77.27.15
10.77.23.10
10.77.22.15
10.77.22.12
10.77.22.15
10.77.22.12
10.77.22.10
10.77.27.13
10.77.23.10
10.77.27.13
10.77.23.11
10.77.22.12
10.77.23.10
10.77.27.13
10.77.22.11
10.77.22.11
10.77.22.11
10.77.22.15
10.77.23.10
10.77.22.11
10.77.23.11
10.77.27.15
10.77.22.15
10.77.22.11
10.77.27.15
10.77.23.12
10.77.22.11
10.77.27.14
10.77.23.10
10.77.22.12
10.77.27.13
10.77.22.15
10.77.23.12
10.77.27.15
10.77.22.15
10.77.23.12
10.77.22.15
10.77.27.13
10.77.27.15
10.77.27.15
10.77.27.13
10.77.22.15
10.77.23.11
10.77.23.12
10.77.22.11
10.77.22.11
10.77.22.12
10.77.23.12
10.77.23.10
10.77.22.11
10.77.23.12
10.77.22.14
10.77.22.10
10.77.27.15
10.77.22.12
10.77.23.12
10.77.22.14
10.77.27.15
10.77.22.10
10.77.27.13
10.77.22.12
10.77.22.15
10.77.22.13
10.77.23.10
10.77.23.10
10.77.22.11
10.77.22.11
10.77.22.11
10.77.22.10
10.77.27.15
10.77.22.10
10.77.22.11
10.77.22.11
10.77.27.14
10.77.22.12
10.77.22.13
10.77.27.13
10.77.22.11
10.77.27.15
10.77.22.12
10.77.22.12
10.77.23.12
10.77.22.10
10.77.22.12
10.77.22.11
10.77.22.14
10.77.22.14
10.77.22.14
10.77.22.15
10.77.22.13
10.77.23.12
10.77.22.11
10.77.23.10
10.77.22.12
10.77.22.11
10.77.22.13
10.77.22.11
10.77.27.13
10.77.22.10
10.77.22.14
10.77.22.13
10.77.23.11
10.77.23.11
10.77.23.12
10.77.22.10
10.77.22.12
10.77.22.15
10.77.27.14
10.77.22.10
10.77.23.11
10.77.23.10
10.77.22.14
10.77.27.14
10.77.22.11
10.77.27.15
10.77.23.11
10.77.22.15
10.77.22.14
10.77.22.14
10.77.22.14
10.77.27.15
10.77.22.10
10.77.23.12
10.77.27.14
10.77.22.11
10.77.27.15
10.77.27.14
10.77.22.10
10.77.22.14
10.77.23.11
10.77.22.10
10.77.22.13
10.77.22.14
10.77.22.10
10.77.22.12
10.77.22.15
10.77.23.12
10.77.22.14
10.77.23.11
10.77.22.10
10.77.22.15
10.77.22.15
10.77.22.14
10.77.22.11
10.77.23.10
10.77.22.10
10.77.23.11
10.77.22.14
10.77.22.11
10.77.22.13
10.77.27.13
10.77.22.14
10.77.22.10
10.77.23.10
10.77.22.10
10.77.22.11
10.77.22.14
10.77.22.11
10.77.23.11
10.77.22.15
10.77.23.10
10.77.22.15
10.77.27.14
10.77.27.14
10.77.22.15
10.77.22.15
10.77.23.12
10.77.22.14
10.77.27.15
10.77.27.13
10.77.22.10
10.77.22.14
10.77.27.13
10.77.23.12
10.77.22.10
10.77.22.15
10.77.23.12
10.77.22.12
10.77.22.15
10.77.22.10
10.77.22.15
10.77.22.14
10.77.22.13
10.77.22.15
10.77.22.10
10.77.22.12
10.77.27.14
10.77.23.12
10.77.22.12
10.77.27.14
10.77.23.12
10.77.27.13
10.77.23.12
10.77.22.10
10.77.27.14
10.77.27.14
10.77.22.10
10.77.27.13
10.77.27.14
10.77.22.10
10.77.22.15
10.77.22.14
10.77.23.10
10.77.27.15
10.77.23.10
10.77.27.15
10.77.27.14
10.77.27.14
10.77.23.10
10.77.22.13
10.77.23.10
10.77.27.15
10.77.22.12
10.77.22.13
10.77.27.13
10.77.22.15
10.77.27.15
10.77.23.10
10.77.27.13
10.77.27.15
10.77.22.14
10.77.22.11
10.77.27.13
10.77.22.13
10.77.23.10
10.77.23.10
10.77.22.15
10.77.27.14
10.77.27.14
10.77.22.12
10.77.27.14
10.77.27.15
10.77.27.13
10.77.22.11
10.77.22.10
10.77.22.10
10.77.23.12
10.77.27.13
10.77.27.13
10.77.22.15
10.77.23.12
10.77.22.12
10.77.22.13
10.77.23.11
10.77.27.15
10.77.27.13
10.77.22.12
10.77.22.15
10.77.27.14
10.77.27.15
10.77.22.10
10.77.22.12
10.77.22.10
10.77.27.13
10.77.22.11
10.77.22.15
10.77.23.10
10.77.27.15
10.77.23.11
10.77.23.10
10.77.22.13
10.77.27.13
10.77.22.14
10.77.22.11
10.77.27.15
10.77.23.10
10.77.23.12
10.77.23.10
10.77.23.11
10.77.22.11
10.77.27.13
10.77.23.12
10.77.22.15
10.77.22.15
10.77.22.14
10.77.23.12
10.77.23.12
10.77.23.11
10.77.27.13
10.77.27.15
10.77.22.15
10.77.27.15
10.77.23.10
10.77.22.10
10.77.22.13
10.77.22.14
10.77.27.14
10.77.27.14
10.77.27.15
10.77.27.14
10.77.22.12
10.77.22.13
10.77.27.14
10.77.23.10
10.77.23.11
10.77.22.13
10.77.23.11
10.77.22.14
10.77.27.13
10.77.22.13
10.77.27.14
10.77.27.13
10.77.27.14
10.77.22.12
10.77.22.13
10.77.22.10
10.77.22.15
10.77.22.13
10.77.27.14
10.77.27.13
10.77.22.11
10.77.23.11
10.77.23.12
10.77.23.11
10.77.22.13
10.77.27.13
10.77.22.12
10.77.22.11
10.77.27.14
10.77.22.15
10.77.27.13
10.77.22.10
10.77.22.13
10.77.22.13
10.77.23.12
10.77.27.15
10.77.22.14
10.77.27.14
10.77.22.15
10.77.23.12
10.77.22.15
10.77.22.11
10.77.27.13
10.77.22.14
10.77.22.11
10.77.23.11
10.77.23.11
10.77.22.12
10.77.23.10
10.77.22.15
10.77.22.14
10.77.27.14
10.77.22.10
10.77.27.13
10.77.22.12
10.77.22.13
10.77.22.14
10.77.22.11
10.77.22.15
10.77.23.12
10.77.22.14
10.77.23.12
10.77.27.13
10.77.23.12
10.77.22.12
10.77.27.14
10.77.27.13
10.77.27.15
10.77.23.11
10.77.27.13
10.77.23.11
10.77.22.11
10.77.22.14
10.77.23.11
10.77.22.15
10.77.23.12
10.77.23.12
10.77.23.12
10.77.27.13
10.77.22.12
10.77.22.11
10.77.22.14
10.77.27.14
10.77.23.11
10.77.27.14
10.77.22.15
10.77.22.12
10.77.22.10
10.77.23.11
10.77.22.12
10.77.22.14
10.77.23.10
10.77.22.14
10.77.22.13
10.77.22.15
10.77.22.13
10.77.23.10
10.77.27.13
10.77.22.15
10.77.27.15
10.77.22.10
10.77.27.13
10.77.22.15
10.77.27.13
10.77.27.15
10.77.22.12
10.77.27.15
10.77.22.10
10.77.22.14
10.77.22.13
10.77.27.13
10.77.23.12
10.77.22.15
10.77.27.15
10.77.27.14
10.77.27.13
10.77.23.11
10.77.22.11
10.77.27.14
10.77.27.15
10.77.23.11
10.77.22.15
10.77.22.15
10.77.23.11
10.77.22.12
10.77.22.15
10.77.22.11
10.77.27.13
10.77.22.11
10.77.22.13
10.77.23.11
10.77.27.15
10.77.27.13
10.77.22.15
10.77.23.11
10.77.22.10
10.77.27.13
10.77.22.14
10.77.22.15
10.77.27.15
10.77.27.14
10.77.22.11
10.77.22.13
10.77.23.10
10.77.22.11
10.77.27.13
10.77.27.13
10.77.23.11
10.77.27.14
10.77.22.12
10.77.22.10
10.77.27.15
10.77.27.15
10.77.22.11
10.77.23.11
10.77.22.15
10.77.27.13
10.77.22.10
10.77.23.10
10.77.22.15
10.77.27.15
10.77.22.12
10.77.23.11
10.77.22.15
10.77.22.12
10.77.27.15
10.77.22.15
10.77.22.15
10.77.22.10
10.77.27.14
10.77.22.10
10.77.22.10
10.77.27.14
10.77.22.13
10.77.27.13
10.77.22.11
10.77.22.14
10.77.22.15
10.77.22.13
10.77.23.12
10.77.27.15
10.77.23.10
10.77.22.14
10.77.22.13
10.77.27.14
10.77.22.11
10.77.27.15
10.77.22.13
10.77.22.14
10.77.23.12
10.77.23.10
10.77.27.13
10.77.27.15
10.77.27.15
10.77.22.12
10.77.23.12
10.77.22.15
10.77.22.11
10.77.27.14
10.77.22.14
10.77.23.10
10.77.27.14
10.77.27.13
10.77.22.13
10.77.23.10
10.77.22.11
10.77.22.10
10.77.27.13
10.77.22.12
10.77.23.11
10.77.22.13
10.77.27.13
10.77.22.10
10.77.23.10
10.77.22.13
10.77.22.12
10.77.27.13
10.77.27.13
10.77.22.12
10.77.23.12
10.77.23.10
10.77.27.13
10.77.22.10
10.77.22.14
10.77.23.11
10.77.22.13
10.77.23.10
10.77.27.14
10.77.22.12
10.77.22.10
10.77.22.10
10.77.27.15
10.77.23.12
10.77.22.11
10.77.27.15
10.77.22.12
10.77.23.10
10.77.23.11
10.77.27.14
10.77.22.12
10.77.22.11
10.77.27.14
10.77.23.11
10.77.27.14
10.77.22.13
10.77.23.12
10.77.22.15
10.77.27.13
10.77.27.15
10.77.23.12
10.77.22.10
10.77.22.13
10.77.22.10
10.77.22.15
10.77.27.15
10.77.22.10
10.77.22.15
10.77.22.13
10.77.22.14
10.77.27.13
10.77.22.15
10.77.22.15
10.77.22.11
10.77.27.15
10.77.23.11
10.77.22.10
10.77.27.15
10.77.22.14
10.77.22.10
10.77.22.12
10.77.27.15
10.77.23.11
10.77.27.14
10.77.27.15
10.77.22.12
10.77.22.10
10.77.22.13
10.77.23.11
10.77.22.14
10.77.23.10
10.77.22.10
10.77.22.10
10.77.22.11
10.77.22.15
10.77.22.14
10.77.27.15
10.77.22.13
10.77.22.15
10.77.22.11
10.77.27.14
10.77.27.14
10.77.22.13
10.77.27.15
10.77.22.10
10.77.23.11
10.77.27.14
10.77.22.13
10.77.22.14
10.77.27.13
10.77.23.10
10.77.23.12
10.77.22.11
10.77.27.13
10.77.23.12
10.77.27.15
10.77.22.14
10.77.27.15
10.77.22.10
10.77.22.11
10.77.22.15
10.77.22.11
10.77.27.13
10.77.22.11
10.77.22.15
10.77.22.12
10.77.23.10
10.77.22.15
10.77.22.15
10.77.22.12
10.77.22.14
10.77.22.15
10.77.27.15
10.77.27.13
10.77.22.14
10.77.23.10
10.77.27.15
10.77.22.11
10.77.22.13
10.77.27.15
10.77.23.12
10.77.22.12
10.77.22.14
10.77.23.11
10.77.22.12
10.77.23.12
10.77.22.11
10.77.23.10
10.77.27.14
10.77.22.10
10.77.23.12
10.77.27.15
10.77.22.12
10.77.27.15
10.77.27.15
10.77.22.12
10.77.27.13
10.77.27.14
10.77.22.11
10.77.22.14
10.77.27.14
10.77.22.15
10.77.22.15
10.77.22.10
10.77.22.13
10.77.22.13
10.77.22.13
10.77.22.10
10.77.23.12
10.77.22.14
10.77.22.10
10.77.22.14
10.77.22.13
10.77.22.13
10.77.22.14
10.77.22.10
10.77.22.10
10.77.22.14
10.77.22.10
10.77.22.10
10.77.27.15
10.77.23.11
10.77.27.14
10.77.22.13
10.77.27.15
10.77.27.15
10.77.27.14
10.77.22.12
10.77.27.15
10.77.27.15
10.77.22.10
10.77.22.14
10.77.27.13
10.77.22.15
10.77.27.14
10.77.22.12
10.77.27.13
10.77.23.12
10.77.27.15
10.77.22.14
10.77.27.15
10.77.22.14
10.77.22.11
10.77.27.14
10.77.23.11
10.77.27.15
10.77.23.12
10.77.23.12
10.77.22.11
10.77.22.15
10.77.27.13
10.77.22.10
10.77.23.11
10.77.22.13
10.77.22.11
10.77.22.11
10.77.27.14
10.77.27.13
10.77.22.14
10.77.27.13
10.77.27.14
10.77.27.14
10.77.27.15
10.77.23.11
10.77.27.14
10.77.23.12
10.77.22.11
10.77.22.13
10.77.23.11
10.77.27.14
10.77.22.12
10.77.23.10
10.77.22.12
10.77.27.13
10.77.22.13
10.77.23.10
10.77.22.13
10.77.22.12
10.77.27.15
10.77.22.14
10.77.27.13
10.77.27.13
10.77.22.12
10.77.22.13
10.77.23.12
10.77.27.15
10.77.23.10
10.77.27.15
10.77.23.12
10.77.27.14
10.77.22.11
10.77.22.10
10.77.22.10
10.77.22.11
10.77.23.12
10.77.27.14
10.77.27.13
10.77.27.15
10.77.22.11
10.77.22.15
10.77.23.12
10.77.22.15
10.77.22.14
10.77.22.10
10.77.27.15
10.77.22.12
10.77.23.11
10.77.22.11
10.77.22.12
10.77.22.10
10.77.22.15
10.77.23.11
10.77.23.12
10.77.22.11
10.77.22.15
10.77.27.14
10.77.22.13
10.77.22.14
10.77.22.13
10.77.23.11
10.77.27.14
10.77.22.11
10.77.27.15
10.77.23.10
10.77.27.13
10.77.23.10
10.77.22.14
10.77.22.13
10.77.22.11
10.77.22.14
10.77.23.10
10.77.23.12
10.77.27.14
10.77.23.10
10.77.23.10
10.77.22.11
10.77.22.14
10.77.23.10
10.77.27.15
10.77.23.11
10.77.22.13
10.77.22.11
10.77.23.11
10.77.23.12
10.77.22.11
10.77.27.13
10.77.27.13
10.77.27.14
10.77.22.14
10.77.27.15
10.77.23.10
10.77.23.11
10.77.22.11
10.77.22.13
10.77.22.11
10.77.22.15
10.77.23.12
10.77.23.12
10.77.27.13
10.77.23.11
10.77.27.15
10.77.22.11
10.77.27.13
10.77.22.11
10.77.22.10
10.77.27.13
10.77.22.11
10.77.23.11
10.77.23.10
10.77.23.12
10.77.27.14
10.77.27.14
10.77.27.14
10.77.22.11
10.77.27.13
10.77.27.14
10.77.27.13
10.77.23.10
10.77.23.11
10.77.27.15
10.77.22.15
10.77.22.12
10.77.27.14
10.77.22.12
10.77.27.13
10.77.22.14
10.77.22.12
10.77.27.15
10.77.22.11
10.77.22.13
10.77.23.12
10.77.22.13
10.77.22.10
10.77.22.13
10.77.23.12
10.77.23.10
10.77.22.13
10.77.22.11
10.77.22.14
10.77.27.13
10.77.23.12
10.77.23.11
10.77.27.13
10.77.23.11
10.77.22.12
10.77.27.13
10.77.22.10
10.77.27.13
10.77.23.12
10.77.27.14
10.77.23.12
10.77.22.14
10.77.27.14
10.77.23.10
10.77.22.15
10.77.23.11
10.77.23.12
10.77.22.10
10.77.23.11
10.77.22.13
10.77.22.14
10.77.22.13
10.77.22.13
10.77.22.14
10.77.22.13
10.77.27.14
10.77.22.13
10.77.27.14
10.77.22.11
10.77.27.14
10.77.22.10
10.77.27.14
10.77.23.10
10.77.27.14
10.77.23.10
10.77.22.14
10.77.27.14
10.77.23.11
10.77.27.13
10.77.23.12
10.77.22.10
10.77.22.10
10.77.23.10
10.77.23.10
10.77.27.15
10.77.27.15
10.77.22.13
10.77.27.14
10.77.22.11
10.77.22.15
10.77.22.15
10.77.23.12
10.77.23.12
10.77.22.12
10.77.27.15
10.77.23.10
10.77.22.15
10.77.27.13
10.77.22.11
10.77.22.15
10.77.27.15
10.77.23.12
10.77.22.10
10.77.22.13
10.77.23.11
10.77.27.13
10.77.22.10
10.77.22.15
10.77.23.12
10.77.27.14
10.77.22.15
10.77.22.11
10.77.23.12
10.77.23.12
10.77.22.10
10.77.23.11
10.77.23.10
10.77.23.11
10.77.23.12
10.77.27.15
10.77.23.10
10.77.22.13
10.77.27.14
10.77.23.10
10.77.22.10
10.77.23.10
10.77.22.14
10.77.23.10
10.77.22.10
10.77.23.10
10.77.23.11
10.77.22.11
10.77.27.14
10.77.23.11
10.77.23.11
10.77.22.11
10.77.23.11
10.77.22.11
10.77.22.11
10.77.22.15
10.77.27.14
10.77.22.11
10.77.22.15
10.77.23.11
10.77.27.14
10.77.22.15
10.77.23.10
10.77.22.12
10.77.27.15
10.77.22.13
10.77.22.12
10.77.27.13
10.77.22.11
10.77.23.11
10.77.22.15
10.77.22.12
10.77.23.10
10.77.23.12
10.77.22.12
10.77.27.14
10.77.22.13
10.77.22.11
10.77.22.13
10.77.23.10
10.77.22.10
10.77.23.11
10.77.22.14
10.77.23.11
10.77.22.15
10.77.23.10
10.77.23.10
10.77.22.13
10.77.27.14
10.77.22.10
10.77.22.15
10.77.27.15
10.77.22.13
10.77.23.10
10.77.27.13
10.77.27.13
10.77.22.10
10.77.22.10
10.77.23.11
10.77.22.11
10.77.22.14
10.77.27.15
10.77.27.14
10.77.22.12
10.77.23.11
10.77.27.15
10.77.22.11
10.77.23.10
10.77.22.10
10.77.22.11
10.77.22.10
10.77.27.15
10.77.27.14
10.77.22.10
10.77.23.10
10.77.27.13
10.77.27.15
10.77.22.15
10.77.22.14
10.77.22.10
10.77.23.12
10.77.22.12
10.77.23.12
10.77.22.15
10.77.22.15
10.77.23.11
10.77.22.10
10.77.22.15
10.77.23.12
10.77.23.12
10.77.27.14
10.77.22.10
10.77.23.12
10.77.27.14
10.77.22.11
10.77.22.11
10.77.22.11
10.77.22.14
10.77.23.10
10.77.22.13
10.77.27.13
10.77.23.11
10.77.23.11
10.77.22.13
10.77.23.10
10.77.22.14
10.77.27.15
10.77.22.14
10.77.22.10
10.77.22.13
10.77.23.10
10.77.27.15
10.77.27.13
10.77.22.14
10.77.23.11
10.77.22.15
10.77.27.13
10.77.22.15
10.77.22.11
10.77.23.11
10.77.23.10
10.77.27.13
10.77.22.15
10.77.27.14
10.77.23.11
10.77.23.11
10.77.22.13
10.77.23.10
10.77.27.13
10.77.23.12
10.77.23.11
10.77.23.12
10.77.27.15
10.77.22.13
10.77.22.12
10.77.22.13
10.77.23.12
10.77.27.14
10.77.22.15
10.77.22.11
10.77.22.12
10.77.27.14
10.77.22.10
10.77.22.10
10.77.22.14
10.77.22.11
10.77.23.11
10.77.23.12
10.77.23.11
10.77.22.11
10.77.23.10
10.77.27.15
10.77.22.12
10.77.22.13
10.77.22.12
10.77.23.11
10.77.27.14
10.77.23.10
10.77.22.11
10.77.22.12
10.77.27.13
10.77.27.13
10.77.27.14
10.77.27.15
10.77.22.13
10.77.22.13
10.77.23.10
10.77.22.12
10.77.22.13
10.77.23.10
10.77.22.10
10.77.27.14
10.77.22.13
10.77.27.14
10.77.22.15
10.77.23.12
10.77.22.13
10.77.22.12
10.77.23.11
10.77.22.10
10.77.22.13
10.77.22.15
10.77.22.12
10.77.27.14
10.77.23.12
10.77.23.11
10.77.27.13
10.77.23.12
10.77.22.10
10.77.22.15
10.77.22.15
10.77.27.13
10.77.22.12
10.77.27.14
10.77.23.12
10.77.23.12
10.77.22.12
10.77.22.13
10.77.22.14
10.77.27.14
10.77.23.10
10.77.22.12
10.77.27.14
10.77.27.14
10.77.27.13
10.77.22.12
10.77.22.11
10.77.27.15
10.77.22.15
10.77.23.10
10.77.22.14
10.77.27.13
10.77.22.10
10.77.22.11
10.77.23.12
10.77.23.10
10.77.23.10
10.77.22.12
10.77.27.14
10.77.22.14
10.77.22.13
10.77.22.11
10.77.27.15
10.77.22.11
10.77.22.11
10.77.27.13
10.77.22.10
10.77.23.12
10.77.27.14
10.77.22.11
10.77.27.13
10.77.22.12
10.77.22.15
10.77.27.13
10.77.23.11
10.77.27.14
10.77.22.10
10.77.22.12
10.77.22.10
10.77.22.13
10.77.22.11
10.77.22.15
10.77.23.12
10.77.22.12
10.77.23.10
10.77.27.15
10.77.22.11
10.77.22.14
10.77.23.10
10.77.22.14
10.77.27.13
10.77.22.15
10.77.23.12
10.77.27.14
10.77.23.11
10.77.23.12
10.77.23.12
10.77.22.14
10.77.22.13
10.77.27.15
10.77.23.10
10.77.22.11
10.77.23.10
10.77.22.13
10.77.23.10
10.77.22.10
10.77.27.14
10.77.27.15
10.77.22.10
10.77.23.11
10.77.22.12
10.77.27.13
10.77.22.13
10.77.23.10
10.77.23.10
10.77.22.11
10.77.23.12
10.77.22.11
10.77.23.10
10.77.27.14
10.77.23.11
10.77.22.14
10.77.22.15
10.77.22.14
10.77.23.12
10.77.23.10
10.77.27.13
10.77.23.11
10.77.22.15
10.77.22.10
10.77.22.10
10.77.22.15
10.77.23.10
10.77.27.13
10.77.22.11
10.77.27.15
10.77.23.10
10.77.22.10
10.77.27.15
10.77.22.11
10.77.23.11
10.77.23.10
10.77.22.11
10.77.22.14
10.77.27.13
10.77.23.12
10.77.23.10
10.77.23.10
10.77.22.11
10.77.23.10
10.77.22.11
10.77.22.14
10.77.23.12
10.77.23.12
10.77.23.11
10.77.23.11
10.77.27.14
10.77.22.14
10.77.23.11
10.77.23.10
10.77.22.15
10.77.23.12
10.77.23.11
10.77.23.10
10.77.22.13
10.77.27.15
10.77.22.14
10.77.22.11
10.77.23.10
10.77.23.12
10.77.22.12
10.77.22.14
10.77.23.11
10.77.22.12
10.77.23.11
10.77.27.15
10.77.22.14
10.77.23.11
10.77.22.11
10.77.22.13
10.77.23.11
10.77.27.13
10.77.22.10
10.77.23.10
10.77.23.12
10.77.27.15
10.77.22.14
10.77.27.14
10.77.27.14
10.77.23.10
10.77.22.14
10.77.22.14
10.77.22.12
10.77.22.14
10.77.27.13
10.77.22.14
10.77.22.15
10.77.22.10
10.77.23.11
10.77.23.12
10.77.27.13
10.77.23.10
10.77.27.15
10.77.27.15
10.77.22.12
10.77.23.10
10.77.22.15
10.77.23.10
10.77.23.12
10.77.22.15
10.77.22.13
10.77.27.14
10.77.27.13
10.77.27.14
10.77.22.15
10.77.22.11
10.77.27.15
10.77.22.13
10.77.22.12
10.77.22.15
10.77.22.14
10.77.27.13
10.77.22.15
10.77.27.13
10.77.27.13
10.77.22.13
10.77.22.13
10.77.22.13
10.77.27.13
10.77.27.14
10.77.27.15
10.77.22.12
10.77.23.10
10.77.22.12
10.77.22.11
10.77.23.11
10.77.22.14
10.77.23.11
10.77.22.11
10.77.22.13
10.77.27.15
10.77.23.11
10.77.22.11
10.77.22.10
10.77.22.14
10.77.22.13
10.77.22.13
10.77.23.10
10.77.22.10
10.77.22.12
10.77.27.15
10.77.23.12
10.77.22.11
10.77.23.11
10.77.27.13
10.77.22.10
10.77.22.13
10.77.22.11
10.77.22.13
10.77.23.10
10.77.23.11
10.77.23.10
10.77.23.12
10.77.22.12
10.77.27.15
10.77.23.12
10.77.23.12
10.77.23.11
10.77.22.10
10.77.27.13
10.77.22.15
10.77.23.11
10.77.23.10
10.77.22.14
10.77.23.11
10.77.22.13
10.77.22.14
10.77.27.13
10.77.22.15
10.77.22.12
10.77.22.10
10.77.23.11
10.77.23.11
10.77.22.14
10.77.23.11
10.77.22.14
10.77.22.12
10.77.22.10
10.77.27.14
10.77.22.12
10.77.22.15
10.77.23.11
10.77.27.15
10.77.23.11
10.77.27.13
10.77.22.15
10.77.22.14
10.77.22.12
10.77.27.14
10.77.27.13
10.77.22.13
10.77.23.10
10.77.22.13
10.77.22.13
10.77.23.11
10.77.23.11
10.77.22.11
10.77.27.13
10.77.22.11
10.77.23.10
10.77.22.11
10.77.22.12
10.77.27.13
10.77.22.12
10.77.22.10
10.77.22.11
10.77.23.12
10.77.27.13
10.77.27.14
10.77.27.14
10.77.27.15
10.77.22.15
10.77.22.12
10.77.23.11
10.77.23.12
10.77.23.12
10.77.22.11
10.77.22.10
10.77.23.12
10.77.23.12
10.77.22.12
10.77.22.13
10.77.22.15
10.77.22.11
10.77.22.13
10.77.23.11
10.77.27.14
10.77.22.14
10.77.27.13
10.77.22.10
10.77.22.12
10.77.27.14
10.77.22.14
10.77.22.10
10.77.22.14
10.77.27.15
10.77.23.10
10.77.23.10
10.77.23.12
10.77.22.11
10.77.22.15
10.77.27.15
10.77.23.12
10.77.22.14
10.77.22.12
10.77.23.12
10.77.22.12
10.77.22.13
10.77.27.15
10.77.22.11
10.77.23.10
10.77.22.12
10.77.27.13
10.77.22.15
10.77.27.14
10.77.22.10
10.77.22.14
10.77.27.14
10.77.22.12
10.77.23.12
10.77.23.12
10.77.22.13
10.77.23.10
10.77.22.12
10.77.23.11
10.77.22.12
10.77.23.12
10.77.23.10
10.77.23.12
10.77.23.11
10.77.27.13
10.77.22.10
10.77.23.11
10.77.23.11
10.77.23.11
10.77.22.12
10.77.22.11
10.77.23.10
10.77.22.11
10.77.22.13
10.77.27.15
10.77.22.15
10.77.23.11
10.77.23.11
10.77.22.12
10.77.22.12
10.77.22.11
10.77.23.11
10.77.22.11
10.77.23.11
10.77.23.10
10.77.22.10
10.77.22.10
10.77.22.14
10.77.23.12
10.77.23.10
10.77.27.14
10.77.27.14
10.77.22.13
10.77.27.14
10.77.23.12
10.77.23.10
10.77.22.12
10.77.22.10
10.77.22.14
10.77.23.12
10.77.22.15
10.77.22.15
10.77.23.11
10.77.27.15
10.77.22.15
10.77.27.13
10.77.22.15
10.77.22.13
10.77.27.15
10.77.22.14
10.77.22.14
10.77.22.11
10.77.27.14
10.77.22.14
10.77.23.12
10.77.22.13
10.77.22.15
10.77.27.15
10.77.23.11
10.77.27.13
10.77.22.11
10.77.22.11
10.77.23.11
10.77.22.14
10.77.22.13
10.77.22.15
10.77.22.15
10.77.23.12
10.77.27.15
10.77.23.10
10.77.27.14
10.77.27.15
10.77.22.15
10.77.22.15
10.77.23.10
10.77.22.15
10.77.22.11
10.77.23.10
10.77.22.10
10.77.23.11
10.77.23.12
10.77.22.14
10.77.23.12
10.77.22.11
10.77.22.10
10.77.22.15
10.77.23.10
10.77.23.11
10.77.27.15
10.77.27.13
10.77.22.14
10.77.27.14
10.77.27.13
10.77.23.12
10.77.27.13
10.77.22.10
10.77.22.11
10.77.22.13
10.77.27.14
10.77.22.14
10.77.23.11
10.77.27.13
10.77.27.15
10.77.22.15
10.77.22.10
10.77.23.12
10.77.27.13
10.77.27.15
10.77.22.11
10.77.27.13
10.77.22.10
10.77.22.10
10.77.22.12
10.77.22.10
10.77.27.14
10.77.23.11
10.77.23.11
10.77.22.12
10.77.22.12
10.77.22.15
10.77.27.14
10.77.27.14
10.77.27.13
10.77.22.14
10.77.27.15
10.77.27.14
10.77.22.10
10.77.22.13
10.77.22.15
10.77.27.13
10.77.22.12
10.77.23.11
10.77.23.11
10.77.22.12
10.77.23.11
10.77.27.15
10.77.22.13
10.77.27.15
10.77.27.15
10.77.22.11
10.77.27.14
10.77.27.14
10.77.22.11
10.77.27.13
10.77.23.12
10.77.27.14
10.77.22.12
10.77.23.11
10.77.27.14
10.77.22.13
10.77.22.11
10.77.22.13
10.77.23.10
10.77.23.11
10.77.27.13
10.77.23.10
10.77.22.11
10.77.23.10
10.77.23.10
10.77.22.15
10.77.23.10
10.77.22.11
10.77.27.14
10.77.27.15
10.77.23.11
10.77.22.12
10.77.27.13
10.77.23.12
10.77.22.12
10.77.23.11
10.77.22.11
10.77.22.14
10.77.23.11
10.77.22.12
10.77.22.15
10.77.22.12
10.77.27.15
10.77.22.15
10.77.27.14
10.77.27.14
10.77.22.15
10.77.23.12
10.77.23.10
10.77.22.15
10.77.22.10
10.77.22.11
10.77.22.14
10.77.23.11
10.77.22.12
10.77.22.11
10.77.22.11
10.77.22.12
10.77.22.11
10.77.22.12
10.77.22.13
10.77.22.10
10.77.22.15
10.77.22.11
10.77.22.12
10.77.22.13
10.77.22.12
10.77.22.10
10.77.22.12
10.77.27.14
10.77.22.14
10.77.22.13
10.77.23.11
10.77.22.10
10.77.27.14
10.77.22.10
10.77.27.14
10.77.22.11
10.77.23.12
10.77.22.11
10.77.23.11
10.77.27.14
10.77.23.11
10.77.22.11
10.77.27.13
10.77.27.13
10.77.23.12
10.77.27.15
10.77.27.14
10.77.27.14
10.77.23.12
10.77.27.15
10.77.27.13
10.77.22.15
10.77.22.15
10.77.23.12
10.77.22.11
10.77.22.10
10.77.23.12
10.77.22.14
10.77.22.11
10.77.22.13
10.77.22.11
10.77.22.10
10.77.27.13
10.77.23.11
10.77.22.10
10.77.27.15
10.77.23.10
10.77.22.11
10.77.23.10
10.77.22.14
10.77.22.13
10.77.23.12
10.77.22.15
10.77.22.10
10.77.22.11
10.77.27.15
10.77.23.11
10.77.27.13
10.77.23.10
10.77.27.14
10.77.27.13
10.77.27.13
10.77.22.14
10.77.27.14
10.77.27.13
10.77.23.10
10.77.22.11
10.77.23.12
10.77.22.14
10.77.27.14
10.77.22.12
10.77.27.14
10.77.22.11
10.77.27.15
10.77.27.14
10.77.22.12
10.77.22.11
10.77.27.15
10.77.23.12
10.77.22.10
10.77.22.12
10.77.22.12
10.77.27.15
10.77.22.13
10.77.23.12
10.77.22.12
10.77.27.13
10.77.22.12
10.77.22.10
10.77.22.14
10.77.22.12
10.77.27.13
10.77.27.14
10.77.22.11
10.77.22.15
10.77.22.15
10.77.22.13
10.77.22.13
10.77.22.10
10.77.23.11
10.77.22.14
10.77.22.13
10.77.22.12
10.77.22.15
10.77.22.11
10.77.27.13
10.77.23.10
10.77.22.14
10.77.23.11
10.77.27.13
10.77.22.10
10.77.23.12
10.77.22.15
10.77.27.13
10.77.27.14
10.77.22.10
10.77.22.11
10.77.22.12
10.77.22.14
10.77.22.10
10.77.22.14
10.77.22.14
10.77.22.15
10.77.22.11
10.77.22.11
10.77.27.13
10.77.22.12
10.77.22.15
10.77.22.15
10.77.27.13
10.77.27.15
10.77.22.12
10.77.22.14
10.77.22.11
10.77.22.15
10.77.23.12
10.77.23.12
10.77.27.13
10.77.22.11
10.77.22.12
10.77.23.11
10.77.22.11
10.77.22.12
10.77.23.10
10.77.27.15
10.77.27.15
10.77.22.13
10.77.27.13
10.77.22.10
10.77.22.12
10.77.23.10
10.77.22.14
10.77.22.15
10.77.27.14
10.77.22.10
10.77.22.13
10.77.22.11
10.77.23.11
10.77.22.13
10.77.22.13
10.77.23.10
10.77.27.15
10.77.27.13
10.77.22.13
10.77.27.15
10.77.27.13
10.77.22.10
10.77.22.11
10.77.23.12
10.77.27.14
10.77.22.10
10.77.22.10
10.77.22.14
10.77.27.13
10.77.23.11
10.77.27.13
10.77.23.10
10.77.23.11
10.77.27.14
10.77.27.13
10.77.23.11
10.77.27.15
10.77.22.12
10.77.23.11
10.77.23.11
10.77.23.10
10.77.22.15
10.77.22.12
10.77.23.10
10.77.22.10
10.77.27.15
10.77.23.10
10.77.27.15
10.77.27.14
10.77.23.10
10.77.27.13
10.77.22.13
10.77.27.14
10.77.23.12
10.77.23.10
10.77.27.15
10.77.23.11
10.77.27.14
10.77.27.14
10.77.22.12
10.77.23.11
10.77.22.13
10.77.22.12
10.77.22.10
10.77.22.13
10.77.23.11
10.77.22.13
10.77.22.15
10.77.22.15
10.77.23.12
10.77.22.12
10.77.22.13
10.77.27.14
10.77.27.15
10.77.27.13
10.77.22.14
10.77.22.12
10.77.23.11
10.77.23.11
10.77.27.14
10.77.22.11
10.77.23.11
10.77.27.14
10.77.22.10
10.77.23.11
10.77.27.14
10.77.22.11
10.77.23.12
10.77.22.14
10.77.27.15
10.77.22.10
10.77.27.15
10.77.27.13
10.77.22.13
10.77.23.12
10.77.23.12
10.77.22.11
10.77.22.12
10.77.23.10
10.77.27.15
10.77.22.10
10.77.27.15
10.77.23.10
10.77.22.14
10.77.23.11
10.77.27.13
10.77.22.10
10.77.27.13
10.77.27.15
10.77.23.10
10.77.22.13
10.77.23.12
10.77.22.13
10.77.27.15
10.77.23.11
10.77.22.14
10.77.27.14
10.77.27.15
10.77.22.15
10.77.22.13
10.77.22.12
10.77.23.10
10.77.22.13
10.77.23.10
10.77.22.10
10.77.22.15
10.77.22.11
10.77.22.15
10.77.27.13
10.77.27.13
10.77.22.13
10.77.22.12
10.77.22.14
10.77.27.15
10.77.27.14
10.77.27.15
10.77.27.15
10.77.22.14
10.77.27.14
10.77.23.11
10.77.22.15
10.77.27.15
10.77.27.14
10.77.27.13
10.77.23.12
10.77.27.14
10.77.23.12
10.77.27.13
10.77.22.14
10.77.22.15
10.77.22.15
10.77.27.15
10.77.22.11
10.77.23.10
10.77.23.11
10.77.22.10
10.77.22.10
10.77.27.14
10.77.22.10
10.77.27.13
10.77.22.14
10.77.22.11
10.77.22.12
10.77.22.12
10.77.22.11
10.77.23.12
10.77.27.14
10.77.27.15
10.77.22.10
10.77.22.11
10.77.22.13
10.77.27.13
10.77.27.13
10.77.22.11
10.77.23.12
10.77.23.10
10.77.22.10
10.77.22.12
10.77.22.13
10.77.23.10
10.77.22.10
10.77.23.12
10.77.23.10
10.77.27.14
10.77.27.15
10.77.27.13
10.77.22.13
10.77.27.14
10.77.22.11
10.77.22.11
10.77.22.14
10.77.22.15
10.77.23.10
10.77.22.12
10.77.27.14
10.77.23.10
10.77.27.14
10.77.22.10
10.77.22.14
10.77.27.14
10.77.27.14
10.77.23.12
10.77.22.15
10.77.22.14
10.77.22.14
10.77.22.14
10.77.27.14
10.77.22.13
10.77.23.11
10.77.27.15
10.77.22.14
10.77.22.11
10.77.22.12
10.77.23.10
10.77.22.12
10.77.22.13
10.77.22.11
10.77.22.12
10.77.22.15
10.77.22.11
10.77.22.11
10.77.23.12
10.77.27.14
10.77.22.13
10.77.23.10
10.77.23.10
10.77.22.10
10.77.22.10
10.77.27.15
10.77.23.12
10.77.23.11
10.77.22.10
10.77.23.11
10.77.22.15
10.77.22.13
10.77.23.12
10.77.23.10
10.77.22.13
10.77.22.11
10.77.22.15
10.77.27.14
10.77.22.13
10.77.22.15
10.77.22.12
10.77.22.15
10.77.27.13
10.77.22.13
10.77.23.12
10.77.27.15
10.77.22.13
10.77.27.14
10.77.22.12
10.77.22.14
10.77.22.14
10.77.22.15
10.77.27.14
10.77.22.12
10.77.22.14
10.77.22.11
10.77.27.15
10.77.22.15
10.77.27.14
10.77.22.11
10.77.27.14
10.77.23.11
10.77.23.12
10.77.22.12
10.77.27.15
10.77.22.10
10.77.27.13
10.77.22.13
10.77.22.10
10.77.22.13
10.77.22.10
10.77.23.11
10.77.22.11
10.77.22.10
10.77.22.13
10.77.22.10
10.77.27.14
10.77.27.13
10.77.23.12
10.77.27.15
10.77.23.10
10.77.22.12
10.77.22.13
10.77.22.12
10.77.23.12
10.77.22.10
10.77.22.12
10.77.23.10
10.77.23.10
10.77.22.12
10.77.27.13
10.77.27.15
10.77.23.11
10.77.22.12
10.77.27.14
10.77.22.13
10.77.23.12
10.77.22.15
10.77.22.12
10.77.22.13
10.77.27.15
10.77.22.10
10.77.27.13
10.77.23.12
10.77.22.11
10.77.27.15
10.77.27.15
10.77.27.13
10.77.27.13
10.77.22.12
10.77.22.12
10.77.27.13
10.77.27.15
10.77.22.10
10.77.22.10
10.77.23.11
10.77.27.13
10.77.22.13
10.77.22.11
10.77.23.12
10.77.22.10
10.77.22.11
10.77.22.11
10.77.22.10
10.77.22.14
10.77.22.11
10.77.23.10
10.77.22.11
10.77.22.15
10.77.22.12
10.77.22.14
10.77.27.13
10.77.22.15
10.77.22.10
10.77.23.11
10.77.27.13
10.77.22.15
10.77.27.14
10.77.22.15
10.77.22.13
10.77.22.11
10.77.22.12
10.77.27.15
10.77.27.15
10.77.27.14
10.77.22.13
10.77.27.14
10.77.27.13
10.77.27.15
10.77.23.11
10.77.27.14
10.77.22.10
10.77.27.14
10.77.27.15
10.77.27.13
10.77.27.13
10.77.22.12
10.77.22.12
10.77.22.13
10.77.22.13
10.77.27.13
10.77.22.14
10.77.22.14
10.77.22.15
10.77.23.10
10.77.23.11
10.77.27.14
10.77.22.13
10.77.22.11
10.77.22.11
10.77.22.12
10.77.22.15
10.77.22.12
10.77.22.13
10.77.27.13
10.77.22.13
10.77.27.15
10.77.22.11
10.77.22.13
10.77.23.12
10.77.22.11
10.77.27.14
10.77.27.15
10.77.27.15
10.77.22.15
10.77.22.10
10.77.27.15
10.77.22.12
10.77.27.15
10.77.23.12
10.77.22.11
10.77.22.15
10.77.22.13
10.77.22.15
10.77.27.14
10.77.22.10
10.77.22.14
10.77.23.10
10.77.27.14
10.77.22.11
10.77.22.14
10.77.22.11
10.77.27.13
10.77.22.11
10.77.22.15
10.77.22.12
10.77.22.14
10.77.22.10
10.77.22.10
10.77.22.10
10.77.22.12
10.77.22.13
10.77.22.10
10.77.22.13
10.77.23.10
10.77.22.14
10.77.22.13
10.77.22.10
10.77.27.13
10.77.22.15
10.77.27.15
10.77.23.11
10.77.22.15
10.77.22.15
10.77.22.13
10.77.22.12
10.77.22.15
10.77.27.14
10.77.27.13
10.77.22.12
10.77.23.10
10.77.22.10
10.77.27.14
10.77.27.15
10.77.23.11
10.77.23.10
10.77.22.10
10.77.22.15
10.77.22.12
10.77.23.10
10.77.23.12
10.77.23.10
10.77.23.12
10.77.23.10
10.77.27.15
10.77.22.11
10.77.27.13
10.77.23.10
10.77.22.15
10.77.27.14
10.77.22.12
10.77.22.13
10.77.23.12
10.77.27.15
10.77.22.14
10.77.23.11
10.77.22.13
10.77.23.11
10.77.27.13
10.77.22.12
10.77.23.11
10.77.22.11
10.77.22.11
10.77.22.13
10.77.22.15
10.77.22.15
10.77.23.10
10.77.27.15
10.77.27.13
10.77.22.14
10.77.27.14
10.77.22.14
10.77.22.10
10.77.23.10
10.77.27.14
10.77.27.15
10.77.23.12
10.77.22.12
10.77.22.12
10.77.22.12
10.77.23.11
10.77.22.11
10.77.23.12
10.77.22.11
10.77.22.15
10.77.27.14
10.77.27.15
10.77.22.15
10.77.27.15
10.77.22.13
10.77.23.12
10.77.22.11
10.77.27.14
10.77.22.12
10.77.22.14
10.77.23.12
10.77.27.13
10.77.22.15
10.77.22.13
10.77.22.13
10.77.27.14
10.77.22.10
10.77.22.11
10.77.22.14
10.77.22.14
10.77.22.13
10.77.27.13
10.77.27.13
10.77.22.12
10.77.23.12
10.77.27.15
10.77.27.13
10.77.22.15
10.77.22.10
10.77.23.12
10.77.22.10
10.77.22.12
10.77.22.12
10.77.22.14
10.77.22.11
10.77.23.12
10.77.23.10
10.77.23.11
10.77.22.10
10.77.27.13
10.77.22.13
10.77.27.15
10.77.27.13
10.77.23.10
10.77.22.13
10.77.22.15
10.77.22.15
10.77.22.12
10.77.22.11
10.77.27.13
10.77.27.15
10.77.22.10
10.77.27.15
10.77.27.14
10.77.23.12
10.77.22.15
10.77.22.10
10.77.22.10
10.77.27.14
10.77.23.11
10.77.27.15
10.77.27.15
10.77.27.15
10.77.22.15
10.77.22.12
10.77.22.13
10.77.22.11
10.77.22.14
10.77.22.10
10.77.23.11
10.77.22.10
10.77.22.11
10.77.22.11
10.77.23.11
10.77.27.14
10.77.27.13
10.77.27.14
10.77.27.14
10.77.22.10
10.77.27.14
10.77.22.13
10.77.27.15
10.77.27.15
10.77.27.15
10.77.22.10
10.77.27.14
10.77.22.14
10.77.23.12
10.77.22.15
10.77.27.13
10.77.22.15
10.77.22.13
10.77.22.13
10.77.22.13
10.77.27.14
10.77.27.14
10.77.23.12
10.77.22.14
10.77.22.15
10.77.22.13
10.77.22.13
10.77.22.12
10.77.22.12
10.77.23.10
10.77.23.11
10.77.27.14
10.77.22.11
10.77.23.11
10.77.23.12
10.77.22.13
10.77.22.12
10.77.23.12
10.77.22.12
10.77.23.12
10.77.27.15
10.77.27.14
10.77.23.11
10.77.23.10
10.77.22.15
10.77.23.11
10.77.23.12
10.77.27.15
10.77.23.12
10.77.23.10
10.77.22.12
10.77.27.14
10.77.23.11
10.77.27.15
10.77.27.13
10.77.23.10
10.77.22.10
10.77.23.12
10.77.23.10
10.77.23.10
10.77.23.10
10.77.22.15
10.77.23.12
10.77.27.14
10.77.22.14
10.77.22.13
10.77.22.13
10.77.27.13
10.77.23.11
10.77.27.15
10.77.27.14
10.77.23.10
10.77.22.15
10.77.23.11
10.77.23.10
10.77.22.14
10.77.23.10
10.77.22.13
10.77.22.14
10.77.27.15
10.77.27.15
10.77.23.10
10.77.22.14
10.77.23.11
10.77.27.14
10.77.27.14
10.77.22.14
10.77.22.12
10.77.22.15
10.77.22.10
10.77.27.14
10.77.22.12
10.77.27.14
10.77.22.15
10.77.27.15
10.77.22.11
10.77.22.15
10.77.22.13
10.77.27.13
10.77.22.15
10.77.22.13
10.77.22.10
10.77.22.13
10.77.22.10
10.77.22.12
10.77.22.12
10.77.23.12
10.77.27.15
10.77.23.10
10.77.22.11
10.77.22.10
10.77.27.14
10.77.27.15
10.77.27.15
10.77.27.15
10.77.23.12
10.77.22.11
10.77.23.11
10.77.23.11
10.77.22.12
10.77.22.12
10.77.23.12
10.77.23.12
10.77.22.15
10.77.23.11
10.77.23.11
10.77.22.14
10.77.23.12
10.77.27.14
10.77.22.15
10.77.22.10
10.77.22.14
10.77.27.14
10.77.22.11
10.77.27.13
10.77.22.13
10.77.22.15
10.77.22.14
10.77.27.13
10.77.27.13
10.77.22.14
10.77.22.13
10.77.22.11
10.77.22.14
10.77.22.15
10.77.27.15
10.77.22.12
10.77.27.14
10.77.22.11
10.77.27.15
10.77.22.14
10.77.22.15
10.77.22.11
10.77.27.15
10.77.22.10
10.77.23.12
10.77.22.15
10.77.22.15
10.77.22.10
10.77.27.13
10.77.27.14
10.77.23.10
10.77.23.10
10.77.22.13
10.77.27.14
10.77.22.15
10.77.22.10
10.77.22.15
10.77.22.15
10.77.22.15
10.77.23.10
10.77.22.14
10.77.27.14
10.77.22.12
10.77.23.10
10.77.27.15
10.77.22.13
10.77.27.13
10.77.27.15
10.77.23.11
10.77.23.11
10.77.23.10
10.77.22.11
10.77.22.12
10.77.22.15
10.77.22.14
10.77.22.12
10.77.22.12
10.77.22.12
10.77.22.10
10.77.22.11
10.77.22.11
10.77.22.11
10.77.27.15
10.77.22.11
10.77.22.12
10.77.22.13
10.77.27.15
10.77.22.14
10.77.27.15
10.77.27.14
10.77.27.15
10.77.22.15
10.77.23.11
10.77.23.12
10.77.22.10
10.77.22.13
10.77.22.15
10.77.27.14
10.77.22.11
10.77.27.15
10.77.23.12
10.77.27.15
10.77.23.10
10.77.22.15
10.77.27.13
10.77.27.15
10.77.22.15
10.77.23.10
10.77.22.12
10.77.27.15
10.77.27.13
10.77.22.11
10.77.22.13
10.77.27.15
10.77.27.13
10.77.27.13
10.77.22.11
10.77.23.10
10.77.22.14
10.77.22.15
10.77.22.14
10.77.23.10
10.77.23.12
10.77.23.12
10.77.23.12
10.77.22.11
10.77.22.15
10.77.23.11
10.77.27.15
10.77.23.11
10.77.27.14
10.77.22.15
10.77.23.11
10.77.22.14
10.77.22.14
10.77.22.12
10.77.22.13
10.77.22.15
10.77.23.10
10.77.23.10
10.77.23.12
10.77.23.11
10.77.22.11
10.77.27.13
10.77.27.15
10.77.22.11
10.77.22.12
10.77.22.12
10.77.22.13
10.77.22.10
10.77.27.14
10.77.27.15
10.77.23.12
10.77.23.10
10.77.27.15
10.77.27.14
10.77.22.11
10.77.23.10
10.77.23.10
10.77.22.11
10.77.22.10
10.77.27.15
10.77.22.10
10.77.27.14
10.77.27.13
10.77.22.11
10.77.27.15
10.77.22.11
10.77.27.15
10.77.22.13
10.77.23.10
10.77.27.13
10.77.27.15
10.77.23.12
10.77.22.11
10.77.27.14
10.77.27.14
10.77.22.10
10.77.23.10
10.77.27.13
10.77.22.11
10.77.27.13
10.77.23.12
10.77.27.15
10.77.23.11
10.77.23.11
10.77.27.14
10.77.27.14
10.77.27.14
10.77.23.10
10.77.22.12
10.77.22.12
10.77.27.13
10.77.23.12
10.77.22.11
10.77.23.11
10.77.27.15
10.77.22.15
10.77.23.12
10.77.22.12
10.77.22.12
10.77.22.12
10.77.23.11
10.77.22.15
10.77.27.13
10.77.23.10
10.77.23.12
10.77.22.10
10.77.22.12
10.77.27.15
10.77.27.14
10.77.22.11
10.77.22.10
10.77.22.14
10.77.22.15
10.77.27.15
10.77.22.11
10.77.23.10
10.77.23.11
10.77.22.15
10.77.23.12
10.77.27.15
10.77.22.11
10.77.27.13
10.77.22.15
10.77.23.12
10.77.23.12
10.77.22.13
10.77.27.14
10.77.27.13
10.77.23.12
10.77.23.10
10.77.22.14
10.77.27.15
10.77.22.11
10.77.22.12
10.77.27.15
10.77.27.13
10.77.27.13
10.77.22.11
10.77.22.15
10.77.27.14
10.77.22.14
10.77.22.14
10.77.23.11
10.77.23.11
10.77.22.10
10.77.27.15
10.77.23.12
10.77.27.13
10.77.22.15
10.77.23.10
10.77.22.14
10.77.27.15
10.77.22.15
10.77.22.11
10.77.27.13
10.77.22.11
10.77.22.13
10.77.22.10
10.77.27.13
10.77.22.13
10.77.23.11
10.77.23.10
10.77.22.12
10.77.22.14
10.77.23.12
10.77.22.12
10.77.22.10
10.77.23.11
10.77.23.11
10.77.22.12
10.77.27.15
10.77.27.15
10.77.23.10
10.77.22.13
10.77.27.14
10.77.22.13
10.77.22.10
10.77.27.14
10.77.22.13
10.77.27.14
10.77.22.12
10.77.22.12
10.77.27.14
10.77.22.10
10.77.22.13
10.77.22.13
10.77.22.11
10.77.22.13
10.77.22.12
10.77.22.10
10.77.22.15
10.77.27.15
10.77.22.13
10.77.22.11
10.77.23.12
10.77.22.12
10.77.27.14
10.77.22.10
10.77.22.11
10.77.22.14
10.77.23.11
10.77.22.10
10.77.22.14
10.77.22.15
10.77.22.12
10.77.22.10
10.77.22.14
10.77.22.10
10.77.22.13
10.77.22.13
10.77.22.11
10.77.23.11
10.77.27.14
10.77.27.13
10.77.23.10
10.77.27.13
10.77.22.14
10.77.22.13
10.77.23.11
10.77.23.10
10.77.23.10
10.77.22.14
10.77.23.11
10.77.27.14
10.77.23.11
10.77.27.13
10.77.27.15
10.77.22.14
10.77.22.13
10.77.22.11
10.77.22.12
10.77.23.11
10.77.22.14
10.77.22.13
10.77.27.13
10.77.27.14
10.77.23.11
10.77.22.15
10.77.27.13
10.77.22.11
10.77.27.15
10.77.22.13
10.77.23.10
10.77.22.11
10.77.27.14
10.77.27.13
10.77.23.12
10.77.27.13
10.77.22.12
10.77.23.12
10.77.22.15
10.77.27.15
10.77.22.14
10.77.27.15
10.77.22.12
10.77.22.11
10.77.27.15
10.77.27.13
10.77.22.11
10.77.22.12
10.77.22.13
10.77.27.14
10.77.27.14
10.77.23.10
10.77.22.14
10.77.23.11
10.77.22.12
10.77.22.13
10.77.22.12
10.77.27.13
10.77.22.14
10.77.22.10
10.77.23.12
10.77.22.15
10.77.27.14
10.77.22.14
10.77.23.12
10.77.23.12
10.77.27.14
10.77.23.12
10.77.27.15
10.77.22.11
10.77.22.10
10.77.22.13
10.77.22.12
10.77.23.11
10.77.22.11
10.77.22.15
10.77.23.12
10.77.22.11
10.77.27.13
10.77.22.10
10.77.27.13
10.77.27.15
10.77.22.13
10.77.23.11
10.77.22.13
10.77.22.13
10.77.23.10
10.77.22.15
10.77.23.11
10.77.27.13
10.77.22.15
10.77.27.14
10.77.22.13
10.77.23.11
10.77.23.12
10.77.22.11
10.77.27.14
10.77.22.13
10.77.23.11
10.77.23.10
10.77.22.13
10.77.27.13
10.77.22.13
10.77.22.14
10.77.23.12
10.77.23.11
10.77.27.14
10.77.22.11
10.77.22.11
10.77.22.15
10.77.23.10
10.77.27.15
10.77.22.11
10.77.22.13
10.77.22.15
10.77.27.14
10.77.23.12
10.77.22.15
10.77.27.14
10.77.22.13
10.77.22.10
10.77.27.14
10.77.23.11
10.77.22.12
10.77.22.14
10.77.23.10
10.77.23.11
10.77.22.14
10.77.23.12
10.77.22.12
10.77.27.13
10.77.27.15
10.77.22.10
10.77.22.14
10.77.27.15
10.77.22.15
10.77.23.10
10.77.23.11
10.77.22.13
10.77.27.13
10.77.23.11
10.77.27.13
10.77.22.14
10.77.22.12
10.77.23.10
10.77.22.12
10.77.23.12
10.77.23.12
10.77.27.15
10.77.22.12
10.77.27.14
10.77.22.10
10.77.22.13
10.77.22.11
10.77.22.12
10.77.23.10
10.77.23.10
10.77.23.11
10.77.22.15
10.77.22.11
10.77.23.11
10.77.23.10
10.77.27.14
10.77.22.11
10.77.22.14
10.77.22.15
10.77.27.13
10.77.23.10
10.77.23.10
10.77.22.10
10.77.22.14
10.77.22.12
10.77.27.15
10.77.23.10
10.77.22.15
10.77.23.11
10.77.22.14
10.77.27.13
10.77.27.14
10.77.27.13
10.77.23.11
10.77.27.15
10.77.23.11
10.77.22.15
10.77.23.12
10.77.27.15
10.77.22.11
10.77.23.10
10.77.27.13
10.77.27.13
10.77.27.14
10.77.22.11
10.77.27.14
10.77.27.15
10.77.22.14
10.77.22.14
10.77.22.14
10.77.22.14
10.77.22.10
10.77.27.14
10.77.22.14
10.77.22.12
10.77.22.13
10.77.22.14
10.77.22.11
10.77.22.14
10.77.22.13
10.77.27.13
10.77.27.13
10.77.22.12
10.77.22.13
10.77.22.10
10.77.23.10
10.77.27.13
10.77.27.14
10.77.22.10
10.77.22.14
10.77.22.12
10.77.22.15
10.77.22.10
10.77.27.13
10.77.23.10
10.77.22.10
10.77.23.11
10.77.22.10
10.77.22.14
10.77.27.14
10.77.22.10
10.77.22.10
10.77.22.11
10.77.22.13
10.77.22.12
10.77.23.11
10.77.27.15
10.77.27.13
10.77.22.14
10.77.22.15
10.77.22.15
10.77.23.11
10.77.23.12
10.77.22.12
10.77.22.12
10.77.22.14
10.77.22.10
10.77.22.13
10.77.27.15
10.77.23.10
10.77.23.10
10.77.23.10
10.77.27.14
10.77.22.13
10.77.22.12
10.77.22.11
10.77.23.12
10.77.22.11
10.77.23.12
10.77.23.12
10.77.23.10
10.77.23.10
10.77.22.13
10.77.22.15
10.77.22.15
10.77.22.10
10.77.22.12
10.77.23.10
10.77.23.12
10.77.23.12
10.77.23.11
10.77.22.11
10.77.23.10
10.77.22.14
10.77.23.12
10.77.27.13
10.77.23.11
10.77.22.15
10.77.22.11
10.77.22.11
10.77.27.13
10.77.23.11
10.77.22.10
10.77.22.15
10.77.27.15
10.77.23.10
10.77.22.13
10.77.22.11
10.77.22.10
10.77.27.15
10.77.22.12
10.77.22.15
10.77.22.11
10.77.27.15
10.77.23.10
10.77.22.15
10.77.22.12
10.77.22.15
10.77.22.12
10.77.22.10
10.77.27.13
10.77.23.10
10.77.27.13
10.77.23.11
10.77.22.12
10.77.23.10
10.77.27.13
10.77.22.11
10.77.22.11
10.77.22.11
10.77.22.15
10.77.23.10
10.77.22.11
10.77.23.11
10.77.27.15
10.77.22.15
10.77.22.11
10.77.27.15
10.77.23.12
10.77.22.11
10.77.27.14
10.77.23.10
10.77.22.12
10.77.27.13
10.77.22.15
10.77.23.12
10.77.27.15
10.77.22.15
10.77.23.12
10.77.22.15
10.77.27.13
10.77.27.15
10.77.27.15
10.77.27.13
10.77.22.15
10.77.23.11
10.77.23.12
10.77.22.11
10.77.22.11
10.77.22.12
10.77.23.12
10.77.23.10
10.77.22.11
10.77.23.12
10.77.22.14
10.77.22.10
10.77.27.15
10.77.22.12
10.77.23.12
10.77.22.14
10.77.27.15
10.77.22.10
10.77.27.13
10.77.22.12
10.77.22.15
10.77.22.13
10.77.23.10
10.77.23.10
10.77.22.11
10.77.22.11
10.77.22.11
10.77.22.10
10.77.27.15
10.77.22.10
10.77.22.11
10.77.22.11
10.77.27.14
10.77.22.12
10.77.22.13
10.77.27.13
10.77.22.11
10.77.27.15
10.77.22.12
10.77.22.12
10.77.23.12
10.77.22.10
10.77.22.12
10.77.22.11
10.77.22.14
10.77.22.14
10.77.22.14
10.77.22.15
10.77.22.13
10.77.23.12
10.77.22.11
10.77.23.10
10.77.22.12
10.77.22.11
10.77.22.13
10.77.22.11
10.77.27.13
10.77.22.10
10.77.22.14
10.77.22.13
10.77.23.11
10.77.23.11
10.77.23.12
10.77.22.10
10.77.22.12
10.77.22.15
10.77.27.14
10.77.22.10
10.77.23.11
10.77.23.10
10.77.22.14
10.77.27.14
10.77.22.11
10.77.27.15
10.77.23.11
10.77.22.15
10.77.22.14
10.77.22.14
10.77.22.14
10.77.27.15
10.77.22.10
10.77.23.12
10.77.27.14
10.77.22.11
10.77.27.15
10.77.27.14
10.77.22.10
10.77.22.14
10.77.23.11
10.77.22.10
10.77.22.13
10.77.22.14
10.77.22.10
10.77.22.12
10.77.22.15
10.77.23.12
10.77.22.14
10.77.23.11
10.77.22.10
10.77.22.15
10.77.22.15
10.77.22.14
10.77.22.11
10.77.23.10
10.77.22.10
10.77.23.11
10.77.22.14
10.77.22.11
10.77.22.13
10.77.27.13
10.77.22.14
10.77.22.10
10.77.23.10
10.77.22.10
10.77.22.11
10.77.22.14
10.77.22.11
10.77.23.11
10.77.22.15
10.77.23.10
10.77.22.15
10.77.27.14
10.77.27.14
10.77.22.15
10.77.22.15
10.77.23.12
10.77.22.14
10.77.27.15
10.77.27.13
10.77.22.10
10.77.22.14
10.77.27.13
10.77.23.12
10.77.22.10
10.77.22.15
10.77.23.12
10.77.22.12
10.77.22.15
10.77.22.10
10.77.22.15
10.77.22.14
10.77.22.13
10.77.22.15
10.77.22.10
10.77.22.12
10.77.27.14
10.77.23.12
10.77.22.12
10.77.27.14
10.77.23.12
10.77.27.13
10.77.23.12
10.77.22.10
10.77.27.14
10.77.27.14
10.77.22.10
10.77.27.13
10.77.27.14
10.77.22.10
10.77.22.15
10.77.22.14
10.77.23.10
10.77.27.15
10.77.23.10
10.77.27.15
10.77.27.14
10.77.27.14
10.77.23.10
10.77.22.13
10.77.23.10
10.77.27.15
10.77.22.12
10.77.22.13
10.77.27.13
10.77.22.15
10.77.27.15
10.77.23.10
10.77.27.13
10.77.27.15
10.77.22.14
10.77.22.11
10.77.27.13
10.77.22.13
10.77.23.10
10.77.23.10
10.77.22.15
10.77.27.14
10.77.27.14
10.77.22.12
10.77.27.14
10.77.27.15
10.77.27.13
10.77.22.11
10.77.22.10
10.77.22.10
10.77.23.12
10.77.27.13
10.77.27.13
10.77.22.15
10.77.23.12
10.77.22.12
10.77.22.13
10.77.23.11
10.77.27.15
10.77.27.13
10.77.22.12
10.77.22.15
10.77.27.14
10.77.27.15
10.77.22.10
10.77.22.12
10.77.22.10
10.77.27.13
10.77.22.11
10.77.22.15
10.77.23.10
10.77.27.15
10.77.23.11
10.77.23.10
10.77.22.13
10.77.27.13
10.77.22.14
10.77.22.11
10.77.27.15
10.77.23.10
10.77.23.12
10.77.23.10
10.77.23.11
10.77.22.11
10.77.27.13
10.77.23.12
10.77.22.15
10.77.22.15
10.77.22.14
10.77.23.12
10.77.23.12
10.77.23.11
10.77.27.13
10.77.27.15
10.77.22.15
10.77.27.15
10.77.23.10
10.77.22.10
10.77.22.13
10.77.22.14
10.77.27.14
10.77.27.14
10.77.27.15
10.77.27.14
10.77.22.12
10.77.22.13
10.77.27.14
10.77.23.10
10.77.23.11
10.77.22.13
10.77.23.11
10.77.22.14
10.77.27.13
10.77.22.13
10.77.27.14
10.77.27.13
10.77.27.14
10.77.22.12
10.77.22.13
10.77.22.10
10.77.22.15
10.77.22.13
10.77.27.14
10.77.27.13
10.77.22.11
10.77.23.11
10.77.23.12
10.77.23.11
10.77.22.13
10.77.27.13
10.77.22.12
10.77.22.11
10.77.27.14
10.77.22.15
10.77.27.13
10.77.22.10
10.77.22.13
10.77.22.13
10.77.23.12
10.77.27.15
10.77.22.14
10.77.27.14
10.77.22.15
10.77.23.12
10.77.22.15
10.77.22.11
10.77.27.13
10.77.22.14
10.77.22.11
10.77.23.11
10.77.23.11
10.77.22.12
10.77.23.10
10.77.22.15
10.77.22.14
10.77.27.14
10.77.22.10
10.77.27.13
10.77.22.12
10.77.22.13
10.77.22.14
10.77.22.11
10.77.22.15
10.77.23.12
10.77.22.14
10.77.23.12
10.77.27.13
10.77.23.12
10.77.22.12
10.77.27.14
10.77.27.13
10.77.27.15
10.77.23.11
10.77.27.13
10.77.23.11
10.77.22.11
10.77.22.14
10.77.23.11
10.77.22.15
10.77.23.12
10.77.23.12
10.77.23.12
10.77.27.13
10.77.22.12
10.77.22.11
10.77.22.14
10.77.27.14
10.77.23.11
10.77.27.14
10.77.22.15
10.77.22.12
10.77.22.10
10.77.23.11
10.77.22.12
10.77.22.14
10.77.23.10
10.77.22.14
10.77.22.13
10.77.22.15
10.77.22.13
10.77.23.10
10.77.27.13
10.77.22.15
10.77.27.15
10.77.22.10
10.77.27.13
10.77.22.15
10.77.27.13
10.77.27.15
10.77.22.12
10.77.27.15
10.77.22.10
10.77.22.14
10.77.22.13
10.77.27.13
10.77.23.12
10.77.22.15
10.77.27.15
10.77.27.14
10.77.27.13
10.77.23.11
10.77.22.11
10.77.27.14
10.77.27.15
10.77.23.11
10.77.22.15
10.77.22.15
10.77.23.11
10.77.22.12
10.77.22.15
10.77.22.11
10.77.27.13
10.77.22.11
10.77.22.13
10.77.23.11
10.77.27.15
10.77.27.13
10.77.22.15
10.77.23.11
10.77.22.10
10.77.27.13
10.77.22.14
10.77.22.15
10.77.27.15
10.77.27.14
10.77.22.11
10.77.22.13
10.77.23.10
10.77.22.11
10.77.27.13
10.77.27.13
10.77.23.11
10.77.27.14
10.77.22.12
10.77.22.10
10.77.27.15
10.77.27.15
10.77.22.11
10.77.23.11
10.77.22.15
10.77.27.13
10.77.22.10
10.77.23.10
10.77.22.15
10.77.27.15
10.77.22.12
10.77.23.11
10.77.22.15
10.77.22.12
10.77.27.15
10.77.22.15
10.77.22.15
10.77.22.10
10.77.27.14
10.77.22.10
10.77.22.10
10.77.27.14
10.77.22.13
10.77.27.13
10.77.22.11
10.77.22.14
10.77.22.15
10.77.22.13
10.77.23.12
10.77.27.15
10.77.23.10
10.77.22.14
10.77.22.13
10.77.27.14
10.77.22.11
10.77.27.15
10.77.22.13
10.77.22.14
10.77.23.12
10.77.23.10
10.77.27.13
10.77.27.15
10.77.27.15
10.77.22.12
10.77.23.12
10.77.22.15
10.77.22.11
10.77.27.14
10.77.22.14
10.77.23.10
10.77.27.14
10.77.27.13
10.77.22.13
10.77.23.10
10.77.22.11
10.77.22.10
10.77.27.13
10.77.22.12
10.77.23.11
10.77.22.13
10.77.27.13
10.77.22.10
10.77.23.10
10.77.22.13
10.77.22.12
10.77.27.13
10.77.27.13
10.77.22.12
10.77.23.12
10.77.23.10
10.77.27.13
10.77.22.10
10.77.22.14
10.77.23.11
10.77.22.13
10.77.23.10
10.77.27.14
10.77.22.12
10.77.22.10
10.77.22.10
10.77.27.15
10.77.23.12
10.77.22.11
10.77.27.15
10.77.22.12
10.77.23.10
10.77.23.11
10.77.27.14
10.77.22.12
10.77.22.11
10.77.27.14
10.77.23.11
10.77.27.14
10.77.22.13
10.77.23.12
10.77.22.15
10.77.27.13
10.77.27.15
10.77.23.12
10.77.22.10
10.77.22.13
10.77.22.10
10.77.22.15
10.77.27.15
10.77.22.10
10.77.22.15
10.77.22.13
10.77.22.14
10.77.27.13
10.77.22.15
10.77.22.15
10.77.22.11
10.77.27.15
10.77.23.11
10.77.22.10
10.77.27.15
10.77.22.14
10.77.22.10
10.77.22.12
10.77.27.15
10.77.23.11
10.77.27.14
10.77.27.15
10.77.22.12
10.77.22.10
10.77.22.13
10.77.23.11
10.77.22.14
10.77.23.10
10.77.22.10
10.77.22.10
10.77.22.11
10.77.22.15
10.77.22.14
10.77.27.15
10.77.22.13
10.77.22.15
10.77.22.11
10.77.27.14
10.77.27.14
10.77.22.13
10.77.27.15
10.77.22.10
10.77.23.11
10.77.27.14
10.77.22.13
10.77.22.14
10.77.27.13
10.77.23.10
10.77.23.12
10.77.22.11
10.77.27.13
10.77.23.12
10.77.27.15
10.77.22.14
10.77.27.15
10.77.22.10
10.77.22.11
10.77.22.15
10.77.22.11
10.77.27.13
10.77.22.11
10.77.22.15
10.77.22.12
10.77.23.10
10.77.22.15
10.77.22.15
10.77.22.12
10.77.22.14
10.77.22.15
10.77.27.15
10.77.27.13
10.77.22.14
10.77.23.10
10.77.27.15
10.77.22.11
10.77.22.13
10.77.27.15
10.77.23.12
10.77.22.12
10.77.22.14
10.77.23.11
10.77.22.12
10.77.23.12
10.77.22.11
10.77.23.10
10.77.27.14
10.77.22.10
10.77.23.12
10.77.27.15
10.77.22.12
10.77.27.15
10.77.27.15
10.77.22.12
10.77.27.13
10.77.27.14
10.77.22.11
10.77.22.14
10.77.27.14
10.77.22.15
10.77.22.15
10.77.22.10
10.77.22.13
10.77.22.13
10.77.22.13
10.77.22.10
10.77.23.12
10.77.22.14
10.77.22.10
10.77.22.14
10.77.22.13
10.77.22.13
10.77.22.14
10.77.22.10
10.77.22.10
10.77.22.14
10.77.22.10
10.77.22.10
10.77.27.15
10.77.23.11
10.77.27.14
10.77.22.13
10.77.27.15
10.77.27.15
10.77.27.14
10.77.22.12
10.77.27.15
10.77.27.15
10.77.22.10
10.77.22.14
10.77.27.13
10.77.22.15
10.77.27.14
10.77.22.12
10.77.27.13
10.77.23.12
10.77.27.15
10.77.22.14
10.77.27.15
10.77.22.14
10.77.22.11
10.77.27.14
10.77.23.11
10.77.27.15
10.77.23.12
10.77.23.12
10.77.22.11
10.77.22.15
10.77.27.13
10.77.22.10
10.77.23.11
10.77.22.13
10.77.22.11
10.77.22.11
10.77.27.14
10.77.27.13
10.77.22.14
10.77.27.13
10.77.27.14
10.77.27.14
10.77.27.15
10.77.23.11
10.77.27.14
10.77.23.12
10.77.22.11
10.77.22.13
10.77.23.11
10.77.27.14
10.77.22.12
10.77.23.10
10.77.22.12
10.77.27.13
10.77.22.13
10.77.23.10
10.77.22.13
10.77.22.12
10.77.27.15
10.77.22.14
10.77.27.13
10.77.27.13
10.77.22.12
10.77.22.13
10.77.23.12
10.77.27.15
10.77.23.10
10.77.27.15
10.77.23.12
10.77.27.14
10.77.22.11
10.77.22.10
10.77.22.10
10.77.22.11
10.77.23.12
10.77.27.14
10.77.27.13
10.77.27.15
10.77.22.11
10.77.22.15
10.77.23.12
10.77.22.15
10.77.22.14
10.77.22.10
10.77.27.15
10.77.22.12
10.77.23.11
10.77.22.11
10.77.22.12
10.77.22.10
10.77.22.15
10.77.23.11
10.77.23.12
10.77.22.11
10.77.22.15
10.77.27.14
10.77.22.13
10.77.22.14
10.77.22.13
10.77.23.11
10.77.27.14
10.77.22.11
10.77.27.15
10.77.23.10
10.77.27.13
10.77.23.10
10.77.22.14
10.77.22.13
10.77.22.11
10.77.22.14
10.77.23.10
10.77.23.12
10.77.27.14
10.77.23.10
10.77.23.10
10.77.22.11
10.77.22.14
10.77.23.10
10.77.27.15
10.77.23.11
10.77.22.13
10.77.22.11
10.77.23.11
10.77.23.12
10.77.22.11
10.77.27.13
10.77.27.13
10.77.27.14
10.77.22.14
10.77.27.15
10.77.23.10
10.77.23.11
10.77.22.11
10.77.22.13
10.77.22.11
10.77.22.15
10.77.23.12
10.77.23.12
10.77.27.13
10.77.23.11
10.77.27.15
10.77.22.11
10.77.27.13
10.77.22.11
10.77.22.10
10.77.27.13
10.77.22.11
10.77.23.11
10.77.23.10
10.77.23.12
10.77.27.14
10.77.27.14
10.77.27.14
10.77.22.11
10.77.27.13
10.77.27.14
10.77.27.13
10.77.23.10
10.77.23.11
10.77.27.15
10.77.22.15
10.77.22.12
10.77.27.14
10.77.22.12
10.77.27.13
10.77.22.14
10.77.22.12
10.77.27.15
10.77.22.11
10.77.22.13
10.77.23.12
10.77.22.13
10.77.22.10
10.77.22.13
10.77.23.12
10.77.23.10
10.77.22.13
10.77.22.11
10.77.22.14
10.77.27.13
10.77.23.12
10.77.23.11
10.77.27.13
10.77.23.11
10.77.22.12
10.77.27.13
10.77.22.10
10.77.27.13
10.77.23.12
10.77.27.14
10.77.23.12
10.77.22.14
10.77.27.14
10.77.23.10
10.77.22.15
10.77.23.11
10.77.23.12
10.77.22.10
10.77.23.11
10.77.22.13
10.77.22.14
10.77.22.13
10.77.22.13
10.77.22.14
10.77.22.13
10.77.27.14
10.77.22.13
10.77.27.14
10.77.22.11
10.77.27.14
10.77.22.10
10.77.27.14
10.77.23.10
10.77.27.14
10.77.23.10
10.77.22.14
10.77.27.14
10.77.23.11
10.77.27.13
10.77.23.12
10.77.22.10
10.77.22.10
10.77.23.10
10.77.23.10
10.77.27.15
10.77.27.15
10.77.22.13
10.77.27.14
10.77.22.11
10.77.22.15
10.77.22.15
10.77.23.12
10.77.23.12
10.77.22.12
10.77.27.15
10.77.23.10
10.77.22.15
10.77.27.13
10.77.22.11
10.77.22.15
10.77.27.15
10.77.23.12
10.77.22.10
10.77.22.13
10.77.23.11
10.77.27.13
10.77.22.10
10.77.22.15
10.77.23.12
10.77.27.14
10.77.22.15
10.77.22.11
10.77.23.12
10.77.23.12
10.77.22.10
10.77.23.11
10.77.23.10
10.77.23.11
10.77.23.12
10.77.27.15
10.77.23.10
10.77.22.13
10.77.27.14
10.77.23.10
10.77.22.10
10.77.23.10
10.77.22.14
10.77.23.10
10.77.22.10
10.77.23.10
10.77.23.11
10.77.22.11
10.77.27.14
10.77.23.11
10.77.23.11
10.77.22.11
10.77.23.11
10.77.22.11
10.77.22.11
10.77.22.15
10.77.27.14
10.77.22.11
10.77.22.15
10.77.23.11
10.77.27.14
10.77.22.15
10.77.23.10
10.77.22.12
10.77.27.15
10.77.22.13
10.77.22.12
10.77.27.13
10.77.22.11
10.77.23.11
10.77.22.15
10.77.22.12
10.77.23.10
10.77.23.12
10.77.22.12
10.77.27.14
10.77.22.13
10.77.22.11
10.77.22.13
10.77.23.10
10.77.22.10
10.77.23.11
10.77.22.14
10.77.23.11
10.77.22.15
10.77.23.10
10.77.23.10
10.77.22.13
10.77.27.14
10.77.22.10
10.77.22.15
10.77.27.15
10.77.22.13
10.77.23.10
10.77.27.13
10.77.27.13
10.77.22.10
10.77.22.10
10.77.23.11
10.77.22.11
10.77.22.14
10.77.27.15
10.77.27.14
10.77.22.12
10.77.23.11
10.77.27.15
10.77.22.11
10.77.23.10
10.77.22.10
10.77.22.11
10.77.22.10
10.77.27.15
10.77.27.14
10.77.22.10
10.77.23.10
10.77.27.13
10.77.27.15
10.77.22.15
10.77.22.14
10.77.22.10
10.77.23.12
10.77.22.12
10.77.23.12
10.77.22.15
10.77.22.15
10.77.23.11
10.77.22.10
10.77.22.15
10.77.23.12
10.77.23.12
10.77.27.14
10.77.22.10
10.77.23.12
10.77.27.14
10.77.22.11
10.77.22.11
10.77.22.11
10.77.22.14
10.77.23.10
10.77.22.13
10.77.27.13
10.77.23.11
10.77.23.11
10.77.22.13
10.77.23.10
10.77.22.14
10.77.27.15
10.77.22.14
10.77.22.10
10.77.22.13
10.77.23.10
10.77.27.15
10.77.27.13
10.77.22.14
10.77.23.11
10.77.22.15
10.77.27.13
10.77.22.15
10.77.22.11
10.77.23.11
10.77.23.10
10.77.27.13
10.77.22.15
10.77.27.14
10.77.23.11
10.77.23.11
10.77.22.13
10.77.23.10
10.77.27.13
10.77.23.12
10.77.23.11
10.77.23.12
10.77.27.15
10.77.22.13
10.77.22.12
10.77.22.13
10.77.23.12
10.77.27.14
10.77.22.15
10.77.22.11
10.77.22.12
10.77.27.14
10.77.22.10
10.77.22.10
10.77.22.14
10.77.22.11
10.77.23.11
10.77.23.12
10.77.23.11
10.77.22.11
10.77.23.10
10.77.27.15
10.77.22.12
10.77.22.13
10.77.22.12
10.77.23.11
10.77.27.14
10.77.23.10
10.77.22.11
10.77.22.12
10.77.27.13
10.77.27.13
10.77.27.14
10.77.27.15
10.77.22.13
10.77.22.13
10.77.23.10
10.77.22.12
10.77.22.13
10.77.23.10
10.77.22.10
10.77.27.14
10.77.22.13
10.77.27.14
10.77.22.15
10.77.23.12
10.77.22.13
10.77.22.12
10.77.23.11
10.77.22.10
10.77.22.13
10.77.22.15
10.77.22.12
10.77.27.14
10.77.23.12
10.77.23.11
10.77.27.13
10.77.23.12
10.77.22.10
10.77.22.15
10.77.22.15
10.77.27.13
10.77.22.12
10.77.27.14
10.77.23.12
10.77.23.12
10.77.22.12
10.77.22.13
10.77.22.14
10.77.27.14
10.77.23.10
10.77.22.12
10.77.27.14
10.77.27.14
10.77.27.13
10.77.22.12
10.77.22.11
10.77.27.15
10.77.22.15
10.77.23.10
10.77.22.14
10.77.27.13
10.77.22.10
10.77.22.11
10.77.23.12
10.77.23.10
10.77.23.10
10.77.22.12
10.77.27.14
10.77.22.14
10.77.22.13
10.77.22.11
10.77.27.15
10.77.22.11
10.77.22.11
10.77.27.13
10.77.22.10
10.77.23.12
10.77.27.14
10.77.22.11
10.77.27.13
10.77.22.12
10.77.22.15
10.77.27.13
10.77.23.11
10.77.27.14
10.77.22.10
10.77.22.12
10.77.22.10
10.77.22.13
10.77.22.11
10.77.22.15
10.77.23.12
10.77.22.12
10.77.23.10
10.77.27.15
10.77.22.11
10.77.22.14
10.77.23.10
10.77.22.14
10.77.27.13
10.77.22.15
10.77.23.12
10.77.27.14
10.77.23.11
10.77.23.12
10.77.23.12
10.77.22.14
10.77.22.13
10.77.27.15
10.77.23.10
10.77.22.11
10.77.23.10
10.77.22.13
10.77.23.10
10.77.22.10
10.77.27.14
10.77.27.15
10.77.22.10
10.77.23.11
10.77.22.12
10.77.27.13
10.77.22.13
10.77.23.10
10.77.23.10
10.77.22.11
10.77.23.12
10.77.22.11
10.77.23.10
10.77.27.14
10.77.23.11
10.77.22.14
10.77.22.15
10.77.22.14
10.77.23.12
10.77.23.10
10.77.27.13
10.77.23.11
10.77.22.15
10.77.22.10
10.77.22.10
10.77.22.15
10.77.23.10
10.77.27.13
10.77.22.11
10.77.27.15
10.77.23.10
10.77.22.10
10.77.27.15
10.77.22.11
10.77.23.11
10.77.23.10
10.77.22.11
10.77.22.14
10.77.27.13
10.77.23.12
10.77.23.10
10.77.23.10
10.77.22.11
10.77.23.10
10.77.22.11
10.77.22.14
10.77.23.12
10.77.23.12
10.77.23.11
10.77.23.11
10.77.27.14
10.77.22.14
10.77.23.11
10.77.23.10
10.77.22.15
10.77.23.12
10.77.23.11
10.77.23.10
10.77.22.13
10.77.27.15
10.77.22.14
10.77.22.11
10.77.23.10
10.77.23.12
10.77.22.12
10.77.22.14
10.77.23.11
10.77.22.12
10.77.23.11
10.77.27.15
10.77.22.14
10.77.23.11
10.77.22.11
10.77.22.13
10.77.23.11
10.77.27.13
10.77.22.10
10.77.23.10
10.77.23.12
10.77.27.15
10.77.22.14
10.77.27.14
10.77.27.14
10.77.23.10
10.77.22.14
10.77.22.14
10.77.22.12
10.77.22.14
10.77.27.13
10.77.22.14
10.77.22.15
10.77.22.10
10.77.23.11
10.77.23.12
10.77.27.13
10.77.23.10
10.77.27.15
10.77.27.15
10.77.22.12
10.77.23.10
10.77.22.15
10.77.23.10
10.77.23.12
10.77.22.15
10.77.22.13
10.77.27.14
10.77.27.13
10.77.27.14
10.77.22.15
10.77.22.11
10.77.27.15
10.77.22.13
10.77.22.12
10.77.22.15
10.77.22.14
10.77.27.13
10.77.22.15
10.77.27.13
10.77.27.13
10.77.22.13
10.77.22.13
10.77.22.13
10.77.27.13
10.77.27.14
10.77.27.15
10.77.22.12
10.77.23.10
10.77.22.12
10.77.22.11
10.77.23.11
10.77.22.14
10.77.23.11
10.77.22.11
10.77.22.13
10.77.27.15
10.77.23.11
10.77.22.11
10.77.22.10
10.77.22.14
10.77.22.13
10.77.22.13
10.77.23.10
10.77.22.10
10.77.22.12
10.77.27.15
10.77.23.12
10.77.22.11
10.77.23.11
10.77.27.13
10.77.22.10
10.77.22.13
10.77.22.11
10.77.22.13
10.77.23.10
10.77.23.11
10.77.23.10
10.77.23.12
10.77.22.12
10.77.27.15
10.77.23.12
10.77.23.12
10.77.23.11
10.77.22.10
10.77.27.13
10.77.22.15
10.77.23.11
10.77.23.10
10.77.22.14
10.77.23.11
10.77.22.13
10.77.22.14
10.77.27.13
10.77.22.15
10.77.22.12
10.77.22.10
10.77.23.11
10.77.23.11
10.77.22.14
10.77.23.11
10.77.22.14
10.77.22.12
10.77.22.10
10.77.27.14
10.77.22.12
10.77.22.15
10.77.23.11
10.77.27.15
10.77.23.11
10.77.27.13
10.77.22.15
10.77.22.14
10.77.22.12
10.77.27.14
10.77.27.13
10.77.22.13
10.77.23.10
10.77.22.13
10.77.22.13
10.77.23.11
10.77.23.11
10.77.22.11
10.77.27.13
10.77.22.11
10.77.23.10
10.77.22.11
10.77.22.12
10.77.27.13
10.77.22.12
10.77.22.10
10.77.22.11
10.77.23.12
10.77.27.13
10.77.27.14
10.77.27.14
10.77.27.15
10.77.22.15
10.77.22.12
10.77.23.11
10.77.23.12
10.77.23.12
10.77.22.11
10.77.22.10
10.77.23.12
10.77.23.12
10.77.22.12
10.77.22.13
10.77.22.15
10.77.22.11
10.77.22.13
10.77.23.11
10.77.27.14
10.77.22.14
10.77.27.13
10.77.22.10
10.77.22.12
10.77.27.14
10.77.22.14
10.77.22.10
10.77.22.14
10.77.27.15
10.77.23.10
10.77.23.10
10.77.23.12
10.77.22.11
10.77.22.15
10.77.27.15
10.77.23.12
10.77.22.14
10.77.22.12
10.77.23.12
10.77.22.12
10.77.22.13
10.77.27.15
10.77.22.11
10.77.23.10
10.77.22.12
10.77.27.13
10.77.22.15
10.77.27.14
10.77.22.10
10.77.22.14
10.77.27.14
10.77.22.12
10.77.23.12
10.77.23.12
10.77.22.13
10.77.23.10
10.77.22.12
10.77.23.11
10.77.22.12
10.77.23.12
10.77.23.10
10.77.23.12
10.77.23.11
10.77.27.13
10.77.22.10
10.77.23.11
10.77.23.11
10.77.23.11
10.77.22.12
10.77.22.11
10.77.23.10
10.77.22.11
10.77.22.13
10.77.27.15
10.77.22.15
10.77.23.11
10.77.23.11
10.77.22.12
10.77.22.12
10.77.22.11
10.77.23.11
10.77.22.11
10.77.23.11
10.77.23.10
10.77.22.10
10.77.22.10
10.77.22.14
10.77.23.12
10.77.23.10
10.77.27.14
10.77.27.14
10.77.22.13
10.77.27.14
10.77.23.12
10.77.23.10
10.77.22.12
10.77.22.10
10.77.22.14
10.77.23.12
10.77.22.15
10.77.22.15
10.77.23.11
10.77.27.15
10.77.22.15
10.77.27.13
10.77.22.15
10.77.22.13
10.77.27.15
10.77.22.14
10.77.22.14
10.77.22.11
10.77.27.14
10.77.22.14
10.77.23.12
10.77.22.13
10.77.22.15
10.77.27.15
10.77.23.11
10.77.27.13
10.77.22.11
10.77.22.11
10.77.23.11
10.77.22.14
10.77.22.13
10.77.22.15
10.77.22.15
10.77.23.12
10.77.27.15
10.77.23.10
10.77.27.14
10.77.27.15
10.77.22.15
10.77.22.15
10.77.23.10
10.77.22.15
10.77.22.11
10.77.23.10
10.77.22.10
10.77.23.11
10.77.23.12
10.77.22.14
10.77.23.12
10.77.22.11
10.77.22.10
10.77.22.15
10.77.23.10
10.77.23.11
10.77.27.15
10.77.27.13
10.77.22.14
10.77.27.14
10.77.27.13
10.77.23.12
10.77.27.13
10.77.22.10
10.77.22.11
10.77.22.13
10.77.27.14
10.77.22.14
10.77.23.11
10.77.27.13
10.77.27.15
10.77.22.15
10.77.22.10
10.77.23.12
10.77.27.13
10.77.27.15
10.77.22.11
10.77.27.13
10.77.22.10
10.77.22.10
10.77.22.12
10.77.22.10
10.77.27.14
10.77.23.11
10.77.23.11
10.77.22.12
10.77.22.12
10.77.22.15
10.77.27.14
10.77.27.14
10.77.27.13
10.77.22.14
10.77.27.15
10.77.27.14
10.77.22.10
10.77.22.13
10.77.22.15
10.77.27.13
10.77.22.12
10.77.23.11
10.77.23.11
10.77.22.12
10.77.23.11
10.77.27.15
10.77.22.13
10.77.27.15
10.77.27.15
10.77.22.11
10.77.27.14
10.77.27.14
10.77.22.11
10.77.27.13
10.77.23.12
10.77.27.14
10.77.22.12
10.77.23.11
10.77.27.14
10.77.22.13
10.77.22.11
10.77.22.13
10.77.23.10
10.77.23.11
10.77.27.13
10.77.23.10
10.77.22.11
10.77.23.10
10.77.23.10
10.77.22.15
10.77.23.10
10.77.22.11
10.77.27.14
10.77.27.15
10.77.23.11
10.77.22.12
10.77.27.13
10.77.23.12
10.77.22.12
10.77.23.11
10.77.22.11
10.77.22.14
10.77.23.11
10.77.22.12
10.77.22.15
10.77.22.12
10.77.27.15
10.77.22.15
10.77.27.14
10.77.27.14
10.77.22.15
10.77.23.12
10.77.23.10
10.77.22.15
10.77.22.10
10.77.22.11
10.77.22.14
10.77.23.11
10.77.22.12
10.77.22.11
10.77.22.11
10.77.22.12
10.77.22.11
10.77.22.12
10.77.22.13
10.77.22.10
10.77.22.15
10.77.22.11
10.77.22.12
10.77.22.13
10.77.22.12
10.77.22.10
10.77.22.12
10.77.27.14
10.77.22.14
10.77.22.13
10.77.23.11
10.77.22.10
10.77.27.14
10.77.22.10
10.77.27.14
10.77.22.11
10.77.23.12
10.77.22.11
10.77.23.11
10.77.27.14
10.77.23.11
10.77.22.11
10.77.27.13
10.77.27.13
10.77.23.12
10.77.27.15
10.77.27.14
10.77.27.14
10.77.23.12
10.77.27.15
10.77.27.13
10.77.22.15
10.77.22.15
10.77.23.12
10.77.22.11
10.77.22.10
10.77.23.12
10.77.22.14
10.77.22.11
10.77.22.13
10.77.22.11
10.77.22.10
10.77.27.13
10.77.23.11
10.77.22.10
10.77.27.15
10.77.23.10
10.77.22.11
10.77.23.10
10.77.22.14
10.77.22.13
10.77.23.12
10.77.22.15
10.77.22.10
10.77.22.11
10.77.27.15
10.77.23.11
10.77.27.13
10.77.23.10
10.77.27.14
10.77.27.13
10.77.27.13
10.77.22.14
10.77.27.14
10.77.27.13
10.77.23.10
10.77.22.11
10.77.23.12
10.77.22.14
10.77.27.14
10.77.22.12
10.77.27.14
10.77.22.11
10.77.27.15
10.77.27.14
10.77.22.12
10.77.22.11
10.77.27.15
10.77.23.12
10.77.22.10
10.77.22.12
10.77.22.12
10.77.27.15
10.77.22.13
10.77.23.12
10.77.22.12
10.77.27.13
10.77.22.12
10.77.22.10
10.77.22.14
10.77.22.12
10.77.27.13
10.77.27.14
10.77.22.11
10.77.22.15
10.77.22.15
10.77.22.13
10.77.22.13
10.77.22.10
10.77.23.11
10.77.22.14
10.77.22.13
10.77.22.12
10.77.22.15
10.77.22.11
10.77.27.13
10.77.23.10
10.77.22.14
10.77.23.11
10.77.27.13
10.77.22.10
10.77.23.12
10.77.22.15
10.77.27.13
10.77.27.14
10.77.22.10
10.77.22.11
10.77.22.12
10.77.22.14
10.77.22.10
10.77.22.14
10.77.22.14
10.77.22.15
10.77.22.11
10.77.22.11
10.77.27.13
10.77.22.12
10.77.22.15
10.77.22.15
10.77.27.13
10.77.27.15
10.77.22.12
10.77.22.14
10.77.22.11
10.77.22.15
10.77.23.12
10.77.23.12
10.77.27.13
10.77.22.11
10.77.22.12
10.77.23.11
10.77.22.11
10.77.22.12
10.77.23.10
10.77.27.15
10.77.27.15
10.77.22.13
10.77.27.13
10.77.22.10
10.77.22.12
10.77.23.10
10.77.22.14
10.77.22.15
10.77.27.14
10.77.22.10
10.77.22.13
10.77.22.11
10.77.23.11
10.77.22.13
10.77.22.13
10.77.23.10
10.77.27.15
10.77.27.13
10.77.22.13
10.77.27.15
10.77.27.13
10.77.22.10
10.77.22.11
10.77.23.12
10.77.27.14
10.77.22.10
10.77.22.10
10.77.22.14
10.77.27.13
10.77.23.11
10.77.27.13
10.77.23.10
10.77.23.11
10.77.27.14
10.77.27.13
10.77.23.11
10.77.27.15
10.77.22.12
10.77.23.11
10.77.23.11
10.77.23.10
10.77.22.15
10.77.22.12
10.77.23.10
10.77.22.10
10.77.27.15
10.77.23.10
10.77.27.15
10.77.27.14
10.77.23.10
10.77.27.13
10.77.22.13
10.77.27.14
10.77.23.12
10.77.23.10
10.77.27.15
10.77.23.11
10.77.27.14
10.77.27.14
10.77.22.12
10.77.23.11
10.77.22.13
10.77.22.12
10.77.22.10
10.77.22.13
10.77.23.11
10.77.22.13
10.77.22.15
10.77.22.15
10.77.23.12
10.77.22.12
10.77.22.13
10.77.27.14
10.77.27.15
10.77.27.13
10.77.22.14
10.77.22.12
10.77.23.11
10.77.23.11
10.77.27.14
10.77.22.11
10.77.23.11
10.77.27.14
10.77.22.10
10.77.23.11
10.77.27.14
10.77.22.11
10.77.23.12
10.77.22.14
10.77.27.15
10.77.22.10
10.77.27.15
10.77.27.13
10.77.22.13
10.77.23.12
10.77.23.12
10.77.22.11
10.77.22.12
10.77.23.10
10.77.27.15
10.77.22.10
10.77.27.15
10.77.23.10
10.77.22.14
10.77.23.11
10.77.27.13
10.77.22.10
10.77.27.13
10.77.27.15
10.77.23.10
10.77.22.13
10.77.23.12
10.77.22.13
10.77.27.15
10.77.23.11
10.77.22.14
10.77.27.14
10.77.27.15
10.77.22.15
10.77.22.13
10.77.22.12
10.77.23.10
10.77.22.13
10.77.23.10
10.77.22.10
10.77.22.15
10.77.22.11
10.77.22.15
10.77.27.13
10.77.27.13
10.77.22.13
10.77.22.12
10.77.22.14
10.77.27.15
10.77.27.14
10.77.27.15
10.77.27.15
10.77.22.14
10.77.27.14
10.77.23.11
10.77.22.15
10.77.27.15
10.77.27.14
10.77.27.13
10.77.23.12
10.77.27.14
10.77.23.12
10.77.27.13
10.77.22.14
10.77.22.15
10.77.22.15
10.77.27.15
10.77.22.11
10.77.23.10
10.77.23.11
10.77.22.10
10.77.22.10
10.77.27.14
10.77.22.10
10.77.27.13
10.77.22.14
10.77.22.11
10.77.22.12
10.77.22.12
10.77.22.11
10.77.23.12
10.77.27.14
10.77.27.15
10.77.22.10
10.77.22.11
10.77.22.13
10.77.27.13
10.77.27.13
10.77.22.11
10.77.23.12
10.77.23.10
10.77.22.10
10.77.22.12
10.77.22.13
10.77.23.10
10.77.22.10
10.77.23.12
10.77.23.10
10.77.27.14
10.77.27.15
10.77.27.13
10.77.22.13
10.77.27.14
10.77.22.11
10.77.22.11
10.77.22.14
10.77.22.15
10.77.23.10
10.77.22.12
10.77.27.14
10.77.23.10
10.77.27.14
10.77.22.10
10.77.22.14
10.77.27.14
10.77.27.14
10.77.23.12
10.77.22.15
10.77.22.14
10.77.22.14
10.77.22.14
10.77.27.14
10.77.22.13
10.77.23.11
10.77.27.15
10.77.22.14
10.77.22.11
10.77.22.12
10.77.23.10
10.77.22.12
10.77.22.13
10.77.22.11
10.77.22.12
10.77.22.15
10.77.22.11
10.77.22.11
10.77.23.12
10.77.27.14
10.77.22.13
10.77.23.10
10.77.23.10
10.77.22.10
10.77.22.10
10.77.27.15
10.77.23.12
10.77.23.11
10.77.22.10
10.77.23.11
10.77.22.15
10.77.22.13
10.77.23.12
10.77.23.10
10.77.22.13
10.77.22.11
10.77.22.15
10.77.27.14
10.77.22.13
10.77.22.15
10.77.22.12
10.77.22.15
10.77.27.13
10.77.22.13
10.77.23.12
10.77.27.15
10.77.22.13
10.77.27.14
10.77.22.12
10.77.22.14
10.77.22.14
10.77.22.15
10.77.27.14
10.77.22.12
10.77.22.14
10.77.22.11
10.77.27.15
10.77.22.15
10.77.27.14
10.77.22.11
10.77.27.14
10.77.23.11
10.77.23.12
10.77.22.12
10.77.27.15
10.77.22.10
10.77.27.13
10.77.22.13
10.77.22.10
10.77.22.13
10.77.22.10
10.77.23.11
10.77.22.11
10.77.22.10
10.77.22.13
10.77.22.10
10.77.27.14
10.77.27.13
10.77.23.12
10.77.27.15
10.77.23.10
10.77.22.12
10.77.22.13
10.77.22.12
10.77.23.12
10.77.22.10
10.77.22.12
10.77.23.10
10.77.23.10
10.77.22.12
10.77.27.13
10.77.27.15
10.77.23.11
10.77.22.12
10.77.27.14
10.77.22.13
10.77.23.12
10.77.22.15
10.77.22.12
10.77.22.13
10.77.27.15
10.77.22.10
10.77.27.13
10.77.23.12
10.77.22.11
10.77.27.15
10.77.27.15
10.77.27.13
10.77.27.13
10.77.22.12
10.77.22.12
10.77.27.13
10.77.27.15
10.77.22.10
10.77.22.10
10.77.23.11
10.77.27.13
10.77.22.13
10.77.22.11
10.77.23.12
10.77.22.10
10.77.22.11
10.77.22.11
10.77.22.10
10.77.22.14
10.77.22.11
10.77.23.10
10.77.22.11
10.77.22.15
10.77.22.12
10.77.22.14
10.77.27.13
10.77.22.15
10.77.22.10
10.77.23.11
10.77.27.13
10.77.22.15
10.77.27.14
10.77.22.15
10.77.22.13
10.77.22.11
10.77.22.12
10.77.27.15
10.77.27.15
10.77.27.14
10.77.22.13
10.77.27.14
10.77.27.13
10.77.27.15
10.77.23.11
10.77.27.14
10.77.22.10
10.77.27.14
10.77.27.15
10.77.27.13
10.77.27.13
10.77.22.12
10.77.22.12
10.77.22.13
10.77.22.13
10.77.27.13
10.77.22.14
10.77.22.14
10.77.22.15
10.77.23.10
10.77.23.11
10.77.27.14
10.77.22.13
10.77.22.11
10.77.22.11
10.77.22.12
10.77.22.15
10.77.22.12
10.77.22.13
10.77.27.13
10.77.22.13
10.77.27.15
10.77.22.11
10.77.22.13
10.77.23.12
10.77.22.11
10.77.27.14
10.77.27.15
10.77.27.15
10.77.22.15
10.77.22.10
10.77.27.15
10.77.22.12
10.77.27.15
10.77.23.12
10.77.22.11
10.77.22.15
10.77.22.13
10.77.22.15
10.77.27.14
10.77.22.10
10.77.22.14
10.77.23.10
10.77.27.14
10.77.22.11
10.77.22.14
10.77.22.11
10.77.27.13
10.77.22.11
10.77.22.15
10.77.22.12
10.77.22.14
10.77.22.10
10.77.22.10
10.77.22.10
10.77.22.12
10.77.22.13
10.77.22.10
10.77.22.13
10.77.23.10
10.77.22.14
10.77.22.13
10.77.22.10
10.77.27.13
10.77.22.15
10.77.27.15
10.77.23.11
10.77.22.15
10.77.22.15
10.77.22.13
10.77.22.12
10.77.22.15
10.77.27.14
10.77.27.13
10.77.22.12
10.77.23.10
10.77.22.10
10.77.27.14
10.77.27.15
10.77.23.11
10.77.23.10
10.77.22.10
10.77.22.15
10.77.22.12
10.77.23.10
10.77.23.12
10.77.23.10
10.77.23.12
10.77.23.10
10.77.27.15
10.77.22.11
10.77.27.13
10.77.23.10
10.77.22.15
10.77.27.14
10.77.22.12
10.77.22.13
10.77.23.12
10.77.27.15
10.77.22.14
10.77.23.11
10.77.22.13
10.77.23.11
10.77.27.13
10.77.22.12
10.77.23.11
10.77.22.11
10.77.22.11
10.77.22.13
10.77.22.15
10.77.22.15
10.77.23.10
10.77.27.15
10.77.27.13
10.77.22.14
10.77.27.14
10.77.22.14
10.77.22.10
10.77.23.10
10.77.27.14
10.77.27.15
10.77.23.12
10.77.22.12
10.77.22.12
10.77.22.12
10.77.23.11
10.77.22.11
10.77.23.12
10.77.22.11
10.77.22.15
10.77.27.14
10.77.27.15
10.77.22.15
10.77.27.15
10.77.22.13
10.77.23.12
10.77.22.11
10.77.27.14
10.77.22.12
10.77.22.14
10.77.23.12
10.77.27.13
10.77.22.15
10.77.22.13
10.77.22.13
10.77.27.14
10.77.22.10
10.77.22.11
10.77.22.14
10.77.22.14
10.77.22.13
10.77.27.13
10.77.27.13
10.77.22.12
10.77.23.12
10.77.27.15
10.77.27.13
10.77.22.15
10.77.22.10
10.77.23.12
10.77.22.10
10.77.22.12
10.77.22.12
10.77.22.14
10.77.22.11
10.77.23.12
10.77.23.10
10.77.23.11
10.77.22.10
10.77.27.13
10.77.22.13
10.77.27.15
10.77.27.13
10.77.23.10
10.77.22.13
10.77.22.15
10.77.22.15
10.77.22.12
10.77.22.11
10.77.27.13
10.77.27.15
10.77.22.10
10.77.27.15
10.77.27.14
10.77.23.12
10.77.22.15
10.77.22.10
10.77.22.10
10.77.27.14
10.77.23.11
10.77.27.15
10.77.27.15
10.77.27.15
10.77.22.15
10.77.22.12
10.77.22.13
10.77.22.11
10.77.22.14
10.77.22.10
10.77.23.11
10.77.22.10
10.77.22.11
10.77.22.11
10.77.23.11
10.77.27.14
10.77.27.13
10.77.27.14
10.77.27.14
10.77.22.10
10.77.27.14
10.77.22.13
10.77.27.15
10.77.27.15
10.77.27.15
10.77.22.10
10.77.27.14
10.77.22.14
10.77.23.12
10.77.22.15
10.77.27.13
10.77.22.15
10.77.22.13
10.77.22.13
10.77.22.13
10.77.27.14
10.77.27.14
10.77.23.12
10.77.22.14
10.77.22.15
10.77.22.13
10.77.22.13
10.77.22.12
10.77.22.12
10.77.23.10
10.77.23.11
10.77.27.14
10.77.22.11
10.77.23.11
10.77.23.12
10.77.22.13
10.77.22.12
10.77.23.12
10.77.22.12
10.77.23.12
10.77.27.15
10.77.27.14
10.77.23.11
10.77.23.10
10.77.22.15
10.77.23.11
10.77.23.12
10.77.27.15
10.77.23.12
10.77.23.10
10.77.22.12
10.77.27.14
10.77.23.11
10.77.27.15
10.77.27.13
10.77.23.10
10.77.22.10
10.77.23.12
10.77.23.10
10.77.23.10
10.77.23.10
10.77.22.15
10.77.23.12
10.77.27.14
10.77.22.14
10.77.22.13
10.77.22.13
10.77.27.13
10.77.23.11
10.77.27.15
10.77.27.14
10.77.23.10
10.77.22.15
10.77.23.11
10.77.23.10
10.77.22.14
10.77.23.10
10.77.22.13
10.77.22.14
10.77.27.15
10.77.27.15
10.77.23.10
10.77.22.14
10.77.23.11
10.77.27.14
10.77.27.14
10.77.22.14
10.77.22.12
10.77.22.15
10.77.22.10
10.77.27.14
10.77.22.12
10.77.27.14
10.77.22.15
10.77.27.15
10.77.22.11
10.77.22.15
10.77.22.13
10.77.27.13
10.77.22.15
10.77.22.13
10.77.22.10
10.77.22.13
10.77.22.10
10.77.22.12
10.77.22.12
10.77.23.12
10.77.27.15
10.77.23.10
10.77.22.11
10.77.22.10
10.77.27.14
10.77.27.15
10.77.27.15
10.77.27.15
10.77.23.12
10.77.22.11
10.77.23.11
10.77.23.11
10.77.22.12
10.77.22.12
10.77.23.12
10.77.23.12
10.77.22.15
10.77.23.11
10.77.23.11
10.77.22.14
10.77.23.12
10.77.27.14
10.77.22.15
10.77.22.10
10.77.22.14
10.77.27.14
10.77.22.11
10.77.27.13
10.77.22.13
10.77.22.15
10.77.22.14
10.77.27.13
10.77.27.13
10.77.22.14
10.77.22.13
10.77.22.11
10.77.22.14
10.77.22.15
10.77.27.15
10.77.22.12
10.77.27.14
10.77.22.11
10.77.27.15
10.77.22.14
10.77.22.15
10.77.22.11
10.77.27.15
10.77.22.10
10.77.23.12
10.77.22.15
10.77.22.15
10.77.22.10
10.77.27.13
10.77.27.14
10.77.23.10
10.77.23.10
10.77.22.13
10.77.27.14
10.77.22.15
10.77.22.10
10.77.22.15
10.77.22.15
10.77.22.15
10.77.23.10
10.77.22.14
10.77.27.14
10.77.22.12
10.77.23.10
10.77.27.15
10.77.22.13
10.77.27.13
10.77.27.15
10.77.23.11
10.77.23.11
10.77.23.10
10.77.22.11
10.77.22.12
10.77.22.15
10.77.22.14
10.77.22.12
10.77.22.12
10.77.22.12
10.77.22.10
10.77.22.11
10.77.22.11
10.77.22.11
10.77.27.15
10.77.22.11
10.77.22.12
10.77.22.13
10.77.27.15
10.77.22.14
10.77.27.15
10.77.27.14
10.77.27.15
10.77.22.15
10.77.23.11
10.77.23.12
10.77.22.10
10.77.22.13
10.77.22.15
10.77.27.14
10.77.22.11
10.77.27.15
10.77.23.12
10.77.27.15
10.77.23.10
10.77.22.15
10.77.27.13
10.77.27.15
10.77.22.15
10.77.23.10
10.77.22.12
10.77.27.15
10.77.27.13
10.77.22.11
10.77.22.13
10.77.27.15
10.77.27.13
10.77.27.13
10.77.22.11
10.77.23.10
10.77.22.14
10.77.22.15
10.77.22.14
10.77.23.10
10.77.23.12
10.77.23.12
10.77.23.12
10.77.22.11
10.77.22.15
10.77.23.11
10.77.27.15
10.77.23.11
10.77.27.14
10.77.22.15
10.77.23.11
10.77.22.14
10.77.22.14
10.77.22.12
10.77.22.13
10.77.22.15
10.77.23.10
10.77.23.10
10.77.23.12
10.77.23.11
10.77.22.11
10.77.27.13
10.77.27.15
10.77.22.11
10.77.22.12
10.77.22.12
10.77.22.13
10.77.22.10
10.77.27.14
10.77.27.15
10.77.23.12
10.77.23.10
10.77.27.15
10.77.27.14
10.77.22.11
10.77.23.10
10.77.23.10
10.77.22.11
10.77.22.10
10.77.27.15
10.77.22.10
10.77.27.14
10.77.27.13
10.77.22.11
10.77.27.15
10.77.22.11
10.77.27.15
10.77.22.13
10.77.23.10
10.77.27.13
10.77.27.15
10.77.23.12
10.77.22.11
10.77.27.14
10.77.27.14
10.77.22.10
10.77.23.10
10.77.27.13
10.77.22.11
10.77.27.13
10.77.23.12
10.77.27.15
10.77.23.11
10.77.23.11
10.77.27.14
10.77.27.14
10.77.27.14
10.77.23.10
10.77.22.12
10.77.22.12
10.77.27.13
10.77.23.12
10.77.22.11
10.77.23.11
10.77.27.15
10.77.22.15
10.77.23.12
10.77.22.12
10.77.22.12
10.77.22.12
10.77.23.11
10.77.22.15
10.77.27.13
10.77.23.10
10.77.23.12
10.77.22.10
10.77.22.12
10.77.27.15
10.77.27.14
10.77.22.11
10.77.22.10
10.77.22.14
10.77.22.15
10.77.27.15
10.77.22.11
10.77.23.10
10.77.23.11
10.77.22.15
10.77.23.12
10.77.27.15
10.77.22.11
10.77.27.13
10.77.22.15
10.77.23.12
10.77.23.12
10.77.22.13
10.77.27.14
10.77.27.13
10.77.23.12
10.77.23.10
10.77.22.14
10.77.27.15
10.77.22.11
10.77.22.12
10.77.27.15
10.77.27.13
10.77.27.13
10.77.22.11
10.77.22.15
10.77.27.14
10.77.22.14
10.77.22.14
10.77.23.11
10.77.23.11
10.77.22.10
10.77.27.15
10.77.23.12
10.77.27.13
10.77.22.15
10.77.23.10
10.77.22.14
10.77.27.15
10.77.22.15
10.77.22.11
10.77.27.13
10.77.22.11
10.77.22.13
10.77.22.10
10.77.27.13
10.77.22.13
10.77.23.11
10.77.23.10
10.77.22.12
10.77.22.14
10.77.23.12
10.77.22.12
10.77.22.10
10.77.23.11
10.77.23.11
10.77.22.12
10.77.27.15
10.77.27.15
10.77.23.10
10.77.22.13
10.77.27.14
10.77.22.13
10.77.22.10
10.77.27.14
10.77.22.13
10.77.27.14
10.77.22.12
10.77.22.12
10.77.27.14
10.77.22.10
10.77.22.13
10.77.22.13
10.77.22.11
10.77.22.13
10.77.22.12
10.77.22.10
10.77.22.15
10.77.27.15
10.77.22.13
10.77.22.11
10.77.23.12
10.77.22.12
10.77.27.14
10.77.22.10
10.77.22.11
10.77.22.14
10.77.23.11
10.77.22.10
10.77.22.14
10.77.22.15
10.77.22.12
10.77.22.10
10.77.22.14
10.77.22.10
10.77.22.13
10.77.22.13
10.77.22.11
10.77.23.11
10.77.27.14
10.77.27.13
10.77.23.10
10.77.27.13
10.77.22.14
10.77.22.13
10.77.23.11
10.77.23.10
10.77.23.10
10.77.22.14
10.77.23.11
10.77.27.14
10.77.23.11
10.77.27.13
10.77.27.15
10.77.22.14
10.77.22.13
10.77.22.11
10.77.22.12
10.77.23.11
10.77.22.14
10.77.22.13
10.77.27.13
10.77.27.14
10.77.23.11
10.77.22.15
10.77.27.13
10.77.22.11
10.77.27.15
10.77.22.13
10.77.23.10
10.77.22.11
10.77.27.14
10.77.27.13
10.77.23.12
10.77.27.13
10.77.22.12
10.77.23.12
10.77.22.15
10.77.27.15
10.77.22.14
10.77.27.15
10.77.22.12
10.77.22.11
10.77.27.15
10.77.27.13
10.77.22.11
10.77.22.12
10.77.22.13
10.77.27.14
10.77.27.14
10.77.23.10
10.77.22.14
10.77.23.11
10.77.22.12
10.77.22.13
10.77.22.12
10.77.27.13
10.77.22.14
10.77.22.10
10.77.23.12
10.77.22.15
10.77.27.14
10.77.22.14
10.77.23.12
10.77.23.12
10.77.27.14
10.77.23.12
10.77.27.15
10.77.22.11
10.77.22.10
10.77.22.13
10.77.22.12
10.77.23.11
10.77.22.11
10.77.22.15
10.77.23.12
10.77.22.11
10.77.27.13
10.77.22.10
10.77.27.13
10.77.27.15
10.77.22.13
10.77.23.11
10.77.22.13
10.77.22.13
10.77.23.10
10.77.22.15
10.77.23.11
10.77.27.13
10.77.22.15
10.77.27.14
10.77.22.13
10.77.23.11
10.77.23.12
10.77.22.11
10.77.27.14
10.77.22.13
10.77.23.11
10.77.23.10
10.77.22.13
10.77.27.13
10.77.22.13
10.77.22.14
10.77.23.12
10.77.23.11
10.77.27.14
10.77.22.11
10.77.22.11
10.77.22.15
10.77.23.10
10.77.27.15
10.77.22.11
10.77.22.13
10.77.22.15
10.77.27.14
10.77.23.12
10.77.22.15
10.77.27.14
10.77.22.13
10.77.22.10
10.77.27.14
10.77.23.11
10.77.22.12
10.77.22.14
10.77.23.10
10.77.23.11
10.77.22.14
10.77.23.12
10.77.22.12
10.77.27.13
10.77.27.15
10.77.22.10
10.77.22.14
10.77.27.15
10.77.22.15
10.77.23.10
10.77.23.11
10.77.22.13
10.77.27.13
10.77.23.11
10.77.27.13
10.77.22.14
10.77.22.12
10.77.23.10
10.77.22.12
10.77.23.12
10.77.23.12
10.77.27.15
10.77.22.12
10.77.27.14
10.77.22.10
10.77.22.13
10.77.22.11
10.77.22.12
10.77.23.10
10.77.23.10
10.77.23.11
10.77.22.15
10.77.22.11
10.77.23.11
10.77.23.10
10.77.27.14
10.77.22.11
10.77.22.14
10.77.22.15
10.77.27.13
10.77.23.10
10.77.23.10
10.77.22.10
10.77.22.14
10.77.22.12
10.77.27.15
10.77.23.10
10.77.22.15
10.77.23.11
10.77.22.14
10.77.27.13
10.77.27.14
10.77.27.13
10.77.23.11
10.77.27.15
10.77.23.11
10.77.22.15
10.77.23.12
10.77.27.15
10.77.22.11
10.77.23.10
10.77.27.13
10.77.27.13
10.77.27.14
10.77.22.11
10.77.27.14
10.77.27.15
10.77.22.14
10.77.22.14
10.77.22.14
10.77.22.14
10.77.22.10
10.77.27.14
10.77.22.14
10.77.22.12
10.77.22.13
10.77.22.14
10.77.22.11
10.77.22.14
10.77.22.13
10.77.27.13
10.77.27.13
10.77.22.12
10.77.22.13
10.77.22.10
10.77.23.10
10.77.27.13
10.77.27.14
10.77.22.10
10.77.22.14
10.77.22.12
10.77.22.15
10.77.22.10
10.77.27.13
10.77.23.10
10.77.22.10
10.77.23.11
10.77.22.10
10.77.22.14
10.77.27.14
10.77.22.10
10.77.22.10
10.77.22.11
10.77.22.13
10.77.22.12
10.77.23.11
10.77.27.15
10.77.27.13
10.77.22.14
10.77.22.15
10.77.22.15
10.77.23.11
10.77.23.12
10.77.22.12
10.77.22.12
10.77.22.14
10.77.22.10
10.77.22.13
10.77.27.15
10.77.23.10
10.77.23.10
10.77.23.10
10.77.27.14
10.77.22.13
10.77.22.12
10.77.22.11
10.77.23.12
10.77.22.11
10.77.23.12
10.77.23.12
10.77.23.10
10.77.23.10
10.77.22.13
10.77.22.15
10.77.22.15
10.77.22.10
10.77.22.12
10.77.23.10
10.77.23.12
10.77.23.12
10.77.23.11
10.77.22.11
10.77.23.10
10.77.22.14
10.77.23.12
10.77.27.13
10.77.23.11
10.77.22.15
10.77.22.11
10.77.22.11
10.77.27.13
10.77.23.11
10.77.22.10
10.77.22.15
10.77.27.15
10.77.23.10
10.77.22.13
10.77.22.11
10.77.22.10
10.77.27.15
10.77.22.12
10.77.22.15
10.77.22.11
10.77.27.15
10.77.23.10
10.77.22.15
10.77.22.12
10.77.22.15
10.77.22.12
10.77.22.10
10.77.27.13
10.77.23.10
10.77.27.13
10.77.23.11
10.77.22.12
10.77.23.10
10.77.27.13
10.77.22.11
10.77.22.11
10.77.22.11
10.77.22.15
10.77.23.10
10.77.22.11
10.77.23.11
10.77.27.15
10.77.22.15
10.77.22.11
10.77.27.15
10.77.23.12
10.77.22.11
10.77.27.14
10.77.23.10
10.77.22.12
10.77.27.13
10.77.22.15
10.77.23.12
10.77.27.15
10.77.22.15
10.77.23.12
10.77.22.15
10.77.27.13
10.77.27.15
10.77.27.15
10.77.27.13
10.77.22.15
10.77.23.11
10.77.23.12
10.77.22.11
10.77.22.11
10.77.22.12
10.77.23.12
10.77.23.10
10.77.22.11
10.77.23.12
10.77.22.14
10.77.22.10
10.77.27.15
10.77.22.12
10.77.23.12
10.77.22.14
10.77.27.15
10.77.22.10
10.77.27.13
10.77.22.12
10.77.22.15
10.77.22.13
10.77.23.10
10.77.23.10
10.77.22.11
10.77.22.11
10.77.22.11
10.77.22.10
10.77.27.15
10.77.22.10
10.77.22.11
10.77.22.11
10.77.27.14
10.77.22.12
10.77.22.13
10.77.27.13
10.77.22.11
10.77.27.15
10.77.22.12
10.77.22.12
10.77.23.12
10.77.22.10
10.77.22.12
10.77.22.11
10.77.22.14
10.77.22.14
10.77.22.14
10.77.22.15
10.77.22.13
10.77.23.12
10.77.22.11
10.77.23.10
10.77.22.12
10.77.22.11
10.77.22.13
10.77.22.11
10.77.27.13
10.77.22.10
10.77.22.14
10.77.22.13
10.77.23.11
10.77.23.11
10.77.23.12
10.77.22.10
10.77.22.12
10.77.22.15
10.77.27.14
10.77.22.10
10.77.23.11
10.77.23.10
10.77.22.14
10.77.27.14
10.77.22.11
10.77.27.15
10.77.23.11
10.77.22.15
10.77.22.14
10.77.22.14
10.77.22.14
10.77.27.15
10.77.22.10
10.77.23.12
10.77.27.14
10.77.22.11
10.77.27.15
10.77.27.14
10.77.22.10
10.77.22.14
10.77.23.11
10.77.22.10
10.77.22.13
10.77.22.14
10.77.22.10
10.77.22.12
10.77.22.15
10.77.23.12
10.77.22.14
10.77.23.11
10.77.22.10
10.77.22.15
10.77.22.15
10.77.22.14
10.77.22.11
10.77.23.10
10.77.22.10
10.77.23.11
10.77.22.14
10.77.22.11
10.77.22.13
10.77.27.13
10.77.22.14
10.77.22.10
10.77.23.10
10.77.22.10
10.77.22.11
10.77.22.14
10.77.22.11
10.77.23.11
10.77.22.15
10.77.23.10
10.77.22.15
10.77.27.14
10.77.27.14
10.77.22.15
10.77.22.15
10.77.23.12
10.77.22.14
10.77.27.15
10.77.27.13
10.77.22.10
10.77.22.14
10.77.27.13
10.77.23.12
10.77.22.10
10.77.22.15
10.77.23.12
10.77.22.12
10.77.22.15
10.77.22.10
10.77.22.15
10.77.22.14
10.77.22.13
10.77.22.15
10.77.22.10
10.77.22.12
10.77.27.14
10.77.23.12
10.77.22.12
10.77.27.14
10.77.23.12
10.77.27.13
10.77.23.12
10.77.22.10
10.77.27.14
10.77.27.14
10.77.22.10
10.77.27.13
10.77.27.14
10.77.22.10
10.77.22.15
10.77.22.14
10.77.23.10
10.77.27.15
10.77.23.10
10.77.27.15
10.77.27.14
10.77.27.14
10.77.23.10
10.77.22.13
10.77.23.10
10.77.27.15
10.77.22.12
10.77.22.13
10.77.27.13
10.77.22.15
10.77.27.15
10.77.23.10
10.77.27.13
10.77.27.15
10.77.22.14
10.77.22.11
10.77.27.13
10.77.22.13
10.77.23.10
10.77.23.10
10.77.22.15
10.77.27.14
10.77.27.14
10.77.22.12
10.77.27.14
10.77.27.15
10.77.27.13
10.77.22.11
10.77.22.10
10.77.22.10
10.77.23.12
10.77.27.13
10.77.27.13
10.77.22.15
10.77.23.12
10.77.22.12
10.77.22.13
10.77.23.11
10.77.27.15
10.77.27.13
10.77.22.12
10.77.22.15
10.77.27.14
10.77.27.15
10.77.22.10
10.77.22.12
10.77.22.10
10.77.27.13
10.77.22.11
10.77.22.15
10.77.23.10
10.77.27.15
10.77.23.11
10.77.23.10
10.77.22.13
10.77.27.13
10.77.22.14
10.77.22.11
10.77.27.15
10.77.23.10
10.77.23.12
10.77.23.10
10.77.23.11
10.77.22.11
10.77.27.13
10.77.23.12
10.77.22.15
10.77.22.15
10.77.22.14
10.77.23.12
10.77.23.12
10.77.23.11
10.77.27.13
10.77.27.15
10.77.22.15
10.77.27.15
10.77.23.10
10.77.22.10
10.77.22.13
10.77.22.14
10.77.27.14
10.77.27.14
10.77.27.15
10.77.27.14
10.77.22.12
10.77.22.13
10.77.27.14
10.77.23.10
10.77.23.11
10.77.22.13
10.77.23.11
10.77.22.14
10.77.27.13
10.77.22.13
10.77.27.14
10.77.27.13
10.77.27.14
10.77.22.12
10.77.22.13
10.77.22.10
10.77.22.15
10.77.22.13
10.77.27.14
10.77.27.13
10.77.22.11
10.77.23.11
10.77.23.12
10.77.23.11
10.77.22.13
10.77.27.13
10.77.22.12
10.77.22.11
10.77.27.14
10.77.22.15
10.77.27.13
10.77.22.10
10.77.22.13
10.77.22.13
10.77.23.12
10.77.27.15
10.77.22.14
10.77.27.14
10.77.22.15
10.77.23.12
10.77.22.15
10.77.22.11
10.77.27.13
10.77.22.14
10.77.22.11
10.77.23.11
10.77.23.11
10.77.22.12
10.77.23.10
10.77.22.15
10.77.22.14
10.77.27.14
10.77.22.10
10.77.27.13
10.77.22.12
10.77.22.13
10.77.22.14
10.77.22.11
10.77.22.15
10.77.23.12
10.77.22.14
10.77.23.12
10.77.27.13
10.77.23.12
10.77.22.12
10.77.27.14
10.77.27.13
10.77.27.15
10.77.23.11
10.77.27.13
10.77.23.11
10.77.22.11
10.77.22.14
10.77.23.11
10.77.22.15
10.77.23.12
10.77.23.12
10.77.23.12
10.77.27.13
10.77.22.12
10.77.22.11
10.77.22.14
10.77.27.14
10.77.23.11
10.77.27.14
10.77.22.15
10.77.22.12
10.77.22.10
10.77.23.11
10.77.22.12
10.77.22.14
10.77.23.10
10.77.22.14
10.77.22.13
10.77.22.15
10.77.22.13
10.77.23.10
10.77.27.13
10.77.22.15
10.77.27.15
10.77.22.10
10.77.27.13
10.77.22.15
10.77.27.13
10.77.27.15
10.77.22.12
10.77.27.15
10.77.22.10
10.77.22.14
10.77.22.13
10.77.27.13
10.77.23.12
10.77.22.15
10.77.27.15
10.77.27.14
10.77.27.13
10.77.23.11
10.77.22.11
10.77.27.14
10.77.27.15
10.77.23.11
10.77.22.15
10.77.22.15
10.77.23.11
10.77.22.12
10.77.22.15
10.77.22.11
10.77.27.13
10.77.22.11
10.77.22.13
10.77.23.11
10.77.27.15
10.77.27.13
10.77.22.15
10.77.23.11
10.77.22.10
10.77.27.13
10.77.22.14
10.77.22.15
10.77.27.15
10.77.27.14
10.77.22.11
10.77.22.13
10.77.23.10
10.77.22.11
10.77.27.13
10.77.27.13
10.77.23.11
10.77.27.14
10.77.22.12
10.77.22.10
10.77.27.15
10.77.27.15
10.77.22.11
10.77.23.11
10.77.22.15
10.77.27.13
10.77.22.10
10.77.23.10
10.77.22.15
10.77.27.15
10.77.22.12
10.77.23.11
10.77.22.15
10.77.22.12
10.77.27.15
10.77.22.15
10.77.22.15
10.77.22.10
10.77.27.14
10.77.22.10
10.77.22.10
10.77.27.14
10.77.22.13
10.77.27.13
10.77.22.11
10.77.22.14
10.77.22.15
10.77.22.13
10.77.23.12
10.77.27.15
10.77.23.10
10.77.22.14
10.77.22.13
10.77.27.14
10.77.22.11
10.77.27.15
10.77.22.13
10.77.22.14
10.77.23.12
10.77.23.10
10.77.27.13
10.77.27.15
10.77.27.15
10.77.22.12
10.77.23.12
10.77.22.15
10.77.22.11
10.77.27.14
10.77.22.14
10.77.23.10
10.77.27.14
10.77.27.13
10.77.22.13
10.77.23.10
10.77.22.11
10.77.22.10
10.77.27.13
10.77.22.12
10.77.23.11
10.77.22.13
10.77.27.13
10.77.22.10
10.77.23.10
10.77.22.13
10.77.22.12
10.77.27.13
10.77.27.13
10.77.22.12
10.77.23.12
10.77.23.10
10.77.27.13
10.77.22.10
10.77.22.14
10.77.23.11
10.77.22.13
10.77.23.10
10.77.27.14
10.77.22.12
10.77.22.10
10.77.22.10
10.77.27.15
10.77.23.12
10.77.22.11
10.77.27.15
10.77.22.12
10.77.23.10
10.77.23.11
10.77.27.14
10.77.22.12
10.77.22.11
10.77.27.14
10.77.23.11
10.77.27.14
10.77.22.13
10.77.23.12
10.77.22.15
10.77.27.13
10.77.27.15
10.77.23.12
10.77.22.10
10.77.22.13
10.77.22.10
10.77.22.15
10.77.27.15
10.77.22.10
10.77.22.15
10.77.22.13
10.77.22.14
10.77.27.13
10.77.22.15
10.77.22.15
10.77.22.11
10.77.27.15
10.77.23.11
10.77.22.10
10.77.27.15
10.77.22.14
10.77.22.10
10.77.22.12
10.77.27.15
10.77.23.11
10.77.27.14
10.77.27.15
10.77.22.12
10.77.22.10
10.77.22.13
10.77.23.11
10.77.22.14
10.77.23.10
10.77.22.10
10.77.22.10
10.77.22.11
10.77.22.15
10.77.22.14
10.77.27.15
10.77.22.13
10.77.22.15
10.77.22.11
10.77.27.14
10.77.27.14
10.77.22.13
10.77.27.15
10.77.22.10
10.77.23.11
10.77.27.14
10.77.22.13
10.77.22.14
10.77.27.13
10.77.23.10
10.77.23.12
10.77.22.11
10.77.27.13
10.77.23.12
10.77.27.15
10.77.22.14
10.77.27.15
10.77.22.10
10.77.22.11
10.77.22.15
10.77.22.11
10.77.27.13
10.77.22.11
10.77.22.15
10.77.22.12
10.77.23.10
10.77.22.15
10.77.22.15
10.77.22.12
10.77.22.14
10.77.22.15
10.77.27.15
10.77.27.13
10.77.22.14
10.77.23.10
10.77.27.15
10.77.22.11
10.77.22.13
10.77.27.15
10.77.23.12
10.77.22.12
10.77.22.14
10.77.23.11
10.77.22.12
10.77.23.12
10.77.22.11
10.77.23.10
10.77.27.14
10.77.22.10
10.77.23.12
10.77.27.15
10.77.22.12
10.77.27.15
10.77.27.15
10.77.22.12
10.77.27.13
10.77.27.14
10.77.22.11
10.77.22.14
10.77.27.14
10.77.22.15
10.77.22.15
10.77.22.10
10.77.22.13
10.77.22.13
10.77.22.13
10.77.22.10
10.77.23.12
10.77.22.14
10.77.22.10
10.77.22.14
10.77.22.13
10.77.22.13
10.77.22.14
10.77.22.10
10.77.22.10
10.77.22.14
10.77.22.10
10.77.22.10
10.77.27.15
10.77.23.11
10.77.27.14
10.77.22.13
10.77.27.15
10.77.27.15
10.77.27.14
10.77.22.12
10.77.27.15
10.77.27.15
10.77.22.10
10.77.22.14
10.77.27.13
10.77.22.15
10.77.27.14
10.77.22.12
10.77.27.13
10.77.23.12
10.77.27.15
10.77.22.14
10.77.27.15
10.77.22.14
10.77.22.11
10.77.27.14
10.77.23.11
10.77.27.15
10.77.23.12
10.77.23.12
10.77.22.11
10.77.22.15
10.77.27.13
10.77.22.10
10.77.23.11
10.77.22.13
10.77.22.11
10.77.22.11
10.77.27.14
10.77.27.13
10.77.22.14
10.77.27.13
10.77.27.14
10.77.27.14
10.77.27.15
10.77.23.11
10.77.27.14
10.77.23.12
10.77.22.11
10.77.22.13
10.77.23.11
10.77.27.14
10.77.22.12
10.77.23.10
10.77.22.12
10.77.27.13
10.77.22.13
10.77.23.10
10.77.22.13
10.77.22.12
10.77.27.15
10.77.22.14
10.77.27.13
10.77.27.13
10.77.22.12
10.77.22.13
10.77.23.12
10.77.27.15
10.77.23.10
10.77.27.15
10.77.23.12
10.77.27.14
10.77.22.11
10.77.22.10
10.77.22.10
10.77.22.11
10.77.23.12
10.77.27.14
10.77.27.13
10.77.27.15
10.77.22.11
10.77.22.15
10.77.23.12
10.77.22.15
10.77.22.14
10.77.22.10
10.77.27.15
10.77.22.12
10.77.23.11
10.77.22.11
10.77.22.12
10.77.22.10
10.77.22.15
10.77.23.11
10.77.23.12
10.77.22.11
10.77.22.15
10.77.27.14
10.77.22.13
10.77.22.14
10.77.22.13
10.77.23.11
10.77.27.14
10.77.22.11
10.77.27.15
10.77.23.10
10.77.27.13
10.77.23.10
10.77.22.14
10.77.22.13
10.77.22.11
10.77.22.14
10.77.23.10
10.77.23.12
10.77.27.14
10.77.23.10
10.77.23.10
10.77.22.11
10.77.22.14
10.77.23.10
10.77.27.15
10.77.23.11
10.77.22.13
10.77.22.11
10.77.23.11
10.77.23.12
10.77.22.11
10.77.27.13
10.77.27.13
10.77.27.14
10.77.22.14
10.77.27.15
10.77.23.10
10.77.23.11
10.77.22.11
10.77.22.13
10.77.22.11
10.77.22.15
10.77.23.12
10.77.23.12
10.77.27.13
10.77.23.11
10.77.27.15
10.77.22.11
10.77.27.13
10.77.22.11
10.77.22.10
10.77.27.13
10.77.22.11
10.77.23.11
10.77.23.10
10.77.23.12
10.77.27.14
10.77.27.14
10.77.27.14
10.77.22.11
10.77.27.13
10.77.27.14
10.77.27.13
10.77.23.10
10.77.23.11
10.77.27.15
10.77.22.15
10.77.22.12
10.77.27.14
10.77.22.12
10.77.27.13
10.77.22.14
10.77.22.12
10.77.27.15
10.77.22.11
10.77.22.13
10.77.23.12
10.77.22.13
10.77.22.10
10.77.22.13
10.77.23.12
10.77.23.10
10.77.22.13
10.77.22.11
10.77.22.14
10.77.27.13
10.77.23.12
10.77.23.11
10.77.27.13
10.77.23.11
10.77.22.12
10.77.27.13
10.77.22.10
10.77.27.13
10.77.23.12
10.77.27.14
10.77.23.12
10.77.22.14
10.77.27.14
10.77.23.10
10.77.22.15
10.77.23.11
10.77.23.12
10.77.22.10
10.77.23.11
10.77.22.13
10.77.22.14
10.77.22.13
10.77.22.13
10.77.22.14
10.77.22.13
10.77.27.14
10.77.22.13
10.77.27.14
10.77.22.11
10.77.27.14
10.77.22.10
10.77.27.14
10.77.23.10
10.77.27.14
10.77.23.10
10.77.22.14
10.77.27.14
10.77.23.11
10.77.27.13
10.77.23.12
10.77.22.10
10.77.22.10
10.77.23.10
10.77.23.10
10.77.27.15
10.77.27.15
10.77.22.13
10.77.27.14
10.77.22.11
10.77.22.15
10.77.22.15
10.77.23.12
10.77.23.12
10.77.22.12
10.77.27.15
10.77.23.10
10.77.22.15
10.77.27.13
10.77.22.11
10.77.22.15
10.77.27.15
10.77.23.12
10.77.22.10
10.77.22.13
10.77.23.11
10.77.27.13
10.77.22.10
10.77.22.15
10.77.23.12
10.77.27.14
10.77.22.15
10.77.22.11
10.77.23.12
10.77.23.12
10.77.22.10
10.77.23.11
10.77.23.10
10.77.23.11
10.77.23.12
10.77.27.15
10.77.23.10
10.77.22.13
10.77.27.14
10.77.23.10
10.77.22.10
10.77.23.10
10.77.22.14
10.77.23.10
10.77.22.10
10.77.23.10
10.77.23.11
10.77.22.11
10.77.27.14
10.77.23.11
10.77.23.11
10.77.22.11
10.77.23.11
10.77.22.11
10.77.22.11
10.77.22.15
10.77.27.14
10.77.22.11
10.77.22.15
10.77.23.11
10.77.27.14
10.77.22.15
10.77.23.10
10.77.22.12
10.77.27.15
10.77.22.13
10.77.22.12
10.77.27.13
10.77.22.11
10.77.23.11
10.77.22.15
10.77.22.12
10.77.23.10
10.77.23.12
10.77.22.12
10.77.27.14
10.77.22.13
10.77.22.11
10.77.22.13
10.77.23.10
10.77.22.10
10.77.23.11
10.77.22.14
10.77.23.11
10.77.22.15
10.77.23.10
10.77.23.10
10.77.22.13
10.77.27.14
10.77.22.10
10.77.22.15
10.77.27.15
10.77.22.13
10.77.23.10
10.77.27.13
10.77.27.13
10.77.22.10
10.77.22.10
10.77.23.11
10.77.22.11
10.77.22.14
10.77.27.15
10.77.27.14
10.77.22.12
10.77.23.11
10.77.27.15
10.77.22.11
10.77.23.10
10.77.22.10
10.77.22.11
10.77.22.10
10.77.27.15
10.77.27.14
10.77.22.10
10.77.23.10
10.77.27.13
10.77.27.15
10.77.22.15
10.77.22.14
10.77.22.10
10.77.23.12
10.77.22.12
10.77.23.12
10.77.22.15
10.77.22.15
10.77.23.11
10.77.22.10
10.77.22.15
10.77.23.12
10.77.23.12
10.77.27.14
10.77.22.10
10.77.23.12
10.77.27.14
10.77.22.11
10.77.22.11
10.77.22.11
10.77.22.14
10.77.23.10
10.77.22.13
10.77.27.13
10.77.23.11
10.77.23.11
10.77.22.13
10.77.23.10
10.77.22.14
10.77.27.15
10.77.22.14
10.77.22.10
10.77.22.13
10.77.23.10
10.77.27.15
10.77.27.13
10.77.22.14
10.77.23.11
10.77.22.15
10.77.27.13
10.77.22.15
10.77.22.11
10.77.23.11
10.77.23.10
10.77.27.13
10.77.22.15
10.77.27.14
10.77.23.11
10.77.23.11
10.77.22.13
10.77.23.10
10.77.27.13
10.77.23.12
10.77.23.11
10.77.23.12
10.77.27.15
10.77.22.13
10.77.22.12
10.77.22.13
10.77.23.12
10.77.27.14
10.77.22.15
10.77.22.11
10.77.22.12
10.77.27.14
10.77.22.10
10.77.22.10
10.77.22.14
10.77.22.11
10.77.23.11
10.77.23.12
10.77.23.11
10.77.22.11
10.77.23.10
10.77.27.15
10.77.22.12
10.77.22.13
10.77.22.12
10.77.23.11
10.77.27.14
10.77.23.10
10.77.22.11
10.77.22.12
10.77.27.13
10.77.27.13
10.77.27.14
10.77.27.15
10.77.22.13
10.77.22.13
10.77.23.10
10.77.22.12
10.77.22.13
10.77.23.10
10.77.22.10
10.77.27.14
10.77.22.13
10.77.27.14
10.77.22.15
10.77.23.12
10.77.22.13
10.77.22.12
10.77.23.11
10.77.22.10
10.77.22.13
10.77.22.15
10.77.22.12
10.77.27.14
10.77.23.12
10.77.23.11
10.77.27.13
10.77.23.12
10.77.22.10
10.77.22.15
10.77.22.15
10.77.27.13
10.77.22.12
10.77.27.14
10.77.23.12
10.77.23.12
10.77.22.12
10.77.22.13
10.77.22.14
10.77.27.14
10.77.23.10
10.77.22.12
10.77.27.14
10.77.27.14
10.77.27.13
10.77.22.12
10.77.22.11
10.77.27.15
10.77.22.15
10.77.23.10
10.77.22.14
10.77.27.13
10.77.22.10
10.77.22.11
10.77.23.12
10.77.23.10
10.77.23.10
10.77.22.12
10.77.27.14
10.77.22.14
10.77.22.13
10.77.22.11
10.77.27.15
10.77.22.11
10.77.22.11
10.77.27.13
10.77.22.10
10.77.23.12
10.77.27.14
10.77.22.11
10.77.27.13
10.77.22.12
10.77.22.15
10.77.27.13
10.77.23.11
10.77.27.14
10.77.22.10
10.77.22.12
10.77.22.10
10.77.22.13
10.77.22.11
10.77.22.15
10.77.23.12
10.77.22.12
10.77.23.10
10.77.27.15
10.77.22.11
10.77.22.14
10.77.23.10
10.77.22.14
10.77.27.13
10.77.22.15
10.77.23.12
10.77.27.14
10.77.23.11
10.77.23.12
10.77.23.12
10.77.22.14
10.77.22.13
10.77.27.15
10.77.23.10
10.77.22.11
10.77.23.10
10.77.22.13
10.77.23.10
10.77.22.10
10.77.27.14
10.77.27.15
10.77.22.10
10.77.23.11
10.77.22.12
10.77.27.13
10.77.22.13
10.77.23.10
10.77.23.10
10.77.22.11
10.77.23.12
10.77.22.11
10.77.23.10
10.77.27.14
10.77.23.11
10.77.22.14
10.77.22.15
10.77.22.14
10.77.23.12
10.77.23.10
10.77.27.13
10.77.23.11
10.77.22.15
10.77.22.10
10.77.22.10
10.77.22.15
10.77.23.10
10.77.27.13
10.77.22.11
10.77.27.15
10.77.23.10
10.77.22.10
10.77.27.15
10.77.22.11
10.77.23.11
10.77.23.10
10.77.22.11
10.77.22.14
10.77.27.13
10.77.23.12
10.77.23.10
10.77.23.10
10.77.22.11
10.77.23.10
10.77.22.11
10.77.22.14
10.77.23.12
10.77.23.12
10.77.23.11
10.77.23.11
10.77.27.14
10.77.22.14
10.77.23.11
10.77.23.10
10.77.22.15
10.77.23.12
10.77.23.11
10.77.23.10
10.77.22.13
10.77.27.15
10.77.22.14
10.77.22.11
10.77.23.10
10.77.23.12
10.77.22.12
10.77.22.14
10.77.23.11
10.77.22.12
10.77.23.11
10.77.27.15
10.77.22.14
10.77.23.11
10.77.22.11
10.77.22.13
10.77.23.11
10.77.27.13
10.77.22.10
10.77.23.10
10.77.23.12
10.77.27.15
10.77.22.14
10.77.27.14
10.77.27.14
10.77.23.10
10.77.22.14
10.77.22.14
10.77.22.12
10.77.22.14
10.77.27.13
10.77.22.14
10.77.22.15
10.77.22.10
10.77.23.11
10.77.23.12
10.77.27.13
10.77.23.10
10.77.27.15
10.77.27.15
10.77.22.12
10.77.23.10
10.77.22.15
10.77.23.10
10.77.23.12
10.77.22.15
10.77.22.13
10.77.27.14
10.77.27.13
10.77.27.14
10.77.22.15
10.77.22.11
10.77.27.15
10.77.22.13
10.77.22.12
10.77.22.15
10.77.22.14
10.77.27.13
10.77.22.15
10.77.27.13
10.77.27.13
10.77.22.13
10.77.22.13
10.77.22.13
10.77.27.13
10.77.27.14
10.77.27.15
10.77.22.12
10.77.23.10
10.77.22.12
10.77.22.11
10.77.23.11
10.77.22.14
10.77.23.11
10.77.22.11
10.77.22.13
10.77.27.15
10.77.23.11
10.77.22.11
10.77.22.10
10.77.22.14
10.77.22.13
10.77.22.13
10.77.23.10
10.77.22.10
10.77.22.12
10.77.27.15
10.77.23.12
10.77.22.11
10.77.23.11
10.77.27.13
10.77.22.10
10.77.22.13
10.77.22.11
10.77.22.13
10.77.23.10
10.77.23.11
10.77.23.10
10.77.23.12
10.77.22.12
10.77.27.15
10.77.23.12
10.77.23.12
10.77.23.11
10.77.22.10
10.77.27.13
10.77.22.15
10.77.23.11
10.77.23.10
10.77.22.14
10.77.23.11
10.77.22.13
10.77.22.14
10.77.27.13
10.77.22.15
10.77.22.12
10.77.22.10
10.77.23.11
10.77.23.11
10.77.22.14
10.77.23.11
10.77.22.14
10.77.22.12
10.77.22.10
10.77.27.14
10.77.22.12
10.77.22.15
10.77.23.11
10.77.27.15
10.77.23.11
10.77.27.13
10.77.22.15
10.77.22.14
10.77.22.12
10.77.27.14
10.77.27.13
10.77.22.13
10.77.23.10
10.77.22.13
10.77.22.13
10.77.23.11
10.77.23.11
10.77.22.11
10.77.27.13
10.77.22.11
10.77.23.10
10.77.22.11
10.77.22.12
10.77.27.13
10.77.22.12
10.77.22.10
10.77.22.11
10.77.23.12
10.77.27.13
10.77.27.14
10.77.27.14
10.77.27.15
10.77.22.15
10.77.22.12
10.77.23.11
10.77.23.12
10.77.23.12
10.77.22.11
10.77.22.10
10.77.23.12
10.77.23.12
10.77.22.12
10.77.22.13
10.77.22.15
10.77.22.11
10.77.22.13
10.77.23.11
10.77.27.14
10.77.22.14
10.77.27.13
10.77.22.10
10.77.22.12
10.77.27.14
10.77.22.14
10.77.22.10
10.77.22.14
10.77.27.15
10.77.23.10
10.77.23.10
10.77.23.12
10.77.22.11
10.77.22.15
10.77.27.15
10.77.23.12
10.77.22.14
10.77.22.12
10.77.23.12
10.77.22.12
10.77.22.13
10.77.27.15
10.77.22.11
10.77.23.10
10.77.22.12
10.77.27.13
10.77.22.15
10.77.27.14
10.77.22.10
10.77.22.14
10.77.27.14
10.77.22.12
10.77.23.12
10.77.23.12
10.77.22.13
10.77.23.10
10.77.22.12
10.77.23.11
10.77.22.12
10.77.23.12
10.77.23.10
10.77.23.12
10.77.23.11
10.77.27.13
10.77.22.10
10.77.23.11
10.77.23.11
10.77.23.11
10.77.22.12
10.77.22.11
10.77.23.10
10.77.22.11
10.77.22.13
10.77.27.15
10.77.22.15
10.77.23.11
10.77.23.11
10.77.22.12
10.77.22.12
10.77.22.11
10.77.23.11
10.77.22.11
10.77.23.11
10.77.23.10
10.77.22.10
10.77.22.10
10.77.22.14
10.77.23.12
10.77.23.10
10.77.27.14
10.77.27.14
10.77.22.13
10.77.27.14
10.77.23.12
10.77.23.10
10.77.22.12
10.77.22.10
10.77.22.14
10.77.23.12
10.77.22.15
10.77.22.15
10.77.23.11
10.77.27.15
10.77.22.15
10.77.27.13
10.77.22.15
10.77.22.13
10.77.27.15
10.77.22.14
10.77.22.14
10.77.22.11
10.77.27.14
10.77.22.14
10.77.23.12
10.77.22.13
10.77.22.15
10.77.27.15
10.77.23.11
10.77.27.13
10.77.22.11
10.77.22.11
10.77.23.11
10.77.22.14
10.77.22.13
10.77.22.15
10.77.22.15
10.77.23.12
10.77.27.15
10.77.23.10
10.77.27.14
10.77.27.15
10.77.22.15
10.77.22.15
10.77.23.10
10.77.22.15
10.77.22.11
10.77.23.10
10.77.22.10
10.77.23.11
10.77.23.12
10.77.22.14
10.77.23.12
10.77.22.11
10.77.22.10
10.77.22.15
10.77.23.10
10.77.23.11
10.77.27.15
10.77.27.13
10.77.22.14
10.77.27.14
10.77.27.13
10.77.23.12
10.77.27.13
10.77.22.10
10.77.22.11
10.77.22.13
10.77.27.14
10.77.22.14
10.77.23.11
10.77.27.13
10.77.27.15
10.77.22.15
10.77.22.10
10.77.23.12
10.77.27.13
10.77.27.15
10.77.22.11
10.77.27.13
10.77.22.10
10.77.22.10
10.77.22.12
10.77.22.10
10.77.27.14
10.77.23.11
10.77.23.11
10.77.22.12
10.77.22.12
10.77.22.15
10.77.27.14
10.77.27.14
10.77.27.13
10.77.22.14
10.77.27.15
10.77.27.14
10.77.22.10
10.77.22.13
10.77.22.15
10.77.27.13
10.77.22.12
10.77.23.11
10.77.23.11
10.77.22.12
10.77.23.11
10.77.27.15
10.77.22.13
10.77.27.15
10.77.27.15
10.77.22.11
10.77.27.14
10.77.27.14
10.77.22.11
10.77.27.13
10.77.23.12
10.77.27.14
10.77.22.12
10.77.23.11
10.77.27.14
10.77.22.13
10.77.22.11
10.77.22.13
10.77.23.10
10.77.23.11
10.77.27.13
10.77.23.10
10.77.22.11
10.77.23.10
10.77.23.10
10.77.22.15
10.77.23.10
10.77.22.11
10.77.27.14
10.77.27.15
10.77.23.11
10.77.22.12
10.77.27.13
10.77.23.12
10.77.22.12
10.77.23.11
10.77.22.11
10.77.22.14
10.77.23.11
10.77.22.12
10.77.22.15
10.77.22.12
10.77.27.15
10.77.22.15
10.77.27.14
10.77.27.14
10.77.22.15
10.77.23.12
10.77.23.10
10.77.22.15
10.77.22.10
10.77.22.11
10.77.22.14
10.77.23.11
10.77.22.12
10.77.22.11
10.77.22.11
10.77.22.12
10.77.22.11
10.77.22.12
10.77.22.13
10.77.22.10
10.77.22.15
10.77.22.11
10.77.22.12
10.77.22.13
10.77.22.12
10.77.22.10
10.77.22.12
10.77.27.14
10.77.22.14
10.77.22.13
10.77.23.11
10.77.22.10
10.77.27.14
10.77.22.10
10.77.27.14
10.77.22.11
10.77.23.12
10.77.22.11
10.77.23.11
10.77.27.14
10.77.23.11
10.77.22.11
10.77.27.13
10.77.27.13
10.77.23.12
10.77.27.15
10.77.27.14
10.77.27.14
10.77.23.12
10.77.27.15
10.77.27.13
10.77.22.15
10.77.22.15
10.77.23.12
10.77.22.11
10.77.22.10
10.77.23.12
10.77.22.14
10.77.22.11
10.77.22.13
10.77.22.11
10.77.22.10
10.77.27.13
10.77.23.11
10.77.22.10
10.77.27.15
10.77.23.10
10.77.22.11
10.77.23.10
10.77.22.14
10.77.22.13
10.77.23.12
10.77.22.15
10.77.22.10
10.77.22.11
10.77.27.15
10.77.23.11
10.77.27.13
10.77.23.10
10.77.27.14
10.77.27.13
10.77.27.13
10.77.22.14
10.77.27.14
10.77.27.13
10.77.23.10
10.77.22.11
10.77.23.12
10.77.22.14
10.77.27.14
10.77.22.12
10.77.27.14
10.77.22.11
10.77.27.15
10.77.27.14
10.77.22.12
10.77.22.11
10.77.27.15
10.77.23.12
10.77.22.10
10.77.22.12
10.77.22.12
10.77.27.15
10.77.22.13
10.77.23.12
10.77.22.12
10.77.27.13
10.77.22.12
10.77.22.10
10.77.22.14
10.77.22.12
10.77.27.13
10.77.27.14
10.77.22.11
10.77.22.15
10.77.22.15
10.77.22.13
10.77.22.13
10.77.22.10
10.77.23.11
10.77.22.14
10.77.22.13
10.77.22.12
10.77.22.15
10.77.22.11
10.77.27.13
10.77.23.10
10.77.22.14
10.77.23.11
10.77.27.13
10.77.22.10
10.77.23.12
10.77.22.15
10.77.27.13
10.77.27.14
10.77.22.10
10.77.22.11
10.77.22.12
10.77.22.14
10.77.22.10
10.77.22.14
10.77.22.14
10.77.22.15
10.77.22.11
10.77.22.11
10.77.27.13
10.77.22.12
10.77.22.15
10.77.22.15
10.77.27.13
10.77.27.15
10.77.22.12
10.77.22.14
10.77.22.11
10.77.22.15
10.77.23.12
10.77.23.12
10.77.27.13
10.77.22.11
10.77.22.12
10.77.23.11
10.77.22.11
10.77.22.12
10.77.23.10
10.77.27.15
10.77.27.15
10.77.22.13
10.77.27.13
10.77.22.10
10.77.22.12
10.77.23.10
10.77.22.14
10.77.22.15
10.77.27.14
10.77.22.10
10.77.22.13
10.77.22.11
10.77.23.11
10.77.22.13
10.77.22.13
10.77.23.10
10.77.27.15
10.77.27.13
10.77.22.13
10.77.27.15
10.77.27.13
10.77.22.10
10.77.22.11
10.77.23.12
10.77.27.14
10.77.22.10
10.77.22.10
10.77.22.14
10.77.27.13
10.77.23.11
10.77.27.13
10.77.23.10
10.77.23.11
10.77.27.14
10.77.27.13
10.77.23.11
10.77.27.15
10.77.22.12
10.77.23.11
10.77.23.11
10.77.23.10
10.77.22.15
10.77.22.12
10.77.23.10
10.77.22.10
10.77.27.15
10.77.23.10
10.77.27.15
10.77.27.14
10.77.23.10
10.77.27.13
10.77.22.13
10.77.27.14
10.77.23.12
10.77.23.10
10.77.27.15
10.77.23.11
10.77.27.14
10.77.27.14
10.77.22.12
10.77.23.11
10.77.22.13
10.77.22.12
10.77.22.10
10.77.22.13
10.77.23.11
10.77.22.13
10.77.22.15
10.77.22.15
10.77.23.12
10.77.22.12
10.77.22.13
10.77.27.14
10.77.27.15
10.77.27.13
10.77.22.14
10.77.22.12
10.77.23.11
10.77.23.11
10.77.27.14
10.77.22.11
10.77.23.11
10.77.27.14
10.77.22.10
10.77.23.11
10.77.27.14
10.77.22.11
10.77.23.12
10.77.22.14
10.77.27.15
10.77.22.10
10.77.27.15
10.77.27.13
10.77.22.13
10.77.23.12
10.77.23.12
10.77.22.11
10.77.22.12
10.77.23.10
10.77.27.15
10.77.22.10
10.77.27.15
10.77.23.10
10.77.22.14
10.77.23.11
10.77.27.13
10.77.22.10
10.77.27.13
10.77.27.15
10.77.23.10
10.77.22.13
10.77.23.12
10.77.22.13
10.77.27.15
10.77.23.11
10.77.22.14
10.77.27.14
10.77.27.15
10.77.22.15
10.77.22.13
10.77.22.12
10.77.23.10
10.77.22.13
10.77.23.10
10.77.22.10
10.77.22.15
10.77.22.11
10.77.22.15
10.77.27.13
10.77.27.13
10.77.22.13
10.77.22.12
10.77.22.14
10.77.27.15
10.77.27.14
10.77.27.15
10.77.27.15
10.77.22.14
10.77.27.14
10.77.23.11
10.77.22.15
10.77.27.15
10.77.27.14
10.77.27.13
10.77.23.12
10.77.27.14
10.77.23.12
10.77.27.13
10.77.22.14
10.77.22.15
10.77.22.15
10.77.27.15
10.77.22.11
10.77.23.10
10.77.23.11
10.77.22.10
10.77.22.10
10.77.27.14
10.77.22.10
10.77.27.13
10.77.22.14
10.77.22.11
10.77.22.12
10.77.22.12
10.77.22.11
10.77.23.12
10.77.27.14
10.77.27.15
10.77.22.10
10.77.22.11
10.77.22.13
10.77.27.13
10.77.27.13
10.77.22.11
10.77.23.12
10.77.23.10
10.77.22.10
10.77.22.12
10.77.22.13
10.77.23.10
10.77.22.10
10.77.23.12
10.77.23.10
10.77.27.14
10.77.27.15
10.77.27.13
10.77.22.13
10.77.27.14
10.77.22.11
10.77.22.11
10.77.22.14
10.77.22.15
10.77.23.10
10.77.22.12
10.77.27.14
10.77.23.10
10.77.27.14
10.77.22.10
10.77.22.14
10.77.27.14
10.77.27.14
10.77.23.12
10.77.22.15
10.77.22.14
10.77.22.14
10.77.22.14
10.77.27.14
10.77.22.13
10.77.23.11
10.77.27.15
10.77.22.14
10.77.22.11
10.77.22.12
10.77.23.10
10.77.22.12
10.77.22.13
10.77.22.11
10.77.22.12
10.77.22.15
10.77.22.11
10.77.22.11
10.77.23.12
10.77.27.14
10.77.22.13
10.77.23.10
10.77.23.10
10.77.22.10
10.77.22.10
10.77.27.15
10.77.23.12
10.77.23.11
10.77.22.10
10.77.23.11
10.77.22.15
10.77.22.13
10.77.23.12
10.77.23.10
10.77.22.13
10.77.22.11
10.77.22.15
10.77.27.14
10.77.22.13
10.77.22.15
10.77.22.12
10.77.22.15
10.77.27.13
10.77.22.13
10.77.23.12
10.77.27.15
10.77.22.13
10.77.27.14
10.77.22.12
10.77.22.14
10.77.22.14
10.77.22.15
10.77.27.14
10.77.22.12
10.77.22.14
10.77.22.11
10.77.27.15
10.77.22.15
10.77.27.14
10.77.22.11
10.77.27.14
10.77.23.11
10.77.23.12
10.77.22.12
10.77.27.15
10.77.22.10
10.77.27.13
10.77.22.13
10.77.22.10
10.77.22.13
10.77.22.10
10.77.23.11
10.77.22.11
10.77.22.10
10.77.22.13
10.77.22.10
10.77.27.14
10.77.27.13
10.77.23.12
10.77.27.15
10.77.23.10
10.77.22.12
10.77.22.13
10.77.22.12
10.77.23.12
10.77.22.10
10.77.22.12
10.77.23.10
10.77.23.10
10.77.22.12
10.77.27.13
10.77.27.15
10.77.23.11
10.77.22.12
10.77.27.14
10.77.22.13
10.77.23.12
10.77.22.15
10.77.22.12
10.77.22.13
10.77.27.15
10.77.22.10
10.77.27.13
10.77.23.12
10.77.22.11
10.77.27.15
10.77.27.15
10.77.27.13
10.77.27.13
10.77.22.12
10.77.22.12
10.77.27.13
10.77.27.15
10.77.22.10
10.77.22.10
10.77.23.11
10.77.27.13
10.77.22.13
10.77.22.11
10.77.23.12
10.77.22.10
10.77.22.11
10.77.22.11
10.77.22.10
10.77.22.14
10.77.22.11
10.77.23.10
10.77.22.11
10.77.22.15
10.77.22.12
10.77.22.14
10.77.27.13
10.77.22.15
10.77.22.10
10.77.23.11
10.77.27.13
10.77.22.15
10.77.27.14
10.77.22.15
10.77.22.13
10.77.22.11
10.77.22.12
10.77.27.15
10.77.27.15
10.77.27.14
10.77.22.13
10.77.27.14
10.77.27.13
10.77.27.15
10.77.23.11
10.77.27.14
10.77.22.10
10.77.27.14
10.77.27.15
10.77.27.13
10.77.27.13
10.77.22.12
10.77.22.12
10.77.22.13
10.77.22.13
10.77.27.13
10.77.22.14
10.77.22.14
10.77.22.15
10.77.23.10
10.77.23.11
10.77.27.14
10.77.22.13
10.77.22.11
10.77.22.11
10.77.22.12
10.77.22.15
10.77.22.12
10.77.22.13
10.77.27.13
10.77.22.13
10.77.27.15
10.77.22.11
10.77.22.13
10.77.23.12
10.77.22.11
10.77.27.14
10.77.27.15
10.77.27.15
10.77.22.15
10.77.22.10
10.77.27.15
10.77.22.12
10.77.27.15
10.77.23.12
10.77.22.11
10.77.22.15
10.77.22.13
10.77.22.15
10.77.27.14
10.77.22.10
10.77.22.14
10.77.23.10
10.77.27.14
10.77.22.11
10.77.22.14
10.77.22.11
10.77.27.13
10.77.22.11
10.77.22.15
10.77.22.12
10.77.22.14
10.77.22.10
10.77.22.10
10.77.22.10
10.77.22.12
10.77.22.13
10.77.22.10
10.77.22.13
10.77.23.10
10.77.22.14
10.77.22.13
10.77.22.10
10.77.27.13
10.77.22.15
10.77.27.15
10.77.23.11
10.77.22.15
10.77.22.15
10.77.22.13
10.77.22.12
10.77.22.15
10.77.27.14
10.77.27.13
10.77.22.12
10.77.23.10
10.77.22.10
10.77.27.14
10.77.27.15
10.77.23.11
10.77.23.10
10.77.22.10
10.77.22.15
10.77.22.12
10.77.23.10
10.77.23.12
